Java HotSpot(TM) 64-Bit Server VM (25.101-b13) for linux-amd64 JRE (1.8.0_101-b13), built on Jun 22 2016 02:59:44 by "java_re" with gcc 4.3.0 20080428 (Red Hat 4.3.0-8)
Memory: 4k page, physical 16377720k(502700k free), swap 8191996k(8077968k free)
CommandLine flags: -XX:CMSInitiatingOccupancyFraction=50 -XX:CMSMaxAbortablePrecleanTime=6000 -XX:+CMSParallelRemarkEnabled -XX:+CMSScavengeBeforeRemark -XX:ConcGCThreads=4 -XX:GCLogFileSize=20971520 -XX:InitialHeapSize=536870912 -XX:MaxHeapSize=536870912 -XX:MaxTenuringThreshold=8 -XX:NewRatio=3 -XX:NumberOfGCLogFiles=9 -XX:OldPLABSize=16 -XX:-OmitStackTraceInFastThrow -XX:OnOutOfMemoryError=/home/librucha/projects/librucha.cz/solr-tools/solr-server/solr-6.3.0/bin/oom_solr.sh 8983 /home/librucha/projects/librucha.cz/solr-tools/solr-server/solr-6.3.0/server/logs -XX:ParallelGCThreads=4 -XX:+ParallelRefProcEnabled -XX:PretenureSizeThreshold=67108864 -XX:+PrintGC -XX:+PrintGCApplicationStoppedTime -XX:+PrintGCDateStamps -XX:+PrintGCDetails -XX:+PrintGCTimeStamps -XX:+PrintHeapAtGC -XX:+PrintTenuringDistribution -XX:SurvivorRatio=4 -XX:TargetSurvivorRatio=90 -XX:ThreadStackSize=256 -XX:+UseCMSInitiatingOccupancyOnly -XX:+UseCompressedClassPointers -XX:+UseCompressedOops -XX:+UseConcMarkSweepGC -XX:+UseGCLogFileRotation -XX:+UseParNewGC 
2016-11-16T23:06:10.776+0100: 0.174: Total time for which application threads were stopped: 0.0001065 seconds, Stopping threads took: 0.0000226 seconds
2016-11-16T23:06:10.868+0100: 0.267: Total time for which application threads were stopped: 0.0001112 seconds, Stopping threads took: 0.0000207 seconds
2016-11-16T23:06:11.187+0100: 0.586: Total time for which application threads were stopped: 0.0002251 seconds, Stopping threads took: 0.0000170 seconds
2016-11-16T23:06:11.247+0100: 0.645: Total time for which application threads were stopped: 0.0001910 seconds, Stopping threads took: 0.0000193 seconds
2016-11-16T23:06:11.262+0100: 0.660: Total time for which application threads were stopped: 0.0001896 seconds, Stopping threads took: 0.0000243 seconds
2016-11-16T23:06:11.461+0100: 0.860: Total time for which application threads were stopped: 0.0002525 seconds, Stopping threads took: 0.0000303 seconds
2016-11-16T23:06:11.700+0100: 1.098: Total time for which application threads were stopped: 0.0002619 seconds, Stopping threads took: 0.0000174 seconds
2016-11-16T23:06:11.701+0100: 1.100: Total time for which application threads were stopped: 0.0001802 seconds, Stopping threads took: 0.0000163 seconds
2016-11-16T23:06:11.704+0100: 1.103: Total time for which application threads were stopped: 0.0001867 seconds, Stopping threads took: 0.0000110 seconds
2016-11-16T23:06:11.713+0100: 1.112: Total time for which application threads were stopped: 0.0001799 seconds, Stopping threads took: 0.0000119 seconds
2016-11-16T23:06:11.946+0100: 1.344: Total time for which application threads were stopped: 0.0004152 seconds, Stopping threads took: 0.0001277 seconds
{Heap before GC invocations=0 (full 0):
 par new generation   total 109248K, used 87424K [0x00000000e0000000, 0x00000000e8000000, 0x00000000e8000000)
  eden space 87424K, 100% used [0x00000000e0000000, 0x00000000e5560000, 0x00000000e5560000)
  from space 21824K,   0% used [0x00000000e5560000, 0x00000000e5560000, 0x00000000e6ab0000)
  to   space 21824K,   0% used [0x00000000e6ab0000, 0x00000000e6ab0000, 0x00000000e8000000)
 concurrent mark-sweep generation total 393216K, used 0K [0x00000000e8000000, 0x0000000100000000, 0x0000000100000000)
 Metaspace       used 18906K, capacity 19260K, committed 19456K, reserved 1067008K
  class space    used 2168K, capacity 2267K, committed 2304K, reserved 1048576K
2016-11-16T23:06:12.014+0100: 1.412: [GC (Allocation Failure) 2016-11-16T23:06:12.014+0100: 1.412: [ParNew
Desired survivor size 20112992 bytes, new threshold 8 (max 8)
- age   1:   11315544 bytes,   11315544 total
: 87424K->11164K(109248K), 0.0103109 secs] 87424K->11164K(502464K), 0.0104284 secs] [Times: user=0.03 sys=0.01, real=0.01 secs] 
Heap after GC invocations=1 (full 0):
 par new generation   total 109248K, used 11164K [0x00000000e0000000, 0x00000000e8000000, 0x00000000e8000000)
  eden space 87424K,   0% used [0x00000000e0000000, 0x00000000e0000000, 0x00000000e5560000)
  from space 21824K,  51% used [0x00000000e6ab0000, 0x00000000e7597010, 0x00000000e8000000)
  to   space 21824K,   0% used [0x00000000e5560000, 0x00000000e5560000, 0x00000000e6ab0000)
 concurrent mark-sweep generation total 393216K, used 0K [0x00000000e8000000, 0x0000000100000000, 0x0000000100000000)
 Metaspace       used 18906K, capacity 19260K, committed 19456K, reserved 1067008K
  class space    used 2168K, capacity 2267K, committed 2304K, reserved 1048576K
}
2016-11-16T23:06:12.024+0100: 1.423: Total time for which application threads were stopped: 0.0106363 seconds, Stopping threads took: 0.0000210 seconds
2016-11-16T23:06:12.222+0100: 1.621: Total time for which application threads were stopped: 0.0002060 seconds, Stopping threads took: 0.0000687 seconds
2016-11-16T23:06:12.223+0100: 1.622: Total time for which application threads were stopped: 0.0002870 seconds, Stopping threads took: 0.0000126 seconds
2016-11-16T23:06:12.261+0100: 1.660: Total time for which application threads were stopped: 0.0003156 seconds, Stopping threads took: 0.0000260 seconds
2016-11-16T23:06:12.295+0100: 1.694: Total time for which application threads were stopped: 0.0003418 seconds, Stopping threads took: 0.0000236 seconds
2016-11-16T23:06:12.307+0100: 1.705: Total time for which application threads were stopped: 0.0001143 seconds, Stopping threads took: 0.0000238 seconds
2016-11-16T23:06:12.397+0100: 1.795: Total time for which application threads were stopped: 0.0001748 seconds, Stopping threads took: 0.0000253 seconds
2016-11-16T23:06:12.423+0100: 1.822: Total time for which application threads were stopped: 0.0001275 seconds, Stopping threads took: 0.0000252 seconds
{Heap before GC invocations=1 (full 0):
 par new generation   total 109248K, used 98582K [0x00000000e0000000, 0x00000000e8000000, 0x00000000e8000000)
  eden space 87424K,  99% used [0x00000000e0000000, 0x00000000e555ea18, 0x00000000e5560000)
  from space 21824K,  51% used [0x00000000e6ab0000, 0x00000000e7597010, 0x00000000e8000000)
  to   space 21824K,   0% used [0x00000000e5560000, 0x00000000e5560000, 0x00000000e6ab0000)
 concurrent mark-sweep generation total 393216K, used 0K [0x00000000e8000000, 0x0000000100000000, 0x0000000100000000)
 Metaspace       used 21848K, capacity 22214K, committed 22548K, reserved 1069056K
  class space    used 2556K, capacity 2680K, committed 2764K, reserved 1048576K
2016-11-16T23:06:12.483+0100: 1.882: [GC (Allocation Failure) 2016-11-16T23:06:12.483+0100: 1.882: [ParNew
Desired survivor size 20112992 bytes, new threshold 8 (max 8)
- age   1:    4133824 bytes,    4133824 total
- age   2:    5581608 bytes,    9715432 total
: 98582K->14140K(109248K), 0.0111317 secs] 98582K->14140K(502464K), 0.0112604 secs] [Times: user=0.05 sys=0.00, real=0.01 secs] 
Heap after GC invocations=2 (full 0):
 par new generation   total 109248K, used 14140K [0x00000000e0000000, 0x00000000e8000000, 0x00000000e8000000)
  eden space 87424K,   0% used [0x00000000e0000000, 0x00000000e0000000, 0x00000000e5560000)
  from space 21824K,  64% used [0x00000000e5560000, 0x00000000e632f180, 0x00000000e6ab0000)
  to   space 21824K,   0% used [0x00000000e6ab0000, 0x00000000e6ab0000, 0x00000000e8000000)
 concurrent mark-sweep generation total 393216K, used 0K [0x00000000e8000000, 0x0000000100000000, 0x0000000100000000)
 Metaspace       used 21848K, capacity 22214K, committed 22548K, reserved 1069056K
  class space    used 2556K, capacity 2680K, committed 2764K, reserved 1048576K
}
2016-11-16T23:06:12.495+0100: 1.893: Total time for which application threads were stopped: 0.0114981 seconds, Stopping threads took: 0.0000259 seconds
2016-11-16T23:06:12.495+0100: 1.893: [GC (CMS Initial Mark) [1 CMS-initial-mark: 0K(393216K)] 15326K(502464K), 0.0024643 secs] [Times: user=0.01 sys=0.00, real=0.01 secs] 
2016-11-16T23:06:12.497+0100: 1.896: Total time for which application threads were stopped: 0.0026637 seconds, Stopping threads took: 0.0000443 seconds
2016-11-16T23:06:12.497+0100: 1.896: [CMS-concurrent-mark-start]
2016-11-16T23:06:12.498+0100: 1.896: [CMS-concurrent-mark: 0.000/0.000 secs] [Times: user=0.00 sys=0.00, real=0.00 secs] 
2016-11-16T23:06:12.498+0100: 1.896: [CMS-concurrent-preclean-start]
2016-11-16T23:06:12.499+0100: 1.898: [CMS-concurrent-preclean: 0.001/0.001 secs] [Times: user=0.01 sys=0.00, real=0.00 secs] 
2016-11-16T23:06:12.499+0100: 1.898: [GC (CMS Final Remark) [YG occupancy: 15326 K (109248 K)]{Heap before GC invocations=2 (full 1):
 par new generation   total 109248K, used 15326K [0x00000000e0000000, 0x00000000e8000000, 0x00000000e8000000)
  eden space 87424K,   1% used [0x00000000e0000000, 0x00000000e0128968, 0x00000000e5560000)
  from space 21824K,  64% used [0x00000000e5560000, 0x00000000e632f180, 0x00000000e6ab0000)
  to   space 21824K,   0% used [0x00000000e6ab0000, 0x00000000e6ab0000, 0x00000000e8000000)
 concurrent mark-sweep generation total 393216K, used 0K [0x00000000e8000000, 0x0000000100000000, 0x0000000100000000)
 Metaspace       used 21848K, capacity 22214K, committed 22548K, reserved 1069056K
  class space    used 2556K, capacity 2680K, committed 2764K, reserved 1048576K
2016-11-16T23:06:12.499+0100: 1.898: [GC (CMS Final Remark) 2016-11-16T23:06:12.499+0100: 1.898: [ParNew
Desired survivor size 20112992 bytes, new threshold 8 (max 8)
- age   1:     452112 bytes,     452112 total
- age   2:    1427816 bytes,    1879928 total
- age   3:    5579624 bytes,    7459552 total
: 15326K->9319K(109248K), 0.0070416 secs] 15326K->9319K(502464K), 0.0070996 secs] [Times: user=0.04 sys=0.00, real=0.01 secs] 
Heap after GC invocations=3 (full 1):
 par new generation   total 109248K, used 9319K [0x00000000e0000000, 0x00000000e8000000, 0x00000000e8000000)
  eden space 87424K,   0% used [0x00000000e0000000, 0x00000000e0000000, 0x00000000e5560000)
  from space 21824K,  42% used [0x00000000e6ab0000, 0x00000000e73c9c50, 0x00000000e8000000)
  to   space 21824K,   0% used [0x00000000e5560000, 0x00000000e5560000, 0x00000000e6ab0000)
 concurrent mark-sweep generation total 393216K, used 0K [0x00000000e8000000, 0x0000000100000000, 0x0000000100000000)
 Metaspace       used 21848K, capacity 22214K, committed 22548K, reserved 1069056K
  class space    used 2556K, capacity 2680K, committed 2764K, reserved 1048576K
}
2016-11-16T23:06:12.506+0100: 1.905: [Rescan (parallel) , 0.0033279 secs]2016-11-16T23:06:12.510+0100: 1.909: [weak refs processing, 0.0005060 secs]2016-11-16T23:06:12.510+0100: 1.909: [class unloading, 0.0033942 secs]2016-11-16T23:06:12.514+0100: 1.913: [scrub symbol table, 0.0027003 secs]2016-11-16T23:06:12.517+0100: 1.915: [scrub string table, 0.0004359 secs][1 CMS-remark: 0K(393216K)] 9319K(502464K), 0.0183487 secs] [Times: user=0.08 sys=0.00, real=0.02 secs] 
2016-11-16T23:06:12.518+0100: 1.916: Total time for which application threads were stopped: 0.0185046 seconds, Stopping threads took: 0.0000474 seconds
2016-11-16T23:06:12.518+0100: 1.916: [CMS-concurrent-sweep-start]
2016-11-16T23:06:12.518+0100: 1.917: [CMS-concurrent-sweep: 0.000/0.000 secs] [Times: user=0.00 sys=0.00, real=0.00 secs] 
2016-11-16T23:06:12.518+0100: 1.917: [CMS-concurrent-reset-start]
2016-11-16T23:06:12.520+0100: 1.919: [CMS-concurrent-reset: 0.003/0.003 secs] [Times: user=0.01 sys=0.01, real=0.00 secs] 
{Heap before GC invocations=3 (full 1):
 par new generation   total 109248K, used 96743K [0x00000000e0000000, 0x00000000e8000000, 0x00000000e8000000)
  eden space 87424K, 100% used [0x00000000e0000000, 0x00000000e5560000, 0x00000000e5560000)
  from space 21824K,  42% used [0x00000000e6ab0000, 0x00000000e73c9c50, 0x00000000e8000000)
  to   space 21824K,   0% used [0x00000000e5560000, 0x00000000e5560000, 0x00000000e6ab0000)
 concurrent mark-sweep generation total 393216K, used 0K [0x00000000e8000000, 0x0000000100000000, 0x0000000100000000)
 Metaspace       used 22815K, capacity 23204K, committed 23372K, reserved 1069056K
  class space    used 2684K, capacity 2813K, committed 2892K, reserved 1048576K
2016-11-16T23:06:12.762+0100: 2.160: [GC (Allocation Failure) 2016-11-16T23:06:12.762+0100: 2.160: [ParNew
Desired survivor size 20112992 bytes, new threshold 8 (max 8)
- age   1:    1181256 bytes,    1181256 total
- age   3:    1415448 bytes,    2596704 total
- age   4:    5579328 bytes,    8176032 total
: 96743K->11890K(109248K), 0.0080078 secs] 96743K->11890K(502464K), 0.0081007 secs] [Times: user=0.03 sys=0.00, real=0.01 secs] 
Heap after GC invocations=4 (full 1):
 par new generation   total 109248K, used 11890K [0x00000000e0000000, 0x00000000e8000000, 0x00000000e8000000)
  eden space 87424K,   0% used [0x00000000e0000000, 0x00000000e0000000, 0x00000000e5560000)
  from space 21824K,  54% used [0x00000000e5560000, 0x00000000e60fcbb0, 0x00000000e6ab0000)
  to   space 21824K,   0% used [0x00000000e6ab0000, 0x00000000e6ab0000, 0x00000000e8000000)
 concurrent mark-sweep generation total 393216K, used 0K [0x00000000e8000000, 0x0000000100000000, 0x0000000100000000)
 Metaspace       used 22815K, capacity 23204K, committed 23372K, reserved 1069056K
  class space    used 2684K, capacity 2813K, committed 2892K, reserved 1048576K
}
2016-11-16T23:06:12.770+0100: 2.168: Total time for which application threads were stopped: 0.0083133 seconds, Stopping threads took: 0.0000262 seconds
2016-11-16T23:06:12.865+0100: 2.264: Total time for which application threads were stopped: 0.0004232 seconds, Stopping threads took: 0.0000264 seconds
2016-11-16T23:06:12.915+0100: 2.313: Total time for which application threads were stopped: 0.0003786 seconds, Stopping threads took: 0.0000239 seconds
2016-11-16T23:06:13.073+0100: 2.472: Total time for which application threads were stopped: 0.0004194 seconds, Stopping threads took: 0.0000255 seconds
2016-11-16T23:06:13.084+0100: 2.482: Total time for which application threads were stopped: 0.0003697 seconds, Stopping threads took: 0.0000240 seconds
{Heap before GC invocations=4 (full 1):
 par new generation   total 109248K, used 99314K [0x00000000e0000000, 0x00000000e8000000, 0x00000000e8000000)
  eden space 87424K, 100% used [0x00000000e0000000, 0x00000000e5560000, 0x00000000e5560000)
  from space 21824K,  54% used [0x00000000e5560000, 0x00000000e60fcbb0, 0x00000000e6ab0000)
  to   space 21824K,   0% used [0x00000000e6ab0000, 0x00000000e6ab0000, 0x00000000e8000000)
 concurrent mark-sweep generation total 393216K, used 0K [0x00000000e8000000, 0x0000000100000000, 0x0000000100000000)
 Metaspace       used 27178K, capacity 27586K, committed 27980K, reserved 1073152K
  class space    used 3227K, capacity 3380K, committed 3404K, reserved 1048576K
2016-11-16T23:06:13.416+0100: 2.815: [GC (Allocation Failure) 2016-11-16T23:06:13.416+0100: 2.815: [ParNew
Desired survivor size 20112992 bytes, new threshold 8 (max 8)
- age   1:    5348904 bytes,    5348904 total
- age   2:     339080 bytes,    5687984 total
- age   4:     697840 bytes,    6385824 total
- age   5:    5573888 bytes,   11959712 total
: 99314K->14078K(109248K), 0.0346247 secs] 99314K->14078K(502464K), 0.0347259 secs] [Times: user=0.06 sys=0.00, real=0.03 secs] 
Heap after GC invocations=5 (full 1):
 par new generation   total 109248K, used 14078K [0x00000000e0000000, 0x00000000e8000000, 0x00000000e8000000)
  eden space 87424K,   0% used [0x00000000e0000000, 0x00000000e0000000, 0x00000000e5560000)
  from space 21824K,  64% used [0x00000000e6ab0000, 0x00000000e786f9c0, 0x00000000e8000000)
  to   space 21824K,   0% used [0x00000000e5560000, 0x00000000e5560000, 0x00000000e6ab0000)
 concurrent mark-sweep generation total 393216K, used 0K [0x00000000e8000000, 0x0000000100000000, 0x0000000100000000)
 Metaspace       used 27178K, capacity 27586K, committed 27980K, reserved 1073152K
  class space    used 3227K, capacity 3380K, committed 3404K, reserved 1048576K
}
2016-11-16T23:06:13.451+0100: 2.850: Total time for which application threads were stopped: 0.0351051 seconds, Stopping threads took: 0.0000261 seconds
2016-11-16T23:06:14.451+0100: 3.850: Total time for which application threads were stopped: 0.0001720 seconds, Stopping threads took: 0.0000278 seconds
2016-11-16T23:06:14.700+0100: 4.099: Total time for which application threads were stopped: 0.0004750 seconds, Stopping threads took: 0.0000362 seconds
2016-11-16T23:06:15.700+0100: 5.099: Total time for which application threads were stopped: 0.0001280 seconds, Stopping threads took: 0.0000238 seconds
2016-11-16T23:06:16.701+0100: 6.099: Total time for which application threads were stopped: 0.0002019 seconds, Stopping threads took: 0.0000385 seconds
2016-11-16T23:06:16.820+0100: 6.218: Total time for which application threads were stopped: 0.0001607 seconds, Stopping threads took: 0.0000281 seconds
2016-11-16T23:06:49.262+0100: 38.661: Total time for which application threads were stopped: 0.0014449 seconds, Stopping threads took: 0.0000689 seconds
2016-11-16T23:07:11.265+0100: 60.663: Total time for which application threads were stopped: 0.0001756 seconds, Stopping threads took: 0.0000443 seconds
2016-11-16T23:07:14.265+0100: 63.664: Total time for which application threads were stopped: 0.0002052 seconds, Stopping threads took: 0.0000346 seconds
2016-11-16T23:07:25.240+0100: 74.639: Total time for which application threads were stopped: 0.0001463 seconds, Stopping threads took: 0.0000212 seconds
2016-11-16T23:07:25.240+0100: 74.639: Total time for which application threads were stopped: 0.0000872 seconds, Stopping threads took: 0.0000093 seconds
2016-11-16T23:07:25.240+0100: 74.639: Total time for which application threads were stopped: 0.0000714 seconds, Stopping threads took: 0.0000099 seconds
2016-11-16T23:07:25.241+0100: 74.639: Total time for which application threads were stopped: 0.0000951 seconds, Stopping threads took: 0.0000101 seconds
2016-11-16T23:07:25.241+0100: 74.640: Total time for which application threads were stopped: 0.0000801 seconds, Stopping threads took: 0.0000125 seconds
2016-11-16T23:07:25.241+0100: 74.640: Total time for which application threads were stopped: 0.0000801 seconds, Stopping threads took: 0.0000107 seconds
2016-11-16T23:07:25.242+0100: 74.641: Total time for which application threads were stopped: 0.0001161 seconds, Stopping threads took: 0.0000166 seconds
2016-11-16T23:07:25.242+0100: 74.641: Total time for which application threads were stopped: 0.0001035 seconds, Stopping threads took: 0.0000126 seconds
2016-11-16T23:07:25.242+0100: 74.641: Total time for which application threads were stopped: 0.0000737 seconds, Stopping threads took: 0.0000095 seconds
2016-11-16T23:07:25.243+0100: 74.641: Total time for which application threads were stopped: 0.0000809 seconds, Stopping threads took: 0.0000109 seconds
2016-11-16T23:07:25.244+0100: 74.642: Total time for which application threads were stopped: 0.0001255 seconds, Stopping threads took: 0.0000177 seconds
2016-11-16T23:07:25.244+0100: 74.643: Total time for which application threads were stopped: 0.0000734 seconds, Stopping threads took: 0.0000082 seconds
2016-11-16T23:07:25.244+0100: 74.643: Total time for which application threads were stopped: 0.0000725 seconds, Stopping threads took: 0.0000089 seconds
2016-11-16T23:07:25.245+0100: 74.644: Total time for which application threads were stopped: 0.0001845 seconds, Stopping threads took: 0.0000186 seconds
2016-11-16T23:07:25.245+0100: 74.644: Total time for which application threads were stopped: 0.0000770 seconds, Stopping threads took: 0.0000089 seconds
2016-11-16T23:07:25.246+0100: 74.644: Total time for which application threads were stopped: 0.0000743 seconds, Stopping threads took: 0.0000087 seconds
2016-11-16T23:07:25.246+0100: 74.645: Total time for which application threads were stopped: 0.0001211 seconds, Stopping threads took: 0.0000139 seconds
2016-11-16T23:07:25.246+0100: 74.645: Total time for which application threads were stopped: 0.0000801 seconds, Stopping threads took: 0.0000085 seconds
2016-11-16T23:07:25.247+0100: 74.646: Total time for which application threads were stopped: 0.0002251 seconds, Stopping threads took: 0.0000086 seconds
2016-11-16T23:07:25.247+0100: 74.646: Total time for which application threads were stopped: 0.0001205 seconds, Stopping threads took: 0.0000133 seconds
2016-11-16T23:07:25.247+0100: 74.646: Total time for which application threads were stopped: 0.0000806 seconds, Stopping threads took: 0.0000076 seconds
2016-11-16T23:07:25.248+0100: 74.646: Total time for which application threads were stopped: 0.0000856 seconds, Stopping threads took: 0.0000089 seconds
2016-11-16T23:07:25.248+0100: 74.647: Total time for which application threads were stopped: 0.0001208 seconds, Stopping threads took: 0.0000132 seconds
2016-11-16T23:07:25.248+0100: 74.647: Total time for which application threads were stopped: 0.0000929 seconds, Stopping threads took: 0.0000084 seconds
2016-11-16T23:07:25.249+0100: 74.647: Total time for which application threads were stopped: 0.0000902 seconds, Stopping threads took: 0.0000084 seconds
2016-11-16T23:07:25.249+0100: 74.648: Total time for which application threads were stopped: 0.0001328 seconds, Stopping threads took: 0.0000138 seconds
2016-11-16T23:07:25.250+0100: 74.648: Total time for which application threads were stopped: 0.0000975 seconds, Stopping threads took: 0.0000084 seconds
2016-11-16T23:07:25.250+0100: 74.649: Total time for which application threads were stopped: 0.0000980 seconds, Stopping threads took: 0.0000088 seconds
2016-11-16T23:07:25.251+0100: 74.650: Total time for which application threads were stopped: 0.0001337 seconds, Stopping threads took: 0.0000241 seconds
2016-11-16T23:07:25.251+0100: 74.650: Total time for which application threads were stopped: 0.0000927 seconds, Stopping threads took: 0.0000116 seconds
2016-11-16T23:07:25.251+0100: 74.650: Total time for which application threads were stopped: 0.0000786 seconds, Stopping threads took: 0.0000117 seconds
2016-11-16T23:07:25.252+0100: 74.651: Total time for which application threads were stopped: 0.0000986 seconds, Stopping threads took: 0.0000126 seconds
2016-11-16T23:07:25.252+0100: 74.651: Total time for which application threads were stopped: 0.0000798 seconds, Stopping threads took: 0.0000080 seconds
2016-11-16T23:07:25.252+0100: 74.651: Total time for which application threads were stopped: 0.0000761 seconds, Stopping threads took: 0.0000084 seconds
2016-11-16T23:07:25.253+0100: 74.651: Total time for which application threads were stopped: 0.0001000 seconds, Stopping threads took: 0.0000152 seconds
2016-11-16T23:07:25.253+0100: 74.652: Total time for which application threads were stopped: 0.0000755 seconds, Stopping threads took: 0.0000103 seconds
2016-11-16T23:07:25.253+0100: 74.652: Total time for which application threads were stopped: 0.0000761 seconds, Stopping threads took: 0.0000112 seconds
2016-11-16T23:07:25.254+0100: 74.653: Total time for which application threads were stopped: 0.0001081 seconds, Stopping threads took: 0.0000132 seconds
2016-11-16T23:07:25.254+0100: 74.653: Total time for which application threads were stopped: 0.0001670 seconds, Stopping threads took: 0.0000084 seconds
2016-11-16T23:07:25.297+0100: 74.696: Total time for which application threads were stopped: 0.0005784 seconds, Stopping threads took: 0.0000322 seconds
2016-11-16T23:07:25.335+0100: 74.734: Total time for which application threads were stopped: 0.0001702 seconds, Stopping threads took: 0.0000238 seconds
2016-11-16T23:07:25.335+0100: 74.734: Total time for which application threads were stopped: 0.0000683 seconds, Stopping threads took: 0.0000093 seconds
2016-11-16T23:07:25.383+0100: 74.782: Total time for which application threads were stopped: 0.0004596 seconds, Stopping threads took: 0.0000224 seconds
2016-11-16T23:07:25.386+0100: 74.784: Total time for which application threads were stopped: 0.0001537 seconds, Stopping threads took: 0.0000462 seconds
2016-11-16T23:07:25.386+0100: 74.784: Total time for which application threads were stopped: 0.0000636 seconds, Stopping threads took: 0.0000120 seconds
2016-11-16T23:07:25.389+0100: 74.788: Total time for which application threads were stopped: 0.0001573 seconds, Stopping threads took: 0.0000539 seconds
2016-11-16T23:07:25.389+0100: 74.788: Total time for which application threads were stopped: 0.0000706 seconds, Stopping threads took: 0.0000230 seconds
2016-11-16T23:07:25.501+0100: 74.899: Total time for which application threads were stopped: 0.0001465 seconds, Stopping threads took: 0.0000276 seconds
2016-11-16T23:07:26.501+0100: 75.900: Total time for which application threads were stopped: 0.0001669 seconds, Stopping threads took: 0.0000301 seconds
2016-11-16T23:07:36.673+0100: 86.072: Total time for which application threads were stopped: 0.0001362 seconds, Stopping threads took: 0.0000455 seconds
2016-11-16T23:07:36.673+0100: 86.072: Total time for which application threads were stopped: 0.0000493 seconds, Stopping threads took: 0.0000107 seconds
2016-11-16T23:07:36.673+0100: 86.072: Total time for which application threads were stopped: 0.0000491 seconds, Stopping threads took: 0.0000093 seconds
2016-11-16T23:07:36.673+0100: 86.072: Total time for which application threads were stopped: 0.0000468 seconds, Stopping threads took: 0.0000093 seconds
2016-11-16T23:07:36.674+0100: 86.072: Total time for which application threads were stopped: 0.0000554 seconds, Stopping threads took: 0.0000175 seconds
2016-11-16T23:07:36.674+0100: 86.073: Total time for which application threads were stopped: 0.0000695 seconds, Stopping threads took: 0.0000190 seconds
2016-11-16T23:07:36.675+0100: 86.073: Total time for which application threads were stopped: 0.0000705 seconds, Stopping threads took: 0.0000122 seconds
2016-11-16T23:07:36.675+0100: 86.073: Total time for which application threads were stopped: 0.0000510 seconds, Stopping threads took: 0.0000108 seconds
2016-11-16T23:07:36.675+0100: 86.074: Total time for which application threads were stopped: 0.0000715 seconds, Stopping threads took: 0.0000320 seconds
2016-11-16T23:07:36.675+0100: 86.074: Total time for which application threads were stopped: 0.0000559 seconds, Stopping threads took: 0.0000151 seconds
2016-11-16T23:07:36.675+0100: 86.074: Total time for which application threads were stopped: 0.0000531 seconds, Stopping threads took: 0.0000138 seconds
2016-11-16T23:07:36.675+0100: 86.074: Total time for which application threads were stopped: 0.0000603 seconds, Stopping threads took: 0.0000171 seconds
2016-11-16T23:07:36.675+0100: 86.074: Total time for which application threads were stopped: 0.0000544 seconds, Stopping threads took: 0.0000155 seconds
2016-11-16T23:07:36.675+0100: 86.074: Total time for which application threads were stopped: 0.0000452 seconds, Stopping threads took: 0.0000080 seconds
2016-11-16T23:07:36.676+0100: 86.075: Total time for which application threads were stopped: 0.0000641 seconds, Stopping threads took: 0.0000105 seconds
2016-11-16T23:07:36.676+0100: 86.075: Total time for which application threads were stopped: 0.0000460 seconds, Stopping threads took: 0.0000079 seconds
2016-11-16T23:07:36.678+0100: 86.077: Total time for which application threads were stopped: 0.0001054 seconds, Stopping threads took: 0.0000202 seconds
2016-11-16T23:07:36.678+0100: 86.077: Total time for which application threads were stopped: 0.0000608 seconds, Stopping threads took: 0.0000109 seconds
2016-11-16T23:07:36.681+0100: 86.079: Total time for which application threads were stopped: 0.0001396 seconds, Stopping threads took: 0.0000362 seconds
2016-11-16T23:07:36.681+0100: 86.079: Total time for which application threads were stopped: 0.0000575 seconds, Stopping threads took: 0.0000070 seconds
2016-11-16T23:07:36.724+0100: 86.123: Total time for which application threads were stopped: 0.0001506 seconds, Stopping threads took: 0.0000357 seconds
2016-11-16T23:07:36.724+0100: 86.123: Total time for which application threads were stopped: 0.0000850 seconds, Stopping threads took: 0.0000402 seconds
2016-11-16T23:07:36.724+0100: 86.123: Total time for which application threads were stopped: 0.0000660 seconds, Stopping threads took: 0.0000237 seconds
2016-11-16T23:07:36.726+0100: 86.125: Total time for which application threads were stopped: 0.0000920 seconds, Stopping threads took: 0.0000284 seconds
2016-11-16T23:07:36.726+0100: 86.125: Total time for which application threads were stopped: 0.0000911 seconds, Stopping threads took: 0.0000238 seconds
2016-11-16T23:07:36.726+0100: 86.125: Total time for which application threads were stopped: 0.0000838 seconds, Stopping threads took: 0.0000375 seconds
2016-11-16T23:07:36.726+0100: 86.125: Total time for which application threads were stopped: 0.0000592 seconds, Stopping threads took: 0.0000170 seconds
2016-11-16T23:07:36.727+0100: 86.126: Total time for which application threads were stopped: 0.0001127 seconds, Stopping threads took: 0.0000357 seconds
2016-11-16T23:07:36.728+0100: 86.126: Total time for which application threads were stopped: 0.0000835 seconds, Stopping threads took: 0.0000156 seconds
2016-11-16T23:07:36.728+0100: 86.127: Total time for which application threads were stopped: 0.0000522 seconds, Stopping threads took: 0.0000088 seconds
2016-11-16T23:07:36.728+0100: 86.127: Total time for which application threads were stopped: 0.0000493 seconds, Stopping threads took: 0.0000083 seconds
2016-11-16T23:07:36.730+0100: 86.128: Total time for which application threads were stopped: 0.0001175 seconds, Stopping threads took: 0.0000207 seconds
2016-11-16T23:07:36.730+0100: 86.128: Total time for which application threads were stopped: 0.0000625 seconds, Stopping threads took: 0.0000095 seconds
2016-11-16T23:07:36.733+0100: 86.131: Total time for which application threads were stopped: 0.0001353 seconds, Stopping threads took: 0.0000370 seconds
2016-11-16T23:07:36.733+0100: 86.132: Total time for which application threads were stopped: 0.0000781 seconds, Stopping threads took: 0.0000277 seconds
{Heap before GC invocations=5 (full 1):
 par new generation   total 109248K, used 101502K [0x00000000e0000000, 0x00000000e8000000, 0x00000000e8000000)
  eden space 87424K, 100% used [0x00000000e0000000, 0x00000000e5560000, 0x00000000e5560000)
  from space 21824K,  64% used [0x00000000e6ab0000, 0x00000000e786f9c0, 0x00000000e8000000)
  to   space 21824K,   0% used [0x00000000e5560000, 0x00000000e5560000, 0x00000000e6ab0000)
 concurrent mark-sweep generation total 393216K, used 0K [0x00000000e8000000, 0x0000000100000000, 0x0000000100000000)
 Metaspace       used 30153K, capacity 30572K, committed 30924K, reserved 1077248K
  class space    used 3570K, capacity 3727K, committed 3788K, reserved 1048576K
2016-11-16T23:07:36.938+0100: 86.336: [GC (Allocation Failure) 2016-11-16T23:07:36.938+0100: 86.336: [ParNew
Desired survivor size 20112992 bytes, new threshold 8 (max 8)
- age   1:    6652872 bytes,    6652872 total
- age   2:    1634672 bytes,    8287544 total
- age   3:     338024 bytes,    8625568 total
- age   5:     683600 bytes,    9309168 total
- age   6:    5475232 bytes,   14784400 total
: 101502K->19865K(109248K), 0.0259410 secs] 101502K->19865K(502464K), 0.0260712 secs] [Times: user=0.09 sys=0.00, real=0.02 secs] 
Heap after GC invocations=6 (full 1):
 par new generation   total 109248K, used 19865K [0x00000000e0000000, 0x00000000e8000000, 0x00000000e8000000)
  eden space 87424K,   0% used [0x00000000e0000000, 0x00000000e0000000, 0x00000000e5560000)
  from space 21824K,  91% used [0x00000000e5560000, 0x00000000e68c6640, 0x00000000e6ab0000)
  to   space 21824K,   0% used [0x00000000e6ab0000, 0x00000000e6ab0000, 0x00000000e8000000)
 concurrent mark-sweep generation total 393216K, used 0K [0x00000000e8000000, 0x0000000100000000, 0x0000000100000000)
 Metaspace       used 30153K, capacity 30572K, committed 30924K, reserved 1077248K
  class space    used 3570K, capacity 3727K, committed 3788K, reserved 1048576K
}
2016-11-16T23:07:36.964+0100: 86.362: Total time for which application threads were stopped: 0.0264529 seconds, Stopping threads took: 0.0000522 seconds
2016-11-16T23:07:36.967+0100: 86.366: Total time for which application threads were stopped: 0.0026387 seconds, Stopping threads took: 0.0024500 seconds
{Heap before GC invocations=6 (full 1):
 par new generation   total 109248K, used 107289K [0x00000000e0000000, 0x00000000e8000000, 0x00000000e8000000)
  eden space 87424K, 100% used [0x00000000e0000000, 0x00000000e5560000, 0x00000000e5560000)
  from space 21824K,  91% used [0x00000000e5560000, 0x00000000e68c6640, 0x00000000e6ab0000)
  to   space 21824K,   0% used [0x00000000e6ab0000, 0x00000000e6ab0000, 0x00000000e8000000)
 concurrent mark-sweep generation total 393216K, used 0K [0x00000000e8000000, 0x0000000100000000, 0x0000000100000000)
 Metaspace       used 30195K, capacity 30706K, committed 31180K, reserved 1077248K
  class space    used 3570K, capacity 3728K, committed 3788K, reserved 1048576K
2016-11-16T23:07:37.141+0100: 86.539: [GC (Allocation Failure) 2016-11-16T23:07:37.141+0100: 86.539: [ParNew
Desired survivor size 20112992 bytes, new threshold 8 (max 8)
- age   1:     510952 bytes,     510952 total
- age   2:    2258192 bytes,    2769144 total
- age   3:    1088200 bytes,    3857344 total
- age   4:     257168 bytes,    4114512 total
- age   6:     593704 bytes,    4708216 total
- age   7:    5049400 bytes,    9757616 total
: 107289K->13817K(109248K), 0.0182034 secs] 107289K->13817K(502464K), 0.0183408 secs] [Times: user=0.05 sys=0.00, real=0.02 secs] 
Heap after GC invocations=7 (full 1):
 par new generation   total 109248K, used 13817K [0x00000000e0000000, 0x00000000e8000000, 0x00000000e8000000)
  eden space 87424K,   0% used [0x00000000e0000000, 0x00000000e0000000, 0x00000000e5560000)
  from space 21824K,  63% used [0x00000000e6ab0000, 0x00000000e782e5d0, 0x00000000e8000000)
  to   space 21824K,   0% used [0x00000000e5560000, 0x00000000e5560000, 0x00000000e6ab0000)
 concurrent mark-sweep generation total 393216K, used 0K [0x00000000e8000000, 0x0000000100000000, 0x0000000100000000)
 Metaspace       used 30195K, capacity 30706K, committed 31180K, reserved 1077248K
  class space    used 3570K, capacity 3728K, committed 3788K, reserved 1048576K
}
2016-11-16T23:07:37.159+0100: 86.558: Total time for which application threads were stopped: 0.0186496 seconds, Stopping threads took: 0.0000348 seconds
2016-11-16T23:07:37.160+0100: 86.559: Total time for which application threads were stopped: 0.0012770 seconds, Stopping threads took: 0.0010856 seconds
2016-11-16T23:07:37.427+0100: 86.826: Total time for which application threads were stopped: 0.0003504 seconds, Stopping threads took: 0.0001042 seconds
2016-11-16T23:07:37.464+0100: 86.863: Total time for which application threads were stopped: 0.0002061 seconds, Stopping threads took: 0.0000385 seconds
2016-11-16T23:07:37.482+0100: 86.880: Total time for which application threads were stopped: 0.0002708 seconds, Stopping threads took: 0.0000556 seconds
2016-11-16T23:07:37.486+0100: 86.884: Total time for which application threads were stopped: 0.0001875 seconds, Stopping threads took: 0.0000311 seconds
2016-11-16T23:07:37.486+0100: 86.885: Total time for which application threads were stopped: 0.0001034 seconds, Stopping threads took: 0.0000124 seconds
2016-11-16T23:07:38.486+0100: 87.885: Total time for which application threads were stopped: 0.0001304 seconds, Stopping threads took: 0.0000281 seconds
2016-11-16T23:07:53.094+0100: 102.492: Total time for which application threads were stopped: 0.0001687 seconds, Stopping threads took: 0.0000321 seconds
2016-11-16T23:08:25.387+0100: 134.785: Total time for which application threads were stopped: 0.0001951 seconds, Stopping threads took: 0.0000337 seconds
2016-11-16T23:08:36.734+0100: 146.132: Total time for which application threads were stopped: 0.0002139 seconds, Stopping threads took: 0.0000423 seconds
2016-11-16T23:09:16.979+0100: 186.378: Total time for which application threads were stopped: 0.0011768 seconds, Stopping threads took: 0.0000339 seconds
2016-11-16T23:09:30.367+0100: 199.765: Total time for which application threads were stopped: 0.0001352 seconds, Stopping threads took: 0.0000210 seconds
2016-11-16T23:09:30.367+0100: 199.766: Total time for which application threads were stopped: 0.0000673 seconds, Stopping threads took: 0.0000087 seconds
2016-11-16T23:09:30.367+0100: 199.766: Total time for which application threads were stopped: 0.0000677 seconds, Stopping threads took: 0.0000085 seconds
2016-11-16T23:09:30.367+0100: 199.766: Total time for which application threads were stopped: 0.0000700 seconds, Stopping threads took: 0.0000089 seconds
2016-11-16T23:09:30.368+0100: 199.766: Total time for which application threads were stopped: 0.0002328 seconds, Stopping threads took: 0.0000296 seconds
2016-11-16T23:09:30.373+0100: 199.771: Total time for which application threads were stopped: 0.0001390 seconds, Stopping threads took: 0.0000274 seconds
2016-11-16T23:09:30.373+0100: 199.772: Total time for which application threads were stopped: 0.0000730 seconds, Stopping threads took: 0.0000097 seconds
2016-11-16T23:09:30.375+0100: 199.774: Total time for which application threads were stopped: 0.0001494 seconds, Stopping threads took: 0.0000499 seconds
2016-11-16T23:09:30.375+0100: 199.774: Total time for which application threads were stopped: 0.0001169 seconds, Stopping threads took: 0.0000323 seconds
2016-11-16T23:09:30.418+0100: 199.817: Total time for which application threads were stopped: 0.0001599 seconds, Stopping threads took: 0.0000429 seconds
2016-11-16T23:10:01.421+0100: 230.820: Total time for which application threads were stopped: 0.0003972 seconds, Stopping threads took: 0.0000865 seconds
2016-11-16T23:10:30.376+0100: 259.775: Total time for which application threads were stopped: 0.0002682 seconds, Stopping threads took: 0.0000420 seconds
2016-11-16T23:12:07.175+0100: 356.574: Total time for which application threads were stopped: 0.0005867 seconds, Stopping threads took: 0.0000217 seconds
2016-11-16T23:12:08.176+0100: 357.574: Total time for which application threads were stopped: 0.0001983 seconds, Stopping threads took: 0.0000462 seconds
2016-11-16T23:12:13.254+0100: 362.653: Total time for which application threads were stopped: 0.0001833 seconds, Stopping threads took: 0.0000518 seconds
2016-11-16T23:12:13.255+0100: 362.654: Total time for which application threads were stopped: 0.0001401 seconds, Stopping threads took: 0.0000367 seconds
2016-11-16T23:12:13.255+0100: 362.654: Total time for which application threads were stopped: 0.0000608 seconds, Stopping threads took: 0.0000146 seconds
2016-11-16T23:12:13.256+0100: 362.654: Total time for which application threads were stopped: 0.0000854 seconds, Stopping threads took: 0.0000300 seconds
2016-11-16T23:12:13.256+0100: 362.655: Total time for which application threads were stopped: 0.0000663 seconds, Stopping threads took: 0.0000094 seconds
2016-11-16T23:12:13.256+0100: 362.655: Total time for which application threads were stopped: 0.0000726 seconds, Stopping threads took: 0.0000172 seconds
2016-11-16T23:12:13.256+0100: 362.655: Total time for which application threads were stopped: 0.0000627 seconds, Stopping threads took: 0.0000089 seconds
2016-11-16T23:12:13.256+0100: 362.655: Total time for which application threads were stopped: 0.0000722 seconds, Stopping threads took: 0.0000170 seconds
2016-11-16T23:12:13.256+0100: 362.655: Total time for which application threads were stopped: 0.0000602 seconds, Stopping threads took: 0.0000087 seconds
2016-11-16T23:12:13.258+0100: 362.657: Total time for which application threads were stopped: 0.0001373 seconds, Stopping threads took: 0.0000352 seconds
2016-11-16T23:12:13.258+0100: 362.657: Total time for which application threads were stopped: 0.0001076 seconds, Stopping threads took: 0.0000258 seconds
2016-11-16T23:12:13.261+0100: 362.659: Total time for which application threads were stopped: 0.0001511 seconds, Stopping threads took: 0.0000271 seconds
2016-11-16T23:12:13.261+0100: 362.660: Total time for which application threads were stopped: 0.0001008 seconds, Stopping threads took: 0.0000112 seconds
2016-11-16T23:12:13.264+0100: 362.662: Total time for which application threads were stopped: 0.0002642 seconds, Stopping threads took: 0.0000772 seconds
2016-11-16T23:12:13.264+0100: 362.662: Total time for which application threads were stopped: 0.0001100 seconds, Stopping threads took: 0.0000202 seconds
2016-11-16T23:13:13.264+0100: 422.663: Total time for which application threads were stopped: 0.0002176 seconds, Stopping threads took: 0.0000449 seconds
2016-11-16T23:23:33.218+0100: 1042.617: Total time for which application threads were stopped: 0.0002489 seconds, Stopping threads took: 0.0000449 seconds
2016-11-16T23:28:56.311+0100: 1365.710: Total time for which application threads were stopped: 0.0001772 seconds, Stopping threads took: 0.0000304 seconds
2016-11-16T23:29:51.713+0100: 1421.112: Total time for which application threads were stopped: 0.0001990 seconds, Stopping threads took: 0.0000251 seconds
2016-11-16T23:30:21.717+0100: 1451.115: Total time for which application threads were stopped: 0.0001744 seconds, Stopping threads took: 0.0000312 seconds
2016-11-16T23:30:56.964+0100: 1486.363: Total time for which application threads were stopped: 0.0001598 seconds, Stopping threads took: 0.0000226 seconds
2016-11-16T23:30:56.974+0100: 1486.372: Total time for which application threads were stopped: 0.0001577 seconds, Stopping threads took: 0.0000272 seconds
2016-11-16T23:30:56.977+0100: 1486.376: Total time for which application threads were stopped: 0.0001754 seconds, Stopping threads took: 0.0000236 seconds
2016-11-16T23:30:57.002+0100: 1486.401: Total time for which application threads were stopped: 0.0005008 seconds, Stopping threads took: 0.0000269 seconds
2016-11-16T23:30:58.003+0100: 1487.401: Total time for which application threads were stopped: 0.0001703 seconds, Stopping threads took: 0.0000496 seconds
2016-11-16T23:32:40.016+0100: 1589.414: Total time for which application threads were stopped: 0.0001941 seconds, Stopping threads took: 0.0000363 seconds
2016-11-16T23:33:12.020+0100: 1621.418: Total time for which application threads were stopped: 0.0002161 seconds, Stopping threads took: 0.0000389 seconds
2016-11-16T23:36:07.600+0100: 1796.999: Total time for which application threads were stopped: 0.0001452 seconds, Stopping threads took: 0.0000198 seconds
2016-11-16T23:36:07.600+0100: 1796.999: Total time for which application threads were stopped: 0.0000745 seconds, Stopping threads took: 0.0000094 seconds
2016-11-16T23:36:07.600+0100: 1796.999: Total time for which application threads were stopped: 0.0000886 seconds, Stopping threads took: 0.0000086 seconds
2016-11-16T23:36:07.600+0100: 1796.999: Total time for which application threads were stopped: 0.0000632 seconds, Stopping threads took: 0.0000086 seconds
2016-11-16T23:36:07.604+0100: 1797.003: Total time for which application threads were stopped: 0.0001378 seconds, Stopping threads took: 0.0000211 seconds
2016-11-16T23:36:07.604+0100: 1797.003: Total time for which application threads were stopped: 0.0000656 seconds, Stopping threads took: 0.0000117 seconds
2016-11-16T23:36:07.607+0100: 1797.006: Total time for which application threads were stopped: 0.0003352 seconds, Stopping threads took: 0.0002248 seconds
2016-11-16T23:36:07.607+0100: 1797.006: Total time for which application threads were stopped: 0.0001195 seconds, Stopping threads took: 0.0000529 seconds
2016-11-16T23:36:08.608+0100: 1798.006: Total time for which application threads were stopped: 0.0001622 seconds, Stopping threads took: 0.0000274 seconds
2016-11-16T23:36:29.394+0100: 1818.793: Total time for which application threads were stopped: 0.0001181 seconds, Stopping threads took: 0.0000179 seconds
2016-11-16T23:36:29.398+0100: 1818.797: Total time for which application threads were stopped: 0.0001003 seconds, Stopping threads took: 0.0000159 seconds
2016-11-16T23:36:29.398+0100: 1818.797: Total time for which application threads were stopped: 0.0001326 seconds, Stopping threads took: 0.0000706 seconds
2016-11-16T23:36:29.400+0100: 1818.799: Total time for which application threads were stopped: 0.0001249 seconds, Stopping threads took: 0.0000238 seconds
2016-11-16T23:36:29.400+0100: 1818.799: Total time for which application threads were stopped: 0.0000764 seconds, Stopping threads took: 0.0000095 seconds
2016-11-16T23:36:30.401+0100: 1819.799: Total time for which application threads were stopped: 0.0002285 seconds, Stopping threads took: 0.0000498 seconds
2016-11-16T23:37:29.401+0100: 1878.800: Total time for which application threads were stopped: 0.0002907 seconds, Stopping threads took: 0.0001212 seconds
2016-11-16T23:39:58.420+0100: 2027.818: Total time for which application threads were stopped: 0.0001953 seconds, Stopping threads took: 0.0000384 seconds
2016-11-16T23:40:02.420+0100: 2031.819: Total time for which application threads were stopped: 0.0002193 seconds, Stopping threads took: 0.0000335 seconds
2016-11-16T23:45:29.191+0100: 2358.590: Total time for which application threads were stopped: 0.0001392 seconds, Stopping threads took: 0.0000218 seconds
2016-11-16T23:45:29.191+0100: 2358.590: Total time for which application threads were stopped: 0.0000853 seconds, Stopping threads took: 0.0000083 seconds
2016-11-16T23:45:29.193+0100: 2358.592: Total time for which application threads were stopped: 0.0000974 seconds, Stopping threads took: 0.0000206 seconds
2016-11-16T23:45:29.193+0100: 2358.592: Total time for which application threads were stopped: 0.0000956 seconds, Stopping threads took: 0.0000401 seconds
2016-11-16T23:46:10.124+0100: 2399.522: Total time for which application threads were stopped: 0.0002394 seconds, Stopping threads took: 0.0000221 seconds
2016-11-16T23:46:10.129+0100: 2399.528: Total time for which application threads were stopped: 0.0001621 seconds, Stopping threads took: 0.0000241 seconds
2016-11-16T23:46:10.129+0100: 2399.528: Total time for which application threads were stopped: 0.0000922 seconds, Stopping threads took: 0.0000149 seconds
2016-11-16T23:46:10.132+0100: 2399.530: Total time for which application threads were stopped: 0.0001380 seconds, Stopping threads took: 0.0000388 seconds
2016-11-16T23:46:10.132+0100: 2399.531: Total time for which application threads were stopped: 0.0001026 seconds, Stopping threads took: 0.0000449 seconds
2016-11-16T23:46:11.132+0100: 2400.531: Total time for which application threads were stopped: 0.0001271 seconds, Stopping threads took: 0.0000234 seconds
2016-11-16T23:46:51.719+0100: 2441.117: Total time for which application threads were stopped: 0.0001432 seconds, Stopping threads took: 0.0000247 seconds
2016-11-16T23:46:51.719+0100: 2441.118: Total time for which application threads were stopped: 0.0000620 seconds, Stopping threads took: 0.0000108 seconds
2016-11-16T23:46:51.721+0100: 2441.120: Total time for which application threads were stopped: 0.0002313 seconds, Stopping threads took: 0.0000256 seconds
2016-11-16T23:46:51.721+0100: 2441.120: Total time for which application threads were stopped: 0.0001100 seconds, Stopping threads took: 0.0000185 seconds
2016-11-16T23:46:51.721+0100: 2441.120: Total time for which application threads were stopped: 0.0001111 seconds, Stopping threads took: 0.0000239 seconds
{Heap before GC invocations=7 (full 1):
 par new generation   total 109248K, used 101241K [0x00000000e0000000, 0x00000000e8000000, 0x00000000e8000000)
  eden space 87424K, 100% used [0x00000000e0000000, 0x00000000e5560000, 0x00000000e5560000)
  from space 21824K,  63% used [0x00000000e6ab0000, 0x00000000e782e5d0, 0x00000000e8000000)
  to   space 21824K,   0% used [0x00000000e5560000, 0x00000000e5560000, 0x00000000e6ab0000)
 concurrent mark-sweep generation total 393216K, used 0K [0x00000000e8000000, 0x0000000100000000, 0x0000000100000000)
 Metaspace       used 32067K, capacity 32542K, committed 32844K, reserved 1079296K
  class space    used 3743K, capacity 3890K, committed 3916K, reserved 1048576K
2016-11-16T23:46:54.848+0100: 2444.246: [GC (Allocation Failure) 2016-11-16T23:46:54.848+0100: 2444.247: [ParNew
Desired survivor size 20112992 bytes, new threshold 8 (max 8)
- age   1:    5396856 bytes,    5396856 total
- age   2:      74024 bytes,    5470880 total
- age   3:    1508488 bytes,    6979368 total
- age   4:    1064568 bytes,    8043936 total
- age   5:     256112 bytes,    8300048 total
- age   7:     589592 bytes,    8889640 total
- age   8:    5044704 bytes,   13934344 total
: 101241K->16641K(109248K), 0.0142761 secs] 101241K->16641K(502464K), 0.0144000 secs] [Times: user=0.05 sys=0.01, real=0.01 secs] 
Heap after GC invocations=8 (full 1):
 par new generation   total 109248K, used 16641K [0x00000000e0000000, 0x00000000e8000000, 0x00000000e8000000)
  eden space 87424K,   0% used [0x00000000e0000000, 0x00000000e0000000, 0x00000000e5560000)
  from space 21824K,  76% used [0x00000000e5560000, 0x00000000e65a0700, 0x00000000e6ab0000)
  to   space 21824K,   0% used [0x00000000e6ab0000, 0x00000000e6ab0000, 0x00000000e8000000)
 concurrent mark-sweep generation total 393216K, used 0K [0x00000000e8000000, 0x0000000100000000, 0x0000000100000000)
 Metaspace       used 32067K, capacity 32542K, committed 32844K, reserved 1079296K
  class space    used 3743K, capacity 3890K, committed 3916K, reserved 1048576K
}
2016-11-16T23:46:54.862+0100: 2444.261: Total time for which application threads were stopped: 0.0147051 seconds, Stopping threads took: 0.0000624 seconds
2016-11-16T23:46:54.863+0100: 2444.262: Total time for which application threads were stopped: 0.0002013 seconds, Stopping threads took: 0.0000522 seconds
2016-11-16T23:46:54.863+0100: 2444.262: Total time for which application threads were stopped: 0.0001580 seconds, Stopping threads took: 0.0000390 seconds
{Heap before GC invocations=8 (full 1):
 par new generation   total 109248K, used 104065K [0x00000000e0000000, 0x00000000e8000000, 0x00000000e8000000)
  eden space 87424K, 100% used [0x00000000e0000000, 0x00000000e5560000, 0x00000000e5560000)
  from space 21824K,  76% used [0x00000000e5560000, 0x00000000e65a0700, 0x00000000e6ab0000)
  to   space 21824K,   0% used [0x00000000e6ab0000, 0x00000000e6ab0000, 0x00000000e8000000)
 concurrent mark-sweep generation total 393216K, used 0K [0x00000000e8000000, 0x0000000100000000, 0x0000000100000000)
 Metaspace       used 32078K, capacity 32542K, committed 32844K, reserved 1079296K
  class space    used 3743K, capacity 3890K, committed 3916K, reserved 1048576K
2016-11-16T23:46:54.945+0100: 2444.343: [GC (Allocation Failure) 2016-11-16T23:46:54.945+0100: 2444.343: [ParNew
Desired survivor size 20112992 bytes, new threshold 8 (max 8)
- age   1:     843744 bytes,     843744 total
- age   2:    1123928 bytes,    1967672 total
- age   3:       4992 bytes,    1972664 total
- age   4:     927120 bytes,    2899784 total
- age   5:     996136 bytes,    3895920 total
- age   6:     183880 bytes,    4079800 total
- age   8:     559552 bytes,    4639352 total
: 104065K->11592K(109248K), 0.0246858 secs] 104065K->17050K(502464K), 0.0247968 secs] [Times: user=0.10 sys=0.00, real=0.03 secs] 
Heap after GC invocations=9 (full 1):
 par new generation   total 109248K, used 11592K [0x00000000e0000000, 0x00000000e8000000, 0x00000000e8000000)
  eden space 87424K,   0% used [0x00000000e0000000, 0x00000000e0000000, 0x00000000e5560000)
  from space 21824K,  53% used [0x00000000e6ab0000, 0x00000000e7602260, 0x00000000e8000000)
  to   space 21824K,   0% used [0x00000000e5560000, 0x00000000e5560000, 0x00000000e6ab0000)
 concurrent mark-sweep generation total 393216K, used 5458K [0x00000000e8000000, 0x0000000100000000, 0x0000000100000000)
 Metaspace       used 32078K, capacity 32542K, committed 32844K, reserved 1079296K
  class space    used 3743K, capacity 3890K, committed 3916K, reserved 1048576K
}
2016-11-16T23:46:54.969+0100: 2444.368: Total time for which application threads were stopped: 0.0250459 seconds, Stopping threads took: 0.0000285 seconds
2016-11-16T23:46:54.970+0100: 2444.369: Total time for which application threads were stopped: 0.0001815 seconds, Stopping threads took: 0.0000534 seconds
{Heap before GC invocations=9 (full 1):
 par new generation   total 109248K, used 99016K [0x00000000e0000000, 0x00000000e8000000, 0x00000000e8000000)
  eden space 87424K, 100% used [0x00000000e0000000, 0x00000000e5560000, 0x00000000e5560000)
  from space 21824K,  53% used [0x00000000e6ab0000, 0x00000000e7602260, 0x00000000e8000000)
  to   space 21824K,   0% used [0x00000000e5560000, 0x00000000e5560000, 0x00000000e6ab0000)
 concurrent mark-sweep generation total 393216K, used 5458K [0x00000000e8000000, 0x0000000100000000, 0x0000000100000000)
 Metaspace       used 32120K, capacity 32542K, committed 32844K, reserved 1079296K
  class space    used 3743K, capacity 3890K, committed 3916K, reserved 1048576K
2016-11-16T23:46:55.086+0100: 2444.484: [GC (Allocation Failure) 2016-11-16T23:46:55.086+0100: 2444.485: [ParNew
Desired survivor size 20112992 bytes, new threshold 8 (max 8)
- age   1:     565488 bytes,     565488 total
- age   2:     134280 bytes,     699768 total
- age   3:    1114088 bytes,    1813856 total
- age   4:       4992 bytes,    1818848 total
- age   5:     927144 bytes,    2745992 total
- age   6:     995000 bytes,    3740992 total
- age   7:     182640 bytes,    3923632 total
: 99016K->5366K(109248K), 0.0103276 secs] 104474K->11384K(502464K), 0.0104504 secs] [Times: user=0.06 sys=0.00, real=0.01 secs] 
Heap after GC invocations=10 (full 1):
 par new generation   total 109248K, used 5366K [0x00000000e0000000, 0x00000000e8000000, 0x00000000e8000000)
  eden space 87424K,   0% used [0x00000000e0000000, 0x00000000e0000000, 0x00000000e5560000)
  from space 21824K,  24% used [0x00000000e5560000, 0x00000000e5a9da50, 0x00000000e6ab0000)
  to   space 21824K,   0% used [0x00000000e6ab0000, 0x00000000e6ab0000, 0x00000000e8000000)
 concurrent mark-sweep generation total 393216K, used 6018K [0x00000000e8000000, 0x0000000100000000, 0x0000000100000000)
 Metaspace       used 32120K, capacity 32542K, committed 32844K, reserved 1079296K
  class space    used 3743K, capacity 3890K, committed 3916K, reserved 1048576K
}
2016-11-16T23:46:55.096+0100: 2444.495: Total time for which application threads were stopped: 0.0107559 seconds, Stopping threads took: 0.0000291 seconds
2016-11-16T23:46:55.142+0100: 2444.541: Total time for which application threads were stopped: 0.0001519 seconds, Stopping threads took: 0.0000227 seconds
2016-11-16T23:46:55.174+0100: 2444.573: Total time for which application threads were stopped: 0.0003420 seconds, Stopping threads took: 0.0001224 seconds
2016-11-16T23:46:55.185+0100: 2444.584: Total time for which application threads were stopped: 0.0003408 seconds, Stopping threads took: 0.0001501 seconds
2016-11-16T23:46:55.186+0100: 2444.584: Total time for which application threads were stopped: 0.0001083 seconds, Stopping threads took: 0.0000199 seconds
2016-11-16T23:46:59.186+0100: 2448.585: Total time for which application threads were stopped: 0.0001664 seconds, Stopping threads took: 0.0000286 seconds
2016-11-16T23:47:04.289+0100: 2453.687: Total time for which application threads were stopped: 0.0001400 seconds, Stopping threads took: 0.0000206 seconds
2016-11-16T23:47:04.984+0100: 2454.382: Total time for which application threads were stopped: 0.0001985 seconds, Stopping threads took: 0.0000543 seconds
2016-11-16T23:47:04.984+0100: 2454.382: Total time for which application threads were stopped: 0.0001106 seconds, Stopping threads took: 0.0000417 seconds
2016-11-16T23:47:04.986+0100: 2454.385: Total time for which application threads were stopped: 0.0001559 seconds, Stopping threads took: 0.0000435 seconds
2016-11-16T23:47:04.986+0100: 2454.385: Total time for which application threads were stopped: 0.0000693 seconds, Stopping threads took: 0.0000197 seconds
2016-11-16T23:47:04.995+0100: 2454.393: Total time for which application threads were stopped: 0.0001611 seconds, Stopping threads took: 0.0000295 seconds
2016-11-16T23:47:04.995+0100: 2454.394: Total time for which application threads were stopped: 0.0000755 seconds, Stopping threads took: 0.0000114 seconds
2016-11-16T23:47:04.995+0100: 2454.394: Total time for which application threads were stopped: 0.0000727 seconds, Stopping threads took: 0.0000105 seconds
2016-11-16T23:47:04.995+0100: 2454.394: Total time for which application threads were stopped: 0.0000713 seconds, Stopping threads took: 0.0000110 seconds
2016-11-16T23:47:05.995+0100: 2455.394: Total time for which application threads were stopped: 0.0002218 seconds, Stopping threads took: 0.0000392 seconds
2016-11-16T23:47:08.493+0100: 2457.891: Total time for which application threads were stopped: 0.0001258 seconds, Stopping threads took: 0.0000196 seconds
2016-11-16T23:47:08.493+0100: 2457.891: Total time for which application threads were stopped: 0.0000504 seconds, Stopping threads took: 0.0000064 seconds
2016-11-16T23:47:08.493+0100: 2457.891: Total time for which application threads were stopped: 0.0000547 seconds, Stopping threads took: 0.0000109 seconds
2016-11-16T23:47:08.493+0100: 2457.892: Total time for which application threads were stopped: 0.0000524 seconds, Stopping threads took: 0.0000084 seconds
2016-11-16T23:47:08.493+0100: 2457.892: Total time for which application threads were stopped: 0.0001475 seconds, Stopping threads took: 0.0000113 seconds
2016-11-16T23:47:08.497+0100: 2457.895: Total time for which application threads were stopped: 0.0001339 seconds, Stopping threads took: 0.0000207 seconds
2016-11-16T23:47:08.497+0100: 2457.896: Total time for which application threads were stopped: 0.0000856 seconds, Stopping threads took: 0.0000158 seconds
2016-11-16T23:47:08.501+0100: 2457.899: Total time for which application threads were stopped: 0.0002572 seconds, Stopping threads took: 0.0001278 seconds
2016-11-16T23:47:08.501+0100: 2457.900: Total time for which application threads were stopped: 0.0000867 seconds, Stopping threads took: 0.0000303 seconds
2016-11-16T23:47:08.502+0100: 2457.901: Total time for which application threads were stopped: 0.0001724 seconds, Stopping threads took: 0.0000447 seconds
2016-11-16T23:47:08.503+0100: 2457.901: Total time for which application threads were stopped: 0.0002430 seconds, Stopping threads took: 0.0001412 seconds
2016-11-16T23:47:08.505+0100: 2457.904: Total time for which application threads were stopped: 0.0006102 seconds, Stopping threads took: 0.0000495 seconds
2016-11-16T23:47:08.507+0100: 2457.906: Total time for which application threads were stopped: 0.0002172 seconds, Stopping threads took: 0.0000435 seconds
2016-11-16T23:47:08.508+0100: 2457.907: Total time for which application threads were stopped: 0.0001522 seconds, Stopping threads took: 0.0000408 seconds
2016-11-16T23:47:08.509+0100: 2457.907: Total time for which application threads were stopped: 0.0001508 seconds, Stopping threads took: 0.0000690 seconds
2016-11-16T23:47:08.509+0100: 2457.908: Total time for which application threads were stopped: 0.0000920 seconds, Stopping threads took: 0.0000153 seconds
2016-11-16T23:47:08.509+0100: 2457.908: Total time for which application threads were stopped: 0.0000967 seconds, Stopping threads took: 0.0000265 seconds
2016-11-16T23:47:08.509+0100: 2457.908: Total time for which application threads were stopped: 0.0000972 seconds, Stopping threads took: 0.0000168 seconds
2016-11-16T23:47:08.509+0100: 2457.908: Total time for which application threads were stopped: 0.0001212 seconds, Stopping threads took: 0.0000327 seconds
2016-11-16T23:47:08.510+0100: 2457.908: Total time for which application threads were stopped: 0.0001086 seconds, Stopping threads took: 0.0000372 seconds
2016-11-16T23:47:08.510+0100: 2457.908: Total time for which application threads were stopped: 0.0000803 seconds, Stopping threads took: 0.0000140 seconds
2016-11-16T23:47:08.511+0100: 2457.910: Total time for which application threads were stopped: 0.0001774 seconds, Stopping threads took: 0.0000353 seconds
2016-11-16T23:47:08.512+0100: 2457.911: Total time for which application threads were stopped: 0.0001650 seconds, Stopping threads took: 0.0000490 seconds
2016-11-16T23:47:08.515+0100: 2457.914: Total time for which application threads were stopped: 0.0001904 seconds, Stopping threads took: 0.0000594 seconds
2016-11-16T23:47:08.516+0100: 2457.914: Total time for which application threads were stopped: 0.0001098 seconds, Stopping threads took: 0.0000338 seconds
2016-11-16T23:47:08.525+0100: 2457.924: Total time for which application threads were stopped: 0.0001610 seconds, Stopping threads took: 0.0000303 seconds
2016-11-16T23:47:08.530+0100: 2457.928: Total time for which application threads were stopped: 0.0046299 seconds, Stopping threads took: 0.0044636 seconds
2016-11-16T23:47:09.530+0100: 2458.929: Total time for which application threads were stopped: 0.0001941 seconds, Stopping threads took: 0.0000349 seconds
2016-11-16T23:48:08.530+0100: 2517.929: Total time for which application threads were stopped: 0.0001986 seconds, Stopping threads took: 0.0000373 seconds
2016-11-16T23:48:48.509+0100: 2557.908: Total time for which application threads were stopped: 0.0002185 seconds, Stopping threads took: 0.0000440 seconds
2016-11-16T23:52:27.027+0100: 2776.426: Total time for which application threads were stopped: 0.0001633 seconds, Stopping threads took: 0.0000248 seconds
2016-11-16T23:52:27.027+0100: 2776.426: Total time for which application threads were stopped: 0.0001084 seconds, Stopping threads took: 0.0000268 seconds
2016-11-16T23:52:27.027+0100: 2776.426: Total time for which application threads were stopped: 0.0000800 seconds, Stopping threads took: 0.0000129 seconds
2016-11-16T23:52:27.028+0100: 2776.426: Total time for which application threads were stopped: 0.0000870 seconds, Stopping threads took: 0.0000131 seconds
2016-11-16T23:52:27.028+0100: 2776.427: Total time for which application threads were stopped: 0.0000798 seconds, Stopping threads took: 0.0000165 seconds
2016-11-16T23:52:27.028+0100: 2776.427: Total time for which application threads were stopped: 0.0000612 seconds, Stopping threads took: 0.0000124 seconds
2016-11-16T23:52:27.028+0100: 2776.427: Total time for which application threads were stopped: 0.0000804 seconds, Stopping threads took: 0.0000214 seconds
2016-11-16T23:52:27.028+0100: 2776.427: Total time for which application threads were stopped: 0.0000683 seconds, Stopping threads took: 0.0000105 seconds
2016-11-16T23:52:27.028+0100: 2776.427: Total time for which application threads were stopped: 0.0000698 seconds, Stopping threads took: 0.0000102 seconds
2016-11-16T23:52:27.031+0100: 2776.429: Total time for which application threads were stopped: 0.0001550 seconds, Stopping threads took: 0.0000262 seconds
2016-11-16T23:52:27.033+0100: 2776.432: Total time for which application threads were stopped: 0.0001146 seconds, Stopping threads took: 0.0000219 seconds
2016-11-16T23:52:27.034+0100: 2776.432: Total time for which application threads were stopped: 0.0000759 seconds, Stopping threads took: 0.0000273 seconds
2016-11-16T23:52:27.034+0100: 2776.433: Total time for which application threads were stopped: 0.0000574 seconds, Stopping threads took: 0.0000094 seconds
2016-11-16T23:52:27.034+0100: 2776.433: Total time for which application threads were stopped: 0.0000462 seconds, Stopping threads took: 0.0000075 seconds
2016-11-16T23:52:27.034+0100: 2776.433: Total time for which application threads were stopped: 0.0000449 seconds, Stopping threads took: 0.0000066 seconds
2016-11-16T23:52:27.034+0100: 2776.433: Total time for which application threads were stopped: 0.0000444 seconds, Stopping threads took: 0.0000064 seconds
2016-11-16T23:52:27.034+0100: 2776.433: Total time for which application threads were stopped: 0.0000440 seconds, Stopping threads took: 0.0000063 seconds
2016-11-16T23:52:27.034+0100: 2776.433: Total time for which application threads were stopped: 0.0000627 seconds, Stopping threads took: 0.0000062 seconds
2016-11-16T23:52:27.034+0100: 2776.433: Total time for which application threads were stopped: 0.0000457 seconds, Stopping threads took: 0.0000068 seconds
2016-11-16T23:52:27.034+0100: 2776.433: Total time for which application threads were stopped: 0.0000445 seconds, Stopping threads took: 0.0000064 seconds
2016-11-16T23:52:27.034+0100: 2776.433: Total time for which application threads were stopped: 0.0000446 seconds, Stopping threads took: 0.0000064 seconds
2016-11-16T23:52:27.035+0100: 2776.433: Total time for which application threads were stopped: 0.0001235 seconds, Stopping threads took: 0.0000064 seconds
2016-11-16T23:52:28.035+0100: 2777.433: Total time for which application threads were stopped: 0.0001275 seconds, Stopping threads took: 0.0000223 seconds
2016-11-16T23:53:00.318+0100: 2809.717: Total time for which application threads were stopped: 0.0001649 seconds, Stopping threads took: 0.0000410 seconds
2016-11-16T23:53:00.318+0100: 2809.717: Total time for which application threads were stopped: 0.0000774 seconds, Stopping threads took: 0.0000227 seconds
2016-11-16T23:53:00.320+0100: 2809.719: Total time for which application threads were stopped: 0.0001476 seconds, Stopping threads took: 0.0000235 seconds
2016-11-16T23:53:00.320+0100: 2809.719: Total time for which application threads were stopped: 0.0000780 seconds, Stopping threads took: 0.0000235 seconds
{Heap before GC invocations=10 (full 1):
 par new generation   total 109248K, used 92790K [0x00000000e0000000, 0x00000000e8000000, 0x00000000e8000000)
  eden space 87424K, 100% used [0x00000000e0000000, 0x00000000e5560000, 0x00000000e5560000)
  from space 21824K,  24% used [0x00000000e5560000, 0x00000000e5a9da50, 0x00000000e6ab0000)
  to   space 21824K,   0% used [0x00000000e6ab0000, 0x00000000e6ab0000, 0x00000000e8000000)
 concurrent mark-sweep generation total 393216K, used 6018K [0x00000000e8000000, 0x0000000100000000, 0x0000000100000000)
 Metaspace       used 32470K, capacity 32936K, committed 33484K, reserved 1079296K
  class space    used 3771K, capacity 3929K, committed 4044K, reserved 1048576K
2016-11-16T23:53:00.469+0100: 2809.868: [GC (Allocation Failure) 2016-11-16T23:53:00.469+0100: 2809.868: [ParNew
Desired survivor size 20112992 bytes, new threshold 8 (max 8)
- age   1:    4322376 bytes,    4322376 total
- age   2:     295688 bytes,    4618064 total
- age   3:     132624 bytes,    4750688 total
- age   4:    1076960 bytes,    5827648 total
- age   5:       4992 bytes,    5832640 total
- age   6:     925104 bytes,    6757744 total
- age   7:     991880 bytes,    7749624 total
- age   8:     182720 bytes,    7932344 total
: 92790K->8998K(109248K), 0.0108358 secs] 98808K->15016K(502464K), 0.0109173 secs] [Times: user=0.03 sys=0.01, real=0.01 secs] 
Heap after GC invocations=11 (full 1):
 par new generation   total 109248K, used 8998K [0x00000000e0000000, 0x00000000e8000000, 0x00000000e8000000)
  eden space 87424K,   0% used [0x00000000e0000000, 0x00000000e0000000, 0x00000000e5560000)
  from space 21824K,  41% used [0x00000000e6ab0000, 0x00000000e73798d0, 0x00000000e8000000)
  to   space 21824K,   0% used [0x00000000e5560000, 0x00000000e5560000, 0x00000000e6ab0000)
 concurrent mark-sweep generation total 393216K, used 6018K [0x00000000e8000000, 0x0000000100000000, 0x0000000100000000)
 Metaspace       used 32470K, capacity 32936K, committed 33484K, reserved 1079296K
  class space    used 3771K, capacity 3929K, committed 4044K, reserved 1048576K
}
2016-11-16T23:53:00.480+0100: 2809.879: Total time for which application threads were stopped: 0.0112378 seconds, Stopping threads took: 0.0000279 seconds
2016-11-16T23:53:00.481+0100: 2809.879: Total time for which application threads were stopped: 0.0001502 seconds, Stopping threads took: 0.0000415 seconds
2016-11-16T23:53:00.481+0100: 2809.880: Total time for which application threads were stopped: 0.0001315 seconds, Stopping threads took: 0.0000559 seconds
{Heap before GC invocations=11 (full 1):
 par new generation   total 109248K, used 96422K [0x00000000e0000000, 0x00000000e8000000, 0x00000000e8000000)
  eden space 87424K, 100% used [0x00000000e0000000, 0x00000000e5560000, 0x00000000e5560000)
  from space 21824K,  41% used [0x00000000e6ab0000, 0x00000000e73798d0, 0x00000000e8000000)
  to   space 21824K,   0% used [0x00000000e5560000, 0x00000000e5560000, 0x00000000e6ab0000)
 concurrent mark-sweep generation total 393216K, used 6018K [0x00000000e8000000, 0x0000000100000000, 0x0000000100000000)
 Metaspace       used 32511K, capacity 33030K, committed 33484K, reserved 1079296K
  class space    used 3774K, capacity 3934K, committed 4044K, reserved 1048576K
2016-11-16T23:53:00.613+0100: 2810.012: [GC (Allocation Failure) 2016-11-16T23:53:00.613+0100: 2810.012: [ParNew
Desired survivor size 20112992 bytes, new threshold 8 (max 8)
- age   1:     366568 bytes,     366568 total
- age   2:    1574752 bytes,    1941320 total
- age   3:      35688 bytes,    1977008 total
- age   4:       5776 bytes,    1982784 total
- age   5:     649480 bytes,    2632264 total
- age   6:       4992 bytes,    2637256 total
- age   7:     925104 bytes,    3562360 total
- age   8:     991856 bytes,    4554216 total
: 96422K->7750K(109248K), 0.0084887 secs] 102440K->13951K(502464K), 0.0086172 secs] [Times: user=0.04 sys=0.00, real=0.01 secs] 
Heap after GC invocations=12 (full 1):
 par new generation   total 109248K, used 7750K [0x00000000e0000000, 0x00000000e8000000, 0x00000000e8000000)
  eden space 87424K,   0% used [0x00000000e0000000, 0x00000000e0000000, 0x00000000e5560000)
  from space 21824K,  35% used [0x00000000e5560000, 0x00000000e5cf1a80, 0x00000000e6ab0000)
  to   space 21824K,   0% used [0x00000000e6ab0000, 0x00000000e6ab0000, 0x00000000e8000000)
 concurrent mark-sweep generation total 393216K, used 6200K [0x00000000e8000000, 0x0000000100000000, 0x0000000100000000)
 Metaspace       used 32511K, capacity 33030K, committed 33484K, reserved 1079296K
  class space    used 3774K, capacity 3934K, committed 4044K, reserved 1048576K
}
2016-11-16T23:53:00.622+0100: 2810.020: Total time for which application threads were stopped: 0.0089151 seconds, Stopping threads took: 0.0000329 seconds
2016-11-16T23:53:00.622+0100: 2810.021: Total time for which application threads were stopped: 0.0003363 seconds, Stopping threads took: 0.0001329 seconds
2016-11-16T23:53:00.735+0100: 2810.133: Total time for which application threads were stopped: 0.0001749 seconds, Stopping threads took: 0.0000248 seconds
2016-11-16T23:53:00.771+0100: 2810.170: Total time for which application threads were stopped: 0.0001813 seconds, Stopping threads took: 0.0000388 seconds
2016-11-16T23:53:00.782+0100: 2810.181: Total time for which application threads were stopped: 0.0001770 seconds, Stopping threads took: 0.0000464 seconds
2016-11-16T23:53:00.782+0100: 2810.181: Total time for which application threads were stopped: 0.0000838 seconds, Stopping threads took: 0.0000201 seconds
2016-11-16T23:53:01.782+0100: 2811.181: Total time for which application threads were stopped: 0.0001727 seconds, Stopping threads took: 0.0000291 seconds
2016-11-16T23:53:20.786+0100: 2830.185: Total time for which application threads were stopped: 0.0001485 seconds, Stopping threads took: 0.0000258 seconds
2016-11-16T23:53:21.425+0100: 2830.824: Total time for which application threads were stopped: 0.0001936 seconds, Stopping threads took: 0.0000358 seconds
2016-11-16T23:53:21.425+0100: 2830.824: Total time for which application threads were stopped: 0.0001337 seconds, Stopping threads took: 0.0000234 seconds
2016-11-16T23:53:21.428+0100: 2830.827: Total time for which application threads were stopped: 0.0001981 seconds, Stopping threads took: 0.0000610 seconds
2016-11-16T23:53:21.429+0100: 2830.827: Total time for which application threads were stopped: 0.0000857 seconds, Stopping threads took: 0.0000116 seconds
2016-11-16T23:53:21.431+0100: 2830.830: Total time for which application threads were stopped: 0.0002179 seconds, Stopping threads took: 0.0000538 seconds
2016-11-16T23:53:21.431+0100: 2830.830: Total time for which application threads were stopped: 0.0001083 seconds, Stopping threads took: 0.0000179 seconds
2016-11-16T23:53:21.432+0100: 2830.830: Total time for which application threads were stopped: 0.0001364 seconds, Stopping threads took: 0.0000565 seconds
2016-11-16T23:53:21.436+0100: 2830.835: Total time for which application threads were stopped: 0.0001698 seconds, Stopping threads took: 0.0000243 seconds
2016-11-16T23:53:21.436+0100: 2830.835: Total time for which application threads were stopped: 0.0000921 seconds, Stopping threads took: 0.0000307 seconds
2016-11-16T23:53:21.437+0100: 2830.835: Total time for which application threads were stopped: 0.0000773 seconds, Stopping threads took: 0.0000200 seconds
2016-11-16T23:53:21.437+0100: 2830.835: Total time for which application threads were stopped: 0.0000784 seconds, Stopping threads took: 0.0000222 seconds
2016-11-16T23:53:21.437+0100: 2830.835: Total time for which application threads were stopped: 0.0000816 seconds, Stopping threads took: 0.0000224 seconds
2016-11-16T23:53:21.438+0100: 2830.836: Total time for which application threads were stopped: 0.0000950 seconds, Stopping threads took: 0.0000147 seconds
2016-11-16T23:53:21.438+0100: 2830.836: Total time for which application threads were stopped: 0.0000693 seconds, Stopping threads took: 0.0000098 seconds
2016-11-16T23:53:21.438+0100: 2830.837: Total time for which application threads were stopped: 0.0000693 seconds, Stopping threads took: 0.0000100 seconds
2016-11-16T23:53:21.438+0100: 2830.837: Total time for which application threads were stopped: 0.0000661 seconds, Stopping threads took: 0.0000087 seconds
2016-11-16T23:53:21.438+0100: 2830.837: Total time for which application threads were stopped: 0.0000661 seconds, Stopping threads took: 0.0000091 seconds
2016-11-16T23:53:21.438+0100: 2830.837: Total time for which application threads were stopped: 0.0000673 seconds, Stopping threads took: 0.0000092 seconds
2016-11-16T23:53:21.438+0100: 2830.837: Total time for which application threads were stopped: 0.0000722 seconds, Stopping threads took: 0.0000099 seconds
2016-11-16T23:53:21.438+0100: 2830.837: Total time for which application threads were stopped: 0.0000678 seconds, Stopping threads took: 0.0000091 seconds
2016-11-16T23:53:21.440+0100: 2830.838: Total time for which application threads were stopped: 0.0001565 seconds, Stopping threads took: 0.0000364 seconds
2016-11-16T23:53:21.440+0100: 2830.839: Total time for which application threads were stopped: 0.0001164 seconds, Stopping threads took: 0.0000340 seconds
2016-11-16T23:53:21.442+0100: 2830.841: Total time for which application threads were stopped: 0.0001501 seconds, Stopping threads took: 0.0000314 seconds
2016-11-16T23:53:21.443+0100: 2830.841: Total time for which application threads were stopped: 0.0000836 seconds, Stopping threads took: 0.0000123 seconds
2016-11-16T23:53:21.446+0100: 2830.844: Total time for which application threads were stopped: 0.0001628 seconds, Stopping threads took: 0.0000560 seconds
2016-11-16T23:53:21.446+0100: 2830.844: Total time for which application threads were stopped: 0.0000688 seconds, Stopping threads took: 0.0000199 seconds
2016-11-16T23:53:22.446+0100: 2831.845: Total time for which application threads were stopped: 0.0002032 seconds, Stopping threads took: 0.0000324 seconds
2016-11-16T23:54:21.446+0100: 2890.845: Total time for which application threads were stopped: 0.0002964 seconds, Stopping threads took: 0.0000487 seconds
2016-11-16T23:55:33.226+0100: 2962.625: Total time for which application threads were stopped: 0.0001446 seconds, Stopping threads took: 0.0000282 seconds
2016-11-16T23:55:34.226+0100: 2963.625: Total time for which application threads were stopped: 0.0001400 seconds, Stopping threads took: 0.0000247 seconds
2016-11-16T23:55:45.228+0100: 2974.627: Total time for which application threads were stopped: 0.0001721 seconds, Stopping threads took: 0.0000282 seconds
2016-11-16T23:56:34.233+0100: 3023.632: Total time for which application threads were stopped: 0.0001979 seconds, Stopping threads took: 0.0000346 seconds
2016-11-16T23:57:00.038+0100: 3049.436: Total time for which application threads were stopped: 0.0001863 seconds, Stopping threads took: 0.0000352 seconds
2016-11-16T23:57:00.039+0100: 3049.437: Total time for which application threads were stopped: 0.0001180 seconds, Stopping threads took: 0.0000215 seconds
2016-11-16T23:57:00.039+0100: 3049.438: Total time for which application threads were stopped: 0.0000883 seconds, Stopping threads took: 0.0000160 seconds
2016-11-16T23:57:00.052+0100: 3049.451: Total time for which application threads were stopped: 0.0001444 seconds, Stopping threads took: 0.0000198 seconds
2016-11-16T23:57:00.055+0100: 3049.454: Total time for which application threads were stopped: 0.0000908 seconds, Stopping threads took: 0.0000131 seconds
2016-11-16T23:57:00.056+0100: 3049.455: Total time for which application threads were stopped: 0.0000827 seconds, Stopping threads took: 0.0000119 seconds
2016-11-16T23:57:00.056+0100: 3049.455: Total time for which application threads were stopped: 0.0000800 seconds, Stopping threads took: 0.0000114 seconds
2016-11-16T23:57:00.057+0100: 3049.455: Total time for which application threads were stopped: 0.0000870 seconds, Stopping threads took: 0.0000195 seconds
2016-11-16T23:57:00.057+0100: 3049.456: Total time for which application threads were stopped: 0.0000835 seconds, Stopping threads took: 0.0000161 seconds
2016-11-16T23:57:00.057+0100: 3049.456: Total time for which application threads were stopped: 0.0000840 seconds, Stopping threads took: 0.0000146 seconds
2016-11-16T23:57:00.058+0100: 3049.456: Total time for which application threads were stopped: 0.0000845 seconds, Stopping threads took: 0.0000169 seconds
2016-11-16T23:57:00.058+0100: 3049.457: Total time for which application threads were stopped: 0.0000818 seconds, Stopping threads took: 0.0000143 seconds
2016-11-16T23:57:00.058+0100: 3049.457: Total time for which application threads were stopped: 0.0001378 seconds, Stopping threads took: 0.0000201 seconds
2016-11-16T23:57:00.059+0100: 3049.457: Total time for which application threads were stopped: 0.0000941 seconds, Stopping threads took: 0.0000127 seconds
2016-11-16T23:57:00.059+0100: 3049.458: Total time for which application threads were stopped: 0.0000833 seconds, Stopping threads took: 0.0000114 seconds
2016-11-16T23:57:00.059+0100: 3049.458: Total time for which application threads were stopped: 0.0001050 seconds, Stopping threads took: 0.0000142 seconds
2016-11-16T23:57:00.060+0100: 3049.458: Total time for which application threads were stopped: 0.0002494 seconds, Stopping threads took: 0.0000140 seconds
{Heap before GC invocations=12 (full 1):
 par new generation   total 109248K, used 95174K [0x00000000e0000000, 0x00000000e8000000, 0x00000000e8000000)
  eden space 87424K, 100% used [0x00000000e0000000, 0x00000000e5560000, 0x00000000e5560000)
  from space 21824K,  35% used [0x00000000e5560000, 0x00000000e5cf1a80, 0x00000000e6ab0000)
  to   space 21824K,   0% used [0x00000000e6ab0000, 0x00000000e6ab0000, 0x00000000e8000000)
 concurrent mark-sweep generation total 393216K, used 6200K [0x00000000e8000000, 0x0000000100000000, 0x0000000100000000)
 Metaspace       used 32626K, capacity 33122K, committed 33484K, reserved 1079296K
  class space    used 3776K, capacity 3938K, committed 4044K, reserved 1048576K
2016-11-16T23:57:00.110+0100: 3049.508: [GC (Allocation Failure) 2016-11-16T23:57:00.110+0100: 3049.508: [ParNew
Desired survivor size 20112992 bytes, new threshold 8 (max 8)
- age   1:    4259368 bytes,    4259368 total
- age   2:      91256 bytes,    4350624 total
- age   3:     835816 bytes,    5186440 total
- age   4:      35488 bytes,    5221928 total
- age   5:       5776 bytes,    5227704 total
- age   6:     648944 bytes,    5876648 total
- age   7:       4992 bytes,    5881640 total
- age   8:     925024 bytes,    6806664 total
: 95174K->8242K(109248K), 0.0108361 secs] 101375K->15443K(502464K), 0.0109466 secs] [Times: user=0.05 sys=0.00, real=0.01 secs] 
Heap after GC invocations=13 (full 1):
 par new generation   total 109248K, used 8242K [0x00000000e0000000, 0x00000000e8000000, 0x00000000e8000000)
  eden space 87424K,   0% used [0x00000000e0000000, 0x00000000e0000000, 0x00000000e5560000)
  from space 21824K,  37% used [0x00000000e6ab0000, 0x00000000e72bc810, 0x00000000e8000000)
  to   space 21824K,   0% used [0x00000000e5560000, 0x00000000e5560000, 0x00000000e6ab0000)
 concurrent mark-sweep generation total 393216K, used 7201K [0x00000000e8000000, 0x0000000100000000, 0x0000000100000000)
 Metaspace       used 32626K, capacity 33122K, committed 33484K, reserved 1079296K
  class space    used 3776K, capacity 3938K, committed 4044K, reserved 1048576K
}
2016-11-16T23:57:00.121+0100: 3049.519: Total time for which application threads were stopped: 0.0112355 seconds, Stopping threads took: 0.0000331 seconds
2016-11-16T23:57:00.121+0100: 3049.520: Total time for which application threads were stopped: 0.0001897 seconds, Stopping threads took: 0.0000401 seconds
2016-11-16T23:57:00.121+0100: 3049.520: Total time for which application threads were stopped: 0.0001237 seconds, Stopping threads took: 0.0000377 seconds
{Heap before GC invocations=13 (full 1):
 par new generation   total 109248K, used 95666K [0x00000000e0000000, 0x00000000e8000000, 0x00000000e8000000)
  eden space 87424K, 100% used [0x00000000e0000000, 0x00000000e5560000, 0x00000000e5560000)
  from space 21824K,  37% used [0x00000000e6ab0000, 0x00000000e72bc810, 0x00000000e8000000)
  to   space 21824K,   0% used [0x00000000e5560000, 0x00000000e5560000, 0x00000000e6ab0000)
 concurrent mark-sweep generation total 393216K, used 7201K [0x00000000e8000000, 0x0000000100000000, 0x0000000100000000)
 Metaspace       used 32626K, capacity 33122K, committed 33484K, reserved 1079296K
  class space    used 3776K, capacity 3938K, committed 4044K, reserved 1048576K
2016-11-16T23:57:00.193+0100: 3049.591: [GC (Allocation Failure) 2016-11-16T23:57:00.193+0100: 3049.591: [ParNew
Desired survivor size 20112992 bytes, new threshold 8 (max 8)
- age   1:     317176 bytes,     317176 total
- age   2:    1522920 bytes,    1840096 total
- age   3:       6120 bytes,    1846216 total
- age   4:     307608 bytes,    2153824 total
- age   5:      35488 bytes,    2189312 total
- age   6:       5776 bytes,    2195088 total
- age   7:     624184 bytes,    2819272 total
- age   8:       4992 bytes,    2824264 total
: 95666K->5458K(109248K), 0.0066596 secs] 102867K->13579K(502464K), 0.0067678 secs] [Times: user=0.03 sys=0.00, real=0.01 secs] 
Heap after GC invocations=14 (full 1):
 par new generation   total 109248K, used 5458K [0x00000000e0000000, 0x00000000e8000000, 0x00000000e8000000)
  eden space 87424K,   0% used [0x00000000e0000000, 0x00000000e0000000, 0x00000000e5560000)
  from space 21824K,  25% used [0x00000000e5560000, 0x00000000e5ab4b40, 0x00000000e6ab0000)
  to   space 21824K,   0% used [0x00000000e6ab0000, 0x00000000e6ab0000, 0x00000000e8000000)
 concurrent mark-sweep generation total 393216K, used 8120K [0x00000000e8000000, 0x0000000100000000, 0x0000000100000000)
 Metaspace       used 32626K, capacity 33122K, committed 33484K, reserved 1079296K
  class space    used 3776K, capacity 3938K, committed 4044K, reserved 1048576K
}
2016-11-16T23:57:00.199+0100: 3049.598: Total time for which application threads were stopped: 0.0070231 seconds, Stopping threads took: 0.0000312 seconds
2016-11-16T23:57:00.200+0100: 3049.598: Total time for which application threads were stopped: 0.0001775 seconds, Stopping threads took: 0.0000453 seconds
2016-11-16T23:57:00.337+0100: 3049.736: Total time for which application threads were stopped: 0.0002028 seconds, Stopping threads took: 0.0000398 seconds
2016-11-16T23:57:00.369+0100: 3049.767: Total time for which application threads were stopped: 0.0001890 seconds, Stopping threads took: 0.0000571 seconds
2016-11-16T23:57:00.378+0100: 3049.777: Total time for which application threads were stopped: 0.0002127 seconds, Stopping threads took: 0.0000574 seconds
2016-11-16T23:57:00.379+0100: 3049.777: Total time for which application threads were stopped: 0.0000962 seconds, Stopping threads took: 0.0000127 seconds
2016-11-16T23:57:02.379+0100: 3051.778: Total time for which application threads were stopped: 0.0001463 seconds, Stopping threads took: 0.0000272 seconds
2016-11-16T23:59:57.400+0100: 3226.798: Total time for which application threads were stopped: 0.0001797 seconds, Stopping threads took: 0.0000444 seconds
2016-11-17T00:02:37.418+0100: 3386.816: Total time for which application threads were stopped: 0.0002106 seconds, Stopping threads took: 0.0000406 seconds
2016-11-17T00:04:10.557+0100: 3479.956: Total time for which application threads were stopped: 0.0001200 seconds, Stopping threads took: 0.0000224 seconds
2016-11-17T00:04:10.557+0100: 3479.956: Total time for which application threads were stopped: 0.0000533 seconds, Stopping threads took: 0.0000101 seconds
2016-11-17T00:04:11.557+0100: 3480.956: Total time for which application threads were stopped: 0.0001403 seconds, Stopping threads took: 0.0000246 seconds
2016-11-17T00:04:31.560+0100: 3500.959: Total time for which application threads were stopped: 0.0001641 seconds, Stopping threads took: 0.0000272 seconds
2016-11-17T00:04:31.585+0100: 3500.983: Total time for which application threads were stopped: 0.0001633 seconds, Stopping threads took: 0.0000433 seconds
2016-11-17T00:04:31.585+0100: 3500.984: Total time for which application threads were stopped: 0.0000813 seconds, Stopping threads took: 0.0000261 seconds
2016-11-17T00:04:31.585+0100: 3500.984: Total time for which application threads were stopped: 0.0000775 seconds, Stopping threads took: 0.0000122 seconds
2016-11-17T00:04:31.585+0100: 3500.984: Total time for which application threads were stopped: 0.0000992 seconds, Stopping threads took: 0.0000273 seconds
2016-11-17T00:04:31.585+0100: 3500.984: Total time for which application threads were stopped: 0.0000764 seconds, Stopping threads took: 0.0000123 seconds
2016-11-17T00:04:31.585+0100: 3500.984: Total time for which application threads were stopped: 0.0000910 seconds, Stopping threads took: 0.0000320 seconds
2016-11-17T00:04:31.586+0100: 3500.984: Total time for which application threads were stopped: 0.0001080 seconds, Stopping threads took: 0.0000250 seconds
2016-11-17T00:04:31.586+0100: 3500.984: Total time for which application threads were stopped: 0.0000880 seconds, Stopping threads took: 0.0000212 seconds
2016-11-17T00:04:31.589+0100: 3500.988: Total time for which application threads were stopped: 0.0001928 seconds, Stopping threads took: 0.0000279 seconds
2016-11-17T00:04:31.589+0100: 3500.988: Total time for which application threads were stopped: 0.0001049 seconds, Stopping threads took: 0.0000234 seconds
2016-11-17T00:04:31.590+0100: 3500.988: Total time for which application threads were stopped: 0.0000909 seconds, Stopping threads took: 0.0000113 seconds
2016-11-17T00:04:31.590+0100: 3500.989: Total time for which application threads were stopped: 0.0000677 seconds, Stopping threads took: 0.0000074 seconds
2016-11-17T00:04:31.590+0100: 3500.989: Total time for which application threads were stopped: 0.0000700 seconds, Stopping threads took: 0.0000103 seconds
2016-11-17T00:04:31.590+0100: 3500.989: Total time for which application threads were stopped: 0.0000746 seconds, Stopping threads took: 0.0000109 seconds
2016-11-17T00:04:31.590+0100: 3500.989: Total time for which application threads were stopped: 0.0000661 seconds, Stopping threads took: 0.0000097 seconds
2016-11-17T00:04:31.590+0100: 3500.989: Total time for which application threads were stopped: 0.0000676 seconds, Stopping threads took: 0.0000089 seconds
2016-11-17T00:04:31.590+0100: 3500.989: Total time for which application threads were stopped: 0.0000650 seconds, Stopping threads took: 0.0000085 seconds
2016-11-17T00:04:31.591+0100: 3500.989: Total time for which application threads were stopped: 0.0000730 seconds, Stopping threads took: 0.0000087 seconds
2016-11-17T00:04:31.591+0100: 3500.989: Total time for which application threads were stopped: 0.0000688 seconds, Stopping threads took: 0.0000101 seconds
2016-11-17T00:04:31.591+0100: 3500.989: Total time for which application threads were stopped: 0.0000694 seconds, Stopping threads took: 0.0000125 seconds
2016-11-17T00:04:31.591+0100: 3500.989: Total time for which application threads were stopped: 0.0000509 seconds, Stopping threads took: 0.0000081 seconds
2016-11-17T00:04:31.591+0100: 3500.990: Total time for which application threads were stopped: 0.0000500 seconds, Stopping threads took: 0.0000078 seconds
2016-11-17T00:04:31.591+0100: 3500.990: Total time for which application threads were stopped: 0.0000492 seconds, Stopping threads took: 0.0000078 seconds
2016-11-17T00:04:31.591+0100: 3500.990: Total time for which application threads were stopped: 0.0000489 seconds, Stopping threads took: 0.0000076 seconds
2016-11-17T00:04:31.591+0100: 3500.990: Total time for which application threads were stopped: 0.0000487 seconds, Stopping threads took: 0.0000073 seconds
2016-11-17T00:04:31.591+0100: 3500.990: Total time for which application threads were stopped: 0.0000813 seconds, Stopping threads took: 0.0000078 seconds
2016-11-17T00:04:31.591+0100: 3500.990: Total time for which application threads were stopped: 0.0000523 seconds, Stopping threads took: 0.0000082 seconds
2016-11-17T00:04:31.591+0100: 3500.990: Total time for which application threads were stopped: 0.0000509 seconds, Stopping threads took: 0.0000077 seconds
2016-11-17T00:04:31.591+0100: 3500.990: Total time for which application threads were stopped: 0.0000674 seconds, Stopping threads took: 0.0000098 seconds
2016-11-17T00:04:31.592+0100: 3500.990: Total time for which application threads were stopped: 0.0001733 seconds, Stopping threads took: 0.0000087 seconds
2016-11-17T00:04:32.592+0100: 3501.991: Total time for which application threads were stopped: 0.0001371 seconds, Stopping threads took: 0.0000241 seconds
2016-11-17T00:04:36.592+0100: 3505.991: Total time for which application threads were stopped: 0.0001825 seconds, Stopping threads took: 0.0000296 seconds
{Heap before GC invocations=14 (full 1):
 par new generation   total 109248K, used 92882K [0x00000000e0000000, 0x00000000e8000000, 0x00000000e8000000)
  eden space 87424K, 100% used [0x00000000e0000000, 0x00000000e5560000, 0x00000000e5560000)
  from space 21824K,  25% used [0x00000000e5560000, 0x00000000e5ab4b40, 0x00000000e6ab0000)
  to   space 21824K,   0% used [0x00000000e6ab0000, 0x00000000e6ab0000, 0x00000000e8000000)
 concurrent mark-sweep generation total 393216K, used 8120K [0x00000000e8000000, 0x0000000100000000, 0x0000000100000000)
 Metaspace       used 32720K, capacity 33196K, committed 33484K, reserved 1079296K
  class space    used 3777K, capacity 3939K, committed 4044K, reserved 1048576K
2016-11-17T00:04:36.686+0100: 3506.085: [GC (Allocation Failure) 2016-11-17T00:04:36.686+0100: 3506.085: [ParNew
Desired survivor size 20112992 bytes, new threshold 8 (max 8)
- age   1:    3540088 bytes,    3540088 total
- age   2:      72896 bytes,    3612984 total
- age   3:     775144 bytes,    4388128 total
- age   4:       6120 bytes,    4394248 total
- age   5:     307272 bytes,    4701520 total
- age   6:      35488 bytes,    4737008 total
- age   7:       5776 bytes,    4742784 total
- age   8:     624144 bytes,    5366928 total
: 92882K->6115K(109248K), 0.0408025 secs] 101003K->14241K(502464K), 0.0409074 secs] [Times: user=0.11 sys=0.00, real=0.04 secs] 
Heap after GC invocations=15 (full 1):
 par new generation   total 109248K, used 6115K [0x00000000e0000000, 0x00000000e8000000, 0x00000000e8000000)
  eden space 87424K,   0% used [0x00000000e0000000, 0x00000000e0000000, 0x00000000e5560000)
  from space 21824K,  28% used [0x00000000e6ab0000, 0x00000000e70a8ff8, 0x00000000e8000000)
  to   space 21824K,   0% used [0x00000000e5560000, 0x00000000e5560000, 0x00000000e6ab0000)
 concurrent mark-sweep generation total 393216K, used 8125K [0x00000000e8000000, 0x0000000100000000, 0x0000000100000000)
 Metaspace       used 32720K, capacity 33196K, committed 33484K, reserved 1079296K
  class space    used 3777K, capacity 3939K, committed 4044K, reserved 1048576K
}
2016-11-17T00:04:36.727+0100: 3506.126: Total time for which application threads were stopped: 0.0412733 seconds, Stopping threads took: 0.0000412 seconds
2016-11-17T00:04:36.734+0100: 3506.133: Total time for which application threads were stopped: 0.0002217 seconds, Stopping threads took: 0.0000543 seconds
2016-11-17T00:04:36.735+0100: 3506.133: Total time for which application threads were stopped: 0.0001648 seconds, Stopping threads took: 0.0000356 seconds
{Heap before GC invocations=15 (full 1):
 par new generation   total 109248K, used 93539K [0x00000000e0000000, 0x00000000e8000000, 0x00000000e8000000)
  eden space 87424K, 100% used [0x00000000e0000000, 0x00000000e5560000, 0x00000000e5560000)
  from space 21824K,  28% used [0x00000000e6ab0000, 0x00000000e70a8ff8, 0x00000000e8000000)
  to   space 21824K,   0% used [0x00000000e5560000, 0x00000000e5560000, 0x00000000e6ab0000)
 concurrent mark-sweep generation total 393216K, used 8125K [0x00000000e8000000, 0x0000000100000000, 0x0000000100000000)
 Metaspace       used 32735K, capacity 33214K, committed 33484K, reserved 1079296K
  class space    used 3778K, capacity 3942K, committed 4044K, reserved 1048576K
2016-11-17T00:04:36.889+0100: 3506.288: [GC (Allocation Failure) 2016-11-17T00:04:36.889+0100: 3506.288: [ParNew
Desired survivor size 20112992 bytes, new threshold 8 (max 8)
- age   1:     842600 bytes,     842600 total
- age   2:     741976 bytes,    1584576 total
- age   3:       1520 bytes,    1586096 total
- age   4:     254168 bytes,    1840264 total
- age   5:       5720 bytes,    1845984 total
- age   6:     279488 bytes,    2125472 total
- age   7:      35488 bytes,    2160960 total
- age   8:       5776 bytes,    2166736 total
: 93539K->4401K(109248K), 0.0226979 secs] 101665K->13144K(502464K), 0.0228376 secs] [Times: user=0.08 sys=0.00, real=0.02 secs] 
Heap after GC invocations=16 (full 1):
 par new generation   total 109248K, used 4401K [0x00000000e0000000, 0x00000000e8000000, 0x00000000e8000000)
  eden space 87424K,   0% used [0x00000000e0000000, 0x00000000e0000000, 0x00000000e5560000)
  from space 21824K,  20% used [0x00000000e5560000, 0x00000000e59ac560, 0x00000000e6ab0000)
  to   space 21824K,   0% used [0x00000000e6ab0000, 0x00000000e6ab0000, 0x00000000e8000000)
 concurrent mark-sweep generation total 393216K, used 8743K [0x00000000e8000000, 0x0000000100000000, 0x0000000100000000)
 Metaspace       used 32735K, capacity 33214K, committed 33484K, reserved 1079296K
  class space    used 3778K, capacity 3942K, committed 4044K, reserved 1048576K
}
2016-11-17T00:04:36.912+0100: 3506.311: Total time for which application threads were stopped: 0.0233097 seconds, Stopping threads took: 0.0000505 seconds
2016-11-17T00:04:36.913+0100: 3506.311: Total time for which application threads were stopped: 0.0002461 seconds, Stopping threads took: 0.0000564 seconds
2016-11-17T00:04:37.072+0100: 3506.470: Total time for which application threads were stopped: 0.0007411 seconds, Stopping threads took: 0.0005740 seconds
2016-11-17T00:04:37.109+0100: 3506.508: Total time for which application threads were stopped: 0.0001788 seconds, Stopping threads took: 0.0000232 seconds
2016-11-17T00:04:37.117+0100: 3506.516: Total time for which application threads were stopped: 0.0001786 seconds, Stopping threads took: 0.0000562 seconds
2016-11-17T00:04:37.117+0100: 3506.516: Total time for which application threads were stopped: 0.0000963 seconds, Stopping threads took: 0.0000323 seconds
2016-11-17T00:04:38.117+0100: 3507.516: Total time for which application threads were stopped: 0.0001354 seconds, Stopping threads took: 0.0000251 seconds
2016-11-17T00:06:10.789+0100: 3600.187: Total time for which application threads were stopped: 0.0001984 seconds, Stopping threads took: 0.0000177 seconds
2016-11-17T00:06:10.789+0100: 3600.188: Total time for which application threads were stopped: 0.0001587 seconds, Stopping threads took: 0.0000547 seconds
2016-11-17T00:06:10.791+0100: 3600.190: Total time for which application threads were stopped: 0.0001059 seconds, Stopping threads took: 0.0000178 seconds
2016-11-17T00:06:10.791+0100: 3600.190: Total time for which application threads were stopped: 0.0000770 seconds, Stopping threads took: 0.0000297 seconds
2016-11-17T00:06:10.791+0100: 3600.190: Total time for which application threads were stopped: 0.0000929 seconds, Stopping threads took: 0.0000150 seconds
2016-11-17T00:06:10.791+0100: 3600.190: Total time for which application threads were stopped: 0.0000992 seconds, Stopping threads took: 0.0000329 seconds
2016-11-17T00:06:10.791+0100: 3600.190: Total time for which application threads were stopped: 0.0000820 seconds, Stopping threads took: 0.0000196 seconds
2016-11-17T00:06:10.792+0100: 3600.190: Total time for which application threads were stopped: 0.0000876 seconds, Stopping threads took: 0.0000216 seconds
2016-11-17T00:06:10.792+0100: 3600.190: Total time for which application threads were stopped: 0.0000814 seconds, Stopping threads took: 0.0000191 seconds
2016-11-17T00:06:10.792+0100: 3600.190: Total time for which application threads were stopped: 0.0000797 seconds, Stopping threads took: 0.0000207 seconds
2016-11-17T00:06:10.792+0100: 3600.191: Total time for which application threads were stopped: 0.0000839 seconds, Stopping threads took: 0.0000214 seconds
2016-11-17T00:06:10.794+0100: 3600.192: Total time for which application threads were stopped: 0.0001406 seconds, Stopping threads took: 0.0000434 seconds
2016-11-17T00:06:10.794+0100: 3600.192: Total time for which application threads were stopped: 0.0000792 seconds, Stopping threads took: 0.0000347 seconds
2016-11-17T00:06:10.794+0100: 3600.193: Total time for which application threads were stopped: 0.0001041 seconds, Stopping threads took: 0.0000431 seconds
2016-11-17T00:06:10.794+0100: 3600.193: Total time for which application threads were stopped: 0.0000518 seconds, Stopping threads took: 0.0000097 seconds
2016-11-17T00:06:10.794+0100: 3600.193: Total time for which application threads were stopped: 0.0000703 seconds, Stopping threads took: 0.0000205 seconds
2016-11-17T00:06:10.794+0100: 3600.193: Total time for which application threads were stopped: 0.0000657 seconds, Stopping threads took: 0.0000224 seconds
2016-11-17T00:06:10.794+0100: 3600.193: Total time for which application threads were stopped: 0.0000615 seconds, Stopping threads took: 0.0000187 seconds
2016-11-17T00:06:10.795+0100: 3600.193: Total time for which application threads were stopped: 0.0000603 seconds, Stopping threads took: 0.0000170 seconds
2016-11-17T00:06:10.795+0100: 3600.193: Total time for which application threads were stopped: 0.0000515 seconds, Stopping threads took: 0.0000093 seconds
2016-11-17T00:06:10.795+0100: 3600.193: Total time for which application threads were stopped: 0.0000510 seconds, Stopping threads took: 0.0000092 seconds
2016-11-17T00:06:10.795+0100: 3600.193: Total time for which application threads were stopped: 0.0000545 seconds, Stopping threads took: 0.0000109 seconds
2016-11-17T00:06:10.795+0100: 3600.194: Total time for which application threads were stopped: 0.0000509 seconds, Stopping threads took: 0.0000105 seconds
2016-11-17T00:06:10.795+0100: 3600.194: Total time for which application threads were stopped: 0.0000528 seconds, Stopping threads took: 0.0000095 seconds
2016-11-17T00:06:10.795+0100: 3600.194: Total time for which application threads were stopped: 0.0000558 seconds, Stopping threads took: 0.0000095 seconds
2016-11-17T00:06:10.795+0100: 3600.194: Total time for which application threads were stopped: 0.0000510 seconds, Stopping threads took: 0.0000096 seconds
2016-11-17T00:06:10.795+0100: 3600.194: Total time for which application threads were stopped: 0.0000512 seconds, Stopping threads took: 0.0000095 seconds
2016-11-17T00:06:10.795+0100: 3600.194: Total time for which application threads were stopped: 0.0000604 seconds, Stopping threads took: 0.0000106 seconds
2016-11-17T00:06:10.795+0100: 3600.194: Total time for which application threads were stopped: 0.0000567 seconds, Stopping threads took: 0.0000099 seconds
2016-11-17T00:06:10.795+0100: 3600.194: Total time for which application threads were stopped: 0.0001583 seconds, Stopping threads took: 0.0001039 seconds
2016-11-17T00:06:10.796+0100: 3600.194: Total time for which application threads were stopped: 0.0000644 seconds, Stopping threads took: 0.0000194 seconds
2016-11-17T00:06:10.796+0100: 3600.194: Total time for which application threads were stopped: 0.0000640 seconds, Stopping threads took: 0.0000189 seconds
2016-11-17T00:06:10.796+0100: 3600.195: Total time for which application threads were stopped: 0.0001516 seconds, Stopping threads took: 0.0000178 seconds
2016-11-17T00:06:11.796+0100: 3601.195: Total time for which application threads were stopped: 0.0001308 seconds, Stopping threads took: 0.0000244 seconds
2016-11-17T00:06:28.798+0100: 3618.197: Total time for which application threads were stopped: 0.0001554 seconds, Stopping threads took: 0.0000227 seconds
{Heap before GC invocations=16 (full 1):
 par new generation   total 109248K, used 91825K [0x00000000e0000000, 0x00000000e8000000, 0x00000000e8000000)
  eden space 87424K, 100% used [0x00000000e0000000, 0x00000000e5560000, 0x00000000e5560000)
  from space 21824K,  20% used [0x00000000e5560000, 0x00000000e59ac560, 0x00000000e6ab0000)
  to   space 21824K,   0% used [0x00000000e6ab0000, 0x00000000e6ab0000, 0x00000000e8000000)
 concurrent mark-sweep generation total 393216K, used 8743K [0x00000000e8000000, 0x0000000100000000, 0x0000000100000000)
 Metaspace       used 32792K, capacity 33370K, committed 33740K, reserved 1079296K
  class space    used 3782K, capacity 3946K, committed 4044K, reserved 1048576K
2016-11-17T00:07:04.413+0100: 3653.812: [GC (Allocation Failure) 2016-11-17T00:07:04.413+0100: 3653.812: [ParNew
Desired survivor size 20112992 bytes, new threshold 8 (max 8)
- age   1:    3427784 bytes,    3427784 total
- age   2:     130928 bytes,    3558712 total
- age   3:     673416 bytes,    4232128 total
- age   4:       1520 bytes,    4233648 total
- age   5:     253472 bytes,    4487120 total
- age   6:       5720 bytes,    4492840 total
- age   7:     278736 bytes,    4771576 total
- age   8:      35384 bytes,    4806960 total
: 91825K->5121K(109248K), 0.0131123 secs] 100568K->13870K(502464K), 0.0132303 secs] [Times: user=0.04 sys=0.00, real=0.02 secs] 
Heap after GC invocations=17 (full 1):
 par new generation   total 109248K, used 5121K [0x00000000e0000000, 0x00000000e8000000, 0x00000000e8000000)
  eden space 87424K,   0% used [0x00000000e0000000, 0x00000000e0000000, 0x00000000e5560000)
  from space 21824K,  23% used [0x00000000e6ab0000, 0x00000000e6fb05e0, 0x00000000e8000000)
  to   space 21824K,   0% used [0x00000000e5560000, 0x00000000e5560000, 0x00000000e6ab0000)
 concurrent mark-sweep generation total 393216K, used 8749K [0x00000000e8000000, 0x0000000100000000, 0x0000000100000000)
 Metaspace       used 32792K, capacity 33370K, committed 33740K, reserved 1079296K
  class space    used 3782K, capacity 3946K, committed 4044K, reserved 1048576K
}
2016-11-17T00:07:04.427+0100: 3653.825: Total time for which application threads were stopped: 0.0135247 seconds, Stopping threads took: 0.0000294 seconds
2016-11-17T00:07:04.427+0100: 3653.826: Total time for which application threads were stopped: 0.0001900 seconds, Stopping threads took: 0.0000360 seconds
2016-11-17T00:07:04.427+0100: 3653.826: Total time for which application threads were stopped: 0.0000817 seconds, Stopping threads took: 0.0000112 seconds
{Heap before GC invocations=17 (full 1):
 par new generation   total 109248K, used 92538K [0x00000000e0000000, 0x00000000e8000000, 0x00000000e8000000)
  eden space 87424K,  99% used [0x00000000e0000000, 0x00000000e555e548, 0x00000000e5560000)
  from space 21824K,  23% used [0x00000000e6ab0000, 0x00000000e6fb05e0, 0x00000000e8000000)
  to   space 21824K,   0% used [0x00000000e5560000, 0x00000000e5560000, 0x00000000e6ab0000)
 concurrent mark-sweep generation total 393216K, used 8749K [0x00000000e8000000, 0x0000000100000000, 0x0000000100000000)
 Metaspace       used 32799K, capacity 33370K, committed 33740K, reserved 1079296K
  class space    used 3782K, capacity 3946K, committed 4044K, reserved 1048576K
2016-11-17T00:07:04.554+0100: 3653.952: [GC (Allocation Failure) 2016-11-17T00:07:04.554+0100: 3653.952: [ParNew
Desired survivor size 20112992 bytes, new threshold 8 (max 8)
- age   1:     924936 bytes,     924936 total
- age   2:     706144 bytes,    1631080 total
- age   3:       7584 bytes,    1638664 total
- age   4:     224456 bytes,    1863120 total
- age   5:       1520 bytes,    1864640 total
- age   6:     228640 bytes,    2093280 total
- age   7:       5720 bytes,    2099000 total
- age   8:     278624 bytes,    2377624 total
: 92538K->4628K(109248K), 0.0267768 secs] 101288K->13413K(502464K), 0.0268931 secs] [Times: user=0.04 sys=0.00, real=0.03 secs] 
Heap after GC invocations=18 (full 1):
 par new generation   total 109248K, used 4628K [0x00000000e0000000, 0x00000000e8000000, 0x00000000e8000000)
  eden space 87424K,   0% used [0x00000000e0000000, 0x00000000e0000000, 0x00000000e5560000)
  from space 21824K,  21% used [0x00000000e5560000, 0x00000000e59e52d8, 0x00000000e6ab0000)
  to   space 21824K,   0% used [0x00000000e6ab0000, 0x00000000e6ab0000, 0x00000000e8000000)
 concurrent mark-sweep generation total 393216K, used 8784K [0x00000000e8000000, 0x0000000100000000, 0x0000000100000000)
 Metaspace       used 32799K, capacity 33370K, committed 33740K, reserved 1079296K
  class space    used 3782K, capacity 3946K, committed 4044K, reserved 1048576K
}
2016-11-17T00:07:04.581+0100: 3653.979: Total time for which application threads were stopped: 0.0272129 seconds, Stopping threads took: 0.0000321 seconds
2016-11-17T00:07:04.581+0100: 3653.980: Total time for which application threads were stopped: 0.0002256 seconds, Stopping threads took: 0.0000441 seconds
{Heap before GC invocations=18 (full 1):
 par new generation   total 109248K, used 92052K [0x00000000e0000000, 0x00000000e8000000, 0x00000000e8000000)
  eden space 87424K, 100% used [0x00000000e0000000, 0x00000000e5560000, 0x00000000e5560000)
  from space 21824K,  21% used [0x00000000e5560000, 0x00000000e59e52d8, 0x00000000e6ab0000)
  to   space 21824K,   0% used [0x00000000e6ab0000, 0x00000000e6ab0000, 0x00000000e8000000)
 concurrent mark-sweep generation total 393216K, used 8784K [0x00000000e8000000, 0x0000000100000000, 0x0000000100000000)
 Metaspace       used 32815K, capacity 33370K, committed 33740K, reserved 1079296K
  class space    used 3782K, capacity 3946K, committed 4044K, reserved 1048576K
2016-11-17T00:07:04.791+0100: 3654.189: [GC (Allocation Failure) 2016-11-17T00:07:04.791+0100: 3654.189: [ParNew
Desired survivor size 20112992 bytes, new threshold 8 (max 8)
- age   1:     555696 bytes,     555696 total
- age   2:     133080 bytes,     688776 total
- age   3:     696304 bytes,    1385080 total
- age   4:       7584 bytes,    1392664 total
- age   5:     224456 bytes,    1617120 total
- age   6:       1520 bytes,    1618640 total
- age   7:     228640 bytes,    1847280 total
- age   8:       5720 bytes,    1853000 total
: 92052K->2381K(109248K), 0.0210730 secs] 100837K->11443K(502464K), 0.0211908 secs] [Times: user=0.05 sys=0.00, real=0.02 secs] 
Heap after GC invocations=19 (full 1):
 par new generation   total 109248K, used 2381K [0x00000000e0000000, 0x00000000e8000000, 0x00000000e8000000)
  eden space 87424K,   0% used [0x00000000e0000000, 0x00000000e0000000, 0x00000000e5560000)
  from space 21824K,  10% used [0x00000000e6ab0000, 0x00000000e6d03770, 0x00000000e8000000)
  to   space 21824K,   0% used [0x00000000e5560000, 0x00000000e5560000, 0x00000000e6ab0000)
 concurrent mark-sweep generation total 393216K, used 9061K [0x00000000e8000000, 0x0000000100000000, 0x0000000100000000)
 Metaspace       used 32815K, capacity 33370K, committed 33740K, reserved 1079296K
  class space    used 3782K, capacity 3946K, committed 4044K, reserved 1048576K
}
2016-11-17T00:07:04.812+0100: 3654.211: Total time for which application threads were stopped: 0.0215051 seconds, Stopping threads took: 0.0000337 seconds
2016-11-17T00:07:04.844+0100: 3654.243: Total time for which application threads were stopped: 0.0002423 seconds, Stopping threads took: 0.0000533 seconds
2016-11-17T00:07:04.879+0100: 3654.277: Total time for which application threads were stopped: 0.0002013 seconds, Stopping threads took: 0.0000469 seconds
2016-11-17T00:07:04.887+0100: 3654.286: Total time for which application threads were stopped: 0.0001872 seconds, Stopping threads took: 0.0000456 seconds
2016-11-17T00:07:04.887+0100: 3654.286: Total time for which application threads were stopped: 0.0001031 seconds, Stopping threads took: 0.0000222 seconds
2016-11-17T00:07:05.888+0100: 3655.286: Total time for which application threads were stopped: 0.0001955 seconds, Stopping threads took: 0.0000459 seconds
2016-11-17T00:07:07.831+0100: 3657.230: Total time for which application threads were stopped: 0.0001616 seconds, Stopping threads took: 0.0000274 seconds
2016-11-17T00:07:07.832+0100: 3657.230: Total time for which application threads were stopped: 0.0000805 seconds, Stopping threads took: 0.0000317 seconds
2016-11-17T00:07:08.832+0100: 3658.231: Total time for which application threads were stopped: 0.0001371 seconds, Stopping threads took: 0.0000280 seconds
2016-11-17T00:19:11.915+0100: 4381.314: Total time for which application threads were stopped: 0.0002574 seconds, Stopping threads took: 0.0000359 seconds
2016-11-17T00:25:18.053+0100: 4747.452: Total time for which application threads were stopped: 0.0001912 seconds, Stopping threads took: 0.0000273 seconds
2016-11-17T00:25:18.053+0100: 4747.452: Total time for which application threads were stopped: 0.0000967 seconds, Stopping threads took: 0.0000401 seconds
2016-11-17T00:25:18.054+0100: 4747.452: Total time for which application threads were stopped: 0.0000708 seconds, Stopping threads took: 0.0000182 seconds
2016-11-17T00:25:18.054+0100: 4747.452: Total time for which application threads were stopped: 0.0000695 seconds, Stopping threads took: 0.0000122 seconds
2016-11-17T00:25:18.054+0100: 4747.453: Total time for which application threads were stopped: 0.0000755 seconds, Stopping threads took: 0.0000143 seconds
2016-11-17T00:25:18.054+0100: 4747.453: Total time for which application threads were stopped: 0.0000621 seconds, Stopping threads took: 0.0000073 seconds
2016-11-17T00:25:18.054+0100: 4747.453: Total time for which application threads were stopped: 0.0000555 seconds, Stopping threads took: 0.0000093 seconds
2016-11-17T00:25:18.055+0100: 4747.453: Total time for which application threads were stopped: 0.0000559 seconds, Stopping threads took: 0.0000086 seconds
2016-11-17T00:25:18.055+0100: 4747.453: Total time for which application threads were stopped: 0.0000552 seconds, Stopping threads took: 0.0000088 seconds
2016-11-17T00:25:18.055+0100: 4747.454: Total time for which application threads were stopped: 0.0000556 seconds, Stopping threads took: 0.0000086 seconds
2016-11-17T00:25:18.055+0100: 4747.454: Total time for which application threads were stopped: 0.0000539 seconds, Stopping threads took: 0.0000085 seconds
2016-11-17T00:25:18.055+0100: 4747.454: Total time for which application threads were stopped: 0.0000676 seconds, Stopping threads took: 0.0000062 seconds
2016-11-17T00:25:18.056+0100: 4747.454: Total time for which application threads were stopped: 0.0000806 seconds, Stopping threads took: 0.0000083 seconds
2016-11-17T00:25:18.056+0100: 4747.455: Total time for which application threads were stopped: 0.0000919 seconds, Stopping threads took: 0.0000108 seconds
2016-11-17T00:25:18.057+0100: 4747.456: Total time for which application threads were stopped: 0.0000891 seconds, Stopping threads took: 0.0000112 seconds
2016-11-17T00:25:18.082+0100: 4747.481: Total time for which application threads were stopped: 0.0001405 seconds, Stopping threads took: 0.0000236 seconds
2016-11-17T00:25:18.095+0100: 4747.494: Total time for which application threads were stopped: 0.0002407 seconds, Stopping threads took: 0.0000918 seconds
{Heap before GC invocations=19 (full 1):
 par new generation   total 109248K, used 89803K [0x00000000e0000000, 0x00000000e8000000, 0x00000000e8000000)
  eden space 87424K,  99% used [0x00000000e0000000, 0x00000000e555f6c0, 0x00000000e5560000)
  from space 21824K,  10% used [0x00000000e6ab0000, 0x00000000e6d03770, 0x00000000e8000000)
  to   space 21824K,   0% used [0x00000000e5560000, 0x00000000e5560000, 0x00000000e6ab0000)
 concurrent mark-sweep generation total 393216K, used 9061K [0x00000000e8000000, 0x0000000100000000, 0x0000000100000000)
 Metaspace       used 32850K, capacity 33386K, committed 33740K, reserved 1079296K
  class space    used 3783K, capacity 3948K, committed 4044K, reserved 1048576K
2016-11-17T00:25:18.122+0100: 4747.521: [GC (Allocation Failure) 2016-11-17T00:25:18.122+0100: 4747.521: [ParNew
Desired survivor size 20112992 bytes, new threshold 8 (max 8)
- age   1:    4065344 bytes,    4065344 total
- age   2:     333304 bytes,    4398648 total
- age   3:     131488 bytes,    4530136 total
- age   4:     664160 bytes,    5194296 total
- age   5:       7584 bytes,    5201880 total
- age   6:     223928 bytes,    5425808 total
- age   7:       1520 bytes,    5427328 total
- age   8:     228416 bytes,    5655744 total
: 89803K->5892K(109248K), 0.0093962 secs] 98865K->14960K(502464K), 0.0095268 secs] [Times: user=0.04 sys=0.00, real=0.01 secs] 
Heap after GC invocations=20 (full 1):
 par new generation   total 109248K, used 5892K [0x00000000e0000000, 0x00000000e8000000, 0x00000000e8000000)
  eden space 87424K,   0% used [0x00000000e0000000, 0x00000000e0000000, 0x00000000e5560000)
  from space 21824K,  27% used [0x00000000e5560000, 0x00000000e5b21378, 0x00000000e6ab0000)
  to   space 21824K,   0% used [0x00000000e6ab0000, 0x00000000e6ab0000, 0x00000000e8000000)
 concurrent mark-sweep generation total 393216K, used 9067K [0x00000000e8000000, 0x0000000100000000, 0x0000000100000000)
 Metaspace       used 32850K, capacity 33386K, committed 33740K, reserved 1079296K
  class space    used 3783K, capacity 3948K, committed 4044K, reserved 1048576K
}
2016-11-17T00:25:18.132+0100: 4747.530: Total time for which application threads were stopped: 0.0098770 seconds, Stopping threads took: 0.0000491 seconds
2016-11-17T00:25:18.132+0100: 4747.531: Total time for which application threads were stopped: 0.0001758 seconds, Stopping threads took: 0.0000473 seconds
2016-11-17T00:25:18.132+0100: 4747.531: Total time for which application threads were stopped: 0.0001513 seconds, Stopping threads took: 0.0000241 seconds
{Heap before GC invocations=20 (full 1):
 par new generation   total 109248K, used 93316K [0x00000000e0000000, 0x00000000e8000000, 0x00000000e8000000)
  eden space 87424K, 100% used [0x00000000e0000000, 0x00000000e5560000, 0x00000000e5560000)
  from space 21824K,  27% used [0x00000000e5560000, 0x00000000e5b21378, 0x00000000e6ab0000)
  to   space 21824K,   0% used [0x00000000e6ab0000, 0x00000000e6ab0000, 0x00000000e8000000)
 concurrent mark-sweep generation total 393216K, used 9067K [0x00000000e8000000, 0x0000000100000000, 0x0000000100000000)
 Metaspace       used 32856K, capacity 33392K, committed 33740K, reserved 1079296K
  class space    used 3784K, capacity 3949K, committed 4044K, reserved 1048576K
2016-11-17T00:25:18.228+0100: 4747.626: [GC (Allocation Failure) 2016-11-17T00:25:18.228+0100: 4747.626: [ParNew
Desired survivor size 20112992 bytes, new threshold 8 (max 8)
- age   1:     150688 bytes,     150688 total
- age   2:    3660016 bytes,    3810704 total
- age   3:     333304 bytes,    4144008 total
- age   4:     131488 bytes,    4275496 total
- age   5:     637360 bytes,    4912856 total
- age   6:       7344 bytes,    4920200 total
- age   7:     199016 bytes,    5119216 total
- age   8:       1520 bytes,    5120736 total
: 93316K->6270K(109248K), 0.0075077 secs] 102384K->15563K(502464K), 0.0076077 secs] [Times: user=0.04 sys=0.00, real=0.01 secs] 
Heap after GC invocations=21 (full 1):
 par new generation   total 109248K, used 6270K [0x00000000e0000000, 0x00000000e8000000, 0x00000000e8000000)
  eden space 87424K,   0% used [0x00000000e0000000, 0x00000000e0000000, 0x00000000e5560000)
  from space 21824K,  28% used [0x00000000e6ab0000, 0x00000000e70cfa10, 0x00000000e8000000)
  to   space 21824K,   0% used [0x00000000e5560000, 0x00000000e5560000, 0x00000000e6ab0000)
 concurrent mark-sweep generation total 393216K, used 9293K [0x00000000e8000000, 0x0000000100000000, 0x0000000100000000)
 Metaspace       used 32856K, capacity 33392K, committed 33740K, reserved 1079296K
  class space    used 3784K, capacity 3949K, committed 4044K, reserved 1048576K
}
2016-11-17T00:25:18.235+0100: 4747.634: Total time for which application threads were stopped: 0.0078657 seconds, Stopping threads took: 0.0000281 seconds
2016-11-17T00:25:18.236+0100: 4747.634: Total time for which application threads were stopped: 0.0001840 seconds, Stopping threads took: 0.0000391 seconds
2016-11-17T00:25:18.257+0100: 4747.656: Total time for which application threads were stopped: 0.0002662 seconds, Stopping threads took: 0.0000257 seconds
2016-11-17T00:25:18.304+0100: 4747.703: Total time for which application threads were stopped: 0.0002526 seconds, Stopping threads took: 0.0000551 seconds
2016-11-17T00:25:18.337+0100: 4747.735: Total time for which application threads were stopped: 0.0003075 seconds, Stopping threads took: 0.0001191 seconds
2016-11-17T00:25:18.345+0100: 4747.744: Total time for which application threads were stopped: 0.0002880 seconds, Stopping threads took: 0.0001186 seconds
2016-11-17T00:25:18.345+0100: 4747.744: Total time for which application threads were stopped: 0.0001427 seconds, Stopping threads took: 0.0000180 seconds
2016-11-17T00:25:18.345+0100: 4747.744: Total time for which application threads were stopped: 0.0001619 seconds, Stopping threads took: 0.0000673 seconds
2016-11-17T00:26:54.279+0100: 4843.677: Total time for which application threads were stopped: 0.0001661 seconds, Stopping threads took: 0.0000233 seconds
2016-11-17T00:26:54.279+0100: 4843.678: Total time for which application threads were stopped: 0.0001077 seconds, Stopping threads took: 0.0000138 seconds
2016-11-17T00:26:54.280+0100: 4843.678: Total time for which application threads were stopped: 0.0000934 seconds, Stopping threads took: 0.0000221 seconds
2016-11-17T00:26:54.280+0100: 4843.678: Total time for which application threads were stopped: 0.0000771 seconds, Stopping threads took: 0.0000106 seconds
2016-11-17T00:26:54.280+0100: 4843.679: Total time for which application threads were stopped: 0.0000747 seconds, Stopping threads took: 0.0000101 seconds
2016-11-17T00:26:54.280+0100: 4843.679: Total time for which application threads were stopped: 0.0000717 seconds, Stopping threads took: 0.0000101 seconds
2016-11-17T00:26:54.280+0100: 4843.679: Total time for which application threads were stopped: 0.0000726 seconds, Stopping threads took: 0.0000097 seconds
2016-11-17T00:26:54.280+0100: 4843.679: Total time for which application threads were stopped: 0.0001181 seconds, Stopping threads took: 0.0000472 seconds
2016-11-17T00:26:54.280+0100: 4843.679: Total time for which application threads were stopped: 0.0000715 seconds, Stopping threads took: 0.0000095 seconds
2016-11-17T00:26:54.280+0100: 4843.679: Total time for which application threads were stopped: 0.0000741 seconds, Stopping threads took: 0.0000100 seconds
2016-11-17T00:26:54.282+0100: 4843.681: Total time for which application threads were stopped: 0.0001511 seconds, Stopping threads took: 0.0000250 seconds
2016-11-17T00:26:54.283+0100: 4843.681: Total time for which application threads were stopped: 0.0000707 seconds, Stopping threads took: 0.0000073 seconds
2016-11-17T00:26:54.283+0100: 4843.682: Total time for which application threads were stopped: 0.0000812 seconds, Stopping threads took: 0.0000100 seconds
2016-11-17T00:26:54.283+0100: 4843.682: Total time for which application threads were stopped: 0.0000655 seconds, Stopping threads took: 0.0000066 seconds
2016-11-17T00:26:54.283+0100: 4843.682: Total time for which application threads were stopped: 0.0001024 seconds, Stopping threads took: 0.0000074 seconds
2016-11-17T00:26:54.283+0100: 4843.682: Total time for which application threads were stopped: 0.0000680 seconds, Stopping threads took: 0.0000074 seconds
2016-11-17T00:26:54.283+0100: 4843.682: Total time for which application threads were stopped: 0.0000681 seconds, Stopping threads took: 0.0000089 seconds
2016-11-17T00:26:54.283+0100: 4843.682: Total time for which application threads were stopped: 0.0000668 seconds, Stopping threads took: 0.0000081 seconds
2016-11-17T00:26:54.284+0100: 4843.682: Total time for which application threads were stopped: 0.0000666 seconds, Stopping threads took: 0.0000069 seconds
2016-11-17T00:26:54.284+0100: 4843.682: Total time for which application threads were stopped: 0.0000742 seconds, Stopping threads took: 0.0000086 seconds
2016-11-17T00:26:54.284+0100: 4843.682: Total time for which application threads were stopped: 0.0000745 seconds, Stopping threads took: 0.0000099 seconds
2016-11-17T00:26:54.284+0100: 4843.683: Total time for which application threads were stopped: 0.0000687 seconds, Stopping threads took: 0.0000083 seconds
2016-11-17T00:26:54.284+0100: 4843.683: Total time for which application threads were stopped: 0.0000678 seconds, Stopping threads took: 0.0000080 seconds
2016-11-17T00:26:54.284+0100: 4843.683: Total time for which application threads were stopped: 0.0000660 seconds, Stopping threads took: 0.0000079 seconds
2016-11-17T00:26:54.284+0100: 4843.683: Total time for which application threads were stopped: 0.0000671 seconds, Stopping threads took: 0.0000080 seconds
2016-11-17T00:26:54.284+0100: 4843.683: Total time for which application threads were stopped: 0.0000675 seconds, Stopping threads took: 0.0000087 seconds
2016-11-17T00:26:54.284+0100: 4843.683: Total time for which application threads were stopped: 0.0000658 seconds, Stopping threads took: 0.0000080 seconds
2016-11-17T00:26:54.284+0100: 4843.683: Total time for which application threads were stopped: 0.0000575 seconds, Stopping threads took: 0.0000080 seconds
2016-11-17T00:26:54.284+0100: 4843.683: Total time for which application threads were stopped: 0.0000664 seconds, Stopping threads took: 0.0000081 seconds
2016-11-17T00:26:54.285+0100: 4843.683: Total time for which application threads were stopped: 0.0000661 seconds, Stopping threads took: 0.0000076 seconds
2016-11-17T00:26:54.285+0100: 4843.683: Total time for which application threads were stopped: 0.0000668 seconds, Stopping threads took: 0.0000083 seconds
2016-11-17T00:26:54.285+0100: 4843.684: Total time for which application threads were stopped: 0.0001501 seconds, Stopping threads took: 0.0000125 seconds
2016-11-17T00:27:04.286+0100: 4853.684: Total time for which application threads were stopped: 0.0001439 seconds, Stopping threads took: 0.0000275 seconds
{Heap before GC invocations=21 (full 1):
 par new generation   total 109248K, used 93694K [0x00000000e0000000, 0x00000000e8000000, 0x00000000e8000000)
  eden space 87424K, 100% used [0x00000000e0000000, 0x00000000e5560000, 0x00000000e5560000)
  from space 21824K,  28% used [0x00000000e6ab0000, 0x00000000e70cfa10, 0x00000000e8000000)
  to   space 21824K,   0% used [0x00000000e5560000, 0x00000000e5560000, 0x00000000e6ab0000)
 concurrent mark-sweep generation total 393216K, used 9293K [0x00000000e8000000, 0x0000000100000000, 0x0000000100000000)
 Metaspace       used 32927K, capacity 33532K, committed 33740K, reserved 1079296K
  class space    used 3785K, capacity 3951K, committed 4044K, reserved 1048576K
2016-11-17T00:27:50.664+0100: 4900.063: [GC (Allocation Failure) 2016-11-17T00:27:50.665+0100: 4900.063: [ParNew
Desired survivor size 20112992 bytes, new threshold 8 (max 8)
- age   1:    4255088 bytes,    4255088 total
- age   2:      82472 bytes,    4337560 total
- age   3:    2899352 bytes,    7236912 total
- age   4:     333240 bytes,    7570152 total
- age   5:     131512 bytes,    7701664 total
- age   6:     636792 bytes,    8338456 total
- age   7:       7344 bytes,    8345800 total
- age   8:     199016 bytes,    8544816 total
: 93694K->9591K(109248K), 0.0299150 secs] 102987K->18886K(502464K), 0.0300457 secs] [Times: user=0.07 sys=0.00, real=0.03 secs] 
Heap after GC invocations=22 (full 1):
 par new generation   total 109248K, used 9591K [0x00000000e0000000, 0x00000000e8000000, 0x00000000e8000000)
  eden space 87424K,   0% used [0x00000000e0000000, 0x00000000e0000000, 0x00000000e5560000)
  from space 21824K,  43% used [0x00000000e5560000, 0x00000000e5ebdd40, 0x00000000e6ab0000)
  to   space 21824K,   0% used [0x00000000e6ab0000, 0x00000000e6ab0000, 0x00000000e8000000)
 concurrent mark-sweep generation total 393216K, used 9294K [0x00000000e8000000, 0x0000000100000000, 0x0000000100000000)
 Metaspace       used 32927K, capacity 33532K, committed 33740K, reserved 1079296K
  class space    used 3785K, capacity 3951K, committed 4044K, reserved 1048576K
}
2016-11-17T00:27:50.695+0100: 4900.093: Total time for which application threads were stopped: 0.0303566 seconds, Stopping threads took: 0.0000302 seconds
2016-11-17T00:27:50.695+0100: 4900.094: Total time for which application threads were stopped: 0.0001701 seconds, Stopping threads took: 0.0000344 seconds
2016-11-17T00:27:50.695+0100: 4900.094: Total time for which application threads were stopped: 0.0001470 seconds, Stopping threads took: 0.0000129 seconds
{Heap before GC invocations=22 (full 1):
 par new generation   total 109248K, used 97015K [0x00000000e0000000, 0x00000000e8000000, 0x00000000e8000000)
  eden space 87424K, 100% used [0x00000000e0000000, 0x00000000e5560000, 0x00000000e5560000)
  from space 21824K,  43% used [0x00000000e5560000, 0x00000000e5ebdd40, 0x00000000e6ab0000)
  to   space 21824K,   0% used [0x00000000e6ab0000, 0x00000000e6ab0000, 0x00000000e8000000)
 concurrent mark-sweep generation total 393216K, used 9294K [0x00000000e8000000, 0x0000000100000000, 0x0000000100000000)
 Metaspace       used 32929K, capacity 33532K, committed 33740K, reserved 1079296K
  class space    used 3785K, capacity 3951K, committed 4044K, reserved 1048576K
2016-11-17T00:27:50.781+0100: 4900.179: [GC (Allocation Failure) 2016-11-17T00:27:50.781+0100: 4900.179: [ParNew
Desired survivor size 20112992 bytes, new threshold 8 (max 8)
- age   1:     252232 bytes,     252232 total
- age   2:    1531264 bytes,    1783496 total
- age   3:       1840 bytes,    1785336 total
- age   4:    2362184 bytes,    4147520 total
- age   5:     333240 bytes,    4480760 total
- age   6:     131488 bytes,    4612248 total
- age   7:     636792 bytes,    5249040 total
- age   8:       7344 bytes,    5256384 total
: 97015K->7457K(109248K), 0.0081379 secs] 106310K->16948K(502464K), 0.0082682 secs] [Times: user=0.02 sys=0.00, real=0.01 secs] 
Heap after GC invocations=23 (full 1):
 par new generation   total 109248K, used 7457K [0x00000000e0000000, 0x00000000e8000000, 0x00000000e8000000)
  eden space 87424K,   0% used [0x00000000e0000000, 0x00000000e0000000, 0x00000000e5560000)
  from space 21824K,  34% used [0x00000000e6ab0000, 0x00000000e71f8540, 0x00000000e8000000)
  to   space 21824K,   0% used [0x00000000e5560000, 0x00000000e5560000, 0x00000000e6ab0000)
 concurrent mark-sweep generation total 393216K, used 9491K [0x00000000e8000000, 0x0000000100000000, 0x0000000100000000)
 Metaspace       used 32929K, capacity 33532K, committed 33740K, reserved 1079296K
  class space    used 3785K, capacity 3951K, committed 4044K, reserved 1048576K
}
2016-11-17T00:27:50.789+0100: 4900.188: Total time for which application threads were stopped: 0.0085256 seconds, Stopping threads took: 0.0000234 seconds
2016-11-17T00:27:50.789+0100: 4900.188: Total time for which application threads were stopped: 0.0001980 seconds, Stopping threads took: 0.0000408 seconds
2016-11-17T00:27:50.868+0100: 4900.267: Total time for which application threads were stopped: 0.0002252 seconds, Stopping threads took: 0.0000582 seconds
2016-11-17T00:27:50.898+0100: 4900.297: Total time for which application threads were stopped: 0.0001478 seconds, Stopping threads took: 0.0000218 seconds
2016-11-17T00:27:50.908+0100: 4900.307: Total time for which application threads were stopped: 0.0001774 seconds, Stopping threads took: 0.0000459 seconds
2016-11-17T00:27:50.908+0100: 4900.307: Total time for which application threads were stopped: 0.0001010 seconds, Stopping threads took: 0.0000337 seconds
2016-11-17T00:27:50.909+0100: 4900.307: Total time for which application threads were stopped: 0.0000836 seconds, Stopping threads took: 0.0000214 seconds
2016-11-17T00:27:51.909+0100: 4901.308: Total time for which application threads were stopped: 0.0001339 seconds, Stopping threads took: 0.0000238 seconds
2016-11-17T00:28:11.911+0100: 4921.310: Total time for which application threads were stopped: 0.0001249 seconds, Stopping threads took: 0.0000229 seconds
2016-11-17T00:28:14.912+0100: 4924.311: Total time for which application threads were stopped: 0.0002266 seconds, Stopping threads took: 0.0000395 seconds
2016-11-17T00:29:04.918+0100: 4974.317: Total time for which application threads were stopped: 0.0002605 seconds, Stopping threads took: 0.0000351 seconds
2016-11-17T00:30:29.928+0100: 5059.327: Total time for which application threads were stopped: 0.0001781 seconds, Stopping threads took: 0.0000255 seconds
2016-11-17T00:31:49.938+0100: 5139.337: Total time for which application threads were stopped: 0.0001663 seconds, Stopping threads took: 0.0000305 seconds
2016-11-17T00:35:11.968+0100: 5341.366: Total time for which application threads were stopped: 0.0001211 seconds, Stopping threads took: 0.0000232 seconds
2016-11-17T00:36:23.871+0100: 5413.270: Total time for which application threads were stopped: 0.0001969 seconds, Stopping threads took: 0.0000448 seconds
2016-11-17T00:36:23.871+0100: 5413.270: Total time for which application threads were stopped: 0.0000886 seconds, Stopping threads took: 0.0000142 seconds
2016-11-17T00:36:23.871+0100: 5413.270: Total time for which application threads were stopped: 0.0001103 seconds, Stopping threads took: 0.0000280 seconds
2016-11-17T00:36:23.871+0100: 5413.270: Total time for which application threads were stopped: 0.0000891 seconds, Stopping threads took: 0.0000138 seconds
2016-11-17T00:36:23.872+0100: 5413.270: Total time for which application threads were stopped: 0.0000746 seconds, Stopping threads took: 0.0000226 seconds
2016-11-17T00:36:23.872+0100: 5413.270: Total time for which application threads were stopped: 0.0000657 seconds, Stopping threads took: 0.0000154 seconds
2016-11-17T00:36:23.872+0100: 5413.271: Total time for which application threads were stopped: 0.0000669 seconds, Stopping threads took: 0.0000206 seconds
2016-11-17T00:36:23.872+0100: 5413.271: Total time for which application threads were stopped: 0.0000754 seconds, Stopping threads took: 0.0000197 seconds
2016-11-17T00:36:23.874+0100: 5413.273: Total time for which application threads were stopped: 0.0001050 seconds, Stopping threads took: 0.0000197 seconds
2016-11-17T00:36:23.874+0100: 5413.273: Total time for which application threads were stopped: 0.0000836 seconds, Stopping threads took: 0.0000358 seconds
{Heap before GC invocations=23 (full 1):
 par new generation   total 109248K, used 94881K [0x00000000e0000000, 0x00000000e8000000, 0x00000000e8000000)
  eden space 87424K, 100% used [0x00000000e0000000, 0x00000000e5560000, 0x00000000e5560000)
  from space 21824K,  34% used [0x00000000e6ab0000, 0x00000000e71f8540, 0x00000000e8000000)
  to   space 21824K,   0% used [0x00000000e5560000, 0x00000000e5560000, 0x00000000e6ab0000)
 concurrent mark-sweep generation total 393216K, used 9491K [0x00000000e8000000, 0x0000000100000000, 0x0000000100000000)
 Metaspace       used 32980K, capacity 33538K, committed 33740K, reserved 1079296K
  class space    used 3785K, capacity 3952K, committed 4044K, reserved 1048576K
2016-11-17T00:38:21.729+0100: 5531.128: [GC (Allocation Failure) 2016-11-17T00:38:21.729+0100: 5531.128: [ParNew
Desired survivor size 20112992 bytes, new threshold 8 (max 8)
- age   1:    4361344 bytes,    4361344 total
- age   2:      80640 bytes,    4441984 total
- age   3:     796200 bytes,    5238184 total
- age   4:       1840 bytes,    5240024 total
- age   5:    2348456 bytes,    7588480 total
- age   6:     333208 bytes,    7921688 total
- age   7:     131488 bytes,    8053176 total
- age   8:     636072 bytes,    8689248 total
: 94881K->9473K(109248K), 0.0130788 secs] 104372K->18972K(502464K), 0.0131989 secs] [Times: user=0.06 sys=0.00, real=0.01 secs] 
Heap after GC invocations=24 (full 1):
 par new generation   total 109248K, used 9473K [0x00000000e0000000, 0x00000000e8000000, 0x00000000e8000000)
  eden space 87424K,   0% used [0x00000000e0000000, 0x00000000e0000000, 0x00000000e5560000)
  from space 21824K,  43% used [0x00000000e5560000, 0x00000000e5ea04d0, 0x00000000e6ab0000)
  to   space 21824K,   0% used [0x00000000e6ab0000, 0x00000000e6ab0000, 0x00000000e8000000)
 concurrent mark-sweep generation total 393216K, used 9499K [0x00000000e8000000, 0x0000000100000000, 0x0000000100000000)
 Metaspace       used 32980K, capacity 33538K, committed 33740K, reserved 1079296K
  class space    used 3785K, capacity 3952K, committed 4044K, reserved 1048576K
}
2016-11-17T00:38:21.743+0100: 5531.141: Total time for which application threads were stopped: 0.0135204 seconds, Stopping threads took: 0.0000691 seconds
2016-11-17T00:38:21.743+0100: 5531.142: Total time for which application threads were stopped: 0.0001842 seconds, Stopping threads took: 0.0000473 seconds
2016-11-17T00:38:21.743+0100: 5531.142: Total time for which application threads were stopped: 0.0001056 seconds, Stopping threads took: 0.0000207 seconds
{Heap before GC invocations=24 (full 1):
 par new generation   total 109248K, used 96897K [0x00000000e0000000, 0x00000000e8000000, 0x00000000e8000000)
  eden space 87424K, 100% used [0x00000000e0000000, 0x00000000e5560000, 0x00000000e5560000)
  from space 21824K,  43% used [0x00000000e5560000, 0x00000000e5ea04d0, 0x00000000e6ab0000)
  to   space 21824K,   0% used [0x00000000e6ab0000, 0x00000000e6ab0000, 0x00000000e8000000)
 concurrent mark-sweep generation total 393216K, used 9499K [0x00000000e8000000, 0x0000000100000000, 0x0000000100000000)
 Metaspace       used 32984K, capacity 33544K, committed 33740K, reserved 1079296K
  class space    used 3786K, capacity 3953K, committed 4044K, reserved 1048576K
2016-11-17T00:38:21.825+0100: 5531.224: [GC (Allocation Failure) 2016-11-17T00:38:21.825+0100: 5531.224: [ParNew
Desired survivor size 20112992 bytes, new threshold 8 (max 8)
- age   1:     155584 bytes,     155584 total
- age   2:    3956576 bytes,    4112160 total
- age   3:      80640 bytes,    4192800 total
- age   4:     744648 bytes,    4937448 total
- age   5:       1760 bytes,    4939208 total
- age   6:     207264 bytes,    5146472 total
- age   7:       4792 bytes,    5151264 total
- age   8:       3976 bytes,    5155240 total
: 96897K->9139K(109248K), 0.0080146 secs] 106396K->18844K(502464K), 0.0081414 secs] [Times: user=0.03 sys=0.00, real=0.01 secs] 
Heap after GC invocations=25 (full 1):
 par new generation   total 109248K, used 9139K [0x00000000e0000000, 0x00000000e8000000, 0x00000000e8000000)
  eden space 87424K,   0% used [0x00000000e0000000, 0x00000000e0000000, 0x00000000e5560000)
  from space 21824K,  41% used [0x00000000e6ab0000, 0x00000000e739cdd0, 0x00000000e8000000)
  to   space 21824K,   0% used [0x00000000e5560000, 0x00000000e5560000, 0x00000000e6ab0000)
 concurrent mark-sweep generation total 393216K, used 9705K [0x00000000e8000000, 0x0000000100000000, 0x0000000100000000)
 Metaspace       used 32984K, capacity 33544K, committed 33740K, reserved 1079296K
  class space    used 3786K, capacity 3953K, committed 4044K, reserved 1048576K
}
2016-11-17T00:38:21.833+0100: 5531.232: Total time for which application threads were stopped: 0.0084509 seconds, Stopping threads took: 0.0000297 seconds
2016-11-17T00:38:21.834+0100: 5531.232: Total time for which application threads were stopped: 0.0001936 seconds, Stopping threads took: 0.0000422 seconds
2016-11-17T00:38:21.900+0100: 5531.299: Total time for which application threads were stopped: 0.0001854 seconds, Stopping threads took: 0.0000298 seconds
2016-11-17T00:38:21.901+0100: 5531.300: Total time for which application threads were stopped: 0.0001251 seconds, Stopping threads took: 0.0000209 seconds
2016-11-17T00:38:21.902+0100: 5531.301: Total time for which application threads were stopped: 0.0001408 seconds, Stopping threads took: 0.0000241 seconds
2016-11-17T00:38:21.937+0100: 5531.336: Total time for which application threads were stopped: 0.0001886 seconds, Stopping threads took: 0.0000454 seconds
2016-11-17T00:38:21.938+0100: 5531.336: Total time for which application threads were stopped: 0.0001114 seconds, Stopping threads took: 0.0000299 seconds
2016-11-17T00:38:21.938+0100: 5531.337: Total time for which application threads were stopped: 0.0000808 seconds, Stopping threads took: 0.0000117 seconds
2016-11-17T00:38:21.938+0100: 5531.337: Total time for which application threads were stopped: 0.0000782 seconds, Stopping threads took: 0.0000133 seconds
2016-11-17T00:38:21.939+0100: 5531.337: Total time for which application threads were stopped: 0.0000768 seconds, Stopping threads took: 0.0000133 seconds
2016-11-17T00:38:21.939+0100: 5531.337: Total time for which application threads were stopped: 0.0000520 seconds, Stopping threads took: 0.0000082 seconds
2016-11-17T00:38:21.939+0100: 5531.338: Total time for which application threads were stopped: 0.0000524 seconds, Stopping threads took: 0.0000087 seconds
2016-11-17T00:38:21.939+0100: 5531.338: Total time for which application threads were stopped: 0.0000515 seconds, Stopping threads took: 0.0000084 seconds
2016-11-17T00:38:21.939+0100: 5531.338: Total time for which application threads were stopped: 0.0000514 seconds, Stopping threads took: 0.0000077 seconds
2016-11-17T00:38:21.939+0100: 5531.338: Total time for which application threads were stopped: 0.0000501 seconds, Stopping threads took: 0.0000076 seconds
2016-11-17T00:38:21.940+0100: 5531.338: Total time for which application threads were stopped: 0.0000518 seconds, Stopping threads took: 0.0000079 seconds
2016-11-17T00:38:21.940+0100: 5531.339: Total time for which application threads were stopped: 0.0000529 seconds, Stopping threads took: 0.0000078 seconds
2016-11-17T00:38:21.941+0100: 5531.340: Total time for which application threads were stopped: 0.0001158 seconds, Stopping threads took: 0.0000206 seconds
2016-11-17T00:38:21.942+0100: 5531.340: Total time for which application threads were stopped: 0.0000833 seconds, Stopping threads took: 0.0000176 seconds
2016-11-17T00:38:21.945+0100: 5531.344: Total time for which application threads were stopped: 0.0002223 seconds, Stopping threads took: 0.0000287 seconds
2016-11-17T00:38:21.972+0100: 5531.371: Total time for which application threads were stopped: 0.0002171 seconds, Stopping threads took: 0.0000346 seconds
2016-11-17T00:38:22.033+0100: 5531.431: Total time for which application threads were stopped: 0.0001942 seconds, Stopping threads took: 0.0000596 seconds
2016-11-17T00:38:22.033+0100: 5531.432: Total time for which application threads were stopped: 0.0001241 seconds, Stopping threads took: 0.0000184 seconds
2016-11-17T00:38:22.033+0100: 5531.432: Total time for which application threads were stopped: 0.0000722 seconds, Stopping threads took: 0.0000102 seconds
2016-11-17T00:38:22.034+0100: 5531.432: Total time for which application threads were stopped: 0.0000709 seconds, Stopping threads took: 0.0000117 seconds
2016-11-17T00:38:22.034+0100: 5531.432: Total time for which application threads were stopped: 0.0000712 seconds, Stopping threads took: 0.0000112 seconds
2016-11-17T00:38:22.034+0100: 5531.432: Total time for which application threads were stopped: 0.0000690 seconds, Stopping threads took: 0.0000110 seconds
2016-11-17T00:38:22.034+0100: 5531.433: Total time for which application threads were stopped: 0.0000683 seconds, Stopping threads took: 0.0000111 seconds
2016-11-17T00:38:22.034+0100: 5531.433: Total time for which application threads were stopped: 0.0000694 seconds, Stopping threads took: 0.0000105 seconds
2016-11-17T00:38:22.034+0100: 5531.433: Total time for which application threads were stopped: 0.0000695 seconds, Stopping threads took: 0.0000106 seconds
2016-11-17T00:38:22.034+0100: 5531.433: Total time for which application threads were stopped: 0.0000699 seconds, Stopping threads took: 0.0000108 seconds
2016-11-17T00:38:22.036+0100: 5531.434: Total time for which application threads were stopped: 0.0001355 seconds, Stopping threads took: 0.0000377 seconds
2016-11-17T00:38:22.036+0100: 5531.434: Total time for which application threads were stopped: 0.0000791 seconds, Stopping threads took: 0.0000306 seconds
2016-11-17T00:38:22.036+0100: 5531.435: Total time for which application threads were stopped: 0.0000656 seconds, Stopping threads took: 0.0000109 seconds
2016-11-17T00:38:22.036+0100: 5531.435: Total time for which application threads were stopped: 0.0000539 seconds, Stopping threads took: 0.0000099 seconds
2016-11-17T00:38:22.036+0100: 5531.435: Total time for which application threads were stopped: 0.0000542 seconds, Stopping threads took: 0.0000097 seconds
2016-11-17T00:38:22.036+0100: 5531.435: Total time for which application threads were stopped: 0.0000796 seconds, Stopping threads took: 0.0000349 seconds
2016-11-17T00:38:22.036+0100: 5531.435: Total time for which application threads were stopped: 0.0000568 seconds, Stopping threads took: 0.0000114 seconds
2016-11-17T00:38:22.036+0100: 5531.435: Total time for which application threads were stopped: 0.0000573 seconds, Stopping threads took: 0.0000172 seconds
2016-11-17T00:38:22.037+0100: 5531.435: Total time for which application threads were stopped: 0.0000538 seconds, Stopping threads took: 0.0000094 seconds
2016-11-17T00:38:22.037+0100: 5531.435: Total time for which application threads were stopped: 0.0000564 seconds, Stopping threads took: 0.0000123 seconds
2016-11-17T00:38:22.037+0100: 5531.435: Total time for which application threads were stopped: 0.0000479 seconds, Stopping threads took: 0.0000094 seconds
2016-11-17T00:38:22.037+0100: 5531.435: Total time for which application threads were stopped: 0.0000483 seconds, Stopping threads took: 0.0000092 seconds
2016-11-17T00:38:22.037+0100: 5531.436: Total time for which application threads were stopped: 0.0000517 seconds, Stopping threads took: 0.0000094 seconds
2016-11-17T00:38:22.037+0100: 5531.436: Total time for which application threads were stopped: 0.0000518 seconds, Stopping threads took: 0.0000093 seconds
2016-11-17T00:38:22.037+0100: 5531.436: Total time for which application threads were stopped: 0.0000632 seconds, Stopping threads took: 0.0000187 seconds
2016-11-17T00:38:22.037+0100: 5531.436: Total time for which application threads were stopped: 0.0000527 seconds, Stopping threads took: 0.0000093 seconds
{Heap before GC invocations=25 (full 1):
 par new generation   total 109248K, used 96538K [0x00000000e0000000, 0x00000000e8000000, 0x00000000e8000000)
  eden space 87424K,  99% used [0x00000000e0000000, 0x00000000e5559df8, 0x00000000e5560000)
  from space 21824K,  41% used [0x00000000e6ab0000, 0x00000000e739cdd0, 0x00000000e8000000)
  to   space 21824K,   0% used [0x00000000e5560000, 0x00000000e5560000, 0x00000000e6ab0000)
 concurrent mark-sweep generation total 393216K, used 9705K [0x00000000e8000000, 0x0000000100000000, 0x0000000100000000)
 Metaspace       used 33079K, capacity 33664K, committed 33740K, reserved 1079296K
  class space    used 3798K, capacity 3973K, committed 4044K, reserved 1048576K
2016-11-17T00:38:43.694+0100: 5553.093: [GC (Allocation Failure) 2016-11-17T00:38:43.694+0100: 5553.093: [ParNew
Desired survivor size 20112992 bytes, new threshold 8 (max 8)
- age   1:    3464472 bytes,    3464472 total
- age   2:      69928 bytes,    3534400 total
- age   3:    3201344 bytes,    6735744 total
- age   4:      80640 bytes,    6816384 total
- age   5:     744088 bytes,    7560472 total
- age   6:       1760 bytes,    7562232 total
- age   7:     207264 bytes,    7769496 total
- age   8:       4792 bytes,    7774288 total
: 96538K->9701K(109248K), 0.0104718 secs] 106244K->19410K(502464K), 0.0105720 secs] [Times: user=0.04 sys=0.00, real=0.01 secs] 
Heap after GC invocations=26 (full 1):
 par new generation   total 109248K, used 9701K [0x00000000e0000000, 0x00000000e8000000, 0x00000000e8000000)
  eden space 87424K,   0% used [0x00000000e0000000, 0x00000000e0000000, 0x00000000e5560000)
  from space 21824K,  44% used [0x00000000e5560000, 0x00000000e5ed9560, 0x00000000e6ab0000)
  to   space 21824K,   0% used [0x00000000e6ab0000, 0x00000000e6ab0000, 0x00000000e8000000)
 concurrent mark-sweep generation total 393216K, used 9709K [0x00000000e8000000, 0x0000000100000000, 0x0000000100000000)
 Metaspace       used 33079K, capacity 33664K, committed 33740K, reserved 1079296K
  class space    used 3798K, capacity 3973K, committed 4044K, reserved 1048576K
}
2016-11-17T00:38:43.705+0100: 5553.103: Total time for which application threads were stopped: 0.0108946 seconds, Stopping threads took: 0.0000342 seconds
2016-11-17T00:38:43.705+0100: 5553.104: Total time for which application threads were stopped: 0.0001566 seconds, Stopping threads took: 0.0000433 seconds
2016-11-17T00:38:43.705+0100: 5553.104: Total time for which application threads were stopped: 0.0001242 seconds, Stopping threads took: 0.0000261 seconds
{Heap before GC invocations=26 (full 1):
 par new generation   total 109248K, used 97112K [0x00000000e0000000, 0x00000000e8000000, 0x00000000e8000000)
  eden space 87424K,  99% used [0x00000000e0000000, 0x00000000e555cbe0, 0x00000000e5560000)
  from space 21824K,  44% used [0x00000000e5560000, 0x00000000e5ed9560, 0x00000000e6ab0000)
  to   space 21824K,   0% used [0x00000000e6ab0000, 0x00000000e6ab0000, 0x00000000e8000000)
 concurrent mark-sweep generation total 393216K, used 9709K [0x00000000e8000000, 0x0000000100000000, 0x0000000100000000)
 Metaspace       used 33080K, capacity 33664K, committed 33740K, reserved 1079296K
  class space    used 3798K, capacity 3973K, committed 4044K, reserved 1048576K
2016-11-17T00:38:43.772+0100: 5553.171: [GC (Allocation Failure) 2016-11-17T00:38:43.772+0100: 5553.171: [ParNew
Desired survivor size 20112992 bytes, new threshold 8 (max 8)
- age   1:     833944 bytes,     833944 total
- age   2:     738392 bytes,    1572336 total
- age   3:       3208 bytes,    1575544 total
- age   4:    2686160 bytes,    4261704 total
- age   5:      80640 bytes,    4342344 total
- age   6:     744088 bytes,    5086432 total
- age   7:       1760 bytes,    5088192 total
- age   8:     207264 bytes,    5295456 total
: 97112K->9580K(109248K), 0.0127715 secs] 106821K->19294K(502464K), 0.0129196 secs] [Times: user=0.07 sys=0.00, real=0.01 secs] 
Heap after GC invocations=27 (full 1):
 par new generation   total 109248K, used 9580K [0x00000000e0000000, 0x00000000e8000000, 0x00000000e8000000)
  eden space 87424K,   0% used [0x00000000e0000000, 0x00000000e0000000, 0x00000000e5560000)
  from space 21824K,  43% used [0x00000000e6ab0000, 0x00000000e740b230, 0x00000000e8000000)
  to   space 21824K,   0% used [0x00000000e5560000, 0x00000000e5560000, 0x00000000e6ab0000)
 concurrent mark-sweep generation total 393216K, used 9714K [0x00000000e8000000, 0x0000000100000000, 0x0000000100000000)
 Metaspace       used 33080K, capacity 33664K, committed 33740K, reserved 1079296K
  class space    used 3798K, capacity 3973K, committed 4044K, reserved 1048576K
}
2016-11-17T00:38:43.785+0100: 5553.184: Total time for which application threads were stopped: 0.0132073 seconds, Stopping threads took: 0.0000318 seconds
2016-11-17T00:38:43.785+0100: 5553.184: Total time for which application threads were stopped: 0.0001876 seconds, Stopping threads took: 0.0000407 seconds
2016-11-17T00:38:43.918+0100: 5553.317: Total time for which application threads were stopped: 0.0002325 seconds, Stopping threads took: 0.0000634 seconds
2016-11-17T00:38:43.922+0100: 5553.321: Total time for which application threads were stopped: 0.0001560 seconds, Stopping threads took: 0.0000284 seconds
2016-11-17T00:38:43.922+0100: 5553.321: Total time for which application threads were stopped: 0.0000967 seconds, Stopping threads took: 0.0000163 seconds
2016-11-17T00:38:43.947+0100: 5553.346: Total time for which application threads were stopped: 0.0001735 seconds, Stopping threads took: 0.0000282 seconds
2016-11-17T00:38:43.948+0100: 5553.346: Total time for which application threads were stopped: 0.0000686 seconds, Stopping threads took: 0.0000111 seconds
2016-11-17T00:38:43.949+0100: 5553.347: Total time for which application threads were stopped: 0.0001509 seconds, Stopping threads took: 0.0000317 seconds
2016-11-17T00:38:43.953+0100: 5553.352: Total time for which application threads were stopped: 0.0001614 seconds, Stopping threads took: 0.0000297 seconds
2016-11-17T00:38:43.958+0100: 5553.356: Total time for which application threads were stopped: 0.0002410 seconds, Stopping threads took: 0.0000275 seconds
2016-11-17T00:38:43.999+0100: 5553.398: Total time for which application threads were stopped: 0.0001869 seconds, Stopping threads took: 0.0000304 seconds
2016-11-17T00:38:44.000+0100: 5553.399: Total time for which application threads were stopped: 0.0001536 seconds, Stopping threads took: 0.0000452 seconds
2016-11-17T00:38:44.000+0100: 5553.399: Total time for which application threads were stopped: 0.0001064 seconds, Stopping threads took: 0.0000433 seconds
2016-11-17T00:38:44.000+0100: 5553.399: Total time for which application threads were stopped: 0.0000673 seconds, Stopping threads took: 0.0000144 seconds
2016-11-17T00:38:44.000+0100: 5553.399: Total time for which application threads were stopped: 0.0000526 seconds, Stopping threads took: 0.0000098 seconds
2016-11-17T00:38:44.000+0100: 5553.399: Total time for which application threads were stopped: 0.0000545 seconds, Stopping threads took: 0.0000098 seconds
2016-11-17T00:38:44.001+0100: 5553.399: Total time for which application threads were stopped: 0.0000530 seconds, Stopping threads took: 0.0000096 seconds
2016-11-17T00:38:44.001+0100: 5553.399: Total time for which application threads were stopped: 0.0000975 seconds, Stopping threads took: 0.0000436 seconds
2016-11-17T00:38:44.001+0100: 5553.400: Total time for which application threads were stopped: 0.0000727 seconds, Stopping threads took: 0.0000199 seconds
2016-11-17T00:38:44.001+0100: 5553.400: Total time for which application threads were stopped: 0.0000647 seconds, Stopping threads took: 0.0000193 seconds
2016-11-17T00:38:44.002+0100: 5553.401: Total time for which application threads were stopped: 0.0001373 seconds, Stopping threads took: 0.0000260 seconds
2016-11-17T00:38:44.003+0100: 5553.401: Total time for which application threads were stopped: 0.0000609 seconds, Stopping threads took: 0.0000161 seconds
{Heap before GC invocations=27 (full 1):
 par new generation   total 109248K, used 97004K [0x00000000e0000000, 0x00000000e8000000, 0x00000000e8000000)
  eden space 87424K, 100% used [0x00000000e0000000, 0x00000000e5560000, 0x00000000e5560000)
  from space 21824K,  43% used [0x00000000e6ab0000, 0x00000000e740b230, 0x00000000e8000000)
  to   space 21824K,   0% used [0x00000000e5560000, 0x00000000e5560000, 0x00000000e6ab0000)
 concurrent mark-sweep generation total 393216K, used 9714K [0x00000000e8000000, 0x0000000100000000, 0x0000000100000000)
 Metaspace       used 33110K, capacity 33728K, committed 33996K, reserved 1079296K
  class space    used 3798K, capacity 3973K, committed 4044K, reserved 1048576K
2016-11-17T00:39:03.208+0100: 5572.606: [GC (Allocation Failure) 2016-11-17T00:39:03.208+0100: 5572.606: [ParNew
Desired survivor size 20112992 bytes, new threshold 8 (max 8)
- age   1:    3492008 bytes,    3492008 total
- age   2:     138992 bytes,    3631000 total
- age   3:     703296 bytes,    4334296 total
- age   4:       3208 bytes,    4337504 total
- age   5:    2673032 bytes,    7010536 total
- age   6:      80640 bytes,    7091176 total
- age   7:     744088 bytes,    7835264 total
- age   8:       1760 bytes,    7837024 total
: 97004K->8596K(109248K), 0.0110951 secs] 106718K->18515K(502464K), 0.0111941 secs] [Times: user=0.03 sys=0.01, real=0.01 secs] 
Heap after GC invocations=28 (full 1):
 par new generation   total 109248K, used 8596K [0x00000000e0000000, 0x00000000e8000000, 0x00000000e8000000)
  eden space 87424K,   0% used [0x00000000e0000000, 0x00000000e0000000, 0x00000000e5560000)
  from space 21824K,  39% used [0x00000000e5560000, 0x00000000e5dc5288, 0x00000000e6ab0000)
  to   space 21824K,   0% used [0x00000000e6ab0000, 0x00000000e6ab0000, 0x00000000e8000000)
 concurrent mark-sweep generation total 393216K, used 9919K [0x00000000e8000000, 0x0000000100000000, 0x0000000100000000)
 Metaspace       used 33110K, capacity 33728K, committed 33996K, reserved 1079296K
  class space    used 3798K, capacity 3973K, committed 4044K, reserved 1048576K
}
2016-11-17T00:39:03.219+0100: 5572.618: Total time for which application threads were stopped: 0.0114297 seconds, Stopping threads took: 0.0000192 seconds
2016-11-17T00:39:03.219+0100: 5572.618: Total time for which application threads were stopped: 0.0001496 seconds, Stopping threads took: 0.0000155 seconds
2016-11-17T00:39:03.219+0100: 5572.618: Total time for which application threads were stopped: 0.0000771 seconds, Stopping threads took: 0.0000107 seconds
{Heap before GC invocations=28 (full 1):
 par new generation   total 109248K, used 96020K [0x00000000e0000000, 0x00000000e8000000, 0x00000000e8000000)
  eden space 87424K, 100% used [0x00000000e0000000, 0x00000000e5560000, 0x00000000e5560000)
  from space 21824K,  39% used [0x00000000e5560000, 0x00000000e5dc5288, 0x00000000e6ab0000)
  to   space 21824K,   0% used [0x00000000e6ab0000, 0x00000000e6ab0000, 0x00000000e8000000)
 concurrent mark-sweep generation total 393216K, used 9919K [0x00000000e8000000, 0x0000000100000000, 0x0000000100000000)
 Metaspace       used 33114K, capacity 33728K, committed 33996K, reserved 1079296K
  class space    used 3798K, capacity 3973K, committed 4044K, reserved 1048576K
2016-11-17T00:39:03.290+0100: 5572.689: [GC (Allocation Failure) 2016-11-17T00:39:03.290+0100: 5572.689: [ParNew
Desired survivor size 20112992 bytes, new threshold 8 (max 8)
- age   1:     942688 bytes,     942688 total
- age   2:     641304 bytes,    1583992 total
- age   3:       3424 bytes,    1587416 total
- age   4:     268120 bytes,    1855536 total
- age   5:       3208 bytes,    1858744 total
- age   6:    2673032 bytes,    4531776 total
- age   7:      80640 bytes,    4612416 total
- age   8:     744088 bytes,    5356504 total
: 96020K->7736K(109248K), 0.0070858 secs] 105939K->17658K(502464K), 0.0072126 secs] [Times: user=0.02 sys=0.00, real=0.01 secs] 
Heap after GC invocations=29 (full 1):
 par new generation   total 109248K, used 7736K [0x00000000e0000000, 0x00000000e8000000, 0x00000000e8000000)
  eden space 87424K,   0% used [0x00000000e0000000, 0x00000000e0000000, 0x00000000e5560000)
  from space 21824K,  35% used [0x00000000e6ab0000, 0x00000000e723e3f8, 0x00000000e8000000)
  to   space 21824K,   0% used [0x00000000e5560000, 0x00000000e5560000, 0x00000000e6ab0000)
 concurrent mark-sweep generation total 393216K, used 9921K [0x00000000e8000000, 0x0000000100000000, 0x0000000100000000)
 Metaspace       used 33114K, capacity 33728K, committed 33996K, reserved 1079296K
  class space    used 3798K, capacity 3973K, committed 4044K, reserved 1048576K
}
2016-11-17T00:39:03.297+0100: 5572.696: Total time for which application threads were stopped: 0.0074816 seconds, Stopping threads took: 0.0000238 seconds
2016-11-17T00:39:03.297+0100: 5572.696: Total time for which application threads were stopped: 0.0001772 seconds, Stopping threads took: 0.0000411 seconds
{Heap before GC invocations=29 (full 1):
 par new generation   total 109248K, used 95160K [0x00000000e0000000, 0x00000000e8000000, 0x00000000e8000000)
  eden space 87424K, 100% used [0x00000000e0000000, 0x00000000e5560000, 0x00000000e5560000)
  from space 21824K,  35% used [0x00000000e6ab0000, 0x00000000e723e3f8, 0x00000000e8000000)
  to   space 21824K,   0% used [0x00000000e5560000, 0x00000000e5560000, 0x00000000e6ab0000)
 concurrent mark-sweep generation total 393216K, used 9921K [0x00000000e8000000, 0x0000000100000000, 0x0000000100000000)
 Metaspace       used 33114K, capacity 33728K, committed 33996K, reserved 1079296K
  class space    used 3798K, capacity 3973K, committed 4044K, reserved 1048576K
2016-11-17T00:39:03.387+0100: 5572.786: [GC (Allocation Failure) 2016-11-17T00:39:03.387+0100: 5572.786: [ParNew
Desired survivor size 20112992 bytes, new threshold 8 (max 8)
- age   1:     436624 bytes,     436624 total
- age   2:     853568 bytes,    1290192 total
- age   3:     631560 bytes,    1921752 total
- age   4:       3424 bytes,    1925176 total
- age   5:     268120 bytes,    2193296 total
- age   6:       3208 bytes,    2196504 total
- age   7:    2673032 bytes,    4869536 total
- age   8:      80640 bytes,    4950176 total
: 95160K->7018K(109248K), 0.0096189 secs] 105082K->17669K(502464K), 0.0097448 secs] [Times: user=0.04 sys=0.00, real=0.01 secs] 
Heap after GC invocations=30 (full 1):
 par new generation   total 109248K, used 7018K [0x00000000e0000000, 0x00000000e8000000, 0x00000000e8000000)
  eden space 87424K,   0% used [0x00000000e0000000, 0x00000000e0000000, 0x00000000e5560000)
  from space 21824K,  32% used [0x00000000e5560000, 0x00000000e5c3a840, 0x00000000e6ab0000)
  to   space 21824K,   0% used [0x00000000e6ab0000, 0x00000000e6ab0000, 0x00000000e8000000)
 concurrent mark-sweep generation total 393216K, used 10651K [0x00000000e8000000, 0x0000000100000000, 0x0000000100000000)
 Metaspace       used 33114K, capacity 33728K, committed 33996K, reserved 1079296K
  class space    used 3798K, capacity 3973K, committed 4044K, reserved 1048576K
}
2016-11-17T00:39:03.397+0100: 5572.796: Total time for which application threads were stopped: 0.0100089 seconds, Stopping threads took: 0.0000306 seconds
2016-11-17T00:39:03.437+0100: 5572.836: Total time for which application threads were stopped: 0.0003111 seconds, Stopping threads took: 0.0000412 seconds
2016-11-17T00:39:03.443+0100: 5572.842: Total time for which application threads were stopped: 0.0002262 seconds, Stopping threads took: 0.0000454 seconds
2016-11-17T00:39:03.472+0100: 5572.871: Total time for which application threads were stopped: 0.0002760 seconds, Stopping threads took: 0.0000390 seconds
{Heap before GC invocations=30 (full 1):
 par new generation   total 109248K, used 94442K [0x00000000e0000000, 0x00000000e8000000, 0x00000000e8000000)
  eden space 87424K, 100% used [0x00000000e0000000, 0x00000000e5560000, 0x00000000e5560000)
  from space 21824K,  32% used [0x00000000e5560000, 0x00000000e5c3a840, 0x00000000e6ab0000)
  to   space 21824K,   0% used [0x00000000e6ab0000, 0x00000000e6ab0000, 0x00000000e8000000)
 concurrent mark-sweep generation total 393216K, used 10651K [0x00000000e8000000, 0x0000000100000000, 0x0000000100000000)
 Metaspace       used 33149K, capacity 33728K, committed 33996K, reserved 1079296K
  class space    used 3798K, capacity 3973K, committed 4044K, reserved 1048576K
2016-11-17T00:39:03.676+0100: 5573.075: [GC (Allocation Failure) 2016-11-17T00:39:03.676+0100: 5573.075: [ParNew
Desired survivor size 20112992 bytes, new threshold 8 (max 8)
- age   1:    4035952 bytes,    4035952 total
- age   2:     119216 bytes,    4155168 total
- age   3:     154608 bytes,    4309776 total
- age   4:     624160 bytes,    4933936 total
- age   5:       3424 bytes,    4937360 total
- age   6:     268120 bytes,    5205480 total
- age   7:       3208 bytes,    5208688 total
- age   8:    2673032 bytes,    7881720 total
: 94442K->8742K(109248K), 0.0098812 secs] 105093K->19475K(502464K), 0.0099998 secs] [Times: user=0.05 sys=0.00, real=0.01 secs] 
Heap after GC invocations=31 (full 1):
 par new generation   total 109248K, used 8742K [0x00000000e0000000, 0x00000000e8000000, 0x00000000e8000000)
  eden space 87424K,   0% used [0x00000000e0000000, 0x00000000e0000000, 0x00000000e5560000)
  from space 21824K,  40% used [0x00000000e6ab0000, 0x00000000e7339ad0, 0x00000000e8000000)
  to   space 21824K,   0% used [0x00000000e5560000, 0x00000000e5560000, 0x00000000e6ab0000)
 concurrent mark-sweep generation total 393216K, used 10732K [0x00000000e8000000, 0x0000000100000000, 0x0000000100000000)
 Metaspace       used 33149K, capacity 33728K, committed 33996K, reserved 1079296K
  class space    used 3798K, capacity 3973K, committed 4044K, reserved 1048576K
}
2016-11-17T00:39:03.686+0100: 5573.085: Total time for which application threads were stopped: 0.0102651 seconds, Stopping threads took: 0.0000369 seconds
2016-11-17T00:39:03.687+0100: 5573.085: Total time for which application threads were stopped: 0.0001591 seconds, Stopping threads took: 0.0000474 seconds
2016-11-17T00:39:03.687+0100: 5573.086: Total time for which application threads were stopped: 0.0000938 seconds, Stopping threads took: 0.0000130 seconds
{Heap before GC invocations=31 (full 1):
 par new generation   total 109248K, used 96166K [0x00000000e0000000, 0x00000000e8000000, 0x00000000e8000000)
  eden space 87424K, 100% used [0x00000000e0000000, 0x00000000e5560000, 0x00000000e5560000)
  from space 21824K,  40% used [0x00000000e6ab0000, 0x00000000e7339ad0, 0x00000000e8000000)
  to   space 21824K,   0% used [0x00000000e5560000, 0x00000000e5560000, 0x00000000e6ab0000)
 concurrent mark-sweep generation total 393216K, used 10732K [0x00000000e8000000, 0x0000000100000000, 0x0000000100000000)
 Metaspace       used 33149K, capacity 33728K, committed 33996K, reserved 1079296K
  class space    used 3798K, capacity 3973K, committed 4044K, reserved 1048576K
2016-11-17T00:39:03.784+0100: 5573.183: [GC (Allocation Failure) 2016-11-17T00:39:03.784+0100: 5573.183: [ParNew
Desired survivor size 20112992 bytes, new threshold 8 (max 8)
- age   1:     271272 bytes,     271272 total
- age   2:    3819240 bytes,    4090512 total
- age   3:     119216 bytes,    4209728 total
- age   4:     154608 bytes,    4364336 total
- age   5:     624160 bytes,    4988496 total
- age   6:       3424 bytes,    4991920 total
- age   7:     268120 bytes,    5260040 total
- age   8:       3208 bytes,    5263248 total
: 96166K->8056K(109248K), 0.0120638 secs] 106899K->21628K(502464K), 0.0121966 secs] [Times: user=0.06 sys=0.00, real=0.02 secs] 
Heap after GC invocations=32 (full 1):
 par new generation   total 109248K, used 8056K [0x00000000e0000000, 0x00000000e8000000, 0x00000000e8000000)
  eden space 87424K,   0% used [0x00000000e0000000, 0x00000000e0000000, 0x00000000e5560000)
  from space 21824K,  36% used [0x00000000e5560000, 0x00000000e5d3e268, 0x00000000e6ab0000)
  to   space 21824K,   0% used [0x00000000e6ab0000, 0x00000000e6ab0000, 0x00000000e8000000)
 concurrent mark-sweep generation total 393216K, used 13572K [0x00000000e8000000, 0x0000000100000000, 0x0000000100000000)
 Metaspace       used 33149K, capacity 33728K, committed 33996K, reserved 1079296K
  class space    used 3798K, capacity 3973K, committed 4044K, reserved 1048576K
}
2016-11-17T00:39:03.796+0100: 5573.195: Total time for which application threads were stopped: 0.0124976 seconds, Stopping threads took: 0.0000385 seconds
2016-11-17T00:39:03.797+0100: 5573.195: Total time for which application threads were stopped: 0.0001937 seconds, Stopping threads took: 0.0000352 seconds
2016-11-17T00:39:03.871+0100: 5573.269: Total time for which application threads were stopped: 0.0002408 seconds, Stopping threads took: 0.0000296 seconds
2016-11-17T00:39:03.880+0100: 5573.278: Total time for which application threads were stopped: 0.0002447 seconds, Stopping threads took: 0.0000555 seconds
2016-11-17T00:39:03.902+0100: 5573.300: Total time for which application threads were stopped: 0.0001648 seconds, Stopping threads took: 0.0000292 seconds
2016-11-17T00:39:03.902+0100: 5573.301: Total time for which application threads were stopped: 0.0001125 seconds, Stopping threads took: 0.0000179 seconds
2016-11-17T00:39:03.902+0100: 5573.301: Total time for which application threads were stopped: 0.0000764 seconds, Stopping threads took: 0.0000120 seconds
2016-11-17T00:39:03.903+0100: 5573.301: Total time for which application threads were stopped: 0.0001227 seconds, Stopping threads took: 0.0000540 seconds
2016-11-17T00:39:03.903+0100: 5573.302: Total time for which application threads were stopped: 0.0000719 seconds, Stopping threads took: 0.0000114 seconds
2016-11-17T00:39:03.903+0100: 5573.302: Total time for which application threads were stopped: 0.0000691 seconds, Stopping threads took: 0.0000104 seconds
2016-11-17T00:39:03.903+0100: 5573.302: Total time for which application threads were stopped: 0.0000691 seconds, Stopping threads took: 0.0000104 seconds
2016-11-17T00:39:03.903+0100: 5573.302: Total time for which application threads were stopped: 0.0000699 seconds, Stopping threads took: 0.0000107 seconds
2016-11-17T00:39:03.903+0100: 5573.302: Total time for which application threads were stopped: 0.0000721 seconds, Stopping threads took: 0.0000107 seconds
2016-11-17T00:39:03.903+0100: 5573.302: Total time for which application threads were stopped: 0.0000715 seconds, Stopping threads took: 0.0000107 seconds
2016-11-17T00:39:03.905+0100: 5573.304: Total time for which application threads were stopped: 0.0002012 seconds, Stopping threads took: 0.0000650 seconds
2016-11-17T00:39:03.905+0100: 5573.304: Total time for which application threads were stopped: 0.0000791 seconds, Stopping threads took: 0.0000123 seconds
2016-11-17T00:39:03.929+0100: 5573.328: Total time for which application threads were stopped: 0.0002690 seconds, Stopping threads took: 0.0001063 seconds
2016-11-17T00:39:03.930+0100: 5573.328: Total time for which application threads were stopped: 0.0001068 seconds, Stopping threads took: 0.0000241 seconds
2016-11-17T00:39:03.930+0100: 5573.329: Total time for which application threads were stopped: 0.0000798 seconds, Stopping threads took: 0.0000252 seconds
2016-11-17T00:39:03.930+0100: 5573.329: Total time for which application threads were stopped: 0.0001591 seconds, Stopping threads took: 0.0000928 seconds
2016-11-17T00:39:03.930+0100: 5573.329: Total time for which application threads were stopped: 0.0000622 seconds, Stopping threads took: 0.0000161 seconds
2016-11-17T00:39:03.930+0100: 5573.329: Total time for which application threads were stopped: 0.0000644 seconds, Stopping threads took: 0.0000186 seconds
2016-11-17T00:39:03.930+0100: 5573.329: Total time for which application threads were stopped: 0.0000678 seconds, Stopping threads took: 0.0000204 seconds
2016-11-17T00:39:03.931+0100: 5573.329: Total time for which application threads were stopped: 0.0001401 seconds, Stopping threads took: 0.0000907 seconds
2016-11-17T00:39:03.931+0100: 5573.329: Total time for which application threads were stopped: 0.0000654 seconds, Stopping threads took: 0.0000202 seconds
2016-11-17T00:39:03.931+0100: 5573.330: Total time for which application threads were stopped: 0.0000622 seconds, Stopping threads took: 0.0000165 seconds
2016-11-17T00:39:03.932+0100: 5573.331: Total time for which application threads were stopped: 0.0002243 seconds, Stopping threads took: 0.0000741 seconds
2016-11-17T00:39:03.932+0100: 5573.331: Total time for which application threads were stopped: 0.0000592 seconds, Stopping threads took: 0.0000105 seconds
2016-11-17T00:39:11.933+0100: 5581.332: Total time for which application threads were stopped: 0.0002157 seconds, Stopping threads took: 0.0000396 seconds
{Heap before GC invocations=32 (full 1):
 par new generation   total 109248K, used 95480K [0x00000000e0000000, 0x00000000e8000000, 0x00000000e8000000)
  eden space 87424K, 100% used [0x00000000e0000000, 0x00000000e5560000, 0x00000000e5560000)
  from space 21824K,  36% used [0x00000000e5560000, 0x00000000e5d3e268, 0x00000000e6ab0000)
  to   space 21824K,   0% used [0x00000000e6ab0000, 0x00000000e6ab0000, 0x00000000e8000000)
 concurrent mark-sweep generation total 393216K, used 13572K [0x00000000e8000000, 0x0000000100000000, 0x0000000100000000)
 Metaspace       used 33185K, capacity 33730K, committed 33996K, reserved 1079296K
  class space    used 3799K, capacity 3974K, committed 4044K, reserved 1048576K
2016-11-17T00:42:38.318+0100: 5787.717: [GC (Allocation Failure) 2016-11-17T00:42:38.318+0100: 5787.717: [ParNew
Desired survivor size 20112992 bytes, new threshold 8 (max 8)
- age   1:    4163352 bytes,    4163352 total
- age   2:      83344 bytes,    4246696 total
- age   3:    3087416 bytes,    7334112 total
- age   4:     119216 bytes,    7453328 total
- age   5:     153432 bytes,    7606760 total
- age   6:     608984 bytes,    8215744 total
- age   7:       3424 bytes,    8219168 total
- age   8:     267712 bytes,    8486880 total
: 95480K->9668K(109248K), 0.0247011 secs] 109052K->23244K(502464K), 0.0248378 secs] [Times: user=0.07 sys=0.01, real=0.02 secs] 
Heap after GC invocations=33 (full 1):
 par new generation   total 109248K, used 9668K [0x00000000e0000000, 0x00000000e8000000, 0x00000000e8000000)
  eden space 87424K,   0% used [0x00000000e0000000, 0x00000000e0000000, 0x00000000e5560000)
  from space 21824K,  44% used [0x00000000e6ab0000, 0x00000000e74213b8, 0x00000000e8000000)
  to   space 21824K,   0% used [0x00000000e5560000, 0x00000000e5560000, 0x00000000e6ab0000)
 concurrent mark-sweep generation total 393216K, used 13575K [0x00000000e8000000, 0x0000000100000000, 0x0000000100000000)
 Metaspace       used 33185K, capacity 33730K, committed 33996K, reserved 1079296K
  class space    used 3799K, capacity 3974K, committed 4044K, reserved 1048576K
}
2016-11-17T00:42:38.343+0100: 5787.742: Total time for which application threads were stopped: 0.0251635 seconds, Stopping threads took: 0.0000360 seconds
2016-11-17T00:42:38.343+0100: 5787.742: Total time for which application threads were stopped: 0.0002097 seconds, Stopping threads took: 0.0000480 seconds
2016-11-17T00:42:38.344+0100: 5787.742: Total time for which application threads were stopped: 0.0001801 seconds, Stopping threads took: 0.0000449 seconds
{Heap before GC invocations=33 (full 1):
 par new generation   total 109248K, used 97092K [0x00000000e0000000, 0x00000000e8000000, 0x00000000e8000000)
  eden space 87424K, 100% used [0x00000000e0000000, 0x00000000e5560000, 0x00000000e5560000)
  from space 21824K,  44% used [0x00000000e6ab0000, 0x00000000e74213b8, 0x00000000e8000000)
  to   space 21824K,   0% used [0x00000000e5560000, 0x00000000e5560000, 0x00000000e6ab0000)
 concurrent mark-sweep generation total 393216K, used 13575K [0x00000000e8000000, 0x0000000100000000, 0x0000000100000000)
 Metaspace       used 33186K, capacity 33730K, committed 33996K, reserved 1079296K
  class space    used 3799K, capacity 3974K, committed 4044K, reserved 1048576K
2016-11-17T00:42:38.439+0100: 5787.837: [GC (Allocation Failure) 2016-11-17T00:42:38.439+0100: 5787.837: [ParNew
Desired survivor size 20112992 bytes, new threshold 8 (max 8)
- age   1:     614224 bytes,     614224 total
- age   2:    1454592 bytes,    2068816 total
- age   3:        880 bytes,    2069696 total
- age   4:     197248 bytes,    2266944 total
- age   5:       4216 bytes,    2271160 total
- age   6:      27720 bytes,    2298880 total
- age   7:     181608 bytes,    2480488 total
- age   8:       3424 bytes,    2483912 total
: 97092K->6748K(109248K), 0.0055743 secs] 110668K->20588K(502464K), 0.0056870 secs] [Times: user=0.01 sys=0.00, real=0.00 secs] 
Heap after GC invocations=34 (full 1):
 par new generation   total 109248K, used 6748K [0x00000000e0000000, 0x00000000e8000000, 0x00000000e8000000)
  eden space 87424K,   0% used [0x00000000e0000000, 0x00000000e0000000, 0x00000000e5560000)
  from space 21824K,  30% used [0x00000000e5560000, 0x00000000e5bf7040, 0x00000000e6ab0000)
  to   space 21824K,   0% used [0x00000000e6ab0000, 0x00000000e6ab0000, 0x00000000e8000000)
 concurrent mark-sweep generation total 393216K, used 13840K [0x00000000e8000000, 0x0000000100000000, 0x0000000100000000)
 Metaspace       used 33186K, capacity 33730K, committed 33996K, reserved 1079296K
  class space    used 3799K, capacity 3974K, committed 4044K, reserved 1048576K
}
2016-11-17T00:42:38.444+0100: 5787.843: Total time for which application threads were stopped: 0.0059279 seconds, Stopping threads took: 0.0000230 seconds
2016-11-17T00:42:38.551+0100: 5787.949: Total time for which application threads were stopped: 0.0002065 seconds, Stopping threads took: 0.0000670 seconds
2016-11-17T00:42:38.583+0100: 5787.981: Total time for which application threads were stopped: 0.0002525 seconds, Stopping threads took: 0.0000489 seconds
{Heap before GC invocations=34 (full 1):
 par new generation   total 109248K, used 94172K [0x00000000e0000000, 0x00000000e8000000, 0x00000000e8000000)
  eden space 87424K, 100% used [0x00000000e0000000, 0x00000000e5560000, 0x00000000e5560000)
  from space 21824K,  30% used [0x00000000e5560000, 0x00000000e5bf7040, 0x00000000e6ab0000)
  to   space 21824K,   0% used [0x00000000e6ab0000, 0x00000000e6ab0000, 0x00000000e8000000)
 concurrent mark-sweep generation total 393216K, used 13840K [0x00000000e8000000, 0x0000000100000000, 0x0000000100000000)
 Metaspace       used 33274K, capacity 33844K, committed 33996K, reserved 1079296K
  class space    used 3809K, capacity 3993K, committed 4044K, reserved 1048576K
2016-11-17T00:42:38.735+0100: 5788.134: [GC (Allocation Failure) 2016-11-17T00:42:38.735+0100: 5788.134: [ParNew
Desired survivor size 20112992 bytes, new threshold 8 (max 8)
- age   1:    4153264 bytes,    4153264 total
- age   2:      78856 bytes,    4232120 total
- age   3:     747336 bytes,    4979456 total
- age   4:        880 bytes,    4980336 total
- age   5:     197248 bytes,    5177584 total
- age   6:       4216 bytes,    5181800 total
- age   7:      27720 bytes,    5209520 total
- age   8:     181608 bytes,    5391128 total
: 94172K->6152K(109248K), 0.0081057 secs] 108012K->19996K(502464K), 0.0082310 secs] [Times: user=0.03 sys=0.00, real=0.00 secs] 
Heap after GC invocations=35 (full 1):
 par new generation   total 109248K, used 6152K [0x00000000e0000000, 0x00000000e8000000, 0x00000000e8000000)
  eden space 87424K,   0% used [0x00000000e0000000, 0x00000000e0000000, 0x00000000e5560000)
  from space 21824K,  28% used [0x00000000e6ab0000, 0x00000000e70b2220, 0x00000000e8000000)
  to   space 21824K,   0% used [0x00000000e5560000, 0x00000000e5560000, 0x00000000e6ab0000)
 concurrent mark-sweep generation total 393216K, used 13843K [0x00000000e8000000, 0x0000000100000000, 0x0000000100000000)
 Metaspace       used 33274K, capacity 33844K, committed 33996K, reserved 1079296K
  class space    used 3809K, capacity 3993K, committed 4044K, reserved 1048576K
}
2016-11-17T00:42:38.744+0100: 5788.142: Total time for which application threads were stopped: 0.0085258 seconds, Stopping threads took: 0.0000323 seconds
2016-11-17T00:42:38.744+0100: 5788.142: Total time for which application threads were stopped: 0.0001401 seconds, Stopping threads took: 0.0000363 seconds
2016-11-17T00:42:38.744+0100: 5788.143: Total time for which application threads were stopped: 0.0001132 seconds, Stopping threads took: 0.0000275 seconds
{Heap before GC invocations=35 (full 1):
 par new generation   total 109248K, used 93576K [0x00000000e0000000, 0x00000000e8000000, 0x00000000e8000000)
  eden space 87424K, 100% used [0x00000000e0000000, 0x00000000e5560000, 0x00000000e5560000)
  from space 21824K,  28% used [0x00000000e6ab0000, 0x00000000e70b2220, 0x00000000e8000000)
  to   space 21824K,   0% used [0x00000000e5560000, 0x00000000e5560000, 0x00000000e6ab0000)
 concurrent mark-sweep generation total 393216K, used 13843K [0x00000000e8000000, 0x0000000100000000, 0x0000000100000000)
 Metaspace       used 33275K, capacity 33844K, committed 33996K, reserved 1079296K
  class space    used 3810K, capacity 3993K, committed 4044K, reserved 1048576K
2016-11-17T00:42:38.797+0100: 5788.195: [GC (Allocation Failure) 2016-11-17T00:42:38.797+0100: 5788.195: [ParNew
Desired survivor size 20112992 bytes, new threshold 8 (max 8)
- age   1:     233976 bytes,     233976 total
- age   2:    3919120 bytes,    4153096 total
- age   3:      78856 bytes,    4231952 total
- age   4:     747336 bytes,    4979288 total
- age   5:        880 bytes,    4980168 total
- age   6:     197248 bytes,    5177416 total
- age   7:       4216 bytes,    5181632 total
- age   8:      27720 bytes,    5209352 total
: 93576K->7807K(109248K), 0.0083627 secs] 107420K->21830K(502464K), 0.0084703 secs] [Times: user=0.03 sys=0.00, real=0.01 secs] 
Heap after GC invocations=36 (full 1):
 par new generation   total 109248K, used 7807K [0x00000000e0000000, 0x00000000e8000000, 0x00000000e8000000)
  eden space 87424K,   0% used [0x00000000e0000000, 0x00000000e0000000, 0x00000000e5560000)
  from space 21824K,  35% used [0x00000000e5560000, 0x00000000e5cffd30, 0x00000000e6ab0000)
  to   space 21824K,   0% used [0x00000000e6ab0000, 0x00000000e6ab0000, 0x00000000e8000000)
 concurrent mark-sweep generation total 393216K, used 14022K [0x00000000e8000000, 0x0000000100000000, 0x0000000100000000)
 Metaspace       used 33275K, capacity 33844K, committed 33996K, reserved 1079296K
  class space    used 3810K, capacity 3993K, committed 4044K, reserved 1048576K
}
2016-11-17T00:42:38.805+0100: 5788.204: Total time for which application threads were stopped: 0.0087039 seconds, Stopping threads took: 0.0000327 seconds
2016-11-17T00:42:38.809+0100: 5788.208: Total time for which application threads were stopped: 0.0002699 seconds, Stopping threads took: 0.0000849 seconds
2016-11-17T00:42:38.893+0100: 5788.292: Total time for which application threads were stopped: 0.0001819 seconds, Stopping threads took: 0.0000480 seconds
2016-11-17T00:42:38.899+0100: 5788.297: Total time for which application threads were stopped: 0.0001721 seconds, Stopping threads took: 0.0000347 seconds
2016-11-17T00:42:38.918+0100: 5788.317: Total time for which application threads were stopped: 0.0001637 seconds, Stopping threads took: 0.0000289 seconds
2016-11-17T00:42:38.919+0100: 5788.318: Total time for which application threads were stopped: 0.0000772 seconds, Stopping threads took: 0.0000152 seconds
2016-11-17T00:42:38.920+0100: 5788.319: Total time for which application threads were stopped: 0.0001451 seconds, Stopping threads took: 0.0000608 seconds
2016-11-17T00:42:38.920+0100: 5788.319: Total time for which application threads were stopped: 0.0000798 seconds, Stopping threads took: 0.0000279 seconds
2016-11-17T00:42:38.920+0100: 5788.319: Total time for which application threads were stopped: 0.0000769 seconds, Stopping threads took: 0.0000280 seconds
2016-11-17T00:42:38.920+0100: 5788.319: Total time for which application threads were stopped: 0.0000851 seconds, Stopping threads took: 0.0000280 seconds
2016-11-17T00:42:38.920+0100: 5788.319: Total time for which application threads were stopped: 0.0000779 seconds, Stopping threads took: 0.0000307 seconds
2016-11-17T00:42:38.920+0100: 5788.319: Total time for which application threads were stopped: 0.0000809 seconds, Stopping threads took: 0.0000310 seconds
2016-11-17T00:42:38.921+0100: 5788.319: Total time for which application threads were stopped: 0.0000709 seconds, Stopping threads took: 0.0000241 seconds
2016-11-17T00:42:38.921+0100: 5788.319: Total time for which application threads were stopped: 0.0000830 seconds, Stopping threads took: 0.0000328 seconds
2016-11-17T00:42:38.922+0100: 5788.321: Total time for which application threads were stopped: 0.0001290 seconds, Stopping threads took: 0.0000238 seconds
2016-11-17T00:42:38.922+0100: 5788.321: Total time for which application threads were stopped: 0.0000579 seconds, Stopping threads took: 0.0000113 seconds
2016-11-17T00:42:38.935+0100: 5788.334: Total time for which application threads were stopped: 0.0001306 seconds, Stopping threads took: 0.0000233 seconds
2016-11-17T00:42:38.935+0100: 5788.334: Total time for which application threads were stopped: 0.0000774 seconds, Stopping threads took: 0.0000165 seconds
2016-11-17T00:42:38.936+0100: 5788.334: Total time for which application threads were stopped: 0.0000616 seconds, Stopping threads took: 0.0000123 seconds
2016-11-17T00:42:38.936+0100: 5788.334: Total time for which application threads were stopped: 0.0000581 seconds, Stopping threads took: 0.0000134 seconds
2016-11-17T00:42:38.936+0100: 5788.335: Total time for which application threads were stopped: 0.0000493 seconds, Stopping threads took: 0.0000077 seconds
2016-11-17T00:42:38.936+0100: 5788.335: Total time for which application threads were stopped: 0.0000512 seconds, Stopping threads took: 0.0000084 seconds
2016-11-17T00:42:38.936+0100: 5788.335: Total time for which application threads were stopped: 0.0000555 seconds, Stopping threads took: 0.0000100 seconds
2016-11-17T00:42:38.936+0100: 5788.335: Total time for which application threads were stopped: 0.0000503 seconds, Stopping threads took: 0.0000082 seconds
2016-11-17T00:42:38.936+0100: 5788.335: Total time for which application threads were stopped: 0.0000690 seconds, Stopping threads took: 0.0000095 seconds
2016-11-17T00:42:38.936+0100: 5788.335: Total time for which application threads were stopped: 0.0000537 seconds, Stopping threads took: 0.0000094 seconds
2016-11-17T00:42:38.937+0100: 5788.336: Total time for which application threads were stopped: 0.0001237 seconds, Stopping threads took: 0.0000200 seconds
2016-11-17T00:42:38.938+0100: 5788.336: Total time for which application threads were stopped: 0.0000803 seconds, Stopping threads took: 0.0000142 seconds
{Heap before GC invocations=36 (full 1):
 par new generation   total 109248K, used 95231K [0x00000000e0000000, 0x00000000e8000000, 0x00000000e8000000)
  eden space 87424K, 100% used [0x00000000e0000000, 0x00000000e5560000, 0x00000000e5560000)
  from space 21824K,  35% used [0x00000000e5560000, 0x00000000e5cffd30, 0x00000000e6ab0000)
  to   space 21824K,   0% used [0x00000000e6ab0000, 0x00000000e6ab0000, 0x00000000e8000000)
 concurrent mark-sweep generation total 393216K, used 14022K [0x00000000e8000000, 0x0000000100000000, 0x0000000100000000)
 Metaspace       used 33303K, capacity 33908K, committed 33996K, reserved 1079296K
  class space    used 3810K, capacity 3993K, committed 4044K, reserved 1048576K
2016-11-17T00:47:35.932+0100: 6085.331: [GC (Allocation Failure) 2016-11-17T00:47:35.932+0100: 6085.331: [ParNew
Desired survivor size 20112992 bytes, new threshold 8 (max 8)
- age   1:    3333136 bytes,    3333136 total
- age   2:      70360 bytes,    3403496 total
- age   3:    3187896 bytes,    6591392 total
- age   4:      78856 bytes,    6670248 total
- age   5:     730584 bytes,    7400832 total
- age   6:        880 bytes,    7401712 total
- age   7:     197248 bytes,    7598960 total
- age   8:       4216 bytes,    7603176 total
: 95231K->8866K(109248K), 0.0277954 secs] 109254K->22917K(502464K), 0.0279245 secs] [Times: user=0.08 sys=0.00, real=0.03 secs] 
Heap after GC invocations=37 (full 1):
 par new generation   total 109248K, used 8866K [0x00000000e0000000, 0x00000000e8000000, 0x00000000e8000000)
  eden space 87424K,   0% used [0x00000000e0000000, 0x00000000e0000000, 0x00000000e5560000)
  from space 21824K,  40% used [0x00000000e6ab0000, 0x00000000e7358be0, 0x00000000e8000000)
  to   space 21824K,   0% used [0x00000000e5560000, 0x00000000e5560000, 0x00000000e6ab0000)
 concurrent mark-sweep generation total 393216K, used 14050K [0x00000000e8000000, 0x0000000100000000, 0x0000000100000000)
 Metaspace       used 33303K, capacity 33908K, committed 33996K, reserved 1079296K
  class space    used 3810K, capacity 3993K, committed 4044K, reserved 1048576K
}
2016-11-17T00:47:35.960+0100: 6085.359: Total time for which application threads were stopped: 0.0282457 seconds, Stopping threads took: 0.0000291 seconds
2016-11-17T00:47:35.964+0100: 6085.363: Total time for which application threads were stopped: 0.0002567 seconds, Stopping threads took: 0.0000611 seconds
2016-11-17T00:47:35.965+0100: 6085.363: Total time for which application threads were stopped: 0.0001412 seconds, Stopping threads took: 0.0000513 seconds
{Heap before GC invocations=37 (full 1):
 par new generation   total 109248K, used 96290K [0x00000000e0000000, 0x00000000e8000000, 0x00000000e8000000)
  eden space 87424K, 100% used [0x00000000e0000000, 0x00000000e5560000, 0x00000000e5560000)
  from space 21824K,  40% used [0x00000000e6ab0000, 0x00000000e7358be0, 0x00000000e8000000)
  to   space 21824K,   0% used [0x00000000e5560000, 0x00000000e5560000, 0x00000000e6ab0000)
 concurrent mark-sweep generation total 393216K, used 14050K [0x00000000e8000000, 0x0000000100000000, 0x0000000100000000)
 Metaspace       used 33338K, capacity 33956K, committed 34252K, reserved 1079296K
  class space    used 3814K, capacity 4001K, committed 4044K, reserved 1048576K
2016-11-17T00:47:36.031+0100: 6085.430: [GC (Allocation Failure) 2016-11-17T00:47:36.031+0100: 6085.430: [ParNew
Desired survivor size 20112992 bytes, new threshold 8 (max 8)
- age   1:     990240 bytes,     990240 total
- age   2:     674560 bytes,    1664800 total
- age   3:       2312 bytes,    1667112 total
- age   4:     245640 bytes,    1912752 total
- age   5:       1520 bytes,    1914272 total
- age   6:     208384 bytes,    2122656 total
- age   7:        880 bytes,    2123536 total
- age   8:     195944 bytes,    2319480 total
: 96290K->5781K(109248K), 0.0138139 secs] 110341K->19836K(502464K), 0.0139239 secs] [Times: user=0.04 sys=0.00, real=0.02 secs] 
Heap after GC invocations=38 (full 1):
 par new generation   total 109248K, used 5781K [0x00000000e0000000, 0x00000000e8000000, 0x00000000e8000000)
  eden space 87424K,   0% used [0x00000000e0000000, 0x00000000e0000000, 0x00000000e5560000)
  from space 21824K,  26% used [0x00000000e5560000, 0x00000000e5b05620, 0x00000000e6ab0000)
  to   space 21824K,   0% used [0x00000000e6ab0000, 0x00000000e6ab0000, 0x00000000e8000000)
 concurrent mark-sweep generation total 393216K, used 14055K [0x00000000e8000000, 0x0000000100000000, 0x0000000100000000)
 Metaspace       used 33338K, capacity 33956K, committed 34252K, reserved 1079296K
  class space    used 3814K, capacity 4001K, committed 4044K, reserved 1048576K
}
2016-11-17T00:47:36.045+0100: 6085.444: Total time for which application threads were stopped: 0.0142726 seconds, Stopping threads took: 0.0000233 seconds
2016-11-17T00:47:36.046+0100: 6085.444: Total time for which application threads were stopped: 0.0002121 seconds, Stopping threads took: 0.0000407 seconds
2016-11-17T00:47:36.160+0100: 6085.559: Total time for which application threads were stopped: 0.0002151 seconds, Stopping threads took: 0.0000384 seconds
2016-11-17T00:47:36.191+0100: 6085.590: Total time for which application threads were stopped: 0.0002354 seconds, Stopping threads took: 0.0000393 seconds
2016-11-17T00:47:36.336+0100: 6085.735: Total time for which application threads were stopped: 0.0001463 seconds, Stopping threads took: 0.0000249 seconds
2016-11-17T00:47:36.337+0100: 6085.735: Total time for which application threads were stopped: 0.0000740 seconds, Stopping threads took: 0.0000115 seconds
2016-11-17T00:47:36.337+0100: 6085.736: Total time for which application threads were stopped: 0.0000524 seconds, Stopping threads took: 0.0000066 seconds
2016-11-17T00:47:36.337+0100: 6085.736: Total time for which application threads were stopped: 0.0000519 seconds, Stopping threads took: 0.0000064 seconds
2016-11-17T00:47:36.337+0100: 6085.736: Total time for which application threads were stopped: 0.0000485 seconds, Stopping threads took: 0.0000062 seconds
2016-11-17T00:47:36.337+0100: 6085.736: Total time for which application threads were stopped: 0.0000480 seconds, Stopping threads took: 0.0000061 seconds
2016-11-17T00:47:36.337+0100: 6085.736: Total time for which application threads were stopped: 0.0000654 seconds, Stopping threads took: 0.0000061 seconds
2016-11-17T00:47:36.337+0100: 6085.736: Total time for which application threads were stopped: 0.0000650 seconds, Stopping threads took: 0.0000107 seconds
2016-11-17T00:47:36.337+0100: 6085.736: Total time for which application threads were stopped: 0.0000497 seconds, Stopping threads took: 0.0000065 seconds
2016-11-17T00:47:36.337+0100: 6085.736: Total time for which application threads were stopped: 0.0000488 seconds, Stopping threads took: 0.0000063 seconds
2016-11-17T00:47:36.339+0100: 6085.738: Total time for which application threads were stopped: 0.0001831 seconds, Stopping threads took: 0.0000212 seconds
2016-11-17T00:47:36.339+0100: 6085.738: Total time for which application threads were stopped: 0.0000798 seconds, Stopping threads took: 0.0000086 seconds
2016-11-17T00:47:37.340+0100: 6086.738: Total time for which application threads were stopped: 0.0001616 seconds, Stopping threads took: 0.0000279 seconds
{Heap before GC invocations=38 (full 1):
 par new generation   total 109248K, used 93205K [0x00000000e0000000, 0x00000000e8000000, 0x00000000e8000000)
  eden space 87424K, 100% used [0x00000000e0000000, 0x00000000e5560000, 0x00000000e5560000)
  from space 21824K,  26% used [0x00000000e5560000, 0x00000000e5b05620, 0x00000000e6ab0000)
  to   space 21824K,   0% used [0x00000000e6ab0000, 0x00000000e6ab0000, 0x00000000e8000000)
 concurrent mark-sweep generation total 393216K, used 14055K [0x00000000e8000000, 0x0000000100000000, 0x0000000100000000)
 Metaspace       used 33360K, capacity 33972K, committed 34252K, reserved 1079296K
  class space    used 3815K, capacity 4003K, committed 4044K, reserved 1048576K
2016-11-17T00:52:45.071+0100: 6394.470: [GC (Allocation Failure) 2016-11-17T00:52:45.071+0100: 6394.470: [ParNew
Desired survivor size 20112992 bytes, new threshold 8 (max 8)
- age   1:    3434512 bytes,    3434512 total
- age   2:     141856 bytes,    3576368 total
- age   3:     633328 bytes,    4209696 total
- age   4:       2312 bytes,    4212008 total
- age   5:     245400 bytes,    4457408 total
- age   6:       1520 bytes,    4458928 total
- age   7:     208352 bytes,    4667280 total
- age   8:        880 bytes,    4668160 total
: 93205K->5801K(109248K), 0.0096778 secs] 107260K->20050K(502464K), 0.0098224 secs] [Times: user=0.03 sys=0.00, real=0.01 secs] 
Heap after GC invocations=39 (full 1):
 par new generation   total 109248K, used 5801K [0x00000000e0000000, 0x00000000e8000000, 0x00000000e8000000)
  eden space 87424K,   0% used [0x00000000e0000000, 0x00000000e0000000, 0x00000000e5560000)
  from space 21824K,  26% used [0x00000000e6ab0000, 0x00000000e705a708, 0x00000000e8000000)
  to   space 21824K,   0% used [0x00000000e5560000, 0x00000000e5560000, 0x00000000e6ab0000)
 concurrent mark-sweep generation total 393216K, used 14248K [0x00000000e8000000, 0x0000000100000000, 0x0000000100000000)
 Metaspace       used 33360K, capacity 33972K, committed 34252K, reserved 1079296K
  class space    used 3815K, capacity 4003K, committed 4044K, reserved 1048576K
}
2016-11-17T00:52:45.081+0100: 6394.480: Total time for which application threads were stopped: 0.0100670 seconds, Stopping threads took: 0.0000229 seconds
2016-11-17T00:52:45.081+0100: 6394.480: Total time for which application threads were stopped: 0.0001530 seconds, Stopping threads took: 0.0000388 seconds
2016-11-17T00:52:45.082+0100: 6394.480: Total time for which application threads were stopped: 0.0001129 seconds, Stopping threads took: 0.0000256 seconds
{Heap before GC invocations=39 (full 1):
 par new generation   total 109248K, used 93225K [0x00000000e0000000, 0x00000000e8000000, 0x00000000e8000000)
  eden space 87424K, 100% used [0x00000000e0000000, 0x00000000e5560000, 0x00000000e5560000)
  from space 21824K,  26% used [0x00000000e6ab0000, 0x00000000e705a708, 0x00000000e8000000)
  to   space 21824K,   0% used [0x00000000e5560000, 0x00000000e5560000, 0x00000000e6ab0000)
 concurrent mark-sweep generation total 393216K, used 14248K [0x00000000e8000000, 0x0000000100000000, 0x0000000100000000)
 Metaspace       used 33367K, capacity 34036K, committed 34252K, reserved 1079296K
  class space    used 3815K, capacity 4003K, committed 4044K, reserved 1048576K
2016-11-17T00:52:45.141+0100: 6394.540: [GC (Allocation Failure) 2016-11-17T00:52:45.141+0100: 6394.540: [ParNew
Desired survivor size 20112992 bytes, new threshold 8 (max 8)
- age   1:     832456 bytes,     832456 total
- age   2:     692448 bytes,    1524904 total
- age   3:      11536 bytes,    1536440 total
- age   4:     195584 bytes,    1732024 total
- age   5:       2312 bytes,    1734336 total
- age   6:     242576 bytes,    1976912 total
- age   7:       1520 bytes,    1978432 total
- age   8:     208352 bytes,    2186784 total
: 93225K->3865K(109248K), 0.0051646 secs] 107474K->18115K(502464K), 0.0052673 secs] [Times: user=0.02 sys=0.00, real=0.01 secs] 
Heap after GC invocations=40 (full 1):
 par new generation   total 109248K, used 3865K [0x00000000e0000000, 0x00000000e8000000, 0x00000000e8000000)
  eden space 87424K,   0% used [0x00000000e0000000, 0x00000000e0000000, 0x00000000e5560000)
  from space 21824K,  17% used [0x00000000e5560000, 0x00000000e5926580, 0x00000000e6ab0000)
  to   space 21824K,   0% used [0x00000000e6ab0000, 0x00000000e6ab0000, 0x00000000e8000000)
 concurrent mark-sweep generation total 393216K, used 14249K [0x00000000e8000000, 0x0000000100000000, 0x0000000100000000)
 Metaspace       used 33367K, capacity 34036K, committed 34252K, reserved 1079296K
  class space    used 3815K, capacity 4003K, committed 4044K, reserved 1048576K
}
2016-11-17T00:52:45.146+0100: 6394.545: Total time for which application threads were stopped: 0.0055211 seconds, Stopping threads took: 0.0000220 seconds
2016-11-17T00:52:45.147+0100: 6394.545: Total time for which application threads were stopped: 0.0001699 seconds, Stopping threads took: 0.0000386 seconds
{Heap before GC invocations=40 (full 1):
 par new generation   total 109248K, used 91289K [0x00000000e0000000, 0x00000000e8000000, 0x00000000e8000000)
  eden space 87424K, 100% used [0x00000000e0000000, 0x00000000e5560000, 0x00000000e5560000)
  from space 21824K,  17% used [0x00000000e5560000, 0x00000000e5926580, 0x00000000e6ab0000)
  to   space 21824K,   0% used [0x00000000e6ab0000, 0x00000000e6ab0000, 0x00000000e8000000)
 concurrent mark-sweep generation total 393216K, used 14249K [0x00000000e8000000, 0x0000000100000000, 0x0000000100000000)
 Metaspace       used 33368K, capacity 34036K, committed 34252K, reserved 1079296K
  class space    used 3815K, capacity 4003K, committed 4044K, reserved 1048576K
2016-11-17T00:52:45.235+0100: 6394.634: [GC (Allocation Failure) 2016-11-17T00:52:45.235+0100: 6394.634: [ParNew
Desired survivor size 20112992 bytes, new threshold 8 (max 8)
- age   1:     716888 bytes,     716888 total
- age   2:     131904 bytes,     848792 total
- age   3:     682704 bytes,    1531496 total
- age   4:      11536 bytes,    1543032 total
- age   5:     195584 bytes,    1738616 total
- age   6:       2312 bytes,    1740928 total
- age   7:     242576 bytes,    1983504 total
- age   8:       1520 bytes,    1985024 total
: 91289K->2733K(109248K), 0.0047180 secs] 105539K->17189K(502464K), 0.0048282 secs] [Times: user=0.02 sys=0.00, real=0.01 secs] 
Heap after GC invocations=41 (full 1):
 par new generation   total 109248K, used 2733K [0x00000000e0000000, 0x00000000e8000000, 0x00000000e8000000)
  eden space 87424K,   0% used [0x00000000e0000000, 0x00000000e0000000, 0x00000000e5560000)
  from space 21824K,  12% used [0x00000000e6ab0000, 0x00000000e6d5b600, 0x00000000e8000000)
  to   space 21824K,   0% used [0x00000000e5560000, 0x00000000e5560000, 0x00000000e6ab0000)
 concurrent mark-sweep generation total 393216K, used 14455K [0x00000000e8000000, 0x0000000100000000, 0x0000000100000000)
 Metaspace       used 33368K, capacity 34036K, committed 34252K, reserved 1079296K
  class space    used 3815K, capacity 4003K, committed 4044K, reserved 1048576K
}
2016-11-17T00:52:45.240+0100: 6394.639: Total time for which application threads were stopped: 0.0050485 seconds, Stopping threads took: 0.0000227 seconds
2016-11-17T00:52:45.269+0100: 6394.667: Total time for which application threads were stopped: 0.0001969 seconds, Stopping threads took: 0.0000704 seconds
2016-11-17T00:52:45.300+0100: 6394.699: Total time for which application threads were stopped: 0.0002821 seconds, Stopping threads took: 0.0000752 seconds
2016-11-17T00:52:58.006+0100: 6407.405: Total time for which application threads were stopped: 0.0001264 seconds, Stopping threads took: 0.0000206 seconds
2016-11-17T00:52:58.006+0100: 6407.405: Total time for which application threads were stopped: 0.0000716 seconds, Stopping threads took: 0.0000068 seconds
2016-11-17T00:52:58.007+0100: 6407.405: Total time for which application threads were stopped: 0.0000836 seconds, Stopping threads took: 0.0000227 seconds
2016-11-17T00:52:58.007+0100: 6407.405: Total time for which application threads were stopped: 0.0000529 seconds, Stopping threads took: 0.0000086 seconds
2016-11-17T00:52:58.007+0100: 6407.406: Total time for which application threads were stopped: 0.0000745 seconds, Stopping threads took: 0.0000194 seconds
2016-11-17T00:52:58.007+0100: 6407.406: Total time for which application threads were stopped: 0.0000523 seconds, Stopping threads took: 0.0000096 seconds
2016-11-17T00:52:58.007+0100: 6407.406: Total time for which application threads were stopped: 0.0000691 seconds, Stopping threads took: 0.0000087 seconds
2016-11-17T00:52:58.007+0100: 6407.406: Total time for which application threads were stopped: 0.0000527 seconds, Stopping threads took: 0.0000090 seconds
2016-11-17T00:52:58.007+0100: 6407.406: Total time for which application threads were stopped: 0.0000605 seconds, Stopping threads took: 0.0000180 seconds
2016-11-17T00:52:58.007+0100: 6407.406: Total time for which application threads were stopped: 0.0000502 seconds, Stopping threads took: 0.0000095 seconds
2016-11-17T00:52:58.009+0100: 6407.408: Total time for which application threads were stopped: 0.0001563 seconds, Stopping threads took: 0.0000665 seconds
2016-11-17T00:52:58.009+0100: 6407.408: Total time for which application threads were stopped: 0.0001046 seconds, Stopping threads took: 0.0000502 seconds
{Heap before GC invocations=41 (full 1):
 par new generation   total 109248K, used 90156K [0x00000000e0000000, 0x00000000e8000000, 0x00000000e8000000)
  eden space 87424K,  99% used [0x00000000e0000000, 0x00000000e555fcd8, 0x00000000e5560000)
  from space 21824K,  12% used [0x00000000e6ab0000, 0x00000000e6d5b600, 0x00000000e8000000)
  to   space 21824K,   0% used [0x00000000e5560000, 0x00000000e5560000, 0x00000000e6ab0000)
 concurrent mark-sweep generation total 393216K, used 14455K [0x00000000e8000000, 0x0000000100000000, 0x0000000100000000)
 Metaspace       used 33395K, capacity 34036K, committed 34252K, reserved 1079296K
  class space    used 3815K, capacity 4003K, committed 4044K, reserved 1048576K
2016-11-17T00:54:48.391+0100: 6517.789: [GC (Allocation Failure) 2016-11-17T00:54:48.391+0100: 6517.789: [ParNew
Desired survivor size 20112992 bytes, new threshold 8 (max 8)
- age   1:    4031496 bytes,    4031496 total
- age   2:     296904 bytes,    4328400 total
- age   3:     130312 bytes,    4458712 total
- age   4:     663376 bytes,    5122088 total
- age   5:      11536 bytes,    5133624 total
- age   6:     195560 bytes,    5329184 total
- age   7:       2312 bytes,    5331496 total
- age   8:     242576 bytes,    5574072 total
: 90156K->5898K(109248K), 0.0075717 secs] 104612K->20355K(502464K), 0.0076944 secs] [Times: user=0.02 sys=0.01, real=0.01 secs] 
Heap after GC invocations=42 (full 1):
 par new generation   total 109248K, used 5898K [0x00000000e0000000, 0x00000000e8000000, 0x00000000e8000000)
  eden space 87424K,   0% used [0x00000000e0000000, 0x00000000e0000000, 0x00000000e5560000)
  from space 21824K,  27% used [0x00000000e5560000, 0x00000000e5b22940, 0x00000000e6ab0000)
  to   space 21824K,   0% used [0x00000000e6ab0000, 0x00000000e6ab0000, 0x00000000e8000000)
 concurrent mark-sweep generation total 393216K, used 14457K [0x00000000e8000000, 0x0000000100000000, 0x0000000100000000)
 Metaspace       used 33395K, capacity 34036K, committed 34252K, reserved 1079296K
  class space    used 3815K, capacity 4003K, committed 4044K, reserved 1048576K
}
2016-11-17T00:54:48.398+0100: 6517.797: Total time for which application threads were stopped: 0.0079637 seconds, Stopping threads took: 0.0000286 seconds
2016-11-17T00:54:48.399+0100: 6517.797: Total time for which application threads were stopped: 0.0001936 seconds, Stopping threads took: 0.0000437 seconds
2016-11-17T00:54:48.399+0100: 6517.797: Total time for which application threads were stopped: 0.0000830 seconds, Stopping threads took: 0.0000275 seconds
{Heap before GC invocations=42 (full 1):
 par new generation   total 109248K, used 93322K [0x00000000e0000000, 0x00000000e8000000, 0x00000000e8000000)
  eden space 87424K, 100% used [0x00000000e0000000, 0x00000000e5560000, 0x00000000e5560000)
  from space 21824K,  27% used [0x00000000e5560000, 0x00000000e5b22940, 0x00000000e6ab0000)
  to   space 21824K,   0% used [0x00000000e6ab0000, 0x00000000e6ab0000, 0x00000000e8000000)
 concurrent mark-sweep generation total 393216K, used 14457K [0x00000000e8000000, 0x0000000100000000, 0x0000000100000000)
 Metaspace       used 33509K, capacity 34216K, committed 34252K, reserved 1079296K
  class space    used 3832K, capacity 4033K, committed 4044K, reserved 1048576K
2016-11-17T00:54:48.481+0100: 6517.879: [GC (Allocation Failure) 2016-11-17T00:54:48.481+0100: 6517.879: [ParNew
Desired survivor size 20112992 bytes, new threshold 8 (max 8)
- age   1:     560208 bytes,     560208 total
- age   2:    1492136 bytes,    2052344 total
- age   3:       3688 bytes,    2056032 total
- age   4:       2808 bytes,    2058840 total
- age   5:     235896 bytes,    2294736 total
- age   6:      11536 bytes,    2306272 total
- age   7:     195560 bytes,    2501832 total
- age   8:       2312 bytes,    2504144 total
: 93322K->5167K(109248K), 0.0054383 secs] 107779K->19864K(502464K), 0.0055416 secs] [Times: user=0.01 sys=0.00, real=0.01 secs] 
Heap after GC invocations=43 (full 1):
 par new generation   total 109248K, used 5167K [0x00000000e0000000, 0x00000000e8000000, 0x00000000e8000000)
  eden space 87424K,   0% used [0x00000000e0000000, 0x00000000e0000000, 0x00000000e5560000)
  from space 21824K,  23% used [0x00000000e6ab0000, 0x00000000e6fbbc98, 0x00000000e8000000)
  to   space 21824K,   0% used [0x00000000e5560000, 0x00000000e5560000, 0x00000000e6ab0000)
 concurrent mark-sweep generation total 393216K, used 14697K [0x00000000e8000000, 0x0000000100000000, 0x0000000100000000)
 Metaspace       used 33509K, capacity 34216K, committed 34252K, reserved 1079296K
  class space    used 3832K, capacity 4033K, committed 4044K, reserved 1048576K
}
2016-11-17T00:54:48.486+0100: 6517.885: Total time for which application threads were stopped: 0.0058015 seconds, Stopping threads took: 0.0000265 seconds
2016-11-17T00:54:48.487+0100: 6517.885: Total time for which application threads were stopped: 0.0002053 seconds, Stopping threads took: 0.0000376 seconds
2016-11-17T00:54:48.556+0100: 6517.955: Total time for which application threads were stopped: 0.0002745 seconds, Stopping threads took: 0.0000960 seconds
2016-11-17T00:54:48.606+0100: 6518.004: Total time for which application threads were stopped: 0.0002993 seconds, Stopping threads took: 0.0000505 seconds
2016-11-17T00:56:09.514+0100: 6598.912: Total time for which application threads were stopped: 0.0001864 seconds, Stopping threads took: 0.0000292 seconds
2016-11-17T00:56:09.514+0100: 6598.913: Total time for which application threads were stopped: 0.0001177 seconds, Stopping threads took: 0.0000252 seconds
2016-11-17T00:56:09.514+0100: 6598.913: Total time for which application threads were stopped: 0.0000817 seconds, Stopping threads took: 0.0000092 seconds
2016-11-17T00:56:09.514+0100: 6598.913: Total time for which application threads were stopped: 0.0000731 seconds, Stopping threads took: 0.0000079 seconds
2016-11-17T00:56:09.515+0100: 6598.913: Total time for which application threads were stopped: 0.0000661 seconds, Stopping threads took: 0.0000069 seconds
2016-11-17T00:56:09.515+0100: 6598.913: Total time for which application threads were stopped: 0.0000684 seconds, Stopping threads took: 0.0000076 seconds
2016-11-17T00:56:09.515+0100: 6598.913: Total time for which application threads were stopped: 0.0000698 seconds, Stopping threads took: 0.0000075 seconds
2016-11-17T00:56:09.515+0100: 6598.914: Total time for which application threads were stopped: 0.0000700 seconds, Stopping threads took: 0.0000076 seconds
2016-11-17T00:56:09.515+0100: 6598.914: Total time for which application threads were stopped: 0.0000706 seconds, Stopping threads took: 0.0000080 seconds
2016-11-17T00:56:09.515+0100: 6598.914: Total time for which application threads were stopped: 0.0000731 seconds, Stopping threads took: 0.0000080 seconds
2016-11-17T00:56:09.517+0100: 6598.916: Total time for which application threads were stopped: 0.0001619 seconds, Stopping threads took: 0.0000243 seconds
2016-11-17T00:56:09.517+0100: 6598.916: Total time for which application threads were stopped: 0.0000757 seconds, Stopping threads took: 0.0000233 seconds
2016-11-17T00:58:11.531+0100: 6720.930: Total time for which application threads were stopped: 0.0002364 seconds, Stopping threads took: 0.0000378 seconds
{Heap before GC invocations=43 (full 1):
 par new generation   total 109248K, used 92591K [0x00000000e0000000, 0x00000000e8000000, 0x00000000e8000000)
  eden space 87424K, 100% used [0x00000000e0000000, 0x00000000e5560000, 0x00000000e5560000)
  from space 21824K,  23% used [0x00000000e6ab0000, 0x00000000e6fbbc98, 0x00000000e8000000)
  to   space 21824K,   0% used [0x00000000e5560000, 0x00000000e5560000, 0x00000000e6ab0000)
 concurrent mark-sweep generation total 393216K, used 14697K [0x00000000e8000000, 0x0000000100000000, 0x0000000100000000)
 Metaspace       used 33936K, capacity 34904K, committed 35148K, reserved 1081344K
  class space    used 3889K, capacity 4137K, committed 4172K, reserved 1048576K
2016-11-17T01:00:37.113+0100: 6866.512: [GC (Allocation Failure) 2016-11-17T01:00:37.113+0100: 6866.512: [ParNew
Desired survivor size 20112992 bytes, new threshold 8 (max 8)
- age   1:    4254456 bytes,    4254456 total
- age   2:     110944 bytes,    4365400 total
- age   3:     758072 bytes,    5123472 total
- age   4:       3688 bytes,    5127160 total
- age   5:       2808 bytes,    5129968 total
- age   6:     235800 bytes,    5365768 total
- age   7:      11536 bytes,    5377304 total
- age   8:     195296 bytes,    5572600 total
: 92591K->6223K(109248K), 0.0077166 secs] 107288K->20923K(502464K), 0.0078496 secs] [Times: user=0.02 sys=0.00, real=0.01 secs] 
Heap after GC invocations=44 (full 1):
 par new generation   total 109248K, used 6223K [0x00000000e0000000, 0x00000000e8000000, 0x00000000e8000000)
  eden space 87424K,   0% used [0x00000000e0000000, 0x00000000e0000000, 0x00000000e5560000)
  from space 21824K,  28% used [0x00000000e5560000, 0x00000000e5b73f10, 0x00000000e6ab0000)
  to   space 21824K,   0% used [0x00000000e6ab0000, 0x00000000e6ab0000, 0x00000000e8000000)
 concurrent mark-sweep generation total 393216K, used 14700K [0x00000000e8000000, 0x0000000100000000, 0x0000000100000000)
 Metaspace       used 33936K, capacity 34904K, committed 35148K, reserved 1081344K
  class space    used 3889K, capacity 4137K, committed 4172K, reserved 1048576K
}
2016-11-17T01:00:37.121+0100: 6866.520: Total time for which application threads were stopped: 0.0081071 seconds, Stopping threads took: 0.0000221 seconds
2016-11-17T01:00:37.121+0100: 6866.520: Total time for which application threads were stopped: 0.0001622 seconds, Stopping threads took: 0.0000384 seconds
2016-11-17T01:00:37.121+0100: 6866.520: Total time for which application threads were stopped: 0.0001014 seconds, Stopping threads took: 0.0000184 seconds
{Heap before GC invocations=44 (full 1):
 par new generation   total 109248K, used 93647K [0x00000000e0000000, 0x00000000e8000000, 0x00000000e8000000)
  eden space 87424K, 100% used [0x00000000e0000000, 0x00000000e5560000, 0x00000000e5560000)
  from space 21824K,  28% used [0x00000000e5560000, 0x00000000e5b73f10, 0x00000000e6ab0000)
  to   space 21824K,   0% used [0x00000000e6ab0000, 0x00000000e6ab0000, 0x00000000e8000000)
 concurrent mark-sweep generation total 393216K, used 14700K [0x00000000e8000000, 0x0000000100000000, 0x0000000100000000)
 Metaspace       used 33937K, capacity 34904K, committed 35148K, reserved 1081344K
  class space    used 3889K, capacity 4137K, committed 4172K, reserved 1048576K
2016-11-17T01:00:37.183+0100: 6866.582: [GC (Allocation Failure) 2016-11-17T01:00:37.183+0100: 6866.582: [ParNew
Desired survivor size 20112992 bytes, new threshold 8 (max 8)
- age   1:     436368 bytes,     436368 total
- age   2:    1578376 bytes,    2014744 total
- age   3:      31984 bytes,    2046728 total
- age   4:     220792 bytes,    2267520 total
- age   5:       3688 bytes,    2271208 total
- age   6:       2808 bytes,    2274016 total
- age   7:     234416 bytes,    2508432 total
- age   8:      10896 bytes,    2519328 total
: 93647K->4262K(109248K), 0.0050802 secs] 108347K->19155K(502464K), 0.0051775 secs] [Times: user=0.02 sys=0.00, real=0.01 secs] 
Heap after GC invocations=45 (full 1):
 par new generation   total 109248K, used 4262K [0x00000000e0000000, 0x00000000e8000000, 0x00000000e8000000)
  eden space 87424K,   0% used [0x00000000e0000000, 0x00000000e0000000, 0x00000000e5560000)
  from space 21824K,  19% used [0x00000000e6ab0000, 0x00000000e6ed9a00, 0x00000000e8000000)
  to   space 21824K,   0% used [0x00000000e5560000, 0x00000000e5560000, 0x00000000e6ab0000)
 concurrent mark-sweep generation total 393216K, used 14893K [0x00000000e8000000, 0x0000000100000000, 0x0000000100000000)
 Metaspace       used 33937K, capacity 34904K, committed 35148K, reserved 1081344K
  class space    used 3889K, capacity 4137K, committed 4172K, reserved 1048576K
}
2016-11-17T01:00:37.188+0100: 6866.587: Total time for which application threads were stopped: 0.0054292 seconds, Stopping threads took: 0.0000258 seconds
2016-11-17T01:00:37.188+0100: 6866.587: Total time for which application threads were stopped: 0.0001697 seconds, Stopping threads took: 0.0000347 seconds
2016-11-17T01:00:37.263+0100: 6866.662: Total time for which application threads were stopped: 0.0002399 seconds, Stopping threads took: 0.0000744 seconds
2016-11-17T01:00:37.291+0100: 6866.690: Total time for which application threads were stopped: 0.0002086 seconds, Stopping threads took: 0.0000434 seconds
2016-11-17T01:00:37.338+0100: 6866.736: Total time for which application threads were stopped: 0.0001335 seconds, Stopping threads took: 0.0000219 seconds
2016-11-17T01:00:37.338+0100: 6866.737: Total time for which application threads were stopped: 0.0000597 seconds, Stopping threads took: 0.0000085 seconds
2016-11-17T01:00:37.338+0100: 6866.737: Total time for which application threads were stopped: 0.0000595 seconds, Stopping threads took: 0.0000062 seconds
2016-11-17T01:00:37.338+0100: 6866.737: Total time for which application threads were stopped: 0.0000568 seconds, Stopping threads took: 0.0000075 seconds
2016-11-17T01:00:37.338+0100: 6866.737: Total time for which application threads were stopped: 0.0000539 seconds, Stopping threads took: 0.0000098 seconds
2016-11-17T01:00:37.338+0100: 6866.737: Total time for which application threads were stopped: 0.0000505 seconds, Stopping threads took: 0.0000065 seconds
2016-11-17T01:00:37.339+0100: 6866.737: Total time for which application threads were stopped: 0.0000515 seconds, Stopping threads took: 0.0000073 seconds
2016-11-17T01:00:37.339+0100: 6866.737: Total time for which application threads were stopped: 0.0000528 seconds, Stopping threads took: 0.0000081 seconds
2016-11-17T01:00:37.339+0100: 6866.737: Total time for which application threads were stopped: 0.0000542 seconds, Stopping threads took: 0.0000103 seconds
2016-11-17T01:00:37.339+0100: 6866.738: Total time for which application threads were stopped: 0.0000518 seconds, Stopping threads took: 0.0000081 seconds
2016-11-17T01:00:37.340+0100: 6866.739: Total time for which application threads were stopped: 0.0000973 seconds, Stopping threads took: 0.0000174 seconds
2016-11-17T01:00:37.340+0100: 6866.739: Total time for which application threads were stopped: 0.0000540 seconds, Stopping threads took: 0.0000087 seconds
2016-11-17T01:01:07.978+0100: 6897.377: Total time for which application threads were stopped: 0.0002208 seconds, Stopping threads took: 0.0000294 seconds
{Heap before GC invocations=45 (full 1):
 par new generation   total 109248K, used 91686K [0x00000000e0000000, 0x00000000e8000000, 0x00000000e8000000)
  eden space 87424K, 100% used [0x00000000e0000000, 0x00000000e5560000, 0x00000000e5560000)
  from space 21824K,  19% used [0x00000000e6ab0000, 0x00000000e6ed9a00, 0x00000000e8000000)
  to   space 21824K,   0% used [0x00000000e5560000, 0x00000000e5560000, 0x00000000e6ab0000)
 concurrent mark-sweep generation total 393216K, used 14893K [0x00000000e8000000, 0x0000000100000000, 0x0000000100000000)
 Metaspace       used 33965K, capacity 34968K, committed 35148K, reserved 1081344K
  class space    used 3889K, capacity 4137K, committed 4172K, reserved 1048576K
2016-11-17T01:01:08.024+0100: 6897.423: [GC (Allocation Failure) 2016-11-17T01:01:08.024+0100: 6897.423: [ParNew
Desired survivor size 20112992 bytes, new threshold 8 (max 8)
- age   1:    4229200 bytes,    4229200 total
- age   2:      78856 bytes,    4308056 total
- age   3:     856696 bytes,    5164752 total
- age   4:      31984 bytes,    5196736 total
- age   5:     220624 bytes,    5417360 total
- age   6:       3688 bytes,    5421048 total
- age   7:       2808 bytes,    5423856 total
- age   8:     221552 bytes,    5645408 total
: 91686K->6558K(109248K), 0.0087783 secs] 106579K->21462K(502464K), 0.0089305 secs] [Times: user=0.03 sys=0.00, real=0.01 secs] 
Heap after GC invocations=46 (full 1):
 par new generation   total 109248K, used 6558K [0x00000000e0000000, 0x00000000e8000000, 0x00000000e8000000)
  eden space 87424K,   0% used [0x00000000e0000000, 0x00000000e0000000, 0x00000000e5560000)
  from space 21824K,  30% used [0x00000000e5560000, 0x00000000e5bc7970, 0x00000000e6ab0000)
  to   space 21824K,   0% used [0x00000000e6ab0000, 0x00000000e6ab0000, 0x00000000e8000000)
 concurrent mark-sweep generation total 393216K, used 14904K [0x00000000e8000000, 0x0000000100000000, 0x0000000100000000)
 Metaspace       used 33965K, capacity 34968K, committed 35148K, reserved 1081344K
  class space    used 3889K, capacity 4137K, committed 4172K, reserved 1048576K
}
2016-11-17T01:01:08.033+0100: 6897.432: Total time for which application threads were stopped: 0.0092880 seconds, Stopping threads took: 0.0000272 seconds
2016-11-17T01:01:08.034+0100: 6897.432: Total time for which application threads were stopped: 0.0003869 seconds, Stopping threads took: 0.0000873 seconds
2016-11-17T01:01:08.034+0100: 6897.433: Total time for which application threads were stopped: 0.0001407 seconds, Stopping threads took: 0.0000288 seconds
{Heap before GC invocations=46 (full 1):
 par new generation   total 109248K, used 93982K [0x00000000e0000000, 0x00000000e8000000, 0x00000000e8000000)
  eden space 87424K, 100% used [0x00000000e0000000, 0x00000000e5560000, 0x00000000e5560000)
  from space 21824K,  30% used [0x00000000e5560000, 0x00000000e5bc7970, 0x00000000e6ab0000)
  to   space 21824K,   0% used [0x00000000e6ab0000, 0x00000000e6ab0000, 0x00000000e8000000)
 concurrent mark-sweep generation total 393216K, used 14904K [0x00000000e8000000, 0x0000000100000000, 0x0000000100000000)
 Metaspace       used 33965K, capacity 34968K, committed 35148K, reserved 1081344K
  class space    used 3889K, capacity 4137K, committed 4172K, reserved 1048576K
2016-11-17T01:01:08.078+0100: 6897.477: [GC (Allocation Failure) 2016-11-17T01:01:08.079+0100: 6897.477: [ParNew
Desired survivor size 20112992 bytes, new threshold 8 (max 8)
- age   1:      90008 bytes,      90008 total
- age   2:    1450816 bytes,    1540824 total
- age   3:       1520 bytes,    1542344 total
- age   4:     335832 bytes,    1878176 total
- age   5:      31984 bytes,    1910160 total
- age   6:     219320 bytes,    2129480 total
- age   7:       3688 bytes,    2133168 total
- age   8:       2808 bytes,    2135976 total
: 93982K->4362K(109248K), 0.0057935 secs] 108886K->19486K(502464K), 0.0059079 secs] [Times: user=0.02 sys=0.00, real=0.00 secs] 
Heap after GC invocations=47 (full 1):
 par new generation   total 109248K, used 4362K [0x00000000e0000000, 0x00000000e8000000, 0x00000000e8000000)
  eden space 87424K,   0% used [0x00000000e0000000, 0x00000000e0000000, 0x00000000e5560000)
  from space 21824K,  19% used [0x00000000e6ab0000, 0x00000000e6ef2bc0, 0x00000000e8000000)
  to   space 21824K,   0% used [0x00000000e5560000, 0x00000000e5560000, 0x00000000e6ab0000)
 concurrent mark-sweep generation total 393216K, used 15123K [0x00000000e8000000, 0x0000000100000000, 0x0000000100000000)
 Metaspace       used 33965K, capacity 34968K, committed 35148K, reserved 1081344K
  class space    used 3889K, capacity 4137K, committed 4172K, reserved 1048576K
}
2016-11-17T01:01:08.084+0100: 6897.483: Total time for which application threads were stopped: 0.0061448 seconds, Stopping threads took: 0.0000217 seconds
2016-11-17T01:01:08.085+0100: 6897.483: Total time for which application threads were stopped: 0.0001756 seconds, Stopping threads took: 0.0000353 seconds
2016-11-17T01:01:08.164+0100: 6897.563: Total time for which application threads were stopped: 0.0001857 seconds, Stopping threads took: 0.0000242 seconds
2016-11-17T01:01:08.192+0100: 6897.591: Total time for which application threads were stopped: 0.0002692 seconds, Stopping threads took: 0.0000756 seconds
2016-11-17T01:01:08.251+0100: 6897.650: Total time for which application threads were stopped: 0.0002115 seconds, Stopping threads took: 0.0000494 seconds
2016-11-17T01:01:08.251+0100: 6897.650: Total time for which application threads were stopped: 0.0001327 seconds, Stopping threads took: 0.0000364 seconds
2016-11-17T01:01:08.252+0100: 6897.650: Total time for which application threads were stopped: 0.0001005 seconds, Stopping threads took: 0.0000193 seconds
2016-11-17T01:01:08.252+0100: 6897.651: Total time for which application threads were stopped: 0.0001097 seconds, Stopping threads took: 0.0000305 seconds
2016-11-17T01:01:08.252+0100: 6897.651: Total time for which application threads were stopped: 0.0000901 seconds, Stopping threads took: 0.0000136 seconds
2016-11-17T01:01:08.252+0100: 6897.651: Total time for which application threads were stopped: 0.0000886 seconds, Stopping threads took: 0.0000125 seconds
2016-11-17T01:01:08.252+0100: 6897.651: Total time for which application threads were stopped: 0.0001264 seconds, Stopping threads took: 0.0000268 seconds
2016-11-17T01:01:08.252+0100: 6897.651: Total time for which application threads were stopped: 0.0000893 seconds, Stopping threads took: 0.0000125 seconds
2016-11-17T01:01:08.252+0100: 6897.651: Total time for which application threads were stopped: 0.0000955 seconds, Stopping threads took: 0.0000200 seconds
2016-11-17T01:01:08.253+0100: 6897.651: Total time for which application threads were stopped: 0.0001083 seconds, Stopping threads took: 0.0000275 seconds
2016-11-17T01:01:08.254+0100: 6897.653: Total time for which application threads were stopped: 0.0001633 seconds, Stopping threads took: 0.0000240 seconds
2016-11-17T01:01:08.255+0100: 6897.653: Total time for which application threads were stopped: 0.0000965 seconds, Stopping threads took: 0.0000136 seconds
{Heap before GC invocations=47 (full 1):
 par new generation   total 109248K, used 91784K [0x00000000e0000000, 0x00000000e8000000, 0x00000000e8000000)
  eden space 87424K,  99% used [0x00000000e0000000, 0x00000000e555f630, 0x00000000e5560000)
  from space 21824K,  19% used [0x00000000e6ab0000, 0x00000000e6ef2bc0, 0x00000000e8000000)
  to   space 21824K,   0% used [0x00000000e5560000, 0x00000000e5560000, 0x00000000e6ab0000)
 concurrent mark-sweep generation total 393216K, used 15123K [0x00000000e8000000, 0x0000000100000000, 0x0000000100000000)
 Metaspace       used 33981K, capacity 34968K, committed 35148K, reserved 1081344K
  class space    used 3889K, capacity 4137K, committed 4172K, reserved 1048576K
2016-11-17T01:05:27.966+0100: 7157.364: [GC (Allocation Failure) 2016-11-17T01:05:27.966+0100: 7157.365: [ParNew
Desired survivor size 20112992 bytes, new threshold 8 (max 8)
- age   1:    3367528 bytes,    3367528 total
- age   2:      69424 bytes,    3436952 total
- age   3:     730648 bytes,    4167600 total
- age   4:       1520 bytes,    4169120 total
- age   5:     335504 bytes,    4504624 total
- age   6:      31984 bytes,    4536608 total
- age   7:     219320 bytes,    4755928 total
- age   8:       3688 bytes,    4759616 total
: 91784K->5556K(109248K), 0.0233781 secs] 106907K->20683K(502464K), 0.0235000 secs] [Times: user=0.05 sys=0.00, real=0.02 secs] 
Heap after GC invocations=48 (full 1):
 par new generation   total 109248K, used 5556K [0x00000000e0000000, 0x00000000e8000000, 0x00000000e8000000)
  eden space 87424K,   0% used [0x00000000e0000000, 0x00000000e0000000, 0x00000000e5560000)
  from space 21824K,  25% used [0x00000000e5560000, 0x00000000e5acd330, 0x00000000e6ab0000)
  to   space 21824K,   0% used [0x00000000e6ab0000, 0x00000000e6ab0000, 0x00000000e8000000)
 concurrent mark-sweep generation total 393216K, used 15126K [0x00000000e8000000, 0x0000000100000000, 0x0000000100000000)
 Metaspace       used 33981K, capacity 34968K, committed 35148K, reserved 1081344K
  class space    used 3889K, capacity 4137K, committed 4172K, reserved 1048576K
}
2016-11-17T01:05:27.989+0100: 7157.388: Total time for which application threads were stopped: 0.0237719 seconds, Stopping threads took: 0.0000221 seconds
2016-11-17T01:05:27.990+0100: 7157.388: Total time for which application threads were stopped: 0.0001835 seconds, Stopping threads took: 0.0000390 seconds
2016-11-17T01:05:27.990+0100: 7157.389: Total time for which application threads were stopped: 0.0002574 seconds, Stopping threads took: 0.0000244 seconds
{Heap before GC invocations=48 (full 1):
 par new generation   total 109248K, used 92980K [0x00000000e0000000, 0x00000000e8000000, 0x00000000e8000000)
  eden space 87424K, 100% used [0x00000000e0000000, 0x00000000e5560000, 0x00000000e5560000)
  from space 21824K,  25% used [0x00000000e5560000, 0x00000000e5acd330, 0x00000000e6ab0000)
  to   space 21824K,   0% used [0x00000000e6ab0000, 0x00000000e6ab0000, 0x00000000e8000000)
 concurrent mark-sweep generation total 393216K, used 15126K [0x00000000e8000000, 0x0000000100000000, 0x0000000100000000)
 Metaspace       used 33987K, capacity 34968K, committed 35148K, reserved 1081344K
  class space    used 3889K, capacity 4137K, committed 4172K, reserved 1048576K
2016-11-17T01:05:28.045+0100: 7157.444: [GC (Allocation Failure) 2016-11-17T01:05:28.045+0100: 7157.444: [ParNew
Desired survivor size 20112992 bytes, new threshold 8 (max 8)
- age   1:     845872 bytes,     845872 total
- age   2:     699384 bytes,    1545256 total
- age   3:       2704 bytes,    1547960 total
- age   4:     215416 bytes,    1763376 total
- age   5:       1520 bytes,    1764896 total
- age   6:     325880 bytes,    2090776 total
- age   7:      29584 bytes,    2120360 total
- age   8:     219320 bytes,    2339680 total
: 92980K->4820K(109248K), 0.0084937 secs] 108107K->19950K(502464K), 0.0086171 secs] [Times: user=0.02 sys=0.00, real=0.01 secs] 
Heap after GC invocations=49 (full 1):
 par new generation   total 109248K, used 4820K [0x00000000e0000000, 0x00000000e8000000, 0x00000000e8000000)
  eden space 87424K,   0% used [0x00000000e0000000, 0x00000000e0000000, 0x00000000e5560000)
  from space 21824K,  22% used [0x00000000e6ab0000, 0x00000000e6f652a8, 0x00000000e8000000)
  to   space 21824K,   0% used [0x00000000e5560000, 0x00000000e5560000, 0x00000000e6ab0000)
 concurrent mark-sweep generation total 393216K, used 15129K [0x00000000e8000000, 0x0000000100000000, 0x0000000100000000)
 Metaspace       used 33987K, capacity 34968K, committed 35148K, reserved 1081344K
  class space    used 3889K, capacity 4137K, committed 4172K, reserved 1048576K
}
2016-11-17T01:05:28.054+0100: 7157.452: Total time for which application threads were stopped: 0.0089133 seconds, Stopping threads took: 0.0000260 seconds
2016-11-17T01:05:28.054+0100: 7157.453: Total time for which application threads were stopped: 0.0002132 seconds, Stopping threads took: 0.0000390 seconds
2016-11-17T01:05:28.180+0100: 7157.578: Total time for which application threads were stopped: 0.0002120 seconds, Stopping threads took: 0.0000299 seconds
2016-11-17T01:05:28.208+0100: 7157.606: Total time for which application threads were stopped: 0.0001918 seconds, Stopping threads took: 0.0000293 seconds
2016-11-17T01:05:28.271+0100: 7157.670: Total time for which application threads were stopped: 0.0001707 seconds, Stopping threads took: 0.0000215 seconds
2016-11-17T01:05:28.283+0100: 7157.681: Total time for which application threads were stopped: 0.0001375 seconds, Stopping threads took: 0.0000238 seconds
{Heap before GC invocations=49 (full 1):
 par new generation   total 109248K, used 92244K [0x00000000e0000000, 0x00000000e8000000, 0x00000000e8000000)
  eden space 87424K, 100% used [0x00000000e0000000, 0x00000000e5560000, 0x00000000e5560000)
  from space 21824K,  22% used [0x00000000e6ab0000, 0x00000000e6f652a8, 0x00000000e8000000)
  to   space 21824K,   0% used [0x00000000e5560000, 0x00000000e5560000, 0x00000000e6ab0000)
 concurrent mark-sweep generation total 393216K, used 15129K [0x00000000e8000000, 0x0000000100000000, 0x0000000100000000)
 Metaspace       used 33998K, capacity 34968K, committed 35148K, reserved 1081344K
  class space    used 3889K, capacity 4137K, committed 4172K, reserved 1048576K
2016-11-17T01:05:28.302+0100: 7157.700: [GC (Allocation Failure) 2016-11-17T01:05:28.302+0100: 7157.700: [ParNew
Desired survivor size 20112992 bytes, new threshold 8 (max 8)
- age   1:    3387432 bytes,    3387432 total
- age   2:     134552 bytes,    3521984 total
- age   3:     674416 bytes,    4196400 total
- age   4:       2704 bytes,    4199104 total
- age   5:     215416 bytes,    4414520 total
- age   6:       1520 bytes,    4416040 total
- age   7:     325880 bytes,    4741920 total
- age   8:      29584 bytes,    4771504 total
: 92244K->5478K(109248K), 0.0081839 secs] 107374K->20824K(502464K), 0.0082859 secs] [Times: user=0.03 sys=0.00, real=0.01 secs] 
Heap after GC invocations=50 (full 1):
 par new generation   total 109248K, used 5478K [0x00000000e0000000, 0x00000000e8000000, 0x00000000e8000000)
  eden space 87424K,   0% used [0x00000000e0000000, 0x00000000e0000000, 0x00000000e5560000)
  from space 21824K,  25% used [0x00000000e5560000, 0x00000000e5ab9808, 0x00000000e6ab0000)
  to   space 21824K,   0% used [0x00000000e6ab0000, 0x00000000e6ab0000, 0x00000000e8000000)
 concurrent mark-sweep generation total 393216K, used 15346K [0x00000000e8000000, 0x0000000100000000, 0x0000000100000000)
 Metaspace       used 33998K, capacity 34968K, committed 35148K, reserved 1081344K
  class space    used 3889K, capacity 4137K, committed 4172K, reserved 1048576K
}
2016-11-17T01:05:28.310+0100: 7157.709: Total time for which application threads were stopped: 0.0085339 seconds, Stopping threads took: 0.0000275 seconds
2016-11-17T01:05:28.310+0100: 7157.709: Total time for which application threads were stopped: 0.0002103 seconds, Stopping threads took: 0.0000509 seconds
2016-11-17T01:05:28.310+0100: 7157.709: Total time for which application threads were stopped: 0.0001821 seconds, Stopping threads took: 0.0000254 seconds
{Heap before GC invocations=50 (full 1):
 par new generation   total 109248K, used 92902K [0x00000000e0000000, 0x00000000e8000000, 0x00000000e8000000)
  eden space 87424K, 100% used [0x00000000e0000000, 0x00000000e5560000, 0x00000000e5560000)
  from space 21824K,  25% used [0x00000000e5560000, 0x00000000e5ab9808, 0x00000000e6ab0000)
  to   space 21824K,   0% used [0x00000000e6ab0000, 0x00000000e6ab0000, 0x00000000e8000000)
 concurrent mark-sweep generation total 393216K, used 15346K [0x00000000e8000000, 0x0000000100000000, 0x0000000100000000)
 Metaspace       used 33998K, capacity 34968K, committed 35148K, reserved 1081344K
  class space    used 3889K, capacity 4137K, committed 4172K, reserved 1048576K
2016-11-17T01:05:28.387+0100: 7157.786: [GC (Allocation Failure) 2016-11-17T01:05:28.387+0100: 7157.786: [ParNew
Desired survivor size 20112992 bytes, new threshold 8 (max 8)
- age   1:     962352 bytes,     962352 total
- age   2:    3120864 bytes,    4083216 total
- age   3:     134552 bytes,    4217768 total
- age   4:     674416 bytes,    4892184 total
- age   5:       2704 bytes,    4894888 total
- age   6:     215416 bytes,    5110304 total
- age   7:       1520 bytes,    5111824 total
- age   8:     325880 bytes,    5437704 total
: 92902K->7301K(109248K), 0.0083241 secs] 108248K->22678K(502464K), 0.0084464 secs] [Times: user=0.03 sys=0.00, real=0.01 secs] 
Heap after GC invocations=51 (full 1):
 par new generation   total 109248K, used 7301K [0x00000000e0000000, 0x00000000e8000000, 0x00000000e8000000)
  eden space 87424K,   0% used [0x00000000e0000000, 0x00000000e0000000, 0x00000000e5560000)
  from space 21824K,  33% used [0x00000000e6ab0000, 0x00000000e71d1740, 0x00000000e8000000)
  to   space 21824K,   0% used [0x00000000e5560000, 0x00000000e5560000, 0x00000000e6ab0000)
 concurrent mark-sweep generation total 393216K, used 15376K [0x00000000e8000000, 0x0000000100000000, 0x0000000100000000)
 Metaspace       used 33998K, capacity 34968K, committed 35148K, reserved 1081344K
  class space    used 3889K, capacity 4137K, committed 4172K, reserved 1048576K
}
2016-11-17T01:05:28.395+0100: 7157.794: Total time for which application threads were stopped: 0.0087000 seconds, Stopping threads took: 0.0000248 seconds
2016-11-17T01:05:28.396+0100: 7157.794: Total time for which application threads were stopped: 0.0002575 seconds, Stopping threads took: 0.0000233 seconds
{Heap before GC invocations=51 (full 1):
 par new generation   total 109248K, used 94725K [0x00000000e0000000, 0x00000000e8000000, 0x00000000e8000000)
  eden space 87424K, 100% used [0x00000000e0000000, 0x00000000e5560000, 0x00000000e5560000)
  from space 21824K,  33% used [0x00000000e6ab0000, 0x00000000e71d1740, 0x00000000e8000000)
  to   space 21824K,   0% used [0x00000000e5560000, 0x00000000e5560000, 0x00000000e6ab0000)
 concurrent mark-sweep generation total 393216K, used 15376K [0x00000000e8000000, 0x0000000100000000, 0x0000000100000000)
 Metaspace       used 34007K, capacity 34968K, committed 35148K, reserved 1081344K
  class space    used 3889K, capacity 4137K, committed 4172K, reserved 1048576K
2016-11-17T01:05:28.498+0100: 7157.897: [GC (Allocation Failure) 2016-11-17T01:05:28.498+0100: 7157.897: [ParNew
Desired survivor size 20112992 bytes, new threshold 8 (max 8)
- age   1:     571632 bytes,     571632 total
- age   2:     130736 bytes,     702368 total
- age   3:    3111080 bytes,    3813448 total
- age   4:     134576 bytes,    3948024 total
- age   5:     674416 bytes,    4622440 total
- age   6:       2704 bytes,    4625144 total
- age   7:     215416 bytes,    4840560 total
- age   8:       1520 bytes,    4842080 total
: 94725K->5808K(109248K), 0.0082482 secs] 110102K->21511K(502464K), 0.0083754 secs] [Times: user=0.03 sys=0.00, real=0.01 secs] 
Heap after GC invocations=52 (full 1):
 par new generation   total 109248K, used 5808K [0x00000000e0000000, 0x00000000e8000000, 0x00000000e8000000)
  eden space 87424K,   0% used [0x00000000e0000000, 0x00000000e0000000, 0x00000000e5560000)
  from space 21824K,  26% used [0x00000000e5560000, 0x00000000e5b0c080, 0x00000000e6ab0000)
  to   space 21824K,   0% used [0x00000000e6ab0000, 0x00000000e6ab0000, 0x00000000e8000000)
 concurrent mark-sweep generation total 393216K, used 15702K [0x00000000e8000000, 0x0000000100000000, 0x0000000100000000)
 Metaspace       used 34007K, capacity 34968K, committed 35148K, reserved 1081344K
  class space    used 3889K, capacity 4137K, committed 4172K, reserved 1048576K
}
2016-11-17T01:05:28.507+0100: 7157.905: Total time for which application threads were stopped: 0.0086176 seconds, Stopping threads took: 0.0000248 seconds
2016-11-17T01:05:28.518+0100: 7157.917: Total time for which application threads were stopped: 0.0001355 seconds, Stopping threads took: 0.0000202 seconds
2016-11-17T01:05:28.518+0100: 7157.917: Total time for which application threads were stopped: 0.0000602 seconds, Stopping threads took: 0.0000096 seconds
2016-11-17T01:05:28.526+0100: 7157.924: Total time for which application threads were stopped: 0.0002025 seconds, Stopping threads took: 0.0000416 seconds
2016-11-17T01:05:28.526+0100: 7157.925: Total time for which application threads were stopped: 0.0001412 seconds, Stopping threads took: 0.0000393 seconds
2016-11-17T01:05:28.528+0100: 7157.926: Total time for which application threads were stopped: 0.0001717 seconds, Stopping threads took: 0.0000432 seconds
2016-11-17T01:05:28.528+0100: 7157.926: Total time for which application threads were stopped: 0.0000909 seconds, Stopping threads took: 0.0000365 seconds
2016-11-17T01:05:28.528+0100: 7157.927: Total time for which application threads were stopped: 0.0000907 seconds, Stopping threads took: 0.0000244 seconds
2016-11-17T01:05:28.528+0100: 7157.927: Total time for which application threads were stopped: 0.0000583 seconds, Stopping threads took: 0.0000087 seconds
2016-11-17T01:05:28.528+0100: 7157.927: Total time for which application threads were stopped: 0.0000562 seconds, Stopping threads took: 0.0000090 seconds
2016-11-17T01:05:28.528+0100: 7157.927: Total time for which application threads were stopped: 0.0000698 seconds, Stopping threads took: 0.0000080 seconds
2016-11-17T01:05:28.528+0100: 7157.927: Total time for which application threads were stopped: 0.0000540 seconds, Stopping threads took: 0.0000084 seconds
2016-11-17T01:05:28.533+0100: 7157.932: Total time for which application threads were stopped: 0.0001719 seconds, Stopping threads took: 0.0000454 seconds
2016-11-17T01:05:28.533+0100: 7157.932: Total time for which application threads were stopped: 0.0000910 seconds, Stopping threads took: 0.0000137 seconds
2016-11-17T01:05:28.533+0100: 7157.932: Total time for which application threads were stopped: 0.0000676 seconds, Stopping threads took: 0.0000188 seconds
2016-11-17T01:05:28.533+0100: 7157.932: Total time for which application threads were stopped: 0.0000544 seconds, Stopping threads took: 0.0000094 seconds
2016-11-17T01:05:28.533+0100: 7157.932: Total time for which application threads were stopped: 0.0000700 seconds, Stopping threads took: 0.0000098 seconds
2016-11-17T01:05:28.534+0100: 7157.932: Total time for which application threads were stopped: 0.0000539 seconds, Stopping threads took: 0.0000089 seconds
2016-11-17T01:05:28.534+0100: 7157.932: Total time for which application threads were stopped: 0.0000533 seconds, Stopping threads took: 0.0000092 seconds
2016-11-17T01:05:28.534+0100: 7157.932: Total time for which application threads were stopped: 0.0000532 seconds, Stopping threads took: 0.0000089 seconds
2016-11-17T01:05:28.534+0100: 7157.932: Total time for which application threads were stopped: 0.0000661 seconds, Stopping threads took: 0.0000155 seconds
2016-11-17T01:05:28.534+0100: 7157.933: Total time for which application threads were stopped: 0.0000947 seconds, Stopping threads took: 0.0000372 seconds
2016-11-17T01:05:28.534+0100: 7157.933: Total time for which application threads were stopped: 0.0000829 seconds, Stopping threads took: 0.0000261 seconds
2016-11-17T01:05:28.534+0100: 7157.933: Total time for which application threads were stopped: 0.0000730 seconds, Stopping threads took: 0.0000224 seconds
2016-11-17T01:05:28.534+0100: 7157.933: Total time for which application threads were stopped: 0.0000792 seconds, Stopping threads took: 0.0000126 seconds
2016-11-17T01:05:28.534+0100: 7157.933: Total time for which application threads were stopped: 0.0000637 seconds, Stopping threads took: 0.0000155 seconds
2016-11-17T01:05:28.534+0100: 7157.933: Total time for which application threads were stopped: 0.0000762 seconds, Stopping threads took: 0.0000211 seconds
2016-11-17T01:05:28.535+0100: 7157.933: Total time for which application threads were stopped: 0.0000888 seconds, Stopping threads took: 0.0000338 seconds
2016-11-17T01:05:28.535+0100: 7157.933: Total time for which application threads were stopped: 0.0000783 seconds, Stopping threads took: 0.0000217 seconds
2016-11-17T01:05:28.536+0100: 7157.935: Total time for which application threads were stopped: 0.0015898 seconds, Stopping threads took: 0.0014522 seconds
2016-11-17T01:05:28.537+0100: 7157.935: Total time for which application threads were stopped: 0.0000798 seconds, Stopping threads took: 0.0000328 seconds
2016-11-17T01:05:28.537+0100: 7157.935: Total time for which application threads were stopped: 0.0000871 seconds, Stopping threads took: 0.0000350 seconds
2016-11-17T01:05:28.537+0100: 7157.936: Total time for which application threads were stopped: 0.0001780 seconds, Stopping threads took: 0.0000262 seconds
2016-11-17T01:05:28.540+0100: 7157.938: Total time for which application threads were stopped: 0.0001593 seconds, Stopping threads took: 0.0000407 seconds
2016-11-17T01:05:28.540+0100: 7157.938: Total time for which application threads were stopped: 0.0000777 seconds, Stopping threads took: 0.0000275 seconds
2016-11-17T01:05:28.541+0100: 7157.940: Total time for which application threads were stopped: 0.0001241 seconds, Stopping threads took: 0.0000171 seconds
2016-11-17T01:05:29.541+0100: 7158.940: Total time for which application threads were stopped: 0.0001346 seconds, Stopping threads took: 0.0000243 seconds
{Heap before GC invocations=52 (full 1):
 par new generation   total 109248K, used 93232K [0x00000000e0000000, 0x00000000e8000000, 0x00000000e8000000)
  eden space 87424K, 100% used [0x00000000e0000000, 0x00000000e5560000, 0x00000000e5560000)
  from space 21824K,  26% used [0x00000000e5560000, 0x00000000e5b0c080, 0x00000000e6ab0000)
  to   space 21824K,   0% used [0x00000000e6ab0000, 0x00000000e6ab0000, 0x00000000e8000000)
 concurrent mark-sweep generation total 393216K, used 15702K [0x00000000e8000000, 0x0000000100000000, 0x0000000100000000)
 Metaspace       used 34038K, capacity 34988K, committed 35148K, reserved 1081344K
  class space    used 3892K, capacity 4141K, committed 4172K, reserved 1048576K
2016-11-17T01:05:48.369+0100: 7177.768: [GC (Allocation Failure) 2016-11-17T01:05:48.369+0100: 7177.768: [ParNew
Desired survivor size 20112992 bytes, new threshold 8 (max 8)
- age   1:    3934912 bytes,    3934912 total
- age   2:     186880 bytes,    4121792 total
- age   3:     129144 bytes,    4250936 total
- age   4:    1513656 bytes,    5764592 total
- age   5:     134552 bytes,    5899144 total
- age   6:     660752 bytes,    6559896 total
- age   7:       2704 bytes,    6562600 total
- age   8:     215384 bytes,    6777984 total
: 93232K->8544K(109248K), 0.0355075 secs] 108935K->24249K(502464K), 0.0356347 secs] [Times: user=0.09 sys=0.00, real=0.03 secs] 
Heap after GC invocations=53 (full 1):
 par new generation   total 109248K, used 8544K [0x00000000e0000000, 0x00000000e8000000, 0x00000000e8000000)
  eden space 87424K,   0% used [0x00000000e0000000, 0x00000000e0000000, 0x00000000e5560000)
  from space 21824K,  39% used [0x00000000e6ab0000, 0x00000000e73083c0, 0x00000000e8000000)
  to   space 21824K,   0% used [0x00000000e5560000, 0x00000000e5560000, 0x00000000e6ab0000)
 concurrent mark-sweep generation total 393216K, used 15704K [0x00000000e8000000, 0x0000000100000000, 0x0000000100000000)
 Metaspace       used 34038K, capacity 34988K, committed 35148K, reserved 1081344K
  class space    used 3892K, capacity 4141K, committed 4172K, reserved 1048576K
}
2016-11-17T01:05:48.405+0100: 7177.804: Total time for which application threads were stopped: 0.0359844 seconds, Stopping threads took: 0.0000391 seconds
2016-11-17T01:05:48.406+0100: 7177.804: Total time for which application threads were stopped: 0.0002626 seconds, Stopping threads took: 0.0000530 seconds
2016-11-17T01:05:48.406+0100: 7177.804: Total time for which application threads were stopped: 0.0001013 seconds, Stopping threads took: 0.0000131 seconds
{Heap before GC invocations=53 (full 1):
 par new generation   total 109248K, used 95968K [0x00000000e0000000, 0x00000000e8000000, 0x00000000e8000000)
  eden space 87424K, 100% used [0x00000000e0000000, 0x00000000e5560000, 0x00000000e5560000)
  from space 21824K,  39% used [0x00000000e6ab0000, 0x00000000e73083c0, 0x00000000e8000000)
  to   space 21824K,   0% used [0x00000000e5560000, 0x00000000e5560000, 0x00000000e6ab0000)
 concurrent mark-sweep generation total 393216K, used 15704K [0x00000000e8000000, 0x0000000100000000, 0x0000000100000000)
 Metaspace       used 34038K, capacity 34988K, committed 35148K, reserved 1081344K
  class space    used 3892K, capacity 4141K, committed 4172K, reserved 1048576K
2016-11-17T01:05:48.481+0100: 7177.880: [GC (Allocation Failure) 2016-11-17T01:05:48.481+0100: 7177.880: [ParNew
Desired survivor size 20112992 bytes, new threshold 8 (max 8)
- age   1:      93584 bytes,      93584 total
- age   2:    3495736 bytes,    3589320 total
- age   3:     186880 bytes,    3776200 total
- age   4:     129144 bytes,    3905344 total
- age   5:    1507784 bytes,    5413128 total
- age   6:     134552 bytes,    5547680 total
- age   7:     660752 bytes,    6208432 total
- age   8:       2704 bytes,    6211136 total
: 95968K->8875K(109248K), 0.0151765 secs] 111673K->24793K(502464K), 0.0152866 secs] [Times: user=0.05 sys=0.00, real=0.02 secs] 
Heap after GC invocations=54 (full 1):
 par new generation   total 109248K, used 8875K [0x00000000e0000000, 0x00000000e8000000, 0x00000000e8000000)
  eden space 87424K,   0% used [0x00000000e0000000, 0x00000000e0000000, 0x00000000e5560000)
  from space 21824K,  40% used [0x00000000e5560000, 0x00000000e5e0af20, 0x00000000e6ab0000)
  to   space 21824K,   0% used [0x00000000e6ab0000, 0x00000000e6ab0000, 0x00000000e8000000)
 concurrent mark-sweep generation total 393216K, used 15917K [0x00000000e8000000, 0x0000000100000000, 0x0000000100000000)
 Metaspace       used 34038K, capacity 34988K, committed 35148K, reserved 1081344K
  class space    used 3892K, capacity 4141K, committed 4172K, reserved 1048576K
}
2016-11-17T01:05:48.497+0100: 7177.895: Total time for which application threads were stopped: 0.0155535 seconds, Stopping threads took: 0.0000279 seconds
2016-11-17T01:05:48.497+0100: 7177.896: Total time for which application threads were stopped: 0.0001965 seconds, Stopping threads took: 0.0000470 seconds
2016-11-17T01:05:48.558+0100: 7177.957: Total time for which application threads were stopped: 0.0002164 seconds, Stopping threads took: 0.0000435 seconds
2016-11-17T01:05:48.589+0100: 7177.987: Total time for which application threads were stopped: 0.0002023 seconds, Stopping threads took: 0.0000410 seconds
2016-11-17T01:05:48.636+0100: 7178.035: Total time for which application threads were stopped: 0.0001915 seconds, Stopping threads took: 0.0000287 seconds
2016-11-17T01:05:48.643+0100: 7178.042: Total time for which application threads were stopped: 0.0001680 seconds, Stopping threads took: 0.0000226 seconds
{Heap before GC invocations=54 (full 1):
 par new generation   total 109248K, used 96298K [0x00000000e0000000, 0x00000000e8000000, 0x00000000e8000000)
  eden space 87424K,  99% used [0x00000000e0000000, 0x00000000e555fab0, 0x00000000e5560000)
  from space 21824K,  40% used [0x00000000e5560000, 0x00000000e5e0af20, 0x00000000e6ab0000)
  to   space 21824K,   0% used [0x00000000e6ab0000, 0x00000000e6ab0000, 0x00000000e8000000)
 concurrent mark-sweep generation total 393216K, used 15917K [0x00000000e8000000, 0x0000000100000000, 0x0000000100000000)
 Metaspace       used 34046K, capacity 34992K, committed 35148K, reserved 1081344K
  class space    used 3892K, capacity 4141K, committed 4172K, reserved 1048576K
2016-11-17T01:05:48.728+0100: 7178.127: [GC (Allocation Failure) 2016-11-17T01:05:48.728+0100: 7178.127: [ParNew
Desired survivor size 20112992 bytes, new threshold 8 (max 8)
- age   1:    4218976 bytes,    4218976 total
- age   2:      83344 bytes,    4302320 total
- age   3:    2778896 bytes,    7081216 total
- age   4:     186880 bytes,    7268096 total
- age   5:     129144 bytes,    7397240 total
- age   6:    1507584 bytes,    8904824 total
- age   7:     134552 bytes,    9039376 total
- age   8:     660576 bytes,    9699952 total
: 96298K->11067K(109248K), 0.0237950 secs] 112216K->26988K(502464K), 0.0239184 secs] [Times: user=0.06 sys=0.00, real=0.02 secs] 
Heap after GC invocations=55 (full 1):
 par new generation   total 109248K, used 11067K [0x00000000e0000000, 0x00000000e8000000, 0x00000000e8000000)
  eden space 87424K,   0% used [0x00000000e0000000, 0x00000000e0000000, 0x00000000e5560000)
  from space 21824K,  50% used [0x00000000e6ab0000, 0x00000000e757eea0, 0x00000000e8000000)
  to   space 21824K,   0% used [0x00000000e5560000, 0x00000000e5560000, 0x00000000e6ab0000)
 concurrent mark-sweep generation total 393216K, used 15920K [0x00000000e8000000, 0x0000000100000000, 0x0000000100000000)
 Metaspace       used 34046K, capacity 34992K, committed 35148K, reserved 1081344K
  class space    used 3892K, capacity 4141K, committed 4172K, reserved 1048576K
}
2016-11-17T01:05:48.752+0100: 7178.151: Total time for which application threads were stopped: 0.0241906 seconds, Stopping threads took: 0.0000251 seconds
2016-11-17T01:05:48.752+0100: 7178.151: Total time for which application threads were stopped: 0.0002746 seconds, Stopping threads took: 0.0000536 seconds
2016-11-17T01:05:48.752+0100: 7178.151: Total time for which application threads were stopped: 0.0001033 seconds, Stopping threads took: 0.0000322 seconds
{Heap before GC invocations=55 (full 1):
 par new generation   total 109248K, used 98491K [0x00000000e0000000, 0x00000000e8000000, 0x00000000e8000000)
  eden space 87424K, 100% used [0x00000000e0000000, 0x00000000e5560000, 0x00000000e5560000)
  from space 21824K,  50% used [0x00000000e6ab0000, 0x00000000e757eea0, 0x00000000e8000000)
  to   space 21824K,   0% used [0x00000000e5560000, 0x00000000e5560000, 0x00000000e6ab0000)
 concurrent mark-sweep generation total 393216K, used 15920K [0x00000000e8000000, 0x0000000100000000, 0x0000000100000000)
 Metaspace       used 34046K, capacity 34992K, committed 35148K, reserved 1081344K
  class space    used 3892K, capacity 4141K, committed 4172K, reserved 1048576K
2016-11-17T01:05:48.848+0100: 7178.246: [GC (Allocation Failure) 2016-11-17T01:05:48.848+0100: 7178.246: [ParNew
Desired survivor size 20112992 bytes, new threshold 8 (max 8)
- age   1:     471584 bytes,     471584 total
- age   2:    3881168 bytes,    4352752 total
- age   3:      83344 bytes,    4436096 total
- age   4:    2778896 bytes,    7214992 total
- age   5:     186880 bytes,    7401872 total
- age   6:     129144 bytes,    7531016 total
- age   7:    1507624 bytes,    9038640 total
- age   8:     134552 bytes,    9173192 total
: 98491K->13816K(109248K), 0.0179850 secs] 114412K->30384K(502464K), 0.0181233 secs] [Times: user=0.04 sys=0.00, real=0.02 secs] 
Heap after GC invocations=56 (full 1):
 par new generation   total 109248K, used 13816K [0x00000000e0000000, 0x00000000e8000000, 0x00000000e8000000)
  eden space 87424K,   0% used [0x00000000e0000000, 0x00000000e0000000, 0x00000000e5560000)
  from space 21824K,  63% used [0x00000000e5560000, 0x00000000e62de138, 0x00000000e6ab0000)
  to   space 21824K,   0% used [0x00000000e6ab0000, 0x00000000e6ab0000, 0x00000000e8000000)
 concurrent mark-sweep generation total 393216K, used 16568K [0x00000000e8000000, 0x0000000100000000, 0x0000000100000000)
 Metaspace       used 34046K, capacity 34992K, committed 35148K, reserved 1081344K
  class space    used 3892K, capacity 4141K, committed 4172K, reserved 1048576K
}
2016-11-17T01:05:48.866+0100: 7178.265: Total time for which application threads were stopped: 0.0183800 seconds, Stopping threads took: 0.0000239 seconds
2016-11-17T01:05:48.866+0100: 7178.265: Total time for which application threads were stopped: 0.0002515 seconds, Stopping threads took: 0.0000432 seconds
2016-11-17T01:05:48.945+0100: 7178.344: Total time for which application threads were stopped: 0.0001769 seconds, Stopping threads took: 0.0000435 seconds
2016-11-17T01:05:48.945+0100: 7178.344: Total time for which application threads were stopped: 0.0000605 seconds, Stopping threads took: 0.0000097 seconds
2016-11-17T01:05:48.954+0100: 7178.353: Total time for which application threads were stopped: 0.0010602 seconds, Stopping threads took: 0.0009072 seconds
2016-11-17T01:05:48.960+0100: 7178.359: Total time for which application threads were stopped: 0.0002552 seconds, Stopping threads took: 0.0000525 seconds
2016-11-17T01:05:48.961+0100: 7178.359: Total time for which application threads were stopped: 0.0001171 seconds, Stopping threads took: 0.0000172 seconds
2016-11-17T01:05:48.961+0100: 7178.360: Total time for which application threads were stopped: 0.0000834 seconds, Stopping threads took: 0.0000113 seconds
2016-11-17T01:05:48.961+0100: 7178.360: Total time for which application threads were stopped: 0.0000748 seconds, Stopping threads took: 0.0000087 seconds
2016-11-17T01:05:48.961+0100: 7178.360: Total time for which application threads were stopped: 0.0000778 seconds, Stopping threads took: 0.0000099 seconds
2016-11-17T01:05:48.961+0100: 7178.360: Total time for which application threads were stopped: 0.0000811 seconds, Stopping threads took: 0.0000123 seconds
2016-11-17T01:05:48.961+0100: 7178.360: Total time for which application threads were stopped: 0.0000744 seconds, Stopping threads took: 0.0000101 seconds
2016-11-17T01:05:48.961+0100: 7178.360: Total time for which application threads were stopped: 0.0000774 seconds, Stopping threads took: 0.0000126 seconds
2016-11-17T01:05:48.973+0100: 7178.372: Total time for which application threads were stopped: 0.0002100 seconds, Stopping threads took: 0.0000472 seconds
2016-11-17T01:05:48.973+0100: 7178.372: Total time for which application threads were stopped: 0.0001418 seconds, Stopping threads took: 0.0000414 seconds
2016-11-17T01:05:48.977+0100: 7178.375: Total time for which application threads were stopped: 0.0034092 seconds, Stopping threads took: 0.0032353 seconds
2016-11-17T01:05:48.977+0100: 7178.376: Total time for which application threads were stopped: 0.0001032 seconds, Stopping threads took: 0.0000340 seconds
2016-11-17T01:05:48.977+0100: 7178.376: Total time for which application threads were stopped: 0.0000892 seconds, Stopping threads took: 0.0000222 seconds
2016-11-17T01:05:48.977+0100: 7178.376: Total time for which application threads were stopped: 0.0000886 seconds, Stopping threads took: 0.0000210 seconds
2016-11-17T01:05:48.977+0100: 7178.376: Total time for which application threads were stopped: 0.0001115 seconds, Stopping threads took: 0.0000401 seconds
2016-11-17T01:05:48.978+0100: 7178.377: Total time for which application threads were stopped: 0.0011229 seconds, Stopping threads took: 0.0009771 seconds
2016-11-17T01:05:48.979+0100: 7178.377: Total time for which application threads were stopped: 0.0001121 seconds, Stopping threads took: 0.0000373 seconds
2016-11-17T01:05:48.979+0100: 7178.377: Total time for which application threads were stopped: 0.0001047 seconds, Stopping threads took: 0.0000333 seconds
2016-11-17T01:05:48.979+0100: 7178.378: Total time for which application threads were stopped: 0.0000926 seconds, Stopping threads took: 0.0000237 seconds
2016-11-17T01:05:48.979+0100: 7178.378: Total time for which application threads were stopped: 0.0000849 seconds, Stopping threads took: 0.0000187 seconds
2016-11-17T01:05:48.979+0100: 7178.378: Total time for which application threads were stopped: 0.0000843 seconds, Stopping threads took: 0.0000183 seconds
2016-11-17T01:05:48.979+0100: 7178.378: Total time for which application threads were stopped: 0.0001316 seconds, Stopping threads took: 0.0000576 seconds
2016-11-17T01:05:48.979+0100: 7178.378: Total time for which application threads were stopped: 0.0000937 seconds, Stopping threads took: 0.0000231 seconds
2016-11-17T01:05:48.980+0100: 7178.378: Total time for which application threads were stopped: 0.0000896 seconds, Stopping threads took: 0.0000188 seconds
2016-11-17T01:05:48.980+0100: 7178.378: Total time for which application threads were stopped: 0.0000836 seconds, Stopping threads took: 0.0000185 seconds
2016-11-17T01:05:48.980+0100: 7178.378: Total time for which application threads were stopped: 0.0000847 seconds, Stopping threads took: 0.0000178 seconds
2016-11-17T01:05:48.980+0100: 7178.379: Total time for which application threads were stopped: 0.0000879 seconds, Stopping threads took: 0.0000203 seconds
2016-11-17T01:05:48.980+0100: 7178.379: Total time for which application threads were stopped: 0.0001101 seconds, Stopping threads took: 0.0000382 seconds
2016-11-17T01:05:48.980+0100: 7178.379: Total time for which application threads were stopped: 0.0003369 seconds, Stopping threads took: 0.0001099 seconds
2016-11-17T01:05:48.985+0100: 7178.384: Total time for which application threads were stopped: 0.0002121 seconds, Stopping threads took: 0.0000396 seconds
2016-11-17T01:05:48.986+0100: 7178.385: Total time for which application threads were stopped: 0.0011671 seconds, Stopping threads took: 0.0010116 seconds
2016-11-17T01:05:48.988+0100: 7178.387: Total time for which application threads were stopped: 0.0001376 seconds, Stopping threads took: 0.0000229 seconds
2016-11-17T01:05:49.002+0100: 7178.401: Total time for which application threads were stopped: 0.0001846 seconds, Stopping threads took: 0.0000259 seconds
2016-11-17T01:05:49.002+0100: 7178.401: Total time for which application threads were stopped: 0.0000791 seconds, Stopping threads took: 0.0000148 seconds
2016-11-17T01:05:49.003+0100: 7178.402: Total time for which application threads were stopped: 0.0001474 seconds, Stopping threads took: 0.0000218 seconds
2016-11-17T01:05:49.003+0100: 7178.402: Total time for which application threads were stopped: 0.0000756 seconds, Stopping threads took: 0.0000109 seconds
2016-11-17T01:05:49.003+0100: 7178.402: Total time for which application threads were stopped: 0.0000767 seconds, Stopping threads took: 0.0000082 seconds
2016-11-17T01:05:49.003+0100: 7178.402: Total time for which application threads were stopped: 0.0000718 seconds, Stopping threads took: 0.0000095 seconds
2016-11-17T01:05:49.003+0100: 7178.402: Total time for which application threads were stopped: 0.0000693 seconds, Stopping threads took: 0.0000090 seconds
2016-11-17T01:05:49.005+0100: 7178.404: Total time for which application threads were stopped: 0.0001785 seconds, Stopping threads took: 0.0000489 seconds
2016-11-17T01:05:49.005+0100: 7178.404: Total time for which application threads were stopped: 0.0000740 seconds, Stopping threads took: 0.0000119 seconds
2016-11-17T01:05:50.005+0100: 7179.404: Total time for which application threads were stopped: 0.0001674 seconds, Stopping threads took: 0.0000253 seconds
{Heap before GC invocations=56 (full 1):
 par new generation   total 109248K, used 101227K [0x00000000e0000000, 0x00000000e8000000, 0x00000000e8000000)
  eden space 87424K,  99% used [0x00000000e0000000, 0x00000000e555cb10, 0x00000000e5560000)
  from space 21824K,  63% used [0x00000000e5560000, 0x00000000e62de138, 0x00000000e6ab0000)
  to   space 21824K,   0% used [0x00000000e6ab0000, 0x00000000e6ab0000, 0x00000000e8000000)
 concurrent mark-sweep generation total 393216K, used 16568K [0x00000000e8000000, 0x0000000100000000, 0x0000000100000000)
 Metaspace       used 34076K, capacity 35056K, committed 35148K, reserved 1081344K
  class space    used 3893K, capacity 4141K, committed 4172K, reserved 1048576K
2016-11-17T01:06:25.551+0100: 7214.949: [GC (Allocation Failure) 2016-11-17T01:06:25.551+0100: 7214.949: [ParNew
Desired survivor size 20112992 bytes, new threshold 8 (max 8)
- age   1:    3825568 bytes,    3825568 total
- age   2:      80136 bytes,    3905704 total
- age   3:    1579928 bytes,    5485632 total
- age   4:      83344 bytes,    5568976 total
- age   5:    2765576 bytes,    8334552 total
- age   6:     186880 bytes,    8521432 total
- age   7:     129144 bytes,    8650576 total
- age   8:    1507560 bytes,   10158136 total
: 101227K->11586K(109248K), 0.0129803 secs] 117795K->28288K(502464K), 0.0130574 secs] [Times: user=0.04 sys=0.00, real=0.01 secs] 
Heap after GC invocations=57 (full 1):
 par new generation   total 109248K, used 11586K [0x00000000e0000000, 0x00000000e8000000, 0x00000000e8000000)
  eden space 87424K,   0% used [0x00000000e0000000, 0x00000000e0000000, 0x00000000e5560000)
  from space 21824K,  53% used [0x00000000e6ab0000, 0x00000000e7600a18, 0x00000000e8000000)
  to   space 21824K,   0% used [0x00000000e5560000, 0x00000000e5560000, 0x00000000e6ab0000)
 concurrent mark-sweep generation total 393216K, used 16702K [0x00000000e8000000, 0x0000000100000000, 0x0000000100000000)
 Metaspace       used 34076K, capacity 35056K, committed 35148K, reserved 1081344K
  class space    used 3893K, capacity 4141K, committed 4172K, reserved 1048576K
}
2016-11-17T01:06:25.564+0100: 7214.963: Total time for which application threads were stopped: 0.0133608 seconds, Stopping threads took: 0.0000239 seconds
2016-11-17T01:06:25.564+0100: 7214.963: Total time for which application threads were stopped: 0.0001851 seconds, Stopping threads took: 0.0000585 seconds
2016-11-17T01:06:25.564+0100: 7214.963: Total time for which application threads were stopped: 0.0000950 seconds, Stopping threads took: 0.0000191 seconds
{Heap before GC invocations=57 (full 1):
 par new generation   total 109248K, used 99010K [0x00000000e0000000, 0x00000000e8000000, 0x00000000e8000000)
  eden space 87424K, 100% used [0x00000000e0000000, 0x00000000e5560000, 0x00000000e5560000)
  from space 21824K,  53% used [0x00000000e6ab0000, 0x00000000e7600a18, 0x00000000e8000000)
  to   space 21824K,   0% used [0x00000000e5560000, 0x00000000e5560000, 0x00000000e6ab0000)
 concurrent mark-sweep generation total 393216K, used 16702K [0x00000000e8000000, 0x0000000100000000, 0x0000000100000000)
 Metaspace       used 34076K, capacity 35056K, committed 35148K, reserved 1081344K
  class space    used 3893K, capacity 4141K, committed 4172K, reserved 1048576K
2016-11-17T01:06:25.611+0100: 7215.010: [GC (Allocation Failure) 2016-11-17T01:06:25.611+0100: 7215.010: [ParNew
Desired survivor size 20112992 bytes, new threshold 8 (max 8)
- age   1:     242888 bytes,     242888 total
- age   2:    1447344 bytes,    1690232 total
- age   3:       1520 bytes,    1691752 total
- age   4:     224600 bytes,    1916352 total
- age   5:        880 bytes,    1917232 total
- age   6:    2231832 bytes,    4149064 total
- age   7:     186880 bytes,    4335944 total
- age   8:     129144 bytes,    4465088 total
: 99010K->8493K(109248K), 0.0099113 secs] 115712K->26676K(502464K), 0.0100121 secs] [Times: user=0.04 sys=0.00, real=0.01 secs] 
Heap after GC invocations=58 (full 1):
 par new generation   total 109248K, used 8493K [0x00000000e0000000, 0x00000000e8000000, 0x00000000e8000000)
  eden space 87424K,   0% used [0x00000000e0000000, 0x00000000e0000000, 0x00000000e5560000)
  from space 21824K,  38% used [0x00000000e5560000, 0x00000000e5dab580, 0x00000000e6ab0000)
  to   space 21824K,   0% used [0x00000000e6ab0000, 0x00000000e6ab0000, 0x00000000e8000000)
 concurrent mark-sweep generation total 393216K, used 18182K [0x00000000e8000000, 0x0000000100000000, 0x0000000100000000)
 Metaspace       used 34076K, capacity 35056K, committed 35148K, reserved 1081344K
  class space    used 3893K, capacity 4141K, committed 4172K, reserved 1048576K
}
2016-11-17T01:06:25.621+0100: 7215.020: Total time for which application threads were stopped: 0.0103077 seconds, Stopping threads took: 0.0000360 seconds
2016-11-17T01:06:25.622+0100: 7215.020: Total time for which application threads were stopped: 0.0001986 seconds, Stopping threads took: 0.0000486 seconds
2016-11-17T01:06:25.696+0100: 7215.094: Total time for which application threads were stopped: 0.0002414 seconds, Stopping threads took: 0.0000185 seconds
2016-11-17T01:06:25.699+0100: 7215.098: Total time for which application threads were stopped: 0.0001769 seconds, Stopping threads took: 0.0000468 seconds
2016-11-17T01:06:25.727+0100: 7215.126: Total time for which application threads were stopped: 0.0002399 seconds, Stopping threads took: 0.0000470 seconds
2016-11-17T01:06:26.727+0100: 7216.126: Total time for which application threads were stopped: 0.0002366 seconds, Stopping threads took: 0.0000362 seconds
2016-11-17T01:06:44.990+0100: 7234.388: Total time for which application threads were stopped: 0.0001468 seconds, Stopping threads took: 0.0000245 seconds
2016-11-17T01:06:44.994+0100: 7234.393: Total time for which application threads were stopped: 0.0001586 seconds, Stopping threads took: 0.0000406 seconds
{Heap before GC invocations=58 (full 1):
 par new generation   total 109248K, used 95917K [0x00000000e0000000, 0x00000000e8000000, 0x00000000e8000000)
  eden space 87424K, 100% used [0x00000000e0000000, 0x00000000e5560000, 0x00000000e5560000)
  from space 21824K,  38% used [0x00000000e5560000, 0x00000000e5dab580, 0x00000000e6ab0000)
  to   space 21824K,   0% used [0x00000000e6ab0000, 0x00000000e6ab0000, 0x00000000e8000000)
 concurrent mark-sweep generation total 393216K, used 18182K [0x00000000e8000000, 0x0000000100000000, 0x0000000100000000)
 Metaspace       used 34082K, capacity 35056K, committed 35148K, reserved 1081344K
  class space    used 3893K, capacity 4141K, committed 4172K, reserved 1048576K
2016-11-17T01:06:45.022+0100: 7234.420: [GC (Allocation Failure) 2016-11-17T01:06:45.022+0100: 7234.420: [ParNew
Desired survivor size 20112992 bytes, new threshold 8 (max 8)
- age   1:    3352264 bytes,    3352264 total
- age   2:      70064 bytes,    3422328 total
- age   3:     730160 bytes,    4152488 total
- age   4:       1520 bytes,    4154008 total
- age   5:     224504 bytes,    4378512 total
- age   6:        880 bytes,    4379392 total
- age   7:    2231800 bytes,    6611192 total
- age   8:     186880 bytes,    6798072 total
: 95917K->8343K(109248K), 0.0114215 secs] 114100K->26654K(502464K), 0.0116392 secs] [Times: user=0.03 sys=0.00, real=0.01 secs] 
Heap after GC invocations=59 (full 1):
 par new generation   total 109248K, used 8343K [0x00000000e0000000, 0x00000000e8000000, 0x00000000e8000000)
  eden space 87424K,   0% used [0x00000000e0000000, 0x00000000e0000000, 0x00000000e5560000)
  from space 21824K,  38% used [0x00000000e6ab0000, 0x00000000e72d5e60, 0x00000000e8000000)
  to   space 21824K,   0% used [0x00000000e5560000, 0x00000000e5560000, 0x00000000e6ab0000)
 concurrent mark-sweep generation total 393216K, used 18311K [0x00000000e8000000, 0x0000000100000000, 0x0000000100000000)
 Metaspace       used 34082K, capacity 35056K, committed 35148K, reserved 1081344K
  class space    used 3893K, capacity 4141K, committed 4172K, reserved 1048576K
}
2016-11-17T01:06:45.033+0100: 7234.432: Total time for which application threads were stopped: 0.0120581 seconds, Stopping threads took: 0.0000512 seconds
2016-11-17T01:06:45.034+0100: 7234.432: Total time for which application threads were stopped: 0.0002447 seconds, Stopping threads took: 0.0000361 seconds
2016-11-17T01:06:45.034+0100: 7234.433: Total time for which application threads were stopped: 0.0001268 seconds, Stopping threads took: 0.0000404 seconds
{Heap before GC invocations=59 (full 1):
 par new generation   total 109248K, used 95767K [0x00000000e0000000, 0x00000000e8000000, 0x00000000e8000000)
  eden space 87424K, 100% used [0x00000000e0000000, 0x00000000e5560000, 0x00000000e5560000)
  from space 21824K,  38% used [0x00000000e6ab0000, 0x00000000e72d5e60, 0x00000000e8000000)
  to   space 21824K,   0% used [0x00000000e5560000, 0x00000000e5560000, 0x00000000e6ab0000)
 concurrent mark-sweep generation total 393216K, used 18311K [0x00000000e8000000, 0x0000000100000000, 0x0000000100000000)
 Metaspace       used 34084K, capacity 35056K, committed 35148K, reserved 1081344K
  class space    used 3893K, capacity 4141K, committed 4172K, reserved 1048576K
2016-11-17T01:06:45.084+0100: 7234.483: [GC (Allocation Failure) 2016-11-17T01:06:45.084+0100: 7234.483: [ParNew
Desired survivor size 20112992 bytes, new threshold 8 (max 8)
- age   1:     871392 bytes,     871392 total
- age   2:    3118664 bytes,    3990056 total
- age   3:      70064 bytes,    4060120 total
- age   4:     730160 bytes,    4790280 total
- age   5:       1520 bytes,    4791800 total
- age   6:     224504 bytes,    5016304 total
- age   7:        880 bytes,    5017184 total
- age   8:    2231800 bytes,    7248984 total
: 95767K->11044K(109248K), 0.0116138 secs] 114078K->29540K(502464K), 0.0117331 secs] [Times: user=0.06 sys=0.00, real=0.02 secs] 
Heap after GC invocations=60 (full 1):
 par new generation   total 109248K, used 11044K [0x00000000e0000000, 0x00000000e8000000, 0x00000000e8000000)
  eden space 87424K,   0% used [0x00000000e0000000, 0x00000000e0000000, 0x00000000e5560000)
  from space 21824K,  50% used [0x00000000e5560000, 0x00000000e6029280, 0x00000000e6ab0000)
  to   space 21824K,   0% used [0x00000000e6ab0000, 0x00000000e6ab0000, 0x00000000e8000000)
 concurrent mark-sweep generation total 393216K, used 18496K [0x00000000e8000000, 0x0000000100000000, 0x0000000100000000)
 Metaspace       used 34084K, capacity 35056K, committed 35148K, reserved 1081344K
  class space    used 3893K, capacity 4141K, committed 4172K, reserved 1048576K
}
2016-11-17T01:06:45.096+0100: 7234.495: Total time for which application threads were stopped: 0.0120278 seconds, Stopping threads took: 0.0000320 seconds
2016-11-17T01:06:45.096+0100: 7234.495: Total time for which application threads were stopped: 0.0001803 seconds, Stopping threads took: 0.0000420 seconds
2016-11-17T01:06:45.176+0100: 7234.574: Total time for which application threads were stopped: 0.0001401 seconds, Stopping threads took: 0.0000261 seconds
2016-11-17T01:06:45.176+0100: 7234.575: Total time for which application threads were stopped: 0.0001571 seconds, Stopping threads took: 0.0000110 seconds
2016-11-17T01:06:45.181+0100: 7234.580: Total time for which application threads were stopped: 0.0001781 seconds, Stopping threads took: 0.0000308 seconds
2016-11-17T01:06:45.208+0100: 7234.606: Total time for which application threads were stopped: 0.0002186 seconds, Stopping threads took: 0.0000297 seconds
2016-11-17T01:06:45.208+0100: 7234.607: Total time for which application threads were stopped: 0.0001867 seconds, Stopping threads took: 0.0000150 seconds
2016-11-17T01:06:45.209+0100: 7234.607: Total time for which application threads were stopped: 0.0001449 seconds, Stopping threads took: 0.0000114 seconds
2016-11-17T01:06:45.209+0100: 7234.608: Total time for which application threads were stopped: 0.0001420 seconds, Stopping threads took: 0.0000112 seconds
2016-11-17T01:06:45.209+0100: 7234.608: Total time for which application threads were stopped: 0.0001570 seconds, Stopping threads took: 0.0000120 seconds
2016-11-17T01:06:45.209+0100: 7234.608: Total time for which application threads were stopped: 0.0001405 seconds, Stopping threads took: 0.0000115 seconds
2016-11-17T01:06:45.209+0100: 7234.608: Total time for which application threads were stopped: 0.0000573 seconds, Stopping threads took: 0.0000100 seconds
2016-11-17T01:06:45.210+0100: 7234.608: Total time for which application threads were stopped: 0.0001189 seconds, Stopping threads took: 0.0000080 seconds
2016-11-17T01:06:45.214+0100: 7234.613: Total time for which application threads were stopped: 0.0002321 seconds, Stopping threads took: 0.0001068 seconds
2016-11-17T01:06:45.217+0100: 7234.616: Total time for which application threads were stopped: 0.0002930 seconds, Stopping threads took: 0.0000391 seconds
2016-11-17T01:06:45.218+0100: 7234.616: Total time for which application threads were stopped: 0.0001755 seconds, Stopping threads took: 0.0000512 seconds
2016-11-17T01:06:45.219+0100: 7234.618: Total time for which application threads were stopped: 0.0001387 seconds, Stopping threads took: 0.0000495 seconds
2016-11-17T01:06:45.220+0100: 7234.619: Total time for which application threads were stopped: 0.0001907 seconds, Stopping threads took: 0.0000697 seconds
2016-11-17T01:06:46.221+0100: 7235.619: Total time for which application threads were stopped: 0.0002089 seconds, Stopping threads took: 0.0000357 seconds
2016-11-17T01:06:48.315+0100: 7237.714: Total time for which application threads were stopped: 0.0001910 seconds, Stopping threads took: 0.0000453 seconds
2016-11-17T01:06:48.316+0100: 7237.714: Total time for which application threads were stopped: 0.0001426 seconds, Stopping threads took: 0.0000622 seconds
2016-11-17T01:06:48.316+0100: 7237.715: Total time for which application threads were stopped: 0.0001031 seconds, Stopping threads took: 0.0000280 seconds
2016-11-17T01:06:48.316+0100: 7237.715: Total time for which application threads were stopped: 0.0001074 seconds, Stopping threads took: 0.0000289 seconds
2016-11-17T01:06:48.316+0100: 7237.715: Total time for which application threads were stopped: 0.0001479 seconds, Stopping threads took: 0.0000219 seconds
2016-11-17T01:06:48.316+0100: 7237.715: Total time for which application threads were stopped: 0.0001053 seconds, Stopping threads took: 0.0000300 seconds
2016-11-17T01:06:48.317+0100: 7237.715: Total time for which application threads were stopped: 0.0001119 seconds, Stopping threads took: 0.0000387 seconds
2016-11-17T01:06:48.319+0100: 7237.718: Total time for which application threads were stopped: 0.0001539 seconds, Stopping threads took: 0.0000520 seconds
2016-11-17T01:06:48.319+0100: 7237.718: Total time for which application threads were stopped: 0.0001682 seconds, Stopping threads took: 0.0000755 seconds
{Heap before GC invocations=60 (full 1):
 par new generation   total 109248K, used 98468K [0x00000000e0000000, 0x00000000e8000000, 0x00000000e8000000)
  eden space 87424K, 100% used [0x00000000e0000000, 0x00000000e5560000, 0x00000000e5560000)
  from space 21824K,  50% used [0x00000000e5560000, 0x00000000e6029280, 0x00000000e6ab0000)
  to   space 21824K,   0% used [0x00000000e6ab0000, 0x00000000e6ab0000, 0x00000000e8000000)
 concurrent mark-sweep generation total 393216K, used 18496K [0x00000000e8000000, 0x0000000100000000, 0x0000000100000000)
 Metaspace       used 34105K, capacity 35056K, committed 35148K, reserved 1081344K
  class space    used 3893K, capacity 4141K, committed 4172K, reserved 1048576K
2016-11-17T01:10:55.162+0100: 7484.561: [GC (Allocation Failure) 2016-11-17T01:10:55.163+0100: 7484.561: [ParNew
Desired survivor size 20112992 bytes, new threshold 8 (max 8)
- age   1:    1566552 bytes,    1566552 total
- age   2:     126912 bytes,    1693464 total
- age   3:    3079928 bytes,    4773392 total
- age   4:      70064 bytes,    4843456 total
- age   5:     713904 bytes,    5557360 total
- age   6:       1520 bytes,    5558880 total
- age   7:     224504 bytes,    5783384 total
- age   8:        880 bytes,    5784264 total
: 98468K->7088K(109248K), 0.0444387 secs] 116964K->28009K(502464K), 0.0445867 secs] [Times: user=0.07 sys=0.00, real=0.05 secs] 
Heap after GC invocations=61 (full 1):
 par new generation   total 109248K, used 7088K [0x00000000e0000000, 0x00000000e8000000, 0x00000000e8000000)
  eden space 87424K,   0% used [0x00000000e0000000, 0x00000000e0000000, 0x00000000e5560000)
  from space 21824K,  32% used [0x00000000e6ab0000, 0x00000000e719c118, 0x00000000e8000000)
  to   space 21824K,   0% used [0x00000000e5560000, 0x00000000e5560000, 0x00000000e6ab0000)
 concurrent mark-sweep generation total 393216K, used 20921K [0x00000000e8000000, 0x0000000100000000, 0x0000000100000000)
 Metaspace       used 34105K, capacity 35056K, committed 35148K, reserved 1081344K
  class space    used 3893K, capacity 4141K, committed 4172K, reserved 1048576K
}
2016-11-17T01:10:55.207+0100: 7484.606: Total time for which application threads were stopped: 0.0449723 seconds, Stopping threads took: 0.0000570 seconds
2016-11-17T01:10:55.207+0100: 7484.606: Total time for which application threads were stopped: 0.0001903 seconds, Stopping threads took: 0.0000452 seconds
2016-11-17T01:10:55.208+0100: 7484.606: Total time for which application threads were stopped: 0.0001550 seconds, Stopping threads took: 0.0000284 seconds
{Heap before GC invocations=61 (full 1):
 par new generation   total 109248K, used 94512K [0x00000000e0000000, 0x00000000e8000000, 0x00000000e8000000)
  eden space 87424K, 100% used [0x00000000e0000000, 0x00000000e5560000, 0x00000000e5560000)
  from space 21824K,  32% used [0x00000000e6ab0000, 0x00000000e719c118, 0x00000000e8000000)
  to   space 21824K,   0% used [0x00000000e5560000, 0x00000000e5560000, 0x00000000e6ab0000)
 concurrent mark-sweep generation total 393216K, used 20921K [0x00000000e8000000, 0x0000000100000000, 0x0000000100000000)
 Metaspace       used 34105K, capacity 35056K, committed 35148K, reserved 1081344K
  class space    used 3893K, capacity 4141K, committed 4172K, reserved 1048576K
2016-11-17T01:10:55.300+0100: 7484.698: [GC (Allocation Failure) 2016-11-17T01:10:55.300+0100: 7484.698: [ParNew
Desired survivor size 20112992 bytes, new threshold 8 (max 8)
- age   1:     842304 bytes,     842304 total
- age   2:     670120 bytes,    1512424 total
- age   3:       3288 bytes,    1515712 total
- age   4:     196784 bytes,    1712496 total
- age   5:       2016 bytes,    1714512 total
- age   6:     197936 bytes,    1912448 total
- age   7:       1520 bytes,    1913968 total
- age   8:     224504 bytes,    2138472 total
: 94512K->3768K(109248K), 0.0066192 secs] 115433K->24690K(502464K), 0.0067294 secs] [Times: user=0.01 sys=0.00, real=0.01 secs] 
Heap after GC invocations=62 (full 1):
 par new generation   total 109248K, used 3768K [0x00000000e0000000, 0x00000000e8000000, 0x00000000e8000000)
  eden space 87424K,   0% used [0x00000000e0000000, 0x00000000e0000000, 0x00000000e5560000)
  from space 21824K,  17% used [0x00000000e5560000, 0x00000000e590e060, 0x00000000e6ab0000)
  to   space 21824K,   0% used [0x00000000e6ab0000, 0x00000000e6ab0000, 0x00000000e8000000)
 concurrent mark-sweep generation total 393216K, used 20922K [0x00000000e8000000, 0x0000000100000000, 0x0000000100000000)
 Metaspace       used 34105K, capacity 35056K, committed 35148K, reserved 1081344K
  class space    used 3893K, capacity 4141K, committed 4172K, reserved 1048576K
}
2016-11-17T01:10:55.306+0100: 7484.705: Total time for which application threads were stopped: 0.0069788 seconds, Stopping threads took: 0.0000212 seconds
2016-11-17T01:10:55.307+0100: 7484.705: Total time for which application threads were stopped: 0.0001814 seconds, Stopping threads took: 0.0000368 seconds
{Heap before GC invocations=62 (full 1):
 par new generation   total 109248K, used 91192K [0x00000000e0000000, 0x00000000e8000000, 0x00000000e8000000)
  eden space 87424K, 100% used [0x00000000e0000000, 0x00000000e5560000, 0x00000000e5560000)
  from space 21824K,  17% used [0x00000000e5560000, 0x00000000e590e060, 0x00000000e6ab0000)
  to   space 21824K,   0% used [0x00000000e6ab0000, 0x00000000e6ab0000, 0x00000000e8000000)
 concurrent mark-sweep generation total 393216K, used 20922K [0x00000000e8000000, 0x0000000100000000, 0x0000000100000000)
 Metaspace       used 34125K, capacity 35056K, committed 35148K, reserved 1081344K
  class space    used 3893K, capacity 4141K, committed 4172K, reserved 1048576K
2016-11-17T01:10:55.398+0100: 7484.796: [GC (Allocation Failure) 2016-11-17T01:10:55.398+0100: 7484.796: [ParNew
Desired survivor size 20112992 bytes, new threshold 8 (max 8)
- age   1:     618984 bytes,     618984 total
- age   2:     131912 bytes,     750896 total
- age   3:     660376 bytes,    1411272 total
- age   4:       3288 bytes,    1414560 total
- age   5:     196784 bytes,    1611344 total
- age   6:       2016 bytes,    1613360 total
- age   7:     197936 bytes,    1811296 total
- age   8:       1520 bytes,    1812816 total
: 91192K->2471K(109248K), 0.0066913 secs] 112114K->23615K(502464K), 0.0068097 secs] [Times: user=0.01 sys=0.00, real=0.00 secs] 
Heap after GC invocations=63 (full 1):
 par new generation   total 109248K, used 2471K [0x00000000e0000000, 0x00000000e8000000, 0x00000000e8000000)
  eden space 87424K,   0% used [0x00000000e0000000, 0x00000000e0000000, 0x00000000e5560000)
  from space 21824K,  11% used [0x00000000e6ab0000, 0x00000000e6d19d90, 0x00000000e8000000)
  to   space 21824K,   0% used [0x00000000e5560000, 0x00000000e5560000, 0x00000000e6ab0000)
 concurrent mark-sweep generation total 393216K, used 21144K [0x00000000e8000000, 0x0000000100000000, 0x0000000100000000)
 Metaspace       used 34125K, capacity 35056K, committed 35148K, reserved 1081344K
  class space    used 3893K, capacity 4141K, committed 4172K, reserved 1048576K
}
2016-11-17T01:10:55.405+0100: 7484.803: Total time for which application threads were stopped: 0.0070801 seconds, Stopping threads took: 0.0000468 seconds
2016-11-17T01:10:55.436+0100: 7484.835: Total time for which application threads were stopped: 0.0003433 seconds, Stopping threads took: 0.0001395 seconds
2016-11-17T01:10:55.470+0100: 7484.868: Total time for which application threads were stopped: 0.0002641 seconds, Stopping threads took: 0.0000716 seconds
2016-11-17T01:10:55.576+0100: 7484.975: Total time for which application threads were stopped: 0.0001752 seconds, Stopping threads took: 0.0000451 seconds
2016-11-17T01:10:56.576+0100: 7485.975: Total time for which application threads were stopped: 0.0001345 seconds, Stopping threads took: 0.0000251 seconds
2016-11-17T01:11:28.267+0100: 7517.666: Total time for which application threads were stopped: 0.0001642 seconds, Stopping threads took: 0.0000280 seconds
2016-11-17T01:11:28.268+0100: 7517.666: Total time for which application threads were stopped: 0.0001061 seconds, Stopping threads took: 0.0000380 seconds
2016-11-17T01:11:28.270+0100: 7517.669: Total time for which application threads were stopped: 0.0002180 seconds, Stopping threads took: 0.0000632 seconds
2016-11-17T01:11:28.271+0100: 7517.669: Total time for which application threads were stopped: 0.0001160 seconds, Stopping threads took: 0.0000384 seconds
2016-11-17T01:11:29.272+0100: 7518.671: Total time for which application threads were stopped: 0.0002565 seconds, Stopping threads took: 0.0000506 seconds
2016-11-17T01:11:33.071+0100: 7522.470: Total time for which application threads were stopped: 0.0002218 seconds, Stopping threads took: 0.0000490 seconds
2016-11-17T01:11:33.071+0100: 7522.470: Total time for which application threads were stopped: 0.0001116 seconds, Stopping threads took: 0.0000350 seconds
2016-11-17T01:11:33.071+0100: 7522.470: Total time for which application threads were stopped: 0.0001114 seconds, Stopping threads took: 0.0000323 seconds
2016-11-17T01:11:33.072+0100: 7522.470: Total time for which application threads were stopped: 0.0001124 seconds, Stopping threads took: 0.0000297 seconds
2016-11-17T01:11:33.072+0100: 7522.471: Total time for which application threads were stopped: 0.0002377 seconds, Stopping threads took: 0.0000304 seconds
2016-11-17T01:11:33.078+0100: 7522.477: Total time for which application threads were stopped: 0.0002560 seconds, Stopping threads took: 0.0000483 seconds
2016-11-17T01:11:33.079+0100: 7522.477: Total time for which application threads were stopped: 0.0001287 seconds, Stopping threads took: 0.0000152 seconds
2016-11-17T01:11:33.081+0100: 7522.480: Total time for which application threads were stopped: 0.0001840 seconds, Stopping threads took: 0.0000410 seconds
2016-11-17T01:11:33.082+0100: 7522.480: Total time for which application threads were stopped: 0.0001077 seconds, Stopping threads took: 0.0000291 seconds
2016-11-17T01:11:33.083+0100: 7522.482: Total time for which application threads were stopped: 0.0001758 seconds, Stopping threads took: 0.0000271 seconds
2016-11-17T01:11:33.093+0100: 7522.491: Total time for which application threads were stopped: 0.0001896 seconds, Stopping threads took: 0.0000406 seconds
2016-11-17T01:11:33.094+0100: 7522.492: Total time for which application threads were stopped: 0.0001375 seconds, Stopping threads took: 0.0000267 seconds
2016-11-17T01:11:33.094+0100: 7522.493: Total time for which application threads were stopped: 0.0000865 seconds, Stopping threads took: 0.0000128 seconds
2016-11-17T01:11:33.094+0100: 7522.493: Total time for which application threads were stopped: 0.0000803 seconds, Stopping threads took: 0.0000119 seconds
2016-11-17T01:11:33.094+0100: 7522.493: Total time for which application threads were stopped: 0.0001218 seconds, Stopping threads took: 0.0000118 seconds
2016-11-17T01:11:33.094+0100: 7522.493: Total time for which application threads were stopped: 0.0000890 seconds, Stopping threads took: 0.0000124 seconds
2016-11-17T01:11:33.095+0100: 7522.493: Total time for which application threads were stopped: 0.0000811 seconds, Stopping threads took: 0.0000145 seconds
2016-11-17T01:11:33.095+0100: 7522.493: Total time for which application threads were stopped: 0.0000926 seconds, Stopping threads took: 0.0000135 seconds
2016-11-17T01:11:33.095+0100: 7522.494: Total time for which application threads were stopped: 0.0000815 seconds, Stopping threads took: 0.0000130 seconds
2016-11-17T01:11:33.096+0100: 7522.495: Total time for which application threads were stopped: 0.0001685 seconds, Stopping threads took: 0.0000236 seconds
2016-11-17T01:11:33.096+0100: 7522.495: Total time for which application threads were stopped: 0.0001015 seconds, Stopping threads took: 0.0000121 seconds
2016-11-17T01:11:33.100+0100: 7522.499: Total time for which application threads were stopped: 0.0009986 seconds, Stopping threads took: 0.0007162 seconds
2016-11-17T01:11:33.101+0100: 7522.499: Total time for which application threads were stopped: 0.0002329 seconds, Stopping threads took: 0.0001181 seconds
2016-11-17T01:11:33.102+0100: 7522.501: Total time for which application threads were stopped: 0.0001882 seconds, Stopping threads took: 0.0000437 seconds
2016-11-17T01:11:33.103+0100: 7522.501: Total time for which application threads were stopped: 0.0001065 seconds, Stopping threads took: 0.0000255 seconds
2016-11-17T01:11:34.103+0100: 7523.502: Total time for which application threads were stopped: 0.0002300 seconds, Stopping threads took: 0.0000392 seconds
2016-11-17T01:12:18.109+0100: 7567.507: Total time for which application threads were stopped: 0.0002453 seconds, Stopping threads took: 0.0000312 seconds
2016-11-17T01:12:33.104+0100: 7582.502: Total time for which application threads were stopped: 0.0004861 seconds, Stopping threads took: 0.0000347 seconds
{Heap before GC invocations=63 (full 1):
 par new generation   total 109248K, used 89895K [0x00000000e0000000, 0x00000000e8000000, 0x00000000e8000000)
  eden space 87424K, 100% used [0x00000000e0000000, 0x00000000e5560000, 0x00000000e5560000)
  from space 21824K,  11% used [0x00000000e6ab0000, 0x00000000e6d19d90, 0x00000000e8000000)
  to   space 21824K,   0% used [0x00000000e5560000, 0x00000000e5560000, 0x00000000e6ab0000)
 concurrent mark-sweep generation total 393216K, used 21144K [0x00000000e8000000, 0x0000000100000000, 0x0000000100000000)
 Metaspace       used 34292K, capacity 35280K, committed 35532K, reserved 1081344K
  class space    used 3914K, capacity 4173K, committed 4300K, reserved 1048576K
2016-11-17T01:14:46.807+0100: 7716.206: [GC (Allocation Failure) 2016-11-17T01:14:46.807+0100: 7716.206: [ParNew
Desired survivor size 20112992 bytes, new threshold 8 (max 8)
- age   1:    4390232 bytes,    4390232 total
- age   2:     299136 bytes,    4689368 total
- age   3:     130320 bytes,    4819688 total
- age   4:     628224 bytes,    5447912 total
- age   5:       3288 bytes,    5451200 total
- age   6:     196048 bytes,    5647248 total
- age   7:       2016 bytes,    5649264 total
- age   8:     197688 bytes,    5846952 total
: 89895K->6236K(109248K), 0.0081851 secs] 111039K->27382K(502464K), 0.0083099 secs] [Times: user=0.03 sys=0.00, real=0.01 secs] 
Heap after GC invocations=64 (full 1):
 par new generation   total 109248K, used 6236K [0x00000000e0000000, 0x00000000e8000000, 0x00000000e8000000)
  eden space 87424K,   0% used [0x00000000e0000000, 0x00000000e0000000, 0x00000000e5560000)
  from space 21824K,  28% used [0x00000000e5560000, 0x00000000e5b77360, 0x00000000e6ab0000)
  to   space 21824K,   0% used [0x00000000e6ab0000, 0x00000000e6ab0000, 0x00000000e8000000)
 concurrent mark-sweep generation total 393216K, used 21145K [0x00000000e8000000, 0x0000000100000000, 0x0000000100000000)
 Metaspace       used 34292K, capacity 35280K, committed 35532K, reserved 1081344K
  class space    used 3914K, capacity 4173K, committed 4300K, reserved 1048576K
}
2016-11-17T01:14:46.816+0100: 7716.214: Total time for which application threads were stopped: 0.0085980 seconds, Stopping threads took: 0.0000255 seconds
2016-11-17T01:14:46.816+0100: 7716.215: Total time for which application threads were stopped: 0.0001807 seconds, Stopping threads took: 0.0000381 seconds
2016-11-17T01:14:46.816+0100: 7716.215: Total time for which application threads were stopped: 0.0000905 seconds, Stopping threads took: 0.0000260 seconds
{Heap before GC invocations=64 (full 1):
 par new generation   total 109248K, used 93660K [0x00000000e0000000, 0x00000000e8000000, 0x00000000e8000000)
  eden space 87424K, 100% used [0x00000000e0000000, 0x00000000e5560000, 0x00000000e5560000)
  from space 21824K,  28% used [0x00000000e5560000, 0x00000000e5b77360, 0x00000000e6ab0000)
  to   space 21824K,   0% used [0x00000000e6ab0000, 0x00000000e6ab0000, 0x00000000e8000000)
 concurrent mark-sweep generation total 393216K, used 21145K [0x00000000e8000000, 0x0000000100000000, 0x0000000100000000)
 Metaspace       used 34292K, capacity 35280K, committed 35532K, reserved 1081344K
  class space    used 3914K, capacity 4173K, committed 4300K, reserved 1048576K
2016-11-17T01:14:46.896+0100: 7716.295: [GC (Allocation Failure) 2016-11-17T01:14:46.896+0100: 7716.295: [ParNew
Desired survivor size 20112992 bytes, new threshold 8 (max 8)
- age   1:     153896 bytes,     153896 total
- age   2:    3686400 bytes,    3840296 total
- age   3:     299136 bytes,    4139432 total
- age   4:     130344 bytes,    4269776 total
- age   5:     628224 bytes,    4898000 total
- age   6:       3288 bytes,    4901288 total
- age   7:     194744 bytes,    5096032 total
- age   8:       2016 bytes,    5098048 total
: 93660K->7544K(109248K), 0.0140517 secs] 114806K->28886K(502464K), 0.0141506 secs] [Times: user=0.05 sys=0.00, real=0.01 secs] 
Heap after GC invocations=65 (full 1):
 par new generation   total 109248K, used 7544K [0x00000000e0000000, 0x00000000e8000000, 0x00000000e8000000)
  eden space 87424K,   0% used [0x00000000e0000000, 0x00000000e0000000, 0x00000000e5560000)
  from space 21824K,  34% used [0x00000000e6ab0000, 0x00000000e720e3a0, 0x00000000e8000000)
  to   space 21824K,   0% used [0x00000000e5560000, 0x00000000e5560000, 0x00000000e6ab0000)
 concurrent mark-sweep generation total 393216K, used 21341K [0x00000000e8000000, 0x0000000100000000, 0x0000000100000000)
 Metaspace       used 34292K, capacity 35280K, committed 35532K, reserved 1081344K
  class space    used 3914K, capacity 4173K, committed 4300K, reserved 1048576K
}
2016-11-17T01:14:46.910+0100: 7716.309: Total time for which application threads were stopped: 0.0144305 seconds, Stopping threads took: 0.0000281 seconds
2016-11-17T01:14:46.911+0100: 7716.309: Total time for which application threads were stopped: 0.0001864 seconds, Stopping threads took: 0.0000372 seconds
2016-11-17T01:14:46.978+0100: 7716.377: Total time for which application threads were stopped: 0.0012495 seconds, Stopping threads took: 0.0010793 seconds
2016-11-17T01:14:47.009+0100: 7716.407: Total time for which application threads were stopped: 0.0002304 seconds, Stopping threads took: 0.0000504 seconds
2016-11-17T01:14:47.158+0100: 7716.557: Total time for which application threads were stopped: 0.0001711 seconds, Stopping threads took: 0.0000285 seconds
2016-11-17T01:14:47.287+0100: 7716.686: Total time for which application threads were stopped: 0.0001751 seconds, Stopping threads took: 0.0000253 seconds
2016-11-17T01:14:47.288+0100: 7716.687: Total time for which application threads were stopped: 0.0003027 seconds, Stopping threads took: 0.0000200 seconds
2016-11-17T01:14:47.289+0100: 7716.688: Total time for which application threads were stopped: 0.0003523 seconds, Stopping threads took: 0.0000193 seconds
2016-11-17T01:14:47.290+0100: 7716.689: Total time for which application threads were stopped: 0.0001390 seconds, Stopping threads took: 0.0000178 seconds
2016-11-17T01:14:47.290+0100: 7716.689: Total time for which application threads were stopped: 0.0000749 seconds, Stopping threads took: 0.0000080 seconds
2016-11-17T01:14:47.290+0100: 7716.689: Total time for which application threads were stopped: 0.0000739 seconds, Stopping threads took: 0.0000073 seconds
2016-11-17T01:14:47.290+0100: 7716.689: Total time for which application threads were stopped: 0.0000913 seconds, Stopping threads took: 0.0000225 seconds
2016-11-17T01:14:47.291+0100: 7716.690: Total time for which application threads were stopped: 0.0001481 seconds, Stopping threads took: 0.0000190 seconds
2016-11-17T01:14:47.291+0100: 7716.690: Total time for which application threads were stopped: 0.0000745 seconds, Stopping threads took: 0.0000074 seconds
2016-11-17T01:14:47.292+0100: 7716.690: Total time for which application threads were stopped: 0.0000761 seconds, Stopping threads took: 0.0000076 seconds
2016-11-17T01:14:47.293+0100: 7716.692: Total time for which application threads were stopped: 0.0001657 seconds, Stopping threads took: 0.0000220 seconds
2016-11-17T01:14:47.297+0100: 7716.696: Total time for which application threads were stopped: 0.0001751 seconds, Stopping threads took: 0.0000251 seconds
2016-11-17T01:14:48.298+0100: 7717.696: Total time for which application threads were stopped: 0.0001403 seconds, Stopping threads took: 0.0000266 seconds
{Heap before GC invocations=65 (full 1):
 par new generation   total 109248K, used 94968K [0x00000000e0000000, 0x00000000e8000000, 0x00000000e8000000)
  eden space 87424K, 100% used [0x00000000e0000000, 0x00000000e5560000, 0x00000000e5560000)
  from space 21824K,  34% used [0x00000000e6ab0000, 0x00000000e720e3a0, 0x00000000e8000000)
  to   space 21824K,   0% used [0x00000000e5560000, 0x00000000e5560000, 0x00000000e6ab0000)
 concurrent mark-sweep generation total 393216K, used 21341K [0x00000000e8000000, 0x0000000100000000, 0x0000000100000000)
 Metaspace       used 34307K, capacity 35280K, committed 35532K, reserved 1081344K
  class space    used 3914K, capacity 4173K, committed 4300K, reserved 1048576K
2016-11-17T01:15:06.041+0100: 7735.440: [GC (Allocation Failure) 2016-11-17T01:15:06.041+0100: 7735.440: [ParNew
Desired survivor size 20112992 bytes, new threshold 8 (max 8)
- age   1:    4079120 bytes,    4079120 total
- age   2:      85576 bytes,    4164696 total
- age   3:    2950232 bytes,    7114928 total
- age   4:     299136 bytes,    7414064 total
- age   5:     130320 bytes,    7544384 total
- age   6:     628296 bytes,    8172680 total
- age   7:       3288 bytes,    8175968 total
- age   8:     194744 bytes,    8370712 total
: 94968K->8965K(109248K), 0.0118863 secs] 116310K->30308K(502464K), 0.0119724 secs] [Times: user=0.04 sys=0.00, real=0.01 secs] 
Heap after GC invocations=66 (full 1):
 par new generation   total 109248K, used 8965K [0x00000000e0000000, 0x00000000e8000000, 0x00000000e8000000)
  eden space 87424K,   0% used [0x00000000e0000000, 0x00000000e0000000, 0x00000000e5560000)
  from space 21824K,  41% used [0x00000000e5560000, 0x00000000e5e21518, 0x00000000e6ab0000)
  to   space 21824K,   0% used [0x00000000e6ab0000, 0x00000000e6ab0000, 0x00000000e8000000)
 concurrent mark-sweep generation total 393216K, used 21343K [0x00000000e8000000, 0x0000000100000000, 0x0000000100000000)
 Metaspace       used 34307K, capacity 35280K, committed 35532K, reserved 1081344K
  class space    used 3914K, capacity 4173K, committed 4300K, reserved 1048576K
}
2016-11-17T01:15:06.053+0100: 7735.452: Total time for which application threads were stopped: 0.0123238 seconds, Stopping threads took: 0.0000363 seconds
2016-11-17T01:15:06.053+0100: 7735.452: Total time for which application threads were stopped: 0.0001636 seconds, Stopping threads took: 0.0000146 seconds
2016-11-17T01:15:06.053+0100: 7735.452: Total time for which application threads were stopped: 0.0000840 seconds, Stopping threads took: 0.0000184 seconds
{Heap before GC invocations=66 (full 1):
 par new generation   total 109248K, used 96389K [0x00000000e0000000, 0x00000000e8000000, 0x00000000e8000000)
  eden space 87424K, 100% used [0x00000000e0000000, 0x00000000e5560000, 0x00000000e5560000)
  from space 21824K,  41% used [0x00000000e5560000, 0x00000000e5e21518, 0x00000000e6ab0000)
  to   space 21824K,   0% used [0x00000000e6ab0000, 0x00000000e6ab0000, 0x00000000e8000000)
 concurrent mark-sweep generation total 393216K, used 21343K [0x00000000e8000000, 0x0000000100000000, 0x0000000100000000)
 Metaspace       used 34308K, capacity 35280K, committed 35532K, reserved 1081344K
  class space    used 3914K, capacity 4173K, committed 4300K, reserved 1048576K
2016-11-17T01:15:06.110+0100: 7735.508: [GC (Allocation Failure) 2016-11-17T01:15:06.110+0100: 7735.509: [ParNew
Desired survivor size 20112992 bytes, new threshold 8 (max 8)
- age   1:     573408 bytes,     573408 total
- age   2:    1453152 bytes,    2026560 total
- age   3:        880 bytes,    2027440 total
- age   4:    2419088 bytes,    4446528 total
- age   5:     299136 bytes,    4745664 total
- age   6:     130320 bytes,    4875984 total
- age   7:     628224 bytes,    5504208 total
- age   8:       3288 bytes,    5507496 total
: 96389K->8149K(109248K), 0.0072311 secs] 117732K->29685K(502464K), 0.0073550 secs] [Times: user=0.02 sys=0.00, real=0.01 secs] 
Heap after GC invocations=67 (full 1):
 par new generation   total 109248K, used 8149K [0x00000000e0000000, 0x00000000e8000000, 0x00000000e8000000)
  eden space 87424K,   0% used [0x00000000e0000000, 0x00000000e0000000, 0x00000000e5560000)
  from space 21824K,  37% used [0x00000000e6ab0000, 0x00000000e72a5558, 0x00000000e8000000)
  to   space 21824K,   0% used [0x00000000e5560000, 0x00000000e5560000, 0x00000000e6ab0000)
 concurrent mark-sweep generation total 393216K, used 21536K [0x00000000e8000000, 0x0000000100000000, 0x0000000100000000)
 Metaspace       used 34308K, capacity 35280K, committed 35532K, reserved 1081344K
  class space    used 3914K, capacity 4173K, committed 4300K, reserved 1048576K
}
2016-11-17T01:15:06.117+0100: 7735.516: Total time for which application threads were stopped: 0.0076498 seconds, Stopping threads took: 0.0000367 seconds
2016-11-17T01:15:06.117+0100: 7735.516: Total time for which application threads were stopped: 0.0001874 seconds, Stopping threads took: 0.0000441 seconds
2016-11-17T01:15:06.197+0100: 7735.595: Total time for which application threads were stopped: 0.0002010 seconds, Stopping threads took: 0.0000346 seconds
2016-11-17T01:15:06.223+0100: 7735.621: Total time for which application threads were stopped: 0.0002653 seconds, Stopping threads took: 0.0000674 seconds
2016-11-17T01:15:07.223+0100: 7736.622: Total time for which application threads were stopped: 0.0002820 seconds, Stopping threads took: 0.0000451 seconds
2016-11-17T01:15:12.573+0100: 7741.972: Total time for which application threads were stopped: 0.0003804 seconds, Stopping threads took: 0.0000555 seconds
2016-11-17T01:15:41.963+0100: 7771.361: Total time for which application threads were stopped: 0.0001418 seconds, Stopping threads took: 0.0000218 seconds
2016-11-17T01:15:41.963+0100: 7771.362: Total time for which application threads were stopped: 0.0000658 seconds, Stopping threads took: 0.0000089 seconds
2016-11-17T01:15:41.963+0100: 7771.362: Total time for which application threads were stopped: 0.0000596 seconds, Stopping threads took: 0.0000107 seconds
2016-11-17T01:15:41.963+0100: 7771.362: Total time for which application threads were stopped: 0.0000629 seconds, Stopping threads took: 0.0000083 seconds
2016-11-17T01:15:41.963+0100: 7771.362: Total time for which application threads were stopped: 0.0000617 seconds, Stopping threads took: 0.0000087 seconds
2016-11-17T01:15:41.963+0100: 7771.362: Total time for which application threads were stopped: 0.0000606 seconds, Stopping threads took: 0.0000080 seconds
2016-11-17T01:15:41.964+0100: 7771.362: Total time for which application threads were stopped: 0.0000661 seconds, Stopping threads took: 0.0000091 seconds
2016-11-17T01:15:41.964+0100: 7771.362: Total time for which application threads were stopped: 0.0000576 seconds, Stopping threads took: 0.0000072 seconds
2016-11-17T01:15:41.964+0100: 7771.362: Total time for which application threads were stopped: 0.0000518 seconds, Stopping threads took: 0.0000066 seconds
2016-11-17T01:15:41.964+0100: 7771.363: Total time for which application threads were stopped: 0.0000514 seconds, Stopping threads took: 0.0000066 seconds
2016-11-17T01:15:41.965+0100: 7771.364: Total time for which application threads were stopped: 0.0001330 seconds, Stopping threads took: 0.0000451 seconds
2016-11-17T01:15:41.965+0100: 7771.364: Total time for which application threads were stopped: 0.0000909 seconds, Stopping threads took: 0.0000384 seconds
2016-11-17T01:15:55.967+0100: 7785.366: Total time for which application threads were stopped: 0.0002700 seconds, Stopping threads took: 0.0000418 seconds
{Heap before GC invocations=67 (full 1):
 par new generation   total 109248K, used 95573K [0x00000000e0000000, 0x00000000e8000000, 0x00000000e8000000)
  eden space 87424K, 100% used [0x00000000e0000000, 0x00000000e5560000, 0x00000000e5560000)
  from space 21824K,  37% used [0x00000000e6ab0000, 0x00000000e72a5558, 0x00000000e8000000)
  to   space 21824K,   0% used [0x00000000e5560000, 0x00000000e5560000, 0x00000000e6ab0000)
 concurrent mark-sweep generation total 393216K, used 21536K [0x00000000e8000000, 0x0000000100000000, 0x0000000100000000)
 Metaspace       used 34319K, capacity 35280K, committed 35532K, reserved 1081344K
  class space    used 3915K, capacity 4173K, committed 4300K, reserved 1048576K
2016-11-17T01:16:00.142+0100: 7789.541: [GC (Allocation Failure) 2016-11-17T01:16:00.142+0100: 7789.541: [ParNew
Desired survivor size 20112992 bytes, new threshold 8 (max 8)
- age   1:    4211704 bytes,    4211704 total
- age   2:      78928 bytes,    4290632 total
- age   3:     732064 bytes,    5022696 total
- age   4:        880 bytes,    5023576 total
- age   5:    2418128 bytes,    7441704 total
- age   6:     299136 bytes,    7740840 total
- age   7:     130320 bytes,    7871160 total
- age   8:     626920 bytes,    8498080 total
: 95573K->9922K(109248K), 0.0144305 secs] 117109K->31462K(502464K), 0.0145201 secs] [Times: user=0.04 sys=0.00, real=0.02 secs] 
Heap after GC invocations=68 (full 1):
 par new generation   total 109248K, used 9922K [0x00000000e0000000, 0x00000000e8000000, 0x00000000e8000000)
  eden space 87424K,   0% used [0x00000000e0000000, 0x00000000e0000000, 0x00000000e5560000)
  from space 21824K,  45% used [0x00000000e5560000, 0x00000000e5f10af0, 0x00000000e6ab0000)
  to   space 21824K,   0% used [0x00000000e6ab0000, 0x00000000e6ab0000, 0x00000000e8000000)
 concurrent mark-sweep generation total 393216K, used 21539K [0x00000000e8000000, 0x0000000100000000, 0x0000000100000000)
 Metaspace       used 34319K, capacity 35280K, committed 35532K, reserved 1081344K
  class space    used 3915K, capacity 4173K, committed 4300K, reserved 1048576K
}
2016-11-17T01:16:00.157+0100: 7789.555: Total time for which application threads were stopped: 0.0148686 seconds, Stopping threads took: 0.0000222 seconds
2016-11-17T01:16:00.157+0100: 7789.556: Total time for which application threads were stopped: 0.0002232 seconds, Stopping threads took: 0.0000518 seconds
2016-11-17T01:16:00.157+0100: 7789.556: Total time for which application threads were stopped: 0.0001337 seconds, Stopping threads took: 0.0000292 seconds
{Heap before GC invocations=68 (full 1):
 par new generation   total 109248K, used 97346K [0x00000000e0000000, 0x00000000e8000000, 0x00000000e8000000)
  eden space 87424K, 100% used [0x00000000e0000000, 0x00000000e5560000, 0x00000000e5560000)
  from space 21824K,  45% used [0x00000000e5560000, 0x00000000e5f10af0, 0x00000000e6ab0000)
  to   space 21824K,   0% used [0x00000000e6ab0000, 0x00000000e6ab0000, 0x00000000e8000000)
 concurrent mark-sweep generation total 393216K, used 21539K [0x00000000e8000000, 0x0000000100000000, 0x0000000100000000)
 Metaspace       used 34319K, capacity 35280K, committed 35532K, reserved 1081344K
  class space    used 3915K, capacity 4173K, committed 4300K, reserved 1048576K
2016-11-17T01:16:00.203+0100: 7789.602: [GC (Allocation Failure) 2016-11-17T01:16:00.204+0100: 7789.602: [ParNew
Desired survivor size 20112992 bytes, new threshold 8 (max 8)
- age   1:     155496 bytes,     155496 total
- age   2:    1447320 bytes,    1602816 total
- age   3:       1520 bytes,    1604336 total
- age   4:     211168 bytes,    1815504 total
- age   5:        880 bytes,    1816384 total
- age   6:    2418128 bytes,    4234512 total
- age   7:     299136 bytes,    4533648 total
- age   8:     130392 bytes,    4664040 total
: 97346K->8469K(109248K), 0.0081040 secs] 118886K->30624K(502464K), 0.0082168 secs] [Times: user=0.04 sys=0.00, real=0.01 secs] 
Heap after GC invocations=69 (full 1):
 par new generation   total 109248K, used 8469K [0x00000000e0000000, 0x00000000e8000000, 0x00000000e8000000)
  eden space 87424K,   0% used [0x00000000e0000000, 0x00000000e0000000, 0x00000000e5560000)
  from space 21824K,  38% used [0x00000000e6ab0000, 0x00000000e72f56c0, 0x00000000e8000000)
  to   space 21824K,   0% used [0x00000000e5560000, 0x00000000e5560000, 0x00000000e6ab0000)
 concurrent mark-sweep generation total 393216K, used 22154K [0x00000000e8000000, 0x0000000100000000, 0x0000000100000000)
 Metaspace       used 34319K, capacity 35280K, committed 35532K, reserved 1081344K
  class space    used 3915K, capacity 4173K, committed 4300K, reserved 1048576K
}
2016-11-17T01:16:00.212+0100: 7789.610: Total time for which application threads were stopped: 0.0084616 seconds, Stopping threads took: 0.0000286 seconds
2016-11-17T01:16:00.212+0100: 7789.611: Total time for which application threads were stopped: 0.0001847 seconds, Stopping threads took: 0.0000381 seconds
2016-11-17T01:16:00.317+0100: 7789.716: Total time for which application threads were stopped: 0.0001938 seconds, Stopping threads took: 0.0000426 seconds
2016-11-17T01:16:00.345+0100: 7789.744: Total time for which application threads were stopped: 0.0002322 seconds, Stopping threads took: 0.0000532 seconds
2016-11-17T01:16:27.608+0100: 7817.006: Total time for which application threads were stopped: 0.0001832 seconds, Stopping threads took: 0.0000335 seconds
2016-11-17T01:16:27.755+0100: 7817.154: Total time for which application threads were stopped: 0.0002264 seconds, Stopping threads took: 0.0000601 seconds
2016-11-17T01:16:27.756+0100: 7817.154: Total time for which application threads were stopped: 0.0000777 seconds, Stopping threads took: 0.0000123 seconds
2016-11-17T01:16:27.756+0100: 7817.155: Total time for which application threads were stopped: 0.0000863 seconds, Stopping threads took: 0.0000374 seconds
2016-11-17T01:16:27.756+0100: 7817.155: Total time for which application threads were stopped: 0.0000551 seconds, Stopping threads took: 0.0000076 seconds
2016-11-17T01:16:27.756+0100: 7817.155: Total time for which application threads were stopped: 0.0000537 seconds, Stopping threads took: 0.0000049 seconds
2016-11-17T01:16:27.756+0100: 7817.155: Total time for which application threads were stopped: 0.0000577 seconds, Stopping threads took: 0.0000090 seconds
2016-11-17T01:16:27.756+0100: 7817.155: Total time for which application threads were stopped: 0.0000731 seconds, Stopping threads took: 0.0000092 seconds
2016-11-17T01:16:27.756+0100: 7817.155: Total time for which application threads were stopped: 0.0000687 seconds, Stopping threads took: 0.0000166 seconds
2016-11-17T01:16:27.756+0100: 7817.155: Total time for which application threads were stopped: 0.0000568 seconds, Stopping threads took: 0.0000085 seconds
2016-11-17T01:16:27.756+0100: 7817.155: Total time for which application threads were stopped: 0.0000571 seconds, Stopping threads took: 0.0000089 seconds
2016-11-17T01:16:27.758+0100: 7817.157: Total time for which application threads were stopped: 0.0000996 seconds, Stopping threads took: 0.0000142 seconds
2016-11-17T01:16:27.758+0100: 7817.157: Total time for which application threads were stopped: 0.0000862 seconds, Stopping threads took: 0.0000132 seconds
{Heap before GC invocations=69 (full 1):
 par new generation   total 109248K, used 95893K [0x00000000e0000000, 0x00000000e8000000, 0x00000000e8000000)
  eden space 87424K, 100% used [0x00000000e0000000, 0x00000000e5560000, 0x00000000e5560000)
  from space 21824K,  38% used [0x00000000e6ab0000, 0x00000000e72f56c0, 0x00000000e8000000)
  to   space 21824K,   0% used [0x00000000e5560000, 0x00000000e5560000, 0x00000000e6ab0000)
 concurrent mark-sweep generation total 393216K, used 22154K [0x00000000e8000000, 0x0000000100000000, 0x0000000100000000)
 Metaspace       used 34326K, capacity 35280K, committed 35532K, reserved 1081344K
  class space    used 3915K, capacity 4173K, committed 4300K, reserved 1048576K
2016-11-17T01:16:39.228+0100: 7828.627: [GC (Allocation Failure) 2016-11-17T01:16:39.228+0100: 7828.627: [ParNew
Desired survivor size 20112992 bytes, new threshold 8 (max 8)
- age   1:    3340696 bytes,    3340696 total
- age   2:      70200 bytes,    3410896 total
- age   3:     713832 bytes,    4124728 total
- age   4:       1520 bytes,    4126248 total
- age   5:     211048 bytes,    4337296 total
- age   6:        880 bytes,    4338176 total
- age   7:    2417112 bytes,    6755288 total
- age   8:     299136 bytes,    7054424 total
: 95893K->8280K(109248K), 0.0095075 secs] 118048K->30564K(502464K), 0.0096372 secs] [Times: user=0.03 sys=0.01, real=0.01 secs] 
Heap after GC invocations=70 (full 1):
 par new generation   total 109248K, used 8280K [0x00000000e0000000, 0x00000000e8000000, 0x00000000e8000000)
  eden space 87424K,   0% used [0x00000000e0000000, 0x00000000e0000000, 0x00000000e5560000)
  from space 21824K,  37% used [0x00000000e5560000, 0x00000000e5d762c8, 0x00000000e6ab0000)
  to   space 21824K,   0% used [0x00000000e6ab0000, 0x00000000e6ab0000, 0x00000000e8000000)
 concurrent mark-sweep generation total 393216K, used 22283K [0x00000000e8000000, 0x0000000100000000, 0x0000000100000000)
 Metaspace       used 34326K, capacity 35280K, committed 35532K, reserved 1081344K
  class space    used 3915K, capacity 4173K, committed 4300K, reserved 1048576K
}
2016-11-17T01:16:39.238+0100: 7828.637: Total time for which application threads were stopped: 0.0098992 seconds, Stopping threads took: 0.0000225 seconds
2016-11-17T01:16:39.238+0100: 7828.637: Total time for which application threads were stopped: 0.0001535 seconds, Stopping threads took: 0.0000355 seconds
2016-11-17T01:16:39.238+0100: 7828.637: Total time for which application threads were stopped: 0.0001157 seconds, Stopping threads took: 0.0000176 seconds
{Heap before GC invocations=70 (full 1):
 par new generation   total 109248K, used 95704K [0x00000000e0000000, 0x00000000e8000000, 0x00000000e8000000)
  eden space 87424K, 100% used [0x00000000e0000000, 0x00000000e5560000, 0x00000000e5560000)
  from space 21824K,  37% used [0x00000000e5560000, 0x00000000e5d762c8, 0x00000000e6ab0000)
  to   space 21824K,   0% used [0x00000000e6ab0000, 0x00000000e6ab0000, 0x00000000e8000000)
 concurrent mark-sweep generation total 393216K, used 22283K [0x00000000e8000000, 0x0000000100000000, 0x0000000100000000)
 Metaspace       used 34326K, capacity 35280K, committed 35532K, reserved 1081344K
  class space    used 3915K, capacity 4173K, committed 4300K, reserved 1048576K
2016-11-17T01:16:39.293+0100: 7828.691: [GC (Allocation Failure) 2016-11-17T01:16:39.293+0100: 7828.691: [ParNew
Desired survivor size 20112992 bytes, new threshold 8 (max 8)
- age   1:     846008 bytes,     846008 total
- age   2:     673912 bytes,    1519920 total
- age   3:       2176 bytes,    1522096 total
- age   4:     198200 bytes,    1720296 total
- age   5:       1520 bytes,    1721816 total
- age   6:     211048 bytes,    1932864 total
- age   7:        880 bytes,    1933744 total
- age   8:    2417112 bytes,    4350856 total
: 95704K->5803K(109248K), 0.0078874 secs] 117988K->28382K(502464K), 0.0079996 secs] [Times: user=0.03 sys=0.00, real=0.01 secs] 
Heap after GC invocations=71 (full 1):
 par new generation   total 109248K, used 5803K [0x00000000e0000000, 0x00000000e8000000, 0x00000000e8000000)
  eden space 87424K,   0% used [0x00000000e0000000, 0x00000000e0000000, 0x00000000e5560000)
  from space 21824K,  26% used [0x00000000e6ab0000, 0x00000000e705af40, 0x00000000e8000000)
  to   space 21824K,   0% used [0x00000000e5560000, 0x00000000e5560000, 0x00000000e6ab0000)
 concurrent mark-sweep generation total 393216K, used 22578K [0x00000000e8000000, 0x0000000100000000, 0x0000000100000000)
 Metaspace       used 34326K, capacity 35280K, committed 35532K, reserved 1081344K
  class space    used 3915K, capacity 4173K, committed 4300K, reserved 1048576K
}
2016-11-17T01:16:39.301+0100: 7828.699: Total time for which application threads were stopped: 0.0082555 seconds, Stopping threads took: 0.0000281 seconds
2016-11-17T01:16:39.301+0100: 7828.700: Total time for which application threads were stopped: 0.0001815 seconds, Stopping threads took: 0.0000362 seconds
2016-11-17T01:16:39.398+0100: 7828.797: Total time for which application threads were stopped: 0.0001931 seconds, Stopping threads took: 0.0000386 seconds
2016-11-17T01:16:39.425+0100: 7828.823: Total time for which application threads were stopped: 0.0002065 seconds, Stopping threads took: 0.0000385 seconds
2016-11-17T01:16:40.425+0100: 7829.824: Total time for which application threads were stopped: 0.0003497 seconds, Stopping threads took: 0.0000595 seconds
2016-11-17T01:17:25.064+0100: 7874.463: Total time for which application threads were stopped: 0.0001851 seconds, Stopping threads took: 0.0000289 seconds
2016-11-17T02:04:18.050+0100: 10687.449: Total time for which application threads were stopped: 0.0002298 seconds, Stopping threads took: 0.0000492 seconds
2016-11-17T02:04:18.051+0100: 10687.450: Total time for which application threads were stopped: 0.0001348 seconds, Stopping threads took: 0.0000166 seconds
2016-11-17T02:04:18.051+0100: 10687.450: Total time for which application threads were stopped: 0.0000946 seconds, Stopping threads took: 0.0000102 seconds
2016-11-17T02:04:18.051+0100: 10687.450: Total time for which application threads were stopped: 0.0000898 seconds, Stopping threads took: 0.0000085 seconds
2016-11-17T02:04:18.051+0100: 10687.450: Total time for which application threads were stopped: 0.0000752 seconds, Stopping threads took: 0.0000073 seconds
2016-11-17T02:04:18.051+0100: 10687.450: Total time for which application threads were stopped: 0.0000749 seconds, Stopping threads took: 0.0000072 seconds
2016-11-17T02:04:18.051+0100: 10687.450: Total time for which application threads were stopped: 0.0000775 seconds, Stopping threads took: 0.0000073 seconds
2016-11-17T02:04:18.052+0100: 10687.450: Total time for which application threads were stopped: 0.0000827 seconds, Stopping threads took: 0.0000077 seconds
2016-11-17T02:04:18.052+0100: 10687.450: Total time for which application threads were stopped: 0.0000738 seconds, Stopping threads took: 0.0000068 seconds
2016-11-17T02:04:18.052+0100: 10687.451: Total time for which application threads were stopped: 0.0000707 seconds, Stopping threads took: 0.0000075 seconds
2016-11-17T02:04:18.054+0100: 10687.453: Total time for which application threads were stopped: 0.0001863 seconds, Stopping threads took: 0.0000219 seconds
2016-11-17T02:04:18.054+0100: 10687.453: Total time for which application threads were stopped: 0.0000765 seconds, Stopping threads took: 0.0000082 seconds
{Heap before GC invocations=71 (full 1):
 par new generation   total 109248K, used 93216K [0x00000000e0000000, 0x00000000e8000000, 0x00000000e8000000)
  eden space 87424K,  99% used [0x00000000e0000000, 0x00000000e555d4a0, 0x00000000e5560000)
  from space 21824K,  26% used [0x00000000e6ab0000, 0x00000000e705af40, 0x00000000e8000000)
  to   space 21824K,   0% used [0x00000000e5560000, 0x00000000e5560000, 0x00000000e6ab0000)
 concurrent mark-sweep generation total 393216K, used 22578K [0x00000000e8000000, 0x0000000100000000, 0x0000000100000000)
 Metaspace       used 34347K, capacity 35280K, committed 35532K, reserved 1081344K
  class space    used 3915K, capacity 4173K, committed 4300K, reserved 1048576K
2016-11-17T02:05:26.189+0100: 10755.588: [GC (Allocation Failure) 2016-11-17T02:05:26.189+0100: 10755.588: [ParNew
Desired survivor size 20112992 bytes, new threshold 8 (max 8)
- age   1:    3551656 bytes,    3551656 total
- age   2:     133512 bytes,    3685168 total
- age   3:     633424 bytes,    4318592 total
- age   4:       2176 bytes,    4320768 total
- age   5:     197936 bytes,    4518704 total
- age   6:       1520 bytes,    4520224 total
- age   7:     198000 bytes,    4718224 total
- age   8:        880 bytes,    4719104 total
: 93216K->6088K(109248K), 0.0189191 secs] 115795K->31034K(502464K), 0.0190102 secs] [Times: user=0.04 sys=0.00, real=0.02 secs] 
Heap after GC invocations=72 (full 1):
 par new generation   total 109248K, used 6088K [0x00000000e0000000, 0x00000000e8000000, 0x00000000e8000000)
  eden space 87424K,   0% used [0x00000000e0000000, 0x00000000e0000000, 0x00000000e5560000)
  from space 21824K,  27% used [0x00000000e5560000, 0x00000000e5b52240, 0x00000000e6ab0000)
  to   space 21824K,   0% used [0x00000000e6ab0000, 0x00000000e6ab0000, 0x00000000e8000000)
 concurrent mark-sweep generation total 393216K, used 24945K [0x00000000e8000000, 0x0000000100000000, 0x0000000100000000)
 Metaspace       used 34347K, capacity 35280K, committed 35532K, reserved 1081344K
  class space    used 3915K, capacity 4173K, committed 4300K, reserved 1048576K
}
2016-11-17T02:05:26.208+0100: 10755.607: Total time for which application threads were stopped: 0.0193442 seconds, Stopping threads took: 0.0000251 seconds
2016-11-17T02:05:26.208+0100: 10755.607: Total time for which application threads were stopped: 0.0001840 seconds, Stopping threads took: 0.0000381 seconds
2016-11-17T02:05:26.209+0100: 10755.607: Total time for which application threads were stopped: 0.0000933 seconds, Stopping threads took: 0.0000153 seconds
{Heap before GC invocations=72 (full 1):
 par new generation   total 109248K, used 93508K [0x00000000e0000000, 0x00000000e8000000, 0x00000000e8000000)
  eden space 87424K,  99% used [0x00000000e0000000, 0x00000000e555ee00, 0x00000000e5560000)
  from space 21824K,  27% used [0x00000000e5560000, 0x00000000e5b52240, 0x00000000e6ab0000)
  to   space 21824K,   0% used [0x00000000e6ab0000, 0x00000000e6ab0000, 0x00000000e8000000)
 concurrent mark-sweep generation total 393216K, used 24945K [0x00000000e8000000, 0x0000000100000000, 0x0000000100000000)
 Metaspace       used 34351K, capacity 35280K, committed 35532K, reserved 1081344K
  class space    used 3915K, capacity 4173K, committed 4300K, reserved 1048576K
2016-11-17T02:05:26.294+0100: 10755.693: [GC (Allocation Failure) 2016-11-17T02:05:26.294+0100: 10755.693: [ParNew
Desired survivor size 20112992 bytes, new threshold 8 (max 8)
- age   1:    1153696 bytes,    1153696 total
- age   2:     675280 bytes,    1828976 total
- age   3:       3176 bytes,    1832152 total
- age   4:     195152 bytes,    2027304 total
- age   5:       2176 bytes,    2029480 total
- age   6:     196632 bytes,    2226112 total
- age   7:       1520 bytes,    2227632 total
- age   8:     196656 bytes,    2424288 total
: 93508K->3733K(109248K), 0.0085263 secs] 118454K->28680K(502464K), 0.0086629 secs] [Times: user=0.01 sys=0.00, real=0.01 secs] 
Heap after GC invocations=73 (full 1):
 par new generation   total 109248K, used 3733K [0x00000000e0000000, 0x00000000e8000000, 0x00000000e8000000)
  eden space 87424K,   0% used [0x00000000e0000000, 0x00000000e0000000, 0x00000000e5560000)
  from space 21824K,  17% used [0x00000000e6ab0000, 0x00000000e6e55780, 0x00000000e8000000)
  to   space 21824K,   0% used [0x00000000e5560000, 0x00000000e5560000, 0x00000000e6ab0000)
 concurrent mark-sweep generation total 393216K, used 24946K [0x00000000e8000000, 0x0000000100000000, 0x0000000100000000)
 Metaspace       used 34351K, capacity 35280K, committed 35532K, reserved 1081344K
  class space    used 3915K, capacity 4173K, committed 4300K, reserved 1048576K
}
2016-11-17T02:05:26.303+0100: 10755.702: Total time for which application threads were stopped: 0.0089290 seconds, Stopping threads took: 0.0000233 seconds
2016-11-17T02:05:26.303+0100: 10755.702: Total time for which application threads were stopped: 0.0001789 seconds, Stopping threads took: 0.0000400 seconds
{Heap before GC invocations=73 (full 1):
 par new generation   total 109248K, used 91157K [0x00000000e0000000, 0x00000000e8000000, 0x00000000e8000000)
  eden space 87424K, 100% used [0x00000000e0000000, 0x00000000e5560000, 0x00000000e5560000)
  from space 21824K,  17% used [0x00000000e6ab0000, 0x00000000e6e55780, 0x00000000e8000000)
  to   space 21824K,   0% used [0x00000000e5560000, 0x00000000e5560000, 0x00000000e6ab0000)
 concurrent mark-sweep generation total 393216K, used 24946K [0x00000000e8000000, 0x0000000100000000, 0x0000000100000000)
 Metaspace       used 34354K, capacity 35280K, committed 35532K, reserved 1081344K
  class space    used 3915K, capacity 4173K, committed 4300K, reserved 1048576K
2016-11-17T02:05:26.397+0100: 10755.796: [GC (Allocation Failure) 2016-11-17T02:05:26.397+0100: 10755.796: [ParNew
Desired survivor size 20112992 bytes, new threshold 8 (max 8)
- age   1:     494384 bytes,     494384 total
- age   2:     822656 bytes,    1317040 total
- age   3:     663208 bytes,    1980248 total
- age   4:       3176 bytes,    1983424 total
- age   5:     195152 bytes,    2178576 total
- age   6:       2176 bytes,    2180752 total
- age   7:     196656 bytes,    2377408 total
- age   8:       1520 bytes,    2378928 total
: 91157K->3035K(109248K), 0.0055338 secs] 116104K->28176K(502464K), 0.0056380 secs] [Times: user=0.02 sys=0.00, real=0.00 secs] 
Heap after GC invocations=74 (full 1):
 par new generation   total 109248K, used 3035K [0x00000000e0000000, 0x00000000e8000000, 0x00000000e8000000)
  eden space 87424K,   0% used [0x00000000e0000000, 0x00000000e0000000, 0x00000000e5560000)
  from space 21824K,  13% used [0x00000000e5560000, 0x00000000e5856d90, 0x00000000e6ab0000)
  to   space 21824K,   0% used [0x00000000e6ab0000, 0x00000000e6ab0000, 0x00000000e8000000)
 concurrent mark-sweep generation total 393216K, used 25141K [0x00000000e8000000, 0x0000000100000000, 0x0000000100000000)
 Metaspace       used 34354K, capacity 35280K, committed 35532K, reserved 1081344K
  class space    used 3915K, capacity 4173K, committed 4300K, reserved 1048576K
}
2016-11-17T02:05:26.403+0100: 10755.801: Total time for which application threads were stopped: 0.0059084 seconds, Stopping threads took: 0.0000295 seconds
2016-11-17T02:05:26.430+0100: 10755.829: Total time for which application threads were stopped: 0.0002120 seconds, Stopping threads took: 0.0000543 seconds
2016-11-17T02:05:26.459+0100: 10755.858: Total time for which application threads were stopped: 0.0002308 seconds, Stopping threads took: 0.0000454 seconds
2016-11-17T02:05:26.622+0100: 10756.020: Total time for which application threads were stopped: 0.0001753 seconds, Stopping threads took: 0.0000312 seconds
2016-11-17T02:05:26.677+0100: 10756.075: Total time for which application threads were stopped: 0.0001814 seconds, Stopping threads took: 0.0000238 seconds
2016-11-17T02:05:26.677+0100: 10756.076: Total time for which application threads were stopped: 0.0001111 seconds, Stopping threads took: 0.0000134 seconds
2016-11-17T02:05:26.677+0100: 10756.076: Total time for which application threads were stopped: 0.0001044 seconds, Stopping threads took: 0.0000082 seconds
2016-11-17T02:05:26.677+0100: 10756.076: Total time for which application threads were stopped: 0.0000856 seconds, Stopping threads took: 0.0000078 seconds
2016-11-17T02:05:26.677+0100: 10756.076: Total time for which application threads were stopped: 0.0000766 seconds, Stopping threads took: 0.0000072 seconds
2016-11-17T02:05:26.678+0100: 10756.076: Total time for which application threads were stopped: 0.0000752 seconds, Stopping threads took: 0.0000077 seconds
2016-11-17T02:05:26.678+0100: 10756.076: Total time for which application threads were stopped: 0.0000763 seconds, Stopping threads took: 0.0000065 seconds
2016-11-17T02:05:26.678+0100: 10756.076: Total time for which application threads were stopped: 0.0000816 seconds, Stopping threads took: 0.0000074 seconds
2016-11-17T02:05:26.678+0100: 10756.077: Total time for which application threads were stopped: 0.0000811 seconds, Stopping threads took: 0.0000116 seconds
2016-11-17T02:05:26.678+0100: 10756.077: Total time for which application threads were stopped: 0.0000782 seconds, Stopping threads took: 0.0000073 seconds
2016-11-17T02:05:26.680+0100: 10756.078: Total time for which application threads were stopped: 0.0001687 seconds, Stopping threads took: 0.0000233 seconds
2016-11-17T02:05:26.680+0100: 10756.078: Total time for which application threads were stopped: 0.0000771 seconds, Stopping threads took: 0.0000082 seconds
{Heap before GC invocations=74 (full 1):
 par new generation   total 109248K, used 90450K [0x00000000e0000000, 0x00000000e8000000, 0x00000000e8000000)
  eden space 87424K,  99% used [0x00000000e0000000, 0x00000000e555dc60, 0x00000000e5560000)
  from space 21824K,  13% used [0x00000000e5560000, 0x00000000e5856d90, 0x00000000e6ab0000)
  to   space 21824K,   0% used [0x00000000e6ab0000, 0x00000000e6ab0000, 0x00000000e8000000)
 concurrent mark-sweep generation total 393216K, used 25141K [0x00000000e8000000, 0x0000000100000000, 0x0000000100000000)
 Metaspace       used 34492K, capacity 35472K, committed 35788K, reserved 1081344K
  class space    used 3931K, capacity 4189K, committed 4300K, reserved 1048576K
2016-11-17T02:05:58.861+0100: 10788.260: [GC (Allocation Failure) 2016-11-17T02:05:58.861+0100: 10788.260: [ParNew
Desired survivor size 20112992 bytes, new threshold 8 (max 8)
- age   1:    3952080 bytes,    3952080 total
- age   2:     117408 bytes,    4069488 total
- age   3:     131152 bytes,    4200640 total
- age   4:     631248 bytes,    4831888 total
- age   5:       3176 bytes,    4835064 total
- age   6:     195112 bytes,    5030176 total
- age   7:       2176 bytes,    5032352 total
- age   8:     196632 bytes,    5228984 total
: 90450K->5899K(109248K), 0.0124979 secs] 115591K->31043K(502464K), 0.0126406 secs] [Times: user=0.03 sys=0.00, real=0.01 secs] 
Heap after GC invocations=75 (full 1):
 par new generation   total 109248K, used 5899K [0x00000000e0000000, 0x00000000e8000000, 0x00000000e8000000)
  eden space 87424K,   0% used [0x00000000e0000000, 0x00000000e0000000, 0x00000000e5560000)
  from space 21824K,  27% used [0x00000000e6ab0000, 0x00000000e7072fd8, 0x00000000e8000000)
  to   space 21824K,   0% used [0x00000000e5560000, 0x00000000e5560000, 0x00000000e6ab0000)
 concurrent mark-sweep generation total 393216K, used 25143K [0x00000000e8000000, 0x0000000100000000, 0x0000000100000000)
 Metaspace       used 34492K, capacity 35472K, committed 35788K, reserved 1081344K
  class space    used 3931K, capacity 4189K, committed 4300K, reserved 1048576K
}
2016-11-17T02:05:58.874+0100: 10788.273: Total time for which application threads were stopped: 0.0129896 seconds, Stopping threads took: 0.0000403 seconds
2016-11-17T02:05:58.874+0100: 10788.273: Total time for which application threads were stopped: 0.0001925 seconds, Stopping threads took: 0.0000595 seconds
2016-11-17T02:05:58.874+0100: 10788.273: Total time for which application threads were stopped: 0.0001291 seconds, Stopping threads took: 0.0000239 seconds
{Heap before GC invocations=75 (full 1):
 par new generation   total 109248K, used 93310K [0x00000000e0000000, 0x00000000e8000000, 0x00000000e8000000)
  eden space 87424K,  99% used [0x00000000e0000000, 0x00000000e555cbf8, 0x00000000e5560000)
  from space 21824K,  27% used [0x00000000e6ab0000, 0x00000000e7072fd8, 0x00000000e8000000)
  to   space 21824K,   0% used [0x00000000e5560000, 0x00000000e5560000, 0x00000000e6ab0000)
 concurrent mark-sweep generation total 393216K, used 25143K [0x00000000e8000000, 0x0000000100000000, 0x0000000100000000)
 Metaspace       used 34492K, capacity 35472K, committed 35788K, reserved 1081344K
  class space    used 3931K, capacity 4189K, committed 4300K, reserved 1048576K
2016-11-17T02:05:58.948+0100: 10788.347: [GC (Allocation Failure) 2016-11-17T02:05:58.948+0100: 10788.347: [ParNew
Desired survivor size 20112992 bytes, new threshold 8 (max 8)
- age   1:     144256 bytes,     144256 total
- age   2:    1328080 bytes,    1472336 total
- age   3:       3064 bytes,    1475400 total
- age   4:       5704 bytes,    1481104 total
- age   5:     203872 bytes,    1684976 total
- age   6:       3176 bytes,    1688152 total
- age   7:     195112 bytes,    1883264 total
- age   8:       2176 bytes,    1885440 total
: 93310K->3883K(109248K), 0.0069729 secs] 118453K->29221K(502464K), 0.0070902 secs] [Times: user=0.02 sys=0.00, real=0.01 secs] 
Heap after GC invocations=76 (full 1):
 par new generation   total 109248K, used 3883K [0x00000000e0000000, 0x00000000e8000000, 0x00000000e8000000)
  eden space 87424K,   0% used [0x00000000e0000000, 0x00000000e0000000, 0x00000000e5560000)
  from space 21824K,  17% used [0x00000000e5560000, 0x00000000e592adc0, 0x00000000e6ab0000)
  to   space 21824K,   0% used [0x00000000e6ab0000, 0x00000000e6ab0000, 0x00000000e8000000)
 concurrent mark-sweep generation total 393216K, used 25337K [0x00000000e8000000, 0x0000000100000000, 0x0000000100000000)
 Metaspace       used 34492K, capacity 35472K, committed 35788K, reserved 1081344K
  class space    used 3931K, capacity 4189K, committed 4300K, reserved 1048576K
}
2016-11-17T02:05:58.955+0100: 10788.354: Total time for which application threads were stopped: 0.0073868 seconds, Stopping threads took: 0.0000257 seconds
2016-11-17T02:05:58.956+0100: 10788.355: Total time for which application threads were stopped: 0.0002611 seconds, Stopping threads took: 0.0000459 seconds
2016-11-17T02:05:59.024+0100: 10788.423: Total time for which application threads were stopped: 0.0001853 seconds, Stopping threads took: 0.0000274 seconds
2016-11-17T02:05:59.053+0100: 10788.451: Total time for which application threads were stopped: 0.0002183 seconds, Stopping threads took: 0.0000479 seconds
2016-11-17T02:05:59.204+0100: 10788.602: Total time for which application threads were stopped: 0.0001446 seconds, Stopping threads took: 0.0000230 seconds
2016-11-17T02:06:00.204+0100: 10789.603: Total time for which application threads were stopped: 0.0001456 seconds, Stopping threads took: 0.0000223 seconds
2016-11-17T02:06:04.133+0100: 10793.531: Total time for which application threads were stopped: 0.0002143 seconds, Stopping threads took: 0.0000410 seconds
2016-11-17T02:06:04.133+0100: 10793.531: Total time for which application threads were stopped: 0.0001149 seconds, Stopping threads took: 0.0000348 seconds
2016-11-17T02:06:04.137+0100: 10793.536: Total time for which application threads were stopped: 0.0001896 seconds, Stopping threads took: 0.0000268 seconds
2016-11-17T02:06:04.137+0100: 10793.536: Total time for which application threads were stopped: 0.0000585 seconds, Stopping threads took: 0.0000108 seconds
2016-11-17T02:06:04.141+0100: 10793.540: Total time for which application threads were stopped: 0.0001316 seconds, Stopping threads took: 0.0000180 seconds
2016-11-17T02:06:04.141+0100: 10793.540: Total time for which application threads were stopped: 0.0000583 seconds, Stopping threads took: 0.0000109 seconds
2016-11-17T02:06:04.141+0100: 10793.540: Total time for which application threads were stopped: 0.0000562 seconds, Stopping threads took: 0.0000095 seconds
2016-11-17T02:06:04.141+0100: 10793.540: Total time for which application threads were stopped: 0.0000551 seconds, Stopping threads took: 0.0000089 seconds
2016-11-17T02:06:04.141+0100: 10793.540: Total time for which application threads were stopped: 0.0000539 seconds, Stopping threads took: 0.0000077 seconds
2016-11-17T02:06:04.142+0100: 10793.541: Total time for which application threads were stopped: 0.0001037 seconds, Stopping threads took: 0.0000190 seconds
2016-11-17T02:06:04.142+0100: 10793.541: Total time for which application threads were stopped: 0.0000561 seconds, Stopping threads took: 0.0000087 seconds
2016-11-17T02:06:04.143+0100: 10793.541: Total time for which application threads were stopped: 0.0000610 seconds, Stopping threads took: 0.0000099 seconds
2016-11-17T02:06:04.143+0100: 10793.541: Total time for which application threads were stopped: 0.0000561 seconds, Stopping threads took: 0.0000095 seconds
2016-11-17T02:06:04.143+0100: 10793.541: Total time for which application threads were stopped: 0.0000552 seconds, Stopping threads took: 0.0000086 seconds
2016-11-17T02:06:04.143+0100: 10793.542: Total time for which application threads were stopped: 0.0000552 seconds, Stopping threads took: 0.0000086 seconds
2016-11-17T02:06:04.143+0100: 10793.542: Total time for which application threads were stopped: 0.0000548 seconds, Stopping threads took: 0.0000081 seconds
2016-11-17T02:06:04.143+0100: 10793.542: Total time for which application threads were stopped: 0.0000663 seconds, Stopping threads took: 0.0000094 seconds
2016-11-17T02:06:04.144+0100: 10793.542: Total time for which application threads were stopped: 0.0002319 seconds, Stopping threads took: 0.0000312 seconds
2016-11-17T02:06:04.145+0100: 10793.543: Total time for which application threads were stopped: 0.0001552 seconds, Stopping threads took: 0.0000638 seconds
2016-11-17T02:06:04.145+0100: 10793.544: Total time for which application threads were stopped: 0.0000850 seconds, Stopping threads took: 0.0000327 seconds
2016-11-17T02:06:04.147+0100: 10793.546: Total time for which application threads were stopped: 0.0001913 seconds, Stopping threads took: 0.0000266 seconds
2016-11-17T02:06:04.147+0100: 10793.546: Total time for which application threads were stopped: 0.0001138 seconds, Stopping threads took: 0.0000134 seconds
2016-11-17T02:06:04.150+0100: 10793.549: Total time for which application threads were stopped: 0.0001941 seconds, Stopping threads took: 0.0000720 seconds
2016-11-17T02:06:04.150+0100: 10793.549: Total time for which application threads were stopped: 0.0000823 seconds, Stopping threads took: 0.0000252 seconds
2016-11-17T02:06:12.017+0100: 10801.416: Total time for which application threads were stopped: 0.0001575 seconds, Stopping threads took: 0.0000226 seconds
2016-11-17T02:06:12.021+0100: 10801.420: Total time for which application threads were stopped: 0.0001697 seconds, Stopping threads took: 0.0000232 seconds
2016-11-17T02:06:12.032+0100: 10801.430: Total time for which application threads were stopped: 0.0003297 seconds, Stopping threads took: 0.0001780 seconds
2016-11-17T02:06:12.032+0100: 10801.431: Total time for which application threads were stopped: 0.0001156 seconds, Stopping threads took: 0.0000402 seconds
2016-11-17T02:06:12.037+0100: 10801.435: Total time for which application threads were stopped: 0.0002584 seconds, Stopping threads took: 0.0000329 seconds
2016-11-17T02:06:12.046+0100: 10801.445: Total time for which application threads were stopped: 0.0085847 seconds, Stopping threads took: 0.0083568 seconds
2016-11-17T02:06:12.047+0100: 10801.446: Total time for which application threads were stopped: 0.0002669 seconds, Stopping threads took: 0.0000428 seconds
2016-11-17T02:06:12.050+0100: 10801.449: Total time for which application threads were stopped: 0.0003961 seconds, Stopping threads took: 0.0000304 seconds
2016-11-17T02:06:12.050+0100: 10801.449: Total time for which application threads were stopped: 0.0003022 seconds, Stopping threads took: 0.0000147 seconds
2016-11-17T02:06:12.054+0100: 10801.453: Total time for which application threads were stopped: 0.0020045 seconds, Stopping threads took: 0.0007843 seconds
2016-11-17T02:06:15.361+0100: 10804.759: Total time for which application threads were stopped: 0.0006602 seconds, Stopping threads took: 0.0000444 seconds
2016-11-17T02:06:15.372+0100: 10804.771: Total time for which application threads were stopped: 0.0003161 seconds, Stopping threads took: 0.0001323 seconds
2016-11-17T02:06:15.378+0100: 10804.777: Total time for which application threads were stopped: 0.0062572 seconds, Stopping threads took: 0.0060221 seconds
2016-11-17T02:06:15.384+0100: 10804.783: Total time for which application threads were stopped: 0.0002950 seconds, Stopping threads took: 0.0000662 seconds
2016-11-17T02:06:15.384+0100: 10804.783: Total time for which application threads were stopped: 0.0001577 seconds, Stopping threads took: 0.0000132 seconds
2016-11-17T02:06:16.385+0100: 10805.783: Total time for which application threads were stopped: 0.0002686 seconds, Stopping threads took: 0.0000448 seconds
2016-11-17T02:06:44.430+0100: 10833.829: Total time for which application threads were stopped: 0.0002700 seconds, Stopping threads took: 0.0000883 seconds
2016-11-17T02:06:44.431+0100: 10833.829: Total time for which application threads were stopped: 0.0000964 seconds, Stopping threads took: 0.0000152 seconds
2016-11-17T02:06:44.433+0100: 10833.831: Total time for which application threads were stopped: 0.0001739 seconds, Stopping threads took: 0.0000667 seconds
2016-11-17T02:06:44.433+0100: 10833.832: Total time for which application threads were stopped: 0.0001145 seconds, Stopping threads took: 0.0000380 seconds
2016-11-17T02:06:45.433+0100: 10834.832: Total time for which application threads were stopped: 0.0002311 seconds, Stopping threads took: 0.0000391 seconds
2016-11-17T02:07:12.051+0100: 10861.449: Total time for which application threads were stopped: 0.0002270 seconds, Stopping threads took: 0.0000376 seconds
2016-11-17T02:07:30.212+0100: 10879.610: Total time for which application threads were stopped: 0.0001508 seconds, Stopping threads took: 0.0000280 seconds
2016-11-17T02:07:30.212+0100: 10879.610: Total time for which application threads were stopped: 0.0000651 seconds, Stopping threads took: 0.0000105 seconds
2016-11-17T02:07:30.214+0100: 10879.613: Total time for which application threads were stopped: 0.0001364 seconds, Stopping threads took: 0.0000211 seconds
2016-11-17T02:07:30.214+0100: 10879.613: Total time for which application threads were stopped: 0.0000644 seconds, Stopping threads took: 0.0000122 seconds
2016-11-17T02:07:30.215+0100: 10879.613: Total time for which application threads were stopped: 0.0000599 seconds, Stopping threads took: 0.0000081 seconds
2016-11-17T02:07:30.218+0100: 10879.617: Total time for which application threads were stopped: 0.0002047 seconds, Stopping threads took: 0.0000251 seconds
2016-11-17T02:07:30.218+0100: 10879.617: Total time for which application threads were stopped: 0.0000924 seconds, Stopping threads took: 0.0000096 seconds
2016-11-17T02:07:30.219+0100: 10879.617: Total time for which application threads were stopped: 0.0000883 seconds, Stopping threads took: 0.0000100 seconds
2016-11-17T02:07:30.219+0100: 10879.618: Total time for which application threads were stopped: 0.0001344 seconds, Stopping threads took: 0.0000178 seconds
2016-11-17T02:07:30.220+0100: 10879.618: Total time for which application threads were stopped: 0.0000829 seconds, Stopping threads took: 0.0000087 seconds
2016-11-17T02:07:31.220+0100: 10880.619: Total time for which application threads were stopped: 0.0002172 seconds, Stopping threads took: 0.0000342 seconds
2016-11-17T02:07:44.431+0100: 10893.830: Total time for which application threads were stopped: 0.0001627 seconds, Stopping threads took: 0.0000230 seconds
2016-11-17T02:07:44.433+0100: 10893.832: Total time for which application threads were stopped: 0.0001772 seconds, Stopping threads took: 0.0000259 seconds
{Heap before GC invocations=76 (full 1):
 par new generation   total 109248K, used 91290K [0x00000000e0000000, 0x00000000e8000000, 0x00000000e8000000)
  eden space 87424K,  99% used [0x00000000e0000000, 0x00000000e555bd60, 0x00000000e5560000)
  from space 21824K,  17% used [0x00000000e5560000, 0x00000000e592adc0, 0x00000000e6ab0000)
  to   space 21824K,   0% used [0x00000000e6ab0000, 0x00000000e6ab0000, 0x00000000e8000000)
 concurrent mark-sweep generation total 393216K, used 25337K [0x00000000e8000000, 0x0000000100000000, 0x0000000100000000)
 Metaspace       used 34605K, capacity 35664K, committed 35788K, reserved 1081344K
  class space    used 3937K, capacity 4189K, committed 4300K, reserved 1048576K
2016-11-17T02:07:45.357+0100: 10894.756: [GC (Allocation Failure) 2016-11-17T02:07:45.357+0100: 10894.756: [ParNew
Desired survivor size 20112992 bytes, new threshold 8 (max 8)
- age   1:    4141968 bytes,    4141968 total
- age   2:      92160 bytes,    4234128 total
- age   3:     746000 bytes,    4980128 total
- age   4:       3064 bytes,    4983192 total
- age   5:       5704 bytes,    4988896 total
- age   6:     203408 bytes,    5192304 total
- age   7:       3176 bytes,    5195480 total
- age   8:     194368 bytes,    5389848 total
: 91290K->5849K(109248K), 0.0401682 secs] 116628K->31189K(502464K), 0.0403331 secs] [Times: user=0.08 sys=0.00, real=0.04 secs] 
Heap after GC invocations=77 (full 1):
 par new generation   total 109248K, used 5849K [0x00000000e0000000, 0x00000000e8000000, 0x00000000e8000000)
  eden space 87424K,   0% used [0x00000000e0000000, 0x00000000e0000000, 0x00000000e5560000)
  from space 21824K,  26% used [0x00000000e6ab0000, 0x00000000e70665a8, 0x00000000e8000000)
  to   space 21824K,   0% used [0x00000000e5560000, 0x00000000e5560000, 0x00000000e6ab0000)
 concurrent mark-sweep generation total 393216K, used 25339K [0x00000000e8000000, 0x0000000100000000, 0x0000000100000000)
 Metaspace       used 34605K, capacity 35664K, committed 35788K, reserved 1081344K
  class space    used 3937K, capacity 4189K, committed 4300K, reserved 1048576K
}
2016-11-17T02:07:45.398+0100: 10894.796: Total time for which application threads were stopped: 0.0406611 seconds, Stopping threads took: 0.0000367 seconds
2016-11-17T02:07:45.398+0100: 10894.797: Total time for which application threads were stopped: 0.0002229 seconds, Stopping threads took: 0.0000368 seconds
2016-11-17T02:07:45.398+0100: 10894.797: Total time for which application threads were stopped: 0.0002101 seconds, Stopping threads took: 0.0000417 seconds
{Heap before GC invocations=77 (full 1):
 par new generation   total 109248K, used 93273K [0x00000000e0000000, 0x00000000e8000000, 0x00000000e8000000)
  eden space 87424K, 100% used [0x00000000e0000000, 0x00000000e5560000, 0x00000000e5560000)
  from space 21824K,  26% used [0x00000000e6ab0000, 0x00000000e70665a8, 0x00000000e8000000)
  to   space 21824K,   0% used [0x00000000e5560000, 0x00000000e5560000, 0x00000000e6ab0000)
 concurrent mark-sweep generation total 393216K, used 25339K [0x00000000e8000000, 0x0000000100000000, 0x0000000100000000)
 Metaspace       used 34608K, capacity 35664K, committed 35788K, reserved 1081344K
  class space    used 3937K, capacity 4189K, committed 4300K, reserved 1048576K
2016-11-17T02:07:45.451+0100: 10894.850: [GC (Allocation Failure) 2016-11-17T02:07:45.451+0100: 10894.850: [ParNew
Desired survivor size 20112992 bytes, new threshold 8 (max 8)
- age   1:     206272 bytes,     206272 total
- age   2:    1379864 bytes,    1586136 total
- age   3:        200 bytes,    1586336 total
- age   4:     217112 bytes,    1803448 total
- age   5:       3064 bytes,    1806512 total
- age   6:       5704 bytes,    1812216 total
- age   7:     203408 bytes,    2015624 total
- age   8:       3176 bytes,    2018800 total
: 93273K->4084K(109248K), 0.0068508 secs] 118613K->29616K(502464K), 0.0069598 secs] [Times: user=0.02 sys=0.00, real=0.01 secs] 
Heap after GC invocations=78 (full 1):
 par new generation   total 109248K, used 4084K [0x00000000e0000000, 0x00000000e8000000, 0x00000000e8000000)
  eden space 87424K,   0% used [0x00000000e0000000, 0x00000000e0000000, 0x00000000e5560000)
  from space 21824K,  18% used [0x00000000e5560000, 0x00000000e595d2c0, 0x00000000e6ab0000)
  to   space 21824K,   0% used [0x00000000e6ab0000, 0x00000000e6ab0000, 0x00000000e8000000)
 concurrent mark-sweep generation total 393216K, used 25532K [0x00000000e8000000, 0x0000000100000000, 0x0000000100000000)
 Metaspace       used 34608K, capacity 35664K, committed 35788K, reserved 1081344K
  class space    used 3937K, capacity 4189K, committed 4300K, reserved 1048576K
}
2016-11-17T02:07:45.458+0100: 10894.857: Total time for which application threads were stopped: 0.0072381 seconds, Stopping threads took: 0.0000244 seconds
2016-11-17T02:07:45.458+0100: 10894.857: Total time for which application threads were stopped: 0.0001966 seconds, Stopping threads took: 0.0000405 seconds
2016-11-17T02:07:45.567+0100: 10894.966: Total time for which application threads were stopped: 0.0008191 seconds, Stopping threads took: 0.0005877 seconds
2016-11-17T02:07:45.597+0100: 10894.995: Total time for which application threads were stopped: 0.0002329 seconds, Stopping threads took: 0.0000634 seconds
2016-11-17T02:07:45.778+0100: 10895.177: Total time for which application threads were stopped: 0.0001941 seconds, Stopping threads took: 0.0000365 seconds
2016-11-17T02:07:45.817+0100: 10895.216: Total time for which application threads were stopped: 0.0001846 seconds, Stopping threads took: 0.0000276 seconds
2016-11-17T02:07:45.818+0100: 10895.216: Total time for which application threads were stopped: 0.0001914 seconds, Stopping threads took: 0.0000761 seconds
2016-11-17T02:07:45.818+0100: 10895.217: Total time for which application threads were stopped: 0.0000841 seconds, Stopping threads took: 0.0000121 seconds
2016-11-17T02:07:45.818+0100: 10895.217: Total time for which application threads were stopped: 0.0000877 seconds, Stopping threads took: 0.0000111 seconds
2016-11-17T02:07:45.818+0100: 10895.217: Total time for which application threads were stopped: 0.0000942 seconds, Stopping threads took: 0.0000093 seconds
2016-11-17T02:07:45.818+0100: 10895.217: Total time for which application threads were stopped: 0.0000733 seconds, Stopping threads took: 0.0000078 seconds
2016-11-17T02:07:45.818+0100: 10895.217: Total time for which application threads were stopped: 0.0000768 seconds, Stopping threads took: 0.0000075 seconds
2016-11-17T02:07:45.819+0100: 10895.217: Total time for which application threads were stopped: 0.0000800 seconds, Stopping threads took: 0.0000082 seconds
2016-11-17T02:07:45.819+0100: 10895.217: Total time for which application threads were stopped: 0.0000756 seconds, Stopping threads took: 0.0000079 seconds
2016-11-17T02:07:45.819+0100: 10895.217: Total time for which application threads were stopped: 0.0000749 seconds, Stopping threads took: 0.0000080 seconds
2016-11-17T02:07:45.820+0100: 10895.219: Total time for which application threads were stopped: 0.0001616 seconds, Stopping threads took: 0.0000238 seconds
2016-11-17T02:07:45.820+0100: 10895.219: Total time for which application threads were stopped: 0.0000788 seconds, Stopping threads took: 0.0000083 seconds
2016-11-17T02:07:46.821+0100: 10896.219: Total time for which application threads were stopped: 0.0001660 seconds, Stopping threads took: 0.0000295 seconds
2016-11-17T02:07:57.695+0100: 10907.094: Total time for which application threads were stopped: 0.0001705 seconds, Stopping threads took: 0.0000464 seconds
2016-11-17T02:07:57.695+0100: 10907.094: Total time for which application threads were stopped: 0.0001332 seconds, Stopping threads took: 0.0000819 seconds
2016-11-17T02:07:57.695+0100: 10907.094: Total time for which application threads were stopped: 0.0000841 seconds, Stopping threads took: 0.0000350 seconds
2016-11-17T02:07:57.696+0100: 10907.094: Total time for which application threads were stopped: 0.0000688 seconds, Stopping threads took: 0.0000208 seconds
2016-11-17T02:07:57.696+0100: 10907.095: Total time for which application threads were stopped: 0.0002039 seconds, Stopping threads took: 0.0000209 seconds
2016-11-17T02:07:57.700+0100: 10907.098: Total time for which application threads were stopped: 0.0002076 seconds, Stopping threads took: 0.0000463 seconds
2016-11-17T02:07:57.700+0100: 10907.098: Total time for which application threads were stopped: 0.0001179 seconds, Stopping threads took: 0.0000313 seconds
2016-11-17T02:07:57.702+0100: 10907.101: Total time for which application threads were stopped: 0.0001948 seconds, Stopping threads took: 0.0000553 seconds
2016-11-17T02:07:57.702+0100: 10907.101: Total time for which application threads were stopped: 0.0001235 seconds, Stopping threads took: 0.0000433 seconds
2016-11-17T02:08:01.114+0100: 10910.513: Total time for which application threads were stopped: 0.0001773 seconds, Stopping threads took: 0.0000409 seconds
2016-11-17T02:08:01.128+0100: 10910.526: Total time for which application threads were stopped: 0.0002300 seconds, Stopping threads took: 0.0000273 seconds
2016-11-17T02:08:01.129+0100: 10910.528: Total time for which application threads were stopped: 0.0002108 seconds, Stopping threads took: 0.0000633 seconds
2016-11-17T02:08:01.129+0100: 10910.528: Total time for which application threads were stopped: 0.0000796 seconds, Stopping threads took: 0.0000191 seconds
2016-11-17T02:08:01.129+0100: 10910.528: Total time for which application threads were stopped: 0.0000653 seconds, Stopping threads took: 0.0000115 seconds
2016-11-17T02:08:01.129+0100: 10910.528: Total time for which application threads were stopped: 0.0000704 seconds, Stopping threads took: 0.0000116 seconds
2016-11-17T02:08:01.129+0100: 10910.528: Total time for which application threads were stopped: 0.0000822 seconds, Stopping threads took: 0.0000238 seconds
2016-11-17T02:08:01.129+0100: 10910.528: Total time for which application threads were stopped: 0.0000826 seconds, Stopping threads took: 0.0000284 seconds
2016-11-17T02:08:01.130+0100: 10910.528: Total time for which application threads were stopped: 0.0000771 seconds, Stopping threads took: 0.0000186 seconds
2016-11-17T02:08:01.130+0100: 10910.528: Total time for which application threads were stopped: 0.0000800 seconds, Stopping threads took: 0.0000231 seconds
2016-11-17T02:08:01.133+0100: 10910.532: Total time for which application threads were stopped: 0.0002232 seconds, Stopping threads took: 0.0000227 seconds
2016-11-17T02:08:01.133+0100: 10910.532: Total time for which application threads were stopped: 0.0001367 seconds, Stopping threads took: 0.0000299 seconds
2016-11-17T02:08:01.134+0100: 10910.533: Total time for which application threads were stopped: 0.0001581 seconds, Stopping threads took: 0.0000208 seconds
2016-11-17T02:08:01.135+0100: 10910.533: Total time for which application threads were stopped: 0.0001076 seconds, Stopping threads took: 0.0000112 seconds
2016-11-17T02:08:01.135+0100: 10910.533: Total time for which application threads were stopped: 0.0000944 seconds, Stopping threads took: 0.0000107 seconds
2016-11-17T02:08:01.136+0100: 10910.535: Total time for which application threads were stopped: 0.0001285 seconds, Stopping threads took: 0.0000211 seconds
2016-11-17T02:08:01.136+0100: 10910.535: Total time for which application threads were stopped: 0.0000947 seconds, Stopping threads took: 0.0000232 seconds
2016-11-17T02:08:01.139+0100: 10910.538: Total time for which application threads were stopped: 0.0002509 seconds, Stopping threads took: 0.0000520 seconds
2016-11-17T02:08:01.140+0100: 10910.538: Total time for which application threads were stopped: 0.0001580 seconds, Stopping threads took: 0.0000297 seconds
2016-11-17T02:08:01.140+0100: 10910.539: Total time for which application threads were stopped: 0.0001079 seconds, Stopping threads took: 0.0000300 seconds
2016-11-17T02:08:01.143+0100: 10910.542: Total time for which application threads were stopped: 0.0011643 seconds, Stopping threads took: 0.0009750 seconds
2016-11-17T02:08:01.144+0100: 10910.542: Total time for which application threads were stopped: 0.0001875 seconds, Stopping threads took: 0.0000696 seconds
2016-11-17T02:08:01.144+0100: 10910.543: Total time for which application threads were stopped: 0.0005223 seconds, Stopping threads took: 0.0003709 seconds
2016-11-17T12:45:22.341+0100: 10943.412: Total time for which application threads were stopped: 0.0001528 seconds, Stopping threads took: 0.0000249 seconds
2016-11-17T12:45:49.468+0100: 10970.539: Total time for which application threads were stopped: 0.0003287 seconds, Stopping threads took: 0.0000593 seconds
2016-11-17T12:45:49.472+0100: 10970.543: Total time for which application threads were stopped: 0.0003100 seconds, Stopping threads took: 0.0000601 seconds
2016-11-17T12:45:49.472+0100: 10970.544: Total time for which application threads were stopped: 0.0002798 seconds, Stopping threads took: 0.0000295 seconds
2016-11-17T13:22:04.243+0100: 13145.314: Total time for which application threads were stopped: 0.0002459 seconds, Stopping threads took: 0.0000503 seconds
2016-11-17T13:22:04.243+0100: 13145.315: Total time for which application threads were stopped: 0.0001092 seconds, Stopping threads took: 0.0000242 seconds
2016-11-17T13:22:04.246+0100: 13145.317: Total time for which application threads were stopped: 0.0002301 seconds, Stopping threads took: 0.0000718 seconds
2016-11-17T13:22:04.246+0100: 13145.318: Total time for which application threads were stopped: 0.0001283 seconds, Stopping threads took: 0.0000467 seconds
2016-11-17T13:23:04.247+0100: 13205.318: Total time for which application threads were stopped: 0.0002161 seconds, Stopping threads took: 0.0000361 seconds
2016-11-17T13:38:58.881+0100: 14159.952: Total time for which application threads were stopped: 0.0008519 seconds, Stopping threads took: 0.0000271 seconds
2016-11-17T13:38:58.882+0100: 14159.953: Total time for which application threads were stopped: 0.0006993 seconds, Stopping threads took: 0.0000127 seconds
2016-11-17T13:38:58.889+0100: 14159.960: Total time for which application threads were stopped: 0.0001701 seconds, Stopping threads took: 0.0000310 seconds
2016-11-17T13:38:58.891+0100: 14159.963: Total time for which application threads were stopped: 0.0001351 seconds, Stopping threads took: 0.0000183 seconds
2016-11-17T13:38:58.891+0100: 14159.963: Total time for which application threads were stopped: 0.0000590 seconds, Stopping threads took: 0.0000112 seconds
2016-11-17T13:38:58.892+0100: 14159.963: Total time for which application threads were stopped: 0.0000744 seconds, Stopping threads took: 0.0000083 seconds
2016-11-17T13:38:58.892+0100: 14159.963: Total time for which application threads were stopped: 0.0000521 seconds, Stopping threads took: 0.0000076 seconds
2016-11-17T13:38:58.909+0100: 14159.980: Total time for which application threads were stopped: 0.0007306 seconds, Stopping threads took: 0.0006128 seconds
2016-11-17T13:38:58.909+0100: 14159.981: Total time for which application threads were stopped: 0.0000908 seconds, Stopping threads took: 0.0000174 seconds
2016-11-17T13:38:58.909+0100: 14159.981: Total time for which application threads were stopped: 0.0001101 seconds, Stopping threads took: 0.0000383 seconds
2016-11-17T13:38:58.910+0100: 14159.981: Total time for which application threads were stopped: 0.0000925 seconds, Stopping threads took: 0.0000308 seconds
2016-11-17T13:38:58.910+0100: 14159.981: Total time for which application threads were stopped: 0.0001049 seconds, Stopping threads took: 0.0000392 seconds
2016-11-17T13:38:58.911+0100: 14159.982: Total time for which application threads were stopped: 0.0000908 seconds, Stopping threads took: 0.0000113 seconds
2016-11-17T13:38:58.911+0100: 14159.982: Total time for which application threads were stopped: 0.0000760 seconds, Stopping threads took: 0.0000135 seconds
2016-11-17T13:38:58.911+0100: 14159.982: Total time for which application threads were stopped: 0.0000849 seconds, Stopping threads took: 0.0000344 seconds
2016-11-17T13:38:58.912+0100: 14159.984: Total time for which application threads were stopped: 0.0006431 seconds, Stopping threads took: 0.0005012 seconds
2016-11-17T13:38:58.914+0100: 14159.986: Total time for which application threads were stopped: 0.0001570 seconds, Stopping threads took: 0.0000290 seconds
2016-11-17T13:38:58.915+0100: 14159.986: Total time for which application threads were stopped: 0.0001131 seconds, Stopping threads took: 0.0000371 seconds
2016-11-17T13:38:58.915+0100: 14159.986: Total time for which application threads were stopped: 0.0000993 seconds, Stopping threads took: 0.0000151 seconds
2016-11-17T13:38:58.916+0100: 14159.987: Total time for which application threads were stopped: 0.0001039 seconds, Stopping threads took: 0.0000101 seconds
2016-11-17T13:38:58.919+0100: 14159.990: Total time for which application threads were stopped: 0.0001015 seconds, Stopping threads took: 0.0000157 seconds
Heap
 par new generation   total 109248K, used 71782K [0x00000000e0000000, 0x00000000e8000000, 0x00000000e8000000)
  eden space 87424K,  77% used [0x00000000e0000000, 0x00000000e421c778, 0x00000000e5560000)
  from space 21824K,  18% used [0x00000000e5560000, 0x00000000e595d2c0, 0x00000000e6ab0000)
  to   space 21824K,   0% used [0x00000000e6ab0000, 0x00000000e6ab0000, 0x00000000e8000000)
 concurrent mark-sweep generation total 393216K, used 25532K [0x00000000e8000000, 0x0000000100000000, 0x0000000100000000)
 Metaspace       used 34702K, capacity 35672K, committed 35788K, reserved 1081344K
  class space    used 3945K, capacity 4191K, committed 4300K, reserved 1048576K
