Java HotSpot(TM) 64-Bit Server VM (25.101-b13) for linux-amd64 JRE (1.8.0_101-b13), built on Jun 22 2016 02:59:44 by "java_re" with gcc 4.3.0 20080428 (Red Hat 4.3.0-8)
Memory: 4k page, physical 16377720k(787744k free), swap 8191996k(7980108k free)
CommandLine flags: -XX:CMSInitiatingOccupancyFraction=50 -XX:CMSMaxAbortablePrecleanTime=6000 -XX:+CMSParallelRemarkEnabled -XX:+CMSScavengeBeforeRemark -XX:ConcGCThreads=4 -XX:GCLogFileSize=20971520 -XX:InitialHeapSize=536870912 -XX:MaxHeapSize=536870912 -XX:MaxTenuringThreshold=8 -XX:NewRatio=3 -XX:NumberOfGCLogFiles=9 -XX:OldPLABSize=16 -XX:-OmitStackTraceInFastThrow -XX:OnOutOfMemoryError=/home/librucha/projects/librucha.cz/solr-tools/solr-server/solr-6.3.0/bin/oom_solr.sh 8983 /home/librucha/projects/librucha.cz/solr-tools/solr-server/solr-6.3.0/server/logs -XX:ParallelGCThreads=4 -XX:+ParallelRefProcEnabled -XX:PretenureSizeThreshold=67108864 -XX:+PrintGC -XX:+PrintGCApplicationStoppedTime -XX:+PrintGCDateStamps -XX:+PrintGCDetails -XX:+PrintGCTimeStamps -XX:+PrintHeapAtGC -XX:+PrintTenuringDistribution -XX:SurvivorRatio=4 -XX:TargetSurvivorRatio=90 -XX:ThreadStackSize=256 -XX:+UseCMSInitiatingOccupancyOnly -XX:+UseCompressedClassPointers -XX:+UseCompressedOops -XX:+UseConcMarkSweepGC -XX:+UseGCLogFileRotation -XX:+UseParNewGC 
2016-11-17T13:39:14.264+0100: 0.125: Total time for which application threads were stopped: 0.0000813 seconds, Stopping threads took: 0.0000152 seconds
2016-11-17T13:39:14.336+0100: 0.197: Total time for which application threads were stopped: 0.0001183 seconds, Stopping threads took: 0.0000198 seconds
2016-11-17T13:39:14.641+0100: 0.502: Total time for which application threads were stopped: 0.0003784 seconds, Stopping threads took: 0.0000174 seconds
2016-11-17T13:39:14.696+0100: 0.558: Total time for which application threads were stopped: 0.0001725 seconds, Stopping threads took: 0.0000137 seconds
2016-11-17T13:39:14.713+0100: 0.574: Total time for which application threads were stopped: 0.0001883 seconds, Stopping threads took: 0.0000202 seconds
2016-11-17T13:39:14.931+0100: 0.793: Total time for which application threads were stopped: 0.0001932 seconds, Stopping threads took: 0.0000136 seconds
2016-11-17T13:39:15.120+0100: 0.982: Total time for which application threads were stopped: 0.0002399 seconds, Stopping threads took: 0.0000214 seconds
2016-11-17T13:39:15.253+0100: 1.115: Total time for which application threads were stopped: 0.0002316 seconds, Stopping threads took: 0.0000165 seconds
2016-11-17T13:39:15.254+0100: 1.116: Total time for which application threads were stopped: 0.0001073 seconds, Stopping threads took: 0.0000073 seconds
2016-11-17T13:39:15.257+0100: 1.119: Total time for which application threads were stopped: 0.0001525 seconds, Stopping threads took: 0.0000099 seconds
2016-11-17T13:39:15.266+0100: 1.127: Total time for which application threads were stopped: 0.0001926 seconds, Stopping threads took: 0.0000130 seconds
2016-11-17T13:39:16.266+0100: 2.127: Total time for which application threads were stopped: 0.0001472 seconds, Stopping threads took: 0.0000261 seconds
2016-11-17T13:39:18.205+0100: 4.066: Total time for which application threads were stopped: 0.0004256 seconds, Stopping threads took: 0.0000371 seconds
2016-11-17T13:39:41.207+0100: 27.069: Total time for which application threads were stopped: 0.0001562 seconds, Stopping threads took: 0.0000422 seconds
2016-11-17T13:39:45.208+0100: 31.069: Total time for which application threads were stopped: 0.0001395 seconds, Stopping threads took: 0.0000373 seconds
{Heap before GC invocations=0 (full 0):
 par new generation   total 109248K, used 87424K [0x00000000e0000000, 0x00000000e8000000, 0x00000000e8000000)
  eden space 87424K, 100% used [0x00000000e0000000, 0x00000000e5560000, 0x00000000e5560000)
  from space 21824K,   0% used [0x00000000e5560000, 0x00000000e5560000, 0x00000000e6ab0000)
  to   space 21824K,   0% used [0x00000000e6ab0000, 0x00000000e6ab0000, 0x00000000e8000000)
 concurrent mark-sweep generation total 393216K, used 0K [0x00000000e8000000, 0x0000000100000000, 0x0000000100000000)
 Metaspace       used 18185K, capacity 18500K, committed 18688K, reserved 1064960K
  class space    used 2113K, capacity 2227K, committed 2304K, reserved 1048576K
2016-11-17T13:39:45.378+0100: 31.239: [GC (Allocation Failure) 2016-11-17T13:39:45.378+0100: 31.239: [ParNew
Desired survivor size 20112992 bytes, new threshold 8 (max 8)
- age   1:   10533056 bytes,   10533056 total
: 87424K->10384K(109248K), 0.0170828 secs] 87424K->10384K(502464K), 0.0172385 secs] [Times: user=0.05 sys=0.01, real=0.02 secs] 
Heap after GC invocations=1 (full 0):
 par new generation   total 109248K, used 10384K [0x00000000e0000000, 0x00000000e8000000, 0x00000000e8000000)
  eden space 87424K,   0% used [0x00000000e0000000, 0x00000000e0000000, 0x00000000e5560000)
  from space 21824K,  47% used [0x00000000e6ab0000, 0x00000000e74d4018, 0x00000000e8000000)
  to   space 21824K,   0% used [0x00000000e5560000, 0x00000000e5560000, 0x00000000e6ab0000)
 concurrent mark-sweep generation total 393216K, used 0K [0x00000000e8000000, 0x0000000100000000, 0x0000000100000000)
 Metaspace       used 18185K, capacity 18500K, committed 18688K, reserved 1064960K
  class space    used 2113K, capacity 2227K, committed 2304K, reserved 1048576K
}
2016-11-17T13:39:45.395+0100: 31.257: Total time for which application threads were stopped: 0.0176090 seconds, Stopping threads took: 0.0000304 seconds
2016-11-17T13:39:46.395+0100: 32.257: Total time for which application threads were stopped: 0.0001654 seconds, Stopping threads took: 0.0000395 seconds
2016-11-17T13:41:26.049+0100: 131.911: Total time for which application threads were stopped: 0.0017566 seconds, Stopping threads took: 0.0015692 seconds
2016-11-17T13:41:26.057+0100: 131.919: Total time for which application threads were stopped: 0.0001277 seconds, Stopping threads took: 0.0000430 seconds
2016-11-17T13:41:26.101+0100: 131.963: Total time for which application threads were stopped: 0.0003518 seconds, Stopping threads took: 0.0000226 seconds
2016-11-17T13:41:26.161+0100: 132.023: Total time for which application threads were stopped: 0.0001074 seconds, Stopping threads took: 0.0000226 seconds
2016-11-17T13:41:26.174+0100: 132.035: Total time for which application threads were stopped: 0.0003645 seconds, Stopping threads took: 0.0000231 seconds
2016-11-17T13:41:26.181+0100: 132.043: Total time for which application threads were stopped: 0.0001067 seconds, Stopping threads took: 0.0000192 seconds
2016-11-17T13:41:26.262+0100: 132.123: Total time for which application threads were stopped: 0.0001348 seconds, Stopping threads took: 0.0000384 seconds
2016-11-17T13:41:26.262+0100: 132.124: Total time for which application threads were stopped: 0.0000732 seconds, Stopping threads took: 0.0000354 seconds
2016-11-17T13:42:21.212+0100: 187.073: Total time for which application threads were stopped: 0.0001078 seconds, Stopping threads took: 0.0000229 seconds
2016-11-17T13:42:21.212+0100: 187.074: Total time for which application threads were stopped: 0.0000543 seconds, Stopping threads took: 0.0000152 seconds
2016-11-17T13:42:21.341+0100: 187.202: Total time for which application threads were stopped: 0.0003640 seconds, Stopping threads took: 0.0000208 seconds
2016-11-17T13:42:21.399+0100: 187.261: Total time for which application threads were stopped: 0.0001785 seconds, Stopping threads took: 0.0000306 seconds
2016-11-17T13:42:21.519+0100: 187.381: Total time for which application threads were stopped: 0.0001412 seconds, Stopping threads took: 0.0000202 seconds
2016-11-17T13:42:21.542+0100: 187.403: Total time for which application threads were stopped: 0.0001559 seconds, Stopping threads took: 0.0000278 seconds
2016-11-17T13:42:21.609+0100: 187.470: Total time for which application threads were stopped: 0.0001781 seconds, Stopping threads took: 0.0000410 seconds
2016-11-17T13:42:21.699+0100: 187.561: Total time for which application threads were stopped: 0.0001306 seconds, Stopping threads took: 0.0000286 seconds
2016-11-17T13:42:21.705+0100: 187.566: Total time for which application threads were stopped: 0.0000971 seconds, Stopping threads took: 0.0000296 seconds
2016-11-17T13:42:21.705+0100: 187.566: Total time for which application threads were stopped: 0.0000375 seconds, Stopping threads took: 0.0000092 seconds
2016-11-17T13:42:21.705+0100: 187.566: Total time for which application threads were stopped: 0.0000360 seconds, Stopping threads took: 0.0000086 seconds
2016-11-17T13:42:21.716+0100: 187.577: Total time for which application threads were stopped: 0.0003057 seconds, Stopping threads took: 0.0000260 seconds
2016-11-17T13:42:21.753+0100: 187.614: Total time for which application threads were stopped: 0.0004022 seconds, Stopping threads took: 0.0000297 seconds
2016-11-17T13:42:21.790+0100: 187.652: Total time for which application threads were stopped: 0.0001219 seconds, Stopping threads took: 0.0000308 seconds
2016-11-17T13:42:21.869+0100: 187.730: Total time for which application threads were stopped: 0.0001584 seconds, Stopping threads took: 0.0000196 seconds
2016-11-17T13:42:21.898+0100: 187.760: Total time for which application threads were stopped: 0.0001168 seconds, Stopping threads took: 0.0000301 seconds
{Heap before GC invocations=1 (full 0):
 par new generation   total 109248K, used 97808K [0x00000000e0000000, 0x00000000e8000000, 0x00000000e8000000)
  eden space 87424K, 100% used [0x00000000e0000000, 0x00000000e5560000, 0x00000000e5560000)
  from space 21824K,  47% used [0x00000000e6ab0000, 0x00000000e74d4018, 0x00000000e8000000)
  to   space 21824K,   0% used [0x00000000e5560000, 0x00000000e5560000, 0x00000000e6ab0000)
 concurrent mark-sweep generation total 393216K, used 0K [0x00000000e8000000, 0x0000000100000000, 0x0000000100000000)
 Metaspace       used 22850K, capacity 23193K, committed 23368K, reserved 1069056K
  class space    used 2713K, capacity 2840K, committed 2888K, reserved 1048576K
2016-11-17T13:42:21.919+0100: 187.781: [GC (Allocation Failure) 2016-11-17T13:42:21.919+0100: 187.781: [ParNew
Desired survivor size 20112992 bytes, new threshold 8 (max 8)
- age   1:    6032336 bytes,    6032336 total
- age   2:    5059000 bytes,   11091336 total
: 97808K->13194K(109248K), 0.0088090 secs] 97808K->13194K(502464K), 0.0089143 secs] [Times: user=0.03 sys=0.01, real=0.01 secs] 
Heap after GC invocations=2 (full 0):
 par new generation   total 109248K, used 13194K [0x00000000e0000000, 0x00000000e8000000, 0x00000000e8000000)
  eden space 87424K,   0% used [0x00000000e0000000, 0x00000000e0000000, 0x00000000e5560000)
  from space 21824K,  60% used [0x00000000e5560000, 0x00000000e6242b40, 0x00000000e6ab0000)
  to   space 21824K,   0% used [0x00000000e6ab0000, 0x00000000e6ab0000, 0x00000000e8000000)
 concurrent mark-sweep generation total 393216K, used 0K [0x00000000e8000000, 0x0000000100000000, 0x0000000100000000)
 Metaspace       used 22850K, capacity 23193K, committed 23368K, reserved 1069056K
  class space    used 2713K, capacity 2840K, committed 2888K, reserved 1048576K
}
2016-11-17T13:42:21.928+0100: 187.790: Total time for which application threads were stopped: 0.0091300 seconds, Stopping threads took: 0.0000522 seconds
2016-11-17T13:42:21.928+0100: 187.790: [GC (CMS Initial Mark) [1 CMS-initial-mark: 0K(393216K)] 13226K(502464K), 0.0023324 secs] [Times: user=0.01 sys=0.00, real=0.00 secs] 
2016-11-17T13:42:21.931+0100: 187.792: Total time for which application threads were stopped: 0.0025185 seconds, Stopping threads took: 0.0000655 seconds
2016-11-17T13:42:21.931+0100: 187.792: [CMS-concurrent-mark-start]
2016-11-17T13:42:21.931+0100: 187.793: [CMS-concurrent-mark: 0.000/0.000 secs] [Times: user=0.00 sys=0.00, real=0.00 secs] 
2016-11-17T13:42:21.931+0100: 187.793: [CMS-concurrent-preclean-start]
2016-11-17T13:42:21.932+0100: 187.794: [CMS-concurrent-preclean: 0.001/0.001 secs] [Times: user=0.01 sys=0.00, real=0.00 secs] 
2016-11-17T13:42:21.932+0100: 187.794: Total time for which application threads were stopped: 0.0001292 seconds, Stopping threads took: 0.0000531 seconds
2016-11-17T13:42:21.933+0100: 187.795: [GC (CMS Final Remark) [YG occupancy: 14856 K (109248 K)]{Heap before GC invocations=2 (full 1):
 par new generation   total 109248K, used 14856K [0x00000000e0000000, 0x00000000e8000000, 0x00000000e8000000)
  eden space 87424K,   1% used [0x00000000e0000000, 0x00000000e019f6a0, 0x00000000e5560000)
  from space 21824K,  60% used [0x00000000e5560000, 0x00000000e6242b40, 0x00000000e6ab0000)
  to   space 21824K,   0% used [0x00000000e6ab0000, 0x00000000e6ab0000, 0x00000000e8000000)
 concurrent mark-sweep generation total 393216K, used 0K [0x00000000e8000000, 0x0000000100000000, 0x0000000100000000)
 Metaspace       used 22852K, capacity 23193K, committed 23368K, reserved 1069056K
  class space    used 2713K, capacity 2840K, committed 2888K, reserved 1048576K
2016-11-17T13:42:21.933+0100: 187.795: [GC (CMS Final Remark) 2016-11-17T13:42:21.933+0100: 187.795: [ParNew
Desired survivor size 20112992 bytes, new threshold 8 (max 8)
- age   1:       3688 bytes,       3688 total
- age   2:    2211088 bytes,    2214776 total
- age   3:    5059112 bytes,    7273888 total
: 14856K->9772K(109248K), 0.0079652 secs] 14856K->9772K(502464K), 0.0080397 secs] [Times: user=0.04 sys=0.00, real=0.00 secs] 
Heap after GC invocations=3 (full 1):
 par new generation   total 109248K, used 9772K [0x00000000e0000000, 0x00000000e8000000, 0x00000000e8000000)
  eden space 87424K,   0% used [0x00000000e0000000, 0x00000000e0000000, 0x00000000e5560000)
  from space 21824K,  44% used [0x00000000e6ab0000, 0x00000000e743b340, 0x00000000e8000000)
  to   space 21824K,   0% used [0x00000000e5560000, 0x00000000e5560000, 0x00000000e6ab0000)
 concurrent mark-sweep generation total 393216K, used 0K [0x00000000e8000000, 0x0000000100000000, 0x0000000100000000)
 Metaspace       used 22852K, capacity 23193K, committed 23368K, reserved 1069056K
  class space    used 2713K, capacity 2840K, committed 2888K, reserved 1048576K
}
2016-11-17T13:42:21.941+0100: 187.803: [Rescan (parallel) , 0.0030262 secs]2016-11-17T13:42:21.944+0100: 187.806: [weak refs processing, 0.0004435 secs]2016-11-17T13:42:21.945+0100: 187.806: [class unloading, 0.0031426 secs]2016-11-17T13:42:21.948+0100: 187.809: [scrub symbol table, 0.0022757 secs]2016-11-17T13:42:21.950+0100: 187.812: [scrub string table, 0.0004465 secs][1 CMS-remark: 0K(393216K)] 9772K(502464K), 0.0182504 secs] [Times: user=0.06 sys=0.00, real=0.01 secs] 
2016-11-17T13:42:21.951+0100: 187.813: Total time for which application threads were stopped: 0.0183660 seconds, Stopping threads took: 0.0000292 seconds
2016-11-17T13:42:21.951+0100: 187.813: [CMS-concurrent-sweep-start]
2016-11-17T13:42:21.951+0100: 187.813: [CMS-concurrent-sweep: 0.000/0.000 secs] [Times: user=0.00 sys=0.00, real=0.00 secs] 
2016-11-17T13:42:21.952+0100: 187.813: Total time for which application threads were stopped: 0.0001500 seconds, Stopping threads took: 0.0000580 seconds
2016-11-17T13:42:21.952+0100: 187.813: Total time for which application threads were stopped: 0.0001021 seconds, Stopping threads took: 0.0000367 seconds
2016-11-17T13:42:21.952+0100: 187.813: [CMS-concurrent-reset-start]
2016-11-17T13:42:21.952+0100: 187.814: Total time for which application threads were stopped: 0.0001333 seconds, Stopping threads took: 0.0000507 seconds
2016-11-17T13:42:21.955+0100: 187.816: [CMS-concurrent-reset: 0.003/0.003 secs] [Times: user=0.01 sys=0.00, real=0.01 secs] 
2016-11-17T13:42:21.991+0100: 187.852: Total time for which application threads were stopped: 0.0001198 seconds, Stopping threads took: 0.0000236 seconds
2016-11-17T13:42:22.048+0100: 187.910: Total time for which application threads were stopped: 0.0001293 seconds, Stopping threads took: 0.0000328 seconds
{Heap before GC invocations=3 (full 1):
 par new generation   total 109248K, used 97183K [0x00000000e0000000, 0x00000000e8000000, 0x00000000e8000000)
  eden space 87424K,  99% used [0x00000000e0000000, 0x00000000e555cb78, 0x00000000e5560000)
  from space 21824K,  44% used [0x00000000e6ab0000, 0x00000000e743b340, 0x00000000e8000000)
  to   space 21824K,   0% used [0x00000000e5560000, 0x00000000e5560000, 0x00000000e6ab0000)
 concurrent mark-sweep generation total 393216K, used 0K [0x00000000e8000000, 0x0000000100000000, 0x0000000100000000)
 Metaspace       used 23783K, capacity 24125K, committed 24520K, reserved 1071104K
  class space    used 2842K, capacity 2974K, committed 3016K, reserved 1048576K
2016-11-17T13:42:22.133+0100: 187.995: [GC (Allocation Failure) 2016-11-17T13:42:22.133+0100: 187.995: [ParNew
Desired survivor size 20112992 bytes, new threshold 8 (max 8)
- age   1:    1141312 bytes,    1141312 total
- age   2:       2400 bytes,    1143712 total
- age   3:    2193696 bytes,    3337408 total
- age   4:    5057976 bytes,    8395384 total
: 97183K->10213K(109248K), 0.0083531 secs] 97183K->10213K(502464K), 0.0084889 secs] [Times: user=0.03 sys=0.00, real=0.00 secs] 
Heap after GC invocations=4 (full 1):
 par new generation   total 109248K, used 10213K [0x00000000e0000000, 0x00000000e8000000, 0x00000000e8000000)
  eden space 87424K,   0% used [0x00000000e0000000, 0x00000000e0000000, 0x00000000e5560000)
  from space 21824K,  46% used [0x00000000e5560000, 0x00000000e5f59700, 0x00000000e6ab0000)
  to   space 21824K,   0% used [0x00000000e6ab0000, 0x00000000e6ab0000, 0x00000000e8000000)
 concurrent mark-sweep generation total 393216K, used 0K [0x00000000e8000000, 0x0000000100000000, 0x0000000100000000)
 Metaspace       used 23783K, capacity 24125K, committed 24520K, reserved 1071104K
  class space    used 2842K, capacity 2974K, committed 3016K, reserved 1048576K
}
2016-11-17T13:42:22.142+0100: 188.003: Total time for which application threads were stopped: 0.0086642 seconds, Stopping threads took: 0.0000186 seconds
2016-11-17T13:42:22.142+0100: 188.003: Total time for which application threads were stopped: 0.0001286 seconds, Stopping threads took: 0.0000415 seconds
2016-11-17T13:42:22.286+0100: 188.147: Total time for which application threads were stopped: 0.0003599 seconds, Stopping threads took: 0.0000218 seconds
2016-11-17T13:42:22.441+0100: 188.303: Total time for which application threads were stopped: 0.0004311 seconds, Stopping threads took: 0.0000254 seconds
2016-11-17T13:42:22.451+0100: 188.313: Total time for which application threads were stopped: 0.0003601 seconds, Stopping threads took: 0.0000238 seconds
2016-11-17T13:42:22.525+0100: 188.387: Total time for which application threads were stopped: 0.0001343 seconds, Stopping threads took: 0.0000311 seconds
2016-11-17T13:42:22.526+0100: 188.388: Total time for which application threads were stopped: 0.0000790 seconds, Stopping threads took: 0.0000147 seconds
2016-11-17T13:42:22.631+0100: 188.493: Total time for which application threads were stopped: 0.0001000 seconds, Stopping threads took: 0.0000252 seconds
2016-11-17T13:42:22.632+0100: 188.493: Total time for which application threads were stopped: 0.0000425 seconds, Stopping threads took: 0.0000123 seconds
2016-11-17T13:42:22.632+0100: 188.493: Total time for which application threads were stopped: 0.0000389 seconds, Stopping threads took: 0.0000092 seconds
2016-11-17T13:42:22.680+0100: 188.542: Total time for which application threads were stopped: 0.0001425 seconds, Stopping threads took: 0.0000430 seconds
{Heap before GC invocations=4 (full 1):
 par new generation   total 109248K, used 97637K [0x00000000e0000000, 0x00000000e8000000, 0x00000000e8000000)
  eden space 87424K, 100% used [0x00000000e0000000, 0x00000000e5560000, 0x00000000e5560000)
  from space 21824K,  46% used [0x00000000e5560000, 0x00000000e5f59700, 0x00000000e6ab0000)
  to   space 21824K,   0% used [0x00000000e6ab0000, 0x00000000e6ab0000, 0x00000000e8000000)
 concurrent mark-sweep generation total 393216K, used 0K [0x00000000e8000000, 0x0000000100000000, 0x0000000100000000)
 Metaspace       used 28231K, capacity 28569K, committed 29000K, reserved 1075200K
  class space    used 3390K, capacity 3540K, committed 3656K, reserved 1048576K
2016-11-17T13:42:22.758+0100: 188.620: [GC (Allocation Failure) 2016-11-17T13:42:22.758+0100: 188.620: [ParNew
Desired survivor size 20112992 bytes, new threshold 8 (max 8)
- age   1:    5275352 bytes,    5275352 total
- age   2:     341112 bytes,    5616464 total
- age   3:       2352 bytes,    5618816 total
- age   4:    1626768 bytes,    7245584 total
- age   5:    5051304 bytes,   12296888 total
: 97637K->14850K(109248K), 0.0105957 secs] 97637K->14850K(502464K), 0.0107083 secs] [Times: user=0.04 sys=0.00, real=0.01 secs] 
Heap after GC invocations=5 (full 1):
 par new generation   total 109248K, used 14850K [0x00000000e0000000, 0x00000000e8000000, 0x00000000e8000000)
  eden space 87424K,   0% used [0x00000000e0000000, 0x00000000e0000000, 0x00000000e5560000)
  from space 21824K,  68% used [0x00000000e6ab0000, 0x00000000e7930980, 0x00000000e8000000)
  to   space 21824K,   0% used [0x00000000e5560000, 0x00000000e5560000, 0x00000000e6ab0000)
 concurrent mark-sweep generation total 393216K, used 0K [0x00000000e8000000, 0x0000000100000000, 0x0000000100000000)
 Metaspace       used 28231K, capacity 28569K, committed 29000K, reserved 1075200K
  class space    used 3390K, capacity 3540K, committed 3656K, reserved 1048576K
}
2016-11-17T13:42:22.769+0100: 188.630: Total time for which application threads were stopped: 0.0109079 seconds, Stopping threads took: 0.0000282 seconds
2016-11-17T13:42:22.792+0100: 188.654: Total time for which application threads were stopped: 0.0001020 seconds, Stopping threads took: 0.0000345 seconds
2016-11-17T13:42:22.833+0100: 188.694: Total time for which application threads were stopped: 0.0001249 seconds, Stopping threads took: 0.0000351 seconds
2016-11-17T13:42:22.833+0100: 188.694: Total time for which application threads were stopped: 0.0000664 seconds, Stopping threads took: 0.0000236 seconds
2016-11-17T13:42:22.840+0100: 188.701: Total time for which application threads were stopped: 0.0002094 seconds, Stopping threads took: 0.0001324 seconds
2016-11-17T13:42:22.840+0100: 188.702: Total time for which application threads were stopped: 0.0000753 seconds, Stopping threads took: 0.0000293 seconds
2016-11-17T13:42:22.870+0100: 188.732: Total time for which application threads were stopped: 0.0001464 seconds, Stopping threads took: 0.0000243 seconds
2016-11-17T13:42:22.877+0100: 188.739: Total time for which application threads were stopped: 0.0001102 seconds, Stopping threads took: 0.0000298 seconds
2016-11-17T13:42:22.881+0100: 188.743: Total time for which application threads were stopped: 0.0001086 seconds, Stopping threads took: 0.0000238 seconds
2016-11-17T13:42:22.881+0100: 188.743: Total time for which application threads were stopped: 0.0000494 seconds, Stopping threads took: 0.0000117 seconds
2016-11-17T13:42:22.882+0100: 188.743: Total time for which application threads were stopped: 0.0000493 seconds, Stopping threads took: 0.0000116 seconds
2016-11-17T13:42:22.951+0100: 188.812: Total time for which application threads were stopped: 0.0001511 seconds, Stopping threads took: 0.0000289 seconds
2016-11-17T13:42:22.966+0100: 188.828: Total time for which application threads were stopped: 0.0003369 seconds, Stopping threads took: 0.0002490 seconds
2016-11-17T13:42:22.966+0100: 188.828: Total time for which application threads were stopped: 0.0001150 seconds, Stopping threads took: 0.0000378 seconds
2016-11-17T13:42:22.967+0100: 188.828: Total time for which application threads were stopped: 0.0001069 seconds, Stopping threads took: 0.0000433 seconds
2016-11-17T13:42:22.967+0100: 188.828: Total time for which application threads were stopped: 0.0000713 seconds, Stopping threads took: 0.0000157 seconds
2016-11-17T13:42:22.967+0100: 188.828: Total time for which application threads were stopped: 0.0000736 seconds, Stopping threads took: 0.0000215 seconds
2016-11-17T13:42:23.029+0100: 188.890: Total time for which application threads were stopped: 0.0001487 seconds, Stopping threads took: 0.0000547 seconds
2016-11-17T13:42:23.030+0100: 188.891: Total time for which application threads were stopped: 0.0001073 seconds, Stopping threads took: 0.0000259 seconds
2016-11-17T13:42:23.031+0100: 188.893: Total time for which application threads were stopped: 0.0001035 seconds, Stopping threads took: 0.0000258 seconds
2016-11-17T13:42:23.058+0100: 188.920: Total time for which application threads were stopped: 0.0000898 seconds, Stopping threads took: 0.0000281 seconds
2016-11-17T13:42:23.059+0100: 188.921: Total time for which application threads were stopped: 0.0000701 seconds, Stopping threads took: 0.0000195 seconds
2016-11-17T13:42:23.060+0100: 188.921: Total time for which application threads were stopped: 0.0000788 seconds, Stopping threads took: 0.0000126 seconds
2016-11-17T13:42:23.060+0100: 188.922: Total time for which application threads were stopped: 0.0001311 seconds, Stopping threads took: 0.0000124 seconds
2016-11-17T13:42:23.061+0100: 188.923: Total time for which application threads were stopped: 0.0000711 seconds, Stopping threads took: 0.0000205 seconds
2016-11-17T13:42:23.061+0100: 188.923: Total time for which application threads were stopped: 0.0000377 seconds, Stopping threads took: 0.0000083 seconds
2016-11-17T13:42:23.062+0100: 188.923: Total time for which application threads were stopped: 0.0000534 seconds, Stopping threads took: 0.0000115 seconds
2016-11-17T13:42:23.062+0100: 188.923: Total time for which application threads were stopped: 0.0000609 seconds, Stopping threads took: 0.0000125 seconds
2016-11-17T13:42:23.062+0100: 188.923: Total time for which application threads were stopped: 0.0000606 seconds, Stopping threads took: 0.0000148 seconds
2016-11-17T13:42:23.062+0100: 188.923: Total time for which application threads were stopped: 0.0000543 seconds, Stopping threads took: 0.0000150 seconds
2016-11-17T13:42:23.062+0100: 188.923: Total time for which application threads were stopped: 0.0000473 seconds, Stopping threads took: 0.0000135 seconds
2016-11-17T13:42:23.062+0100: 188.924: Total time for which application threads were stopped: 0.0000381 seconds, Stopping threads took: 0.0000100 seconds
2016-11-17T13:42:23.064+0100: 188.926: Total time for which application threads were stopped: 0.0001050 seconds, Stopping threads took: 0.0000262 seconds
2016-11-17T13:42:23.065+0100: 188.926: Total time for which application threads were stopped: 0.0000453 seconds, Stopping threads took: 0.0000125 seconds
2016-11-17T13:42:23.065+0100: 188.926: Total time for which application threads were stopped: 0.0000422 seconds, Stopping threads took: 0.0000136 seconds
2016-11-17T13:42:23.074+0100: 188.935: Total time for which application threads were stopped: 0.0001024 seconds, Stopping threads took: 0.0000269 seconds
2016-11-17T13:42:23.077+0100: 188.938: Total time for which application threads were stopped: 0.0001171 seconds, Stopping threads took: 0.0000367 seconds
2016-11-17T13:42:23.093+0100: 188.955: Total time for which application threads were stopped: 0.0001411 seconds, Stopping threads took: 0.0000426 seconds
2016-11-17T13:42:24.093+0100: 189.955: Total time for which application threads were stopped: 0.0001062 seconds, Stopping threads took: 0.0000275 seconds
2016-11-17T13:43:08.099+0100: 233.960: Total time for which application threads were stopped: 0.0001288 seconds, Stopping threads took: 0.0000318 seconds
2016-11-17T13:43:18.100+0100: 243.962: Total time for which application threads were stopped: 0.0001367 seconds, Stopping threads took: 0.0000305 seconds
2016-11-17T13:43:40.007+0100: 265.869: Total time for which application threads were stopped: 0.0001588 seconds, Stopping threads took: 0.0000172 seconds
2016-11-17T13:43:40.032+0100: 265.894: Total time for which application threads were stopped: 0.0001018 seconds, Stopping threads took: 0.0000215 seconds
{Heap before GC invocations=5 (full 1):
 par new generation   total 109248K, used 102274K [0x00000000e0000000, 0x00000000e8000000, 0x00000000e8000000)
  eden space 87424K, 100% used [0x00000000e0000000, 0x00000000e5560000, 0x00000000e5560000)
  from space 21824K,  68% used [0x00000000e6ab0000, 0x00000000e7930980, 0x00000000e8000000)
  to   space 21824K,   0% used [0x00000000e5560000, 0x00000000e5560000, 0x00000000e6ab0000)
 concurrent mark-sweep generation total 393216K, used 0K [0x00000000e8000000, 0x0000000100000000, 0x0000000100000000)
 Metaspace       used 29788K, capacity 30235K, committed 30664K, reserved 1077248K
  class space    used 3555K, capacity 3685K, committed 3784K, reserved 1048576K
2016-11-17T13:43:40.170+0100: 266.032: [GC (Allocation Failure) 2016-11-17T13:43:40.170+0100: 266.032: [ParNew
Desired survivor size 20112992 bytes, new threshold 8 (max 8)
- age   1:    5282352 bytes,    5282352 total
- age   2:    1532848 bytes,    6815200 total
- age   3:     338776 bytes,    7153976 total
- age   4:       2320 bytes,    7156296 total
- age   5:    1578840 bytes,    8735136 total
- age   6:    4988008 bytes,   13723144 total
: 102274K->21725K(109248K), 0.0146067 secs] 102274K->21725K(502464K), 0.0147301 secs] [Times: user=0.06 sys=0.00, real=0.02 secs] 
Heap after GC invocations=6 (full 1):
 par new generation   total 109248K, used 21725K [0x00000000e0000000, 0x00000000e8000000, 0x00000000e8000000)
  eden space 87424K,   0% used [0x00000000e0000000, 0x00000000e0000000, 0x00000000e5560000)
  from space 21824K,  99% used [0x00000000e5560000, 0x00000000e6a97580, 0x00000000e6ab0000)
  to   space 21824K,   0% used [0x00000000e6ab0000, 0x00000000e6ab0000, 0x00000000e8000000)
 concurrent mark-sweep generation total 393216K, used 0K [0x00000000e8000000, 0x0000000100000000, 0x0000000100000000)
 Metaspace       used 29788K, capacity 30235K, committed 30664K, reserved 1077248K
  class space    used 3555K, capacity 3685K, committed 3784K, reserved 1048576K
}
2016-11-17T13:43:40.185+0100: 266.047: Total time for which application threads were stopped: 0.0150058 seconds, Stopping threads took: 0.0000352 seconds
2016-11-17T13:43:40.186+0100: 266.047: Total time for which application threads were stopped: 0.0001648 seconds, Stopping threads took: 0.0000397 seconds
2016-11-17T13:43:40.186+0100: 266.047: Total time for which application threads were stopped: 0.0000892 seconds, Stopping threads took: 0.0000126 seconds
{Heap before GC invocations=6 (full 1):
 par new generation   total 109248K, used 109149K [0x00000000e0000000, 0x00000000e8000000, 0x00000000e8000000)
  eden space 87424K, 100% used [0x00000000e0000000, 0x00000000e5560000, 0x00000000e5560000)
  from space 21824K,  99% used [0x00000000e5560000, 0x00000000e6a97580, 0x00000000e6ab0000)
  to   space 21824K,   0% used [0x00000000e6ab0000, 0x00000000e6ab0000, 0x00000000e8000000)
 concurrent mark-sweep generation total 393216K, used 0K [0x00000000e8000000, 0x0000000100000000, 0x0000000100000000)
 Metaspace       used 29825K, capacity 30241K, committed 30664K, reserved 1077248K
  class space    used 3555K, capacity 3686K, committed 3784K, reserved 1048576K
2016-11-17T13:43:40.270+0100: 266.131: [GC (Allocation Failure) 2016-11-17T13:43:40.270+0100: 266.131: [ParNew
Desired survivor size 20112992 bytes, new threshold 8 (max 8)
- age   1:     427936 bytes,     427936 total
- age   2:    1705576 bytes,    2133512 total
- age   3:    1003112 bytes,    3136624 total
- age   4:     256192 bytes,    3392816 total
- age   5:       1912 bytes,    3394728 total
- age   6:    1067288 bytes,    4462016 total
- age   7:    4987824 bytes,    9449840 total
: 109149K->12131K(109248K), 0.0100181 secs] 109149K->12131K(502464K), 0.0101188 secs] [Times: user=0.04 sys=0.00, real=0.01 secs] 
Heap after GC invocations=7 (full 1):
 par new generation   total 109248K, used 12131K [0x00000000e0000000, 0x00000000e8000000, 0x00000000e8000000)
  eden space 87424K,   0% used [0x00000000e0000000, 0x00000000e0000000, 0x00000000e5560000)
  from space 21824K,  55% used [0x00000000e6ab0000, 0x00000000e7688fc0, 0x00000000e8000000)
  to   space 21824K,   0% used [0x00000000e5560000, 0x00000000e5560000, 0x00000000e6ab0000)
 concurrent mark-sweep generation total 393216K, used 0K [0x00000000e8000000, 0x0000000100000000, 0x0000000100000000)
 Metaspace       used 29825K, capacity 30241K, committed 30664K, reserved 1077248K
  class space    used 3555K, capacity 3686K, committed 3784K, reserved 1048576K
}
2016-11-17T13:43:40.280+0100: 266.142: Total time for which application threads were stopped: 0.0103084 seconds, Stopping threads took: 0.0000271 seconds
2016-11-17T13:43:40.280+0100: 266.142: Total time for which application threads were stopped: 0.0001311 seconds, Stopping threads took: 0.0000415 seconds
2016-11-17T13:43:40.427+0100: 266.288: Total time for which application threads were stopped: 0.0002285 seconds, Stopping threads took: 0.0000495 seconds
2016-11-17T13:43:40.435+0100: 266.297: Total time for which application threads were stopped: 0.0001172 seconds, Stopping threads took: 0.0000289 seconds
2016-11-17T13:43:40.462+0100: 266.323: Total time for which application threads were stopped: 0.0001795 seconds, Stopping threads took: 0.0000407 seconds
2016-11-17T13:43:40.474+0100: 266.336: Total time for which application threads were stopped: 0.0001437 seconds, Stopping threads took: 0.0000659 seconds
2016-11-17T13:43:40.474+0100: 266.336: Total time for which application threads were stopped: 0.0001133 seconds, Stopping threads took: 0.0000539 seconds
2016-11-17T13:43:40.475+0100: 266.336: Total time for which application threads were stopped: 0.0000859 seconds, Stopping threads took: 0.0000371 seconds
2016-11-17T13:43:40.475+0100: 266.336: Total time for which application threads were stopped: 0.0000668 seconds, Stopping threads took: 0.0000257 seconds
2016-11-17T13:43:40.523+0100: 266.385: Total time for which application threads were stopped: 0.0001115 seconds, Stopping threads took: 0.0000399 seconds
2016-11-17T13:43:40.524+0100: 266.386: Total time for which application threads were stopped: 0.0000613 seconds, Stopping threads took: 0.0000145 seconds
2016-11-17T13:43:40.525+0100: 266.386: Total time for which application threads were stopped: 0.0000805 seconds, Stopping threads took: 0.0000322 seconds
2016-11-17T13:43:40.548+0100: 266.410: Total time for which application threads were stopped: 0.0001507 seconds, Stopping threads took: 0.0000596 seconds
2016-11-17T13:43:40.549+0100: 266.411: Total time for which application threads were stopped: 0.0000637 seconds, Stopping threads took: 0.0000122 seconds
2016-11-17T13:43:40.549+0100: 266.411: Total time for which application threads were stopped: 0.0000531 seconds, Stopping threads took: 0.0000110 seconds
2016-11-17T13:43:40.549+0100: 266.411: Total time for which application threads were stopped: 0.0000622 seconds, Stopping threads took: 0.0000204 seconds
2016-11-17T13:43:40.549+0100: 266.411: Total time for which application threads were stopped: 0.0000525 seconds, Stopping threads took: 0.0000120 seconds
2016-11-17T13:43:40.549+0100: 266.411: Total time for which application threads were stopped: 0.0000515 seconds, Stopping threads took: 0.0000119 seconds
2016-11-17T13:43:40.550+0100: 266.411: Total time for which application threads were stopped: 0.0000656 seconds, Stopping threads took: 0.0000136 seconds
2016-11-17T13:43:40.550+0100: 266.411: Total time for which application threads were stopped: 0.0000530 seconds, Stopping threads took: 0.0000114 seconds
2016-11-17T13:43:40.550+0100: 266.412: Total time for which application threads were stopped: 0.0000749 seconds, Stopping threads took: 0.0000308 seconds
2016-11-17T13:43:40.550+0100: 266.412: Total time for which application threads were stopped: 0.0000627 seconds, Stopping threads took: 0.0000190 seconds
2016-11-17T13:43:40.550+0100: 266.412: Total time for which application threads were stopped: 0.0000977 seconds, Stopping threads took: 0.0000174 seconds
2016-11-17T13:43:40.552+0100: 266.414: Total time for which application threads were stopped: 0.0001324 seconds, Stopping threads took: 0.0000452 seconds
2016-11-17T13:43:40.552+0100: 266.414: Total time for which application threads were stopped: 0.0001085 seconds, Stopping threads took: 0.0000659 seconds
2016-11-17T13:43:40.553+0100: 266.414: Total time for which application threads were stopped: 0.0000618 seconds, Stopping threads took: 0.0000133 seconds
2016-11-17T13:43:40.553+0100: 266.414: Total time for which application threads were stopped: 0.0000546 seconds, Stopping threads took: 0.0000097 seconds
2016-11-17T13:43:40.553+0100: 266.414: Total time for which application threads were stopped: 0.0000476 seconds, Stopping threads took: 0.0000092 seconds
2016-11-17T13:43:40.553+0100: 266.414: Total time for which application threads were stopped: 0.0000445 seconds, Stopping threads took: 0.0000085 seconds
2016-11-17T13:43:40.553+0100: 266.414: Total time for which application threads were stopped: 0.0000463 seconds, Stopping threads took: 0.0000085 seconds
2016-11-17T13:43:40.553+0100: 266.415: Total time for which application threads were stopped: 0.0000519 seconds, Stopping threads took: 0.0000093 seconds
2016-11-17T13:43:40.553+0100: 266.415: Total time for which application threads were stopped: 0.0000451 seconds, Stopping threads took: 0.0000079 seconds
2016-11-17T13:43:40.553+0100: 266.415: Total time for which application threads were stopped: 0.0000452 seconds, Stopping threads took: 0.0000081 seconds
2016-11-17T13:43:40.553+0100: 266.415: Total time for which application threads were stopped: 0.0000468 seconds, Stopping threads took: 0.0000087 seconds
2016-11-17T13:43:40.553+0100: 266.415: Total time for which application threads were stopped: 0.0000463 seconds, Stopping threads took: 0.0000090 seconds
2016-11-17T13:43:40.553+0100: 266.415: Total time for which application threads were stopped: 0.0000435 seconds, Stopping threads took: 0.0000086 seconds
2016-11-17T13:43:40.553+0100: 266.415: Total time for which application threads were stopped: 0.0000532 seconds, Stopping threads took: 0.0000094 seconds
2016-11-17T13:43:40.553+0100: 266.415: Total time for which application threads were stopped: 0.0000489 seconds, Stopping threads took: 0.0000085 seconds
2016-11-17T13:43:40.554+0100: 266.415: Total time for which application threads were stopped: 0.0000560 seconds, Stopping threads took: 0.0000083 seconds
2016-11-17T13:43:40.554+0100: 266.415: Total time for which application threads were stopped: 0.0000451 seconds, Stopping threads took: 0.0000088 seconds
2016-11-17T13:43:40.554+0100: 266.415: Total time for which application threads were stopped: 0.0000375 seconds, Stopping threads took: 0.0000080 seconds
2016-11-17T13:43:40.554+0100: 266.415: Total time for which application threads were stopped: 0.0001426 seconds, Stopping threads took: 0.0000080 seconds
2016-11-17T13:43:40.572+0100: 266.434: Total time for which application threads were stopped: 0.0001434 seconds, Stopping threads took: 0.0000559 seconds
2016-11-17T13:44:35.578+0100: 321.440: Total time for which application threads were stopped: 0.0001568 seconds, Stopping threads took: 0.0000457 seconds
2016-11-17T13:44:40.579+0100: 326.440: Total time for which application threads were stopped: 0.0000873 seconds, Stopping threads took: 0.0000225 seconds
2016-11-17T13:45:20.583+0100: 366.445: Total time for which application threads were stopped: 0.0001310 seconds, Stopping threads took: 0.0000392 seconds
2016-11-17T13:45:25.584+0100: 371.446: Total time for which application threads were stopped: 0.0001397 seconds, Stopping threads took: 0.0000322 seconds
2016-11-17T13:45:39.614+0100: 385.476: Total time for which application threads were stopped: 0.0000988 seconds, Stopping threads took: 0.0000203 seconds
2016-11-17T13:45:39.614+0100: 385.476: Total time for which application threads were stopped: 0.0000608 seconds, Stopping threads took: 0.0000219 seconds
{Heap before GC invocations=7 (full 1):
 par new generation   total 109248K, used 99555K [0x00000000e0000000, 0x00000000e8000000, 0x00000000e8000000)
  eden space 87424K, 100% used [0x00000000e0000000, 0x00000000e5560000, 0x00000000e5560000)
  from space 21824K,  55% used [0x00000000e6ab0000, 0x00000000e7688fc0, 0x00000000e8000000)
  to   space 21824K,   0% used [0x00000000e5560000, 0x00000000e5560000, 0x00000000e6ab0000)
 concurrent mark-sweep generation total 393216K, used 0K [0x00000000e8000000, 0x0000000100000000, 0x0000000100000000)
 Metaspace       used 29976K, capacity 30413K, committed 30920K, reserved 1077248K
  class space    used 3557K, capacity 3720K, committed 3784K, reserved 1048576K
2016-11-17T13:45:39.723+0100: 385.585: [GC (Allocation Failure) 2016-11-17T13:45:39.723+0100: 385.585: [ParNew
Desired survivor size 20112992 bytes, new threshold 8 (max 8)
- age   1:    3893040 bytes,    3893040 total
- age   2:      87648 bytes,    3980688 total
- age   3:    1111544 bytes,    5092232 total
- age   4:     995824 bytes,    6088056 total
- age   5:     256032 bytes,    6344088 total
- age   6:       1912 bytes,    6346000 total
- age   7:    1066632 bytes,    7412632 total
- age   8:    4987656 bytes,   12400288 total
: 99555K->14931K(109248K), 0.0185013 secs] 99555K->14931K(502464K), 0.0186151 secs] [Times: user=0.06 sys=0.00, real=0.01 secs] 
Heap after GC invocations=8 (full 1):
 par new generation   total 109248K, used 14931K [0x00000000e0000000, 0x00000000e8000000, 0x00000000e8000000)
  eden space 87424K,   0% used [0x00000000e0000000, 0x00000000e0000000, 0x00000000e5560000)
  from space 21824K,  68% used [0x00000000e5560000, 0x00000000e63f4cc0, 0x00000000e6ab0000)
  to   space 21824K,   0% used [0x00000000e6ab0000, 0x00000000e6ab0000, 0x00000000e8000000)
 concurrent mark-sweep generation total 393216K, used 0K [0x00000000e8000000, 0x0000000100000000, 0x0000000100000000)
 Metaspace       used 29976K, capacity 30413K, committed 30920K, reserved 1077248K
  class space    used 3557K, capacity 3720K, committed 3784K, reserved 1048576K
}
2016-11-17T13:45:39.742+0100: 385.603: Total time for which application threads were stopped: 0.0188496 seconds, Stopping threads took: 0.0000288 seconds
2016-11-17T13:45:39.742+0100: 385.604: Total time for which application threads were stopped: 0.0001702 seconds, Stopping threads took: 0.0000382 seconds
2016-11-17T13:45:39.743+0100: 385.604: Total time for which application threads were stopped: 0.0000979 seconds, Stopping threads took: 0.0000137 seconds
{Heap before GC invocations=8 (full 1):
 par new generation   total 109248K, used 102355K [0x00000000e0000000, 0x00000000e8000000, 0x00000000e8000000)
  eden space 87424K, 100% used [0x00000000e0000000, 0x00000000e5560000, 0x00000000e5560000)
  from space 21824K,  68% used [0x00000000e5560000, 0x00000000e63f4cc0, 0x00000000e6ab0000)
  to   space 21824K,   0% used [0x00000000e6ab0000, 0x00000000e6ab0000, 0x00000000e8000000)
 concurrent mark-sweep generation total 393216K, used 0K [0x00000000e8000000, 0x0000000100000000, 0x0000000100000000)
 Metaspace       used 29980K, capacity 30413K, committed 30920K, reserved 1077248K
  class space    used 3557K, capacity 3720K, committed 3784K, reserved 1048576K
2016-11-17T13:45:39.838+0100: 385.700: [GC (Allocation Failure) 2016-11-17T13:45:39.838+0100: 385.700: [ParNew
Desired survivor size 20112992 bytes, new threshold 8 (max 8)
- age   1:     303560 bytes,     303560 total
- age   2:    1205016 bytes,    1508576 total
- age   3:       4000 bytes,    1512576 total
- age   4:     589064 bytes,    2101640 total
- age   5:     995824 bytes,    3097464 total
- age   6:     256032 bytes,    3353496 total
- age   7:       1912 bytes,    3355408 total
- age   8:    1066632 bytes,    4422040 total
: 102355K->10326K(109248K), 0.0306801 secs] 102355K->15750K(502464K), 0.0307860 secs] [Times: user=0.09 sys=0.01, real=0.03 secs] 
Heap after GC invocations=9 (full 1):
 par new generation   total 109248K, used 10326K [0x00000000e0000000, 0x00000000e8000000, 0x00000000e8000000)
  eden space 87424K,   0% used [0x00000000e0000000, 0x00000000e0000000, 0x00000000e5560000)
  from space 21824K,  47% used [0x00000000e6ab0000, 0x00000000e74c59c0, 0x00000000e8000000)
  to   space 21824K,   0% used [0x00000000e5560000, 0x00000000e5560000, 0x00000000e6ab0000)
 concurrent mark-sweep generation total 393216K, used 5424K [0x00000000e8000000, 0x0000000100000000, 0x0000000100000000)
 Metaspace       used 29980K, capacity 30413K, committed 30920K, reserved 1077248K
  class space    used 3557K, capacity 3720K, committed 3784K, reserved 1048576K
}
2016-11-17T13:45:39.869+0100: 385.731: Total time for which application threads were stopped: 0.0310248 seconds, Stopping threads took: 0.0000340 seconds
2016-11-17T13:45:39.870+0100: 385.731: Total time for which application threads were stopped: 0.0001471 seconds, Stopping threads took: 0.0000508 seconds
2016-11-17T13:45:39.989+0100: 385.851: Total time for which application threads were stopped: 0.0002189 seconds, Stopping threads took: 0.0000469 seconds
2016-11-17T13:45:40.022+0100: 385.884: Total time for which application threads were stopped: 0.0001558 seconds, Stopping threads took: 0.0000415 seconds
2016-11-17T13:45:40.037+0100: 385.898: Total time for which application threads were stopped: 0.0001628 seconds, Stopping threads took: 0.0000620 seconds
2016-11-17T13:45:40.039+0100: 385.901: Total time for which application threads were stopped: 0.0001290 seconds, Stopping threads took: 0.0000300 seconds
2016-11-17T13:45:40.039+0100: 385.901: Total time for which application threads were stopped: 0.0000689 seconds, Stopping threads took: 0.0000245 seconds
2016-11-17T13:45:40.079+0100: 385.941: Total time for which application threads were stopped: 0.0001094 seconds, Stopping threads took: 0.0000460 seconds
2016-11-17T13:45:40.093+0100: 385.955: Total time for which application threads were stopped: 0.0004351 seconds, Stopping threads took: 0.0000225 seconds
2016-11-17T13:45:40.095+0100: 385.956: Total time for which application threads were stopped: 0.0001285 seconds, Stopping threads took: 0.0000223 seconds
2016-11-17T13:45:40.095+0100: 385.956: Total time for which application threads were stopped: 0.0000505 seconds, Stopping threads took: 0.0000085 seconds
2016-11-17T13:45:40.095+0100: 385.956: Total time for which application threads were stopped: 0.0000446 seconds, Stopping threads took: 0.0000086 seconds
2016-11-17T13:45:40.095+0100: 385.956: Total time for which application threads were stopped: 0.0000627 seconds, Stopping threads took: 0.0000118 seconds
2016-11-17T13:45:40.095+0100: 385.956: Total time for which application threads were stopped: 0.0000585 seconds, Stopping threads took: 0.0000070 seconds
2016-11-17T13:45:40.097+0100: 385.959: Total time for which application threads were stopped: 0.0001065 seconds, Stopping threads took: 0.0000293 seconds
2016-11-17T13:45:40.098+0100: 385.959: Total time for which application threads were stopped: 0.0000454 seconds, Stopping threads took: 0.0000111 seconds
2016-11-17T13:45:40.098+0100: 385.959: Total time for which application threads were stopped: 0.0000542 seconds, Stopping threads took: 0.0000179 seconds
2016-11-17T13:45:40.098+0100: 385.959: Total time for which application threads were stopped: 0.0000484 seconds, Stopping threads took: 0.0000125 seconds
2016-11-17T13:45:40.098+0100: 385.959: Total time for which application threads were stopped: 0.0000559 seconds, Stopping threads took: 0.0000102 seconds
2016-11-17T13:45:40.100+0100: 385.961: Total time for which application threads were stopped: 0.0001246 seconds, Stopping threads took: 0.0000345 seconds
2016-11-17T13:45:40.120+0100: 385.982: Total time for which application threads were stopped: 0.0001261 seconds, Stopping threads took: 0.0000343 seconds
2016-11-17T13:45:40.121+0100: 385.982: Total time for which application threads were stopped: 0.0000733 seconds, Stopping threads took: 0.0000155 seconds
2016-11-17T13:45:40.121+0100: 385.983: Total time for which application threads were stopped: 0.0000833 seconds, Stopping threads took: 0.0000291 seconds
2016-11-17T13:45:40.121+0100: 385.983: Total time for which application threads were stopped: 0.0000882 seconds, Stopping threads took: 0.0000402 seconds
2016-11-17T13:45:40.121+0100: 385.983: Total time for which application threads were stopped: 0.0000556 seconds, Stopping threads took: 0.0000116 seconds
2016-11-17T13:45:40.122+0100: 385.983: Total time for which application threads were stopped: 0.0000966 seconds, Stopping threads took: 0.0000347 seconds
2016-11-17T13:45:40.122+0100: 385.983: Total time for which application threads were stopped: 0.0000562 seconds, Stopping threads took: 0.0000223 seconds
2016-11-17T13:45:40.122+0100: 385.983: Total time for which application threads were stopped: 0.0000504 seconds, Stopping threads took: 0.0000181 seconds
2016-11-17T13:45:40.122+0100: 385.983: Total time for which application threads were stopped: 0.0000502 seconds, Stopping threads took: 0.0000112 seconds
2016-11-17T13:45:40.122+0100: 385.983: Total time for which application threads were stopped: 0.0000525 seconds, Stopping threads took: 0.0000205 seconds
2016-11-17T13:45:40.122+0100: 385.984: Total time for which application threads were stopped: 0.0000480 seconds, Stopping threads took: 0.0000175 seconds
2016-11-17T13:45:40.124+0100: 385.985: Total time for which application threads were stopped: 0.0000965 seconds, Stopping threads took: 0.0000278 seconds
2016-11-17T13:45:40.124+0100: 385.985: Total time for which application threads were stopped: 0.0000443 seconds, Stopping threads took: 0.0000121 seconds
2016-11-17T13:45:40.124+0100: 385.986: Total time for which application threads were stopped: 0.0000574 seconds, Stopping threads took: 0.0000170 seconds
2016-11-17T13:45:40.124+0100: 385.986: Total time for which application threads were stopped: 0.0000390 seconds, Stopping threads took: 0.0000094 seconds
2016-11-17T13:45:40.124+0100: 385.986: Total time for which application threads were stopped: 0.0000390 seconds, Stopping threads took: 0.0000097 seconds
2016-11-17T13:45:40.124+0100: 385.986: Total time for which application threads were stopped: 0.0000383 seconds, Stopping threads took: 0.0000098 seconds
2016-11-17T13:45:40.124+0100: 385.986: Total time for which application threads were stopped: 0.0000378 seconds, Stopping threads took: 0.0000095 seconds
2016-11-17T13:45:40.125+0100: 385.986: Total time for which application threads were stopped: 0.0000541 seconds, Stopping threads took: 0.0000093 seconds
2016-11-17T13:45:40.125+0100: 385.986: Total time for which application threads were stopped: 0.0000376 seconds, Stopping threads took: 0.0000095 seconds
2016-11-17T13:45:40.125+0100: 385.986: Total time for which application threads were stopped: 0.0000375 seconds, Stopping threads took: 0.0000094 seconds
2016-11-17T13:45:40.125+0100: 385.986: Total time for which application threads were stopped: 0.0000374 seconds, Stopping threads took: 0.0000093 seconds
2016-11-17T13:45:40.125+0100: 385.986: Total time for which application threads were stopped: 0.0001354 seconds, Stopping threads took: 0.0001036 seconds
2016-11-17T13:45:40.125+0100: 385.987: Total time for which application threads were stopped: 0.0000468 seconds, Stopping threads took: 0.0000160 seconds
2016-11-17T13:45:40.125+0100: 385.987: Total time for which application threads were stopped: 0.0000491 seconds, Stopping threads took: 0.0000194 seconds
2016-11-17T13:45:40.125+0100: 385.987: Total time for which application threads were stopped: 0.0001172 seconds, Stopping threads took: 0.0000872 seconds
2016-11-17T13:45:40.125+0100: 385.987: Total time for which application threads were stopped: 0.0000487 seconds, Stopping threads took: 0.0000183 seconds
2016-11-17T13:45:40.125+0100: 385.987: Total time for which application threads were stopped: 0.0000682 seconds, Stopping threads took: 0.0000332 seconds
2016-11-17T13:45:40.125+0100: 385.987: Total time for which application threads were stopped: 0.0000498 seconds, Stopping threads took: 0.0000222 seconds
2016-11-17T13:45:40.126+0100: 385.987: Total time for which application threads were stopped: 0.0000696 seconds, Stopping threads took: 0.0000369 seconds
2016-11-17T13:45:40.126+0100: 385.987: Total time for which application threads were stopped: 0.0001303 seconds, Stopping threads took: 0.0000177 seconds
2016-11-17T13:45:40.144+0100: 386.006: Total time for which application threads were stopped: 0.0001296 seconds, Stopping threads took: 0.0000266 seconds
2016-11-17T13:45:41.145+0100: 387.006: Total time for which application threads were stopped: 0.0001156 seconds, Stopping threads took: 0.0000255 seconds
2016-11-17T13:45:54.144+0100: 400.005: Total time for which application threads were stopped: 0.0001099 seconds, Stopping threads took: 0.0000231 seconds
2016-11-17T13:45:54.144+0100: 400.006: Total time for which application threads were stopped: 0.0000470 seconds, Stopping threads took: 0.0000080 seconds
2016-11-17T13:45:54.186+0100: 400.048: Total time for which application threads were stopped: 0.0001212 seconds, Stopping threads took: 0.0000232 seconds
2016-11-17T13:45:54.187+0100: 400.048: Total time for which application threads were stopped: 0.0000649 seconds, Stopping threads took: 0.0000073 seconds
2016-11-17T13:45:54.187+0100: 400.048: Total time for which application threads were stopped: 0.0000570 seconds, Stopping threads took: 0.0000088 seconds
2016-11-17T13:45:54.187+0100: 400.048: Total time for which application threads were stopped: 0.0000505 seconds, Stopping threads took: 0.0000073 seconds
2016-11-17T13:45:54.189+0100: 400.050: Total time for which application threads were stopped: 0.0001532 seconds, Stopping threads took: 0.0000590 seconds
2016-11-17T13:45:54.189+0100: 400.051: Total time for which application threads were stopped: 0.0000646 seconds, Stopping threads took: 0.0000147 seconds
2016-11-17T13:45:54.189+0100: 400.051: Total time for which application threads were stopped: 0.0000724 seconds, Stopping threads took: 0.0000259 seconds
2016-11-17T13:45:54.189+0100: 400.051: Total time for which application threads were stopped: 0.0000755 seconds, Stopping threads took: 0.0000254 seconds
2016-11-17T13:45:54.189+0100: 400.051: Total time for which application threads were stopped: 0.0000530 seconds, Stopping threads took: 0.0000105 seconds
2016-11-17T13:45:54.190+0100: 400.052: Total time for which application threads were stopped: 0.0003050 seconds, Stopping threads took: 0.0000172 seconds
2016-11-17T13:45:54.191+0100: 400.052: Total time for which application threads were stopped: 0.0001528 seconds, Stopping threads took: 0.0000822 seconds
2016-11-17T13:45:54.191+0100: 400.053: Total time for which application threads were stopped: 0.0000945 seconds, Stopping threads took: 0.0000412 seconds
2016-11-17T13:45:54.192+0100: 400.054: Total time for which application threads were stopped: 0.0000904 seconds, Stopping threads took: 0.0000167 seconds
2016-11-17T13:45:54.193+0100: 400.054: Total time for which application threads were stopped: 0.0000577 seconds, Stopping threads took: 0.0000114 seconds
2016-11-17T13:45:54.193+0100: 400.054: Total time for which application threads were stopped: 0.0000667 seconds, Stopping threads took: 0.0000221 seconds
2016-11-17T13:45:54.193+0100: 400.054: Total time for which application threads were stopped: 0.0000511 seconds, Stopping threads took: 0.0000073 seconds
2016-11-17T13:45:54.193+0100: 400.055: Total time for which application threads were stopped: 0.0000510 seconds, Stopping threads took: 0.0000095 seconds
2016-11-17T13:45:54.193+0100: 400.055: Total time for which application threads were stopped: 0.0000504 seconds, Stopping threads took: 0.0000089 seconds
2016-11-17T13:45:54.194+0100: 400.056: Total time for which application threads were stopped: 0.0001206 seconds, Stopping threads took: 0.0000367 seconds
2016-11-17T13:45:54.194+0100: 400.056: Total time for which application threads were stopped: 0.0000729 seconds, Stopping threads took: 0.0000246 seconds
2016-11-17T13:45:54.197+0100: 400.059: Total time for which application threads were stopped: 0.0001752 seconds, Stopping threads took: 0.0000257 seconds
2016-11-17T13:45:54.197+0100: 400.059: Total time for which application threads were stopped: 0.0000691 seconds, Stopping threads took: 0.0000094 seconds
2016-11-17T13:45:54.197+0100: 400.059: Total time for which application threads were stopped: 0.0000619 seconds, Stopping threads took: 0.0000093 seconds
2016-11-17T13:45:54.197+0100: 400.059: Total time for which application threads were stopped: 0.0000654 seconds, Stopping threads took: 0.0000126 seconds
2016-11-17T13:45:54.198+0100: 400.059: Total time for which application threads were stopped: 0.0000741 seconds, Stopping threads took: 0.0000100 seconds
2016-11-17T13:45:54.201+0100: 400.062: Total time for which application threads were stopped: 0.0001775 seconds, Stopping threads took: 0.0000659 seconds
2016-11-17T13:45:54.201+0100: 400.062: Total time for which application threads were stopped: 0.0000693 seconds, Stopping threads took: 0.0000074 seconds
2016-11-17T13:45:54.201+0100: 400.062: Total time for which application threads were stopped: 0.0000607 seconds, Stopping threads took: 0.0000068 seconds
2016-11-17T13:45:54.201+0100: 400.062: Total time for which application threads were stopped: 0.0000620 seconds, Stopping threads took: 0.0000068 seconds
2016-11-17T13:45:54.201+0100: 400.063: Total time for which application threads were stopped: 0.0000617 seconds, Stopping threads took: 0.0000065 seconds
2016-11-17T13:45:54.300+0100: 400.162: Total time for which application threads were stopped: 0.0001145 seconds, Stopping threads took: 0.0000250 seconds
2016-11-17T13:46:40.096+0100: 445.957: Total time for which application threads were stopped: 0.0002060 seconds, Stopping threads took: 0.0000682 seconds
2016-11-17T13:46:54.201+0100: 460.063: Total time for which application threads were stopped: 0.0001636 seconds, Stopping threads took: 0.0000395 seconds
2016-11-17T13:48:51.909+0100: 577.771: Total time for which application threads were stopped: 0.0001056 seconds, Stopping threads took: 0.0000247 seconds
2016-11-17T13:48:51.909+0100: 577.771: Total time for which application threads were stopped: 0.0000534 seconds, Stopping threads took: 0.0000106 seconds
2016-11-17T13:48:51.934+0100: 577.796: Total time for which application threads were stopped: 0.0001137 seconds, Stopping threads took: 0.0000280 seconds
2016-11-17T13:48:51.935+0100: 577.796: Total time for which application threads were stopped: 0.0000578 seconds, Stopping threads took: 0.0000103 seconds
2016-11-17T13:48:51.935+0100: 577.796: Total time for which application threads were stopped: 0.0000575 seconds, Stopping threads took: 0.0000094 seconds
2016-11-17T13:48:51.935+0100: 577.796: Total time for which application threads were stopped: 0.0000856 seconds, Stopping threads took: 0.0000315 seconds
2016-11-17T13:48:51.936+0100: 577.798: Total time for which application threads were stopped: 0.0001699 seconds, Stopping threads took: 0.0000772 seconds
2016-11-17T13:48:51.936+0100: 577.798: Total time for which application threads were stopped: 0.0000516 seconds, Stopping threads took: 0.0000099 seconds
2016-11-17T13:48:51.937+0100: 577.799: Total time for which application threads were stopped: 0.0000824 seconds, Stopping threads took: 0.0000181 seconds
2016-11-17T13:48:51.937+0100: 577.799: Total time for which application threads were stopped: 0.0000527 seconds, Stopping threads took: 0.0000096 seconds
2016-11-17T13:48:51.937+0100: 577.799: Total time for which application threads were stopped: 0.0000537 seconds, Stopping threads took: 0.0000096 seconds
2016-11-17T13:48:51.937+0100: 577.799: Total time for which application threads were stopped: 0.0000529 seconds, Stopping threads took: 0.0000092 seconds
2016-11-17T13:48:51.938+0100: 577.799: Total time for which application threads were stopped: 0.0000521 seconds, Stopping threads took: 0.0000092 seconds
2016-11-17T13:48:51.938+0100: 577.799: Total time for which application threads were stopped: 0.0001011 seconds, Stopping threads took: 0.0000541 seconds
2016-11-17T13:48:51.939+0100: 577.801: Total time for which application threads were stopped: 0.0001436 seconds, Stopping threads took: 0.0000612 seconds
2016-11-17T13:48:51.940+0100: 577.801: Total time for which application threads were stopped: 0.0001133 seconds, Stopping threads took: 0.0000682 seconds
2016-11-17T13:48:51.940+0100: 577.801: Total time for which application threads were stopped: 0.0000647 seconds, Stopping threads took: 0.0000118 seconds
2016-11-17T13:48:51.940+0100: 577.801: Total time for which application threads were stopped: 0.0000520 seconds, Stopping threads took: 0.0000095 seconds
2016-11-17T13:48:51.940+0100: 577.802: Total time for which application threads were stopped: 0.0001136 seconds, Stopping threads took: 0.0000644 seconds
2016-11-17T13:48:51.940+0100: 577.802: Total time for which application threads were stopped: 0.0000689 seconds, Stopping threads took: 0.0000208 seconds
2016-11-17T13:48:51.940+0100: 577.802: Total time for which application threads were stopped: 0.0000646 seconds, Stopping threads took: 0.0000184 seconds
2016-11-17T13:48:51.940+0100: 577.802: Total time for which application threads were stopped: 0.0000613 seconds, Stopping threads took: 0.0000167 seconds
2016-11-17T13:48:51.941+0100: 577.803: Total time for which application threads were stopped: 0.0001024 seconds, Stopping threads took: 0.0000334 seconds
2016-11-17T13:48:51.941+0100: 577.803: Total time for which application threads were stopped: 0.0000600 seconds, Stopping threads took: 0.0000166 seconds
2016-11-17T13:48:51.941+0100: 577.803: Total time for which application threads were stopped: 0.0000469 seconds, Stopping threads took: 0.0000087 seconds
2016-11-17T13:48:51.942+0100: 577.803: Total time for which application threads were stopped: 0.0000510 seconds, Stopping threads took: 0.0000046 seconds
2016-11-17T13:48:51.942+0100: 577.803: Total time for which application threads were stopped: 0.0000356 seconds, Stopping threads took: 0.0000074 seconds
2016-11-17T13:48:51.942+0100: 577.803: Total time for which application threads were stopped: 0.0000322 seconds, Stopping threads took: 0.0000060 seconds
2016-11-17T13:48:51.942+0100: 577.803: Total time for which application threads were stopped: 0.0000328 seconds, Stopping threads took: 0.0000060 seconds
2016-11-17T13:48:51.942+0100: 577.803: Total time for which application threads were stopped: 0.0000318 seconds, Stopping threads took: 0.0000060 seconds
2016-11-17T13:48:51.943+0100: 577.805: Total time for which application threads were stopped: 0.0001987 seconds, Stopping threads took: 0.0000623 seconds
2016-11-17T13:48:51.944+0100: 577.805: Total time for which application threads were stopped: 0.0001180 seconds, Stopping threads took: 0.0000222 seconds
2016-11-17T13:48:51.944+0100: 577.805: Total time for which application threads were stopped: 0.0000588 seconds, Stopping threads took: 0.0000134 seconds
2016-11-17T13:48:51.944+0100: 577.805: Total time for which application threads were stopped: 0.0000491 seconds, Stopping threads took: 0.0000078 seconds
2016-11-17T13:48:51.944+0100: 577.805: Total time for which application threads were stopped: 0.0000435 seconds, Stopping threads took: 0.0000087 seconds
2016-11-17T13:48:51.951+0100: 577.813: Total time for which application threads were stopped: 0.0001040 seconds, Stopping threads took: 0.0000265 seconds
2016-11-17T13:48:51.951+0100: 577.813: Total time for which application threads were stopped: 0.0000570 seconds, Stopping threads took: 0.0000184 seconds
2016-11-17T13:48:51.951+0100: 577.813: Total time for which application threads were stopped: 0.0000549 seconds, Stopping threads took: 0.0000186 seconds
2016-11-17T13:48:51.951+0100: 577.813: Total time for which application threads were stopped: 0.0000536 seconds, Stopping threads took: 0.0000174 seconds
2016-11-17T13:48:51.951+0100: 577.813: Total time for which application threads were stopped: 0.0001576 seconds, Stopping threads took: 0.0000180 seconds
2016-11-17T13:48:52.188+0100: 578.049: Total time for which application threads were stopped: 0.0001293 seconds, Stopping threads took: 0.0000589 seconds
2016-11-17T13:48:53.188+0100: 579.050: Total time for which application threads were stopped: 0.0000838 seconds, Stopping threads took: 0.0000220 seconds
2016-11-17T13:49:51.952+0100: 637.813: Total time for which application threads were stopped: 0.0001257 seconds, Stopping threads took: 0.0000256 seconds
2016-11-17T13:49:55.092+0100: 640.954: Total time for which application threads were stopped: 0.0000801 seconds, Stopping threads took: 0.0000219 seconds
2016-11-17T13:49:55.092+0100: 640.954: Total time for which application threads were stopped: 0.0000407 seconds, Stopping threads took: 0.0000097 seconds
2016-11-17T13:49:55.120+0100: 640.981: Total time for which application threads were stopped: 0.0001246 seconds, Stopping threads took: 0.0000242 seconds
2016-11-17T13:49:55.120+0100: 640.981: Total time for which application threads were stopped: 0.0000877 seconds, Stopping threads took: 0.0000366 seconds
2016-11-17T13:49:55.120+0100: 640.981: Total time for which application threads were stopped: 0.0000673 seconds, Stopping threads took: 0.0000155 seconds
2016-11-17T13:49:55.120+0100: 640.981: Total time for which application threads were stopped: 0.0001053 seconds, Stopping threads took: 0.0000506 seconds
2016-11-17T13:49:55.120+0100: 640.982: Total time for which application threads were stopped: 0.0000614 seconds, Stopping threads took: 0.0000090 seconds
2016-11-17T13:49:55.123+0100: 640.984: Total time for which application threads were stopped: 0.0001312 seconds, Stopping threads took: 0.0000619 seconds
2016-11-17T13:49:55.123+0100: 640.984: Total time for which application threads were stopped: 0.0000765 seconds, Stopping threads took: 0.0000276 seconds
2016-11-17T13:49:55.123+0100: 640.984: Total time for which application threads were stopped: 0.0000554 seconds, Stopping threads took: 0.0000185 seconds
2016-11-17T13:49:55.123+0100: 640.984: Total time for which application threads were stopped: 0.0000766 seconds, Stopping threads took: 0.0000252 seconds
2016-11-17T13:49:55.123+0100: 640.984: Total time for which application threads were stopped: 0.0000659 seconds, Stopping threads took: 0.0000175 seconds
2016-11-17T13:50:28.479+0100: 674.341: Total time for which application threads were stopped: 0.0000880 seconds, Stopping threads took: 0.0000252 seconds
2016-11-17T13:50:28.479+0100: 674.341: Total time for which application threads were stopped: 0.0000387 seconds, Stopping threads took: 0.0000072 seconds
2016-11-17T13:50:48.048+0100: 693.910: Total time for which application threads were stopped: 0.0000985 seconds, Stopping threads took: 0.0000180 seconds
2016-11-17T13:50:48.048+0100: 693.910: Total time for which application threads were stopped: 0.0000452 seconds, Stopping threads took: 0.0000084 seconds
2016-11-17T13:50:48.078+0100: 693.940: Total time for which application threads were stopped: 0.0001039 seconds, Stopping threads took: 0.0000198 seconds
2016-11-17T13:50:48.078+0100: 693.940: Total time for which application threads were stopped: 0.0000557 seconds, Stopping threads took: 0.0000157 seconds
2016-11-17T13:50:48.078+0100: 693.940: Total time for which application threads were stopped: 0.0000517 seconds, Stopping threads took: 0.0000148 seconds
2016-11-17T13:50:48.079+0100: 693.940: Total time for which application threads were stopped: 0.0000477 seconds, Stopping threads took: 0.0000107 seconds
2016-11-17T13:50:48.079+0100: 693.940: Total time for which application threads were stopped: 0.0000525 seconds, Stopping threads took: 0.0000155 seconds
2016-11-17T13:50:48.082+0100: 693.943: Total time for which application threads were stopped: 0.0001316 seconds, Stopping threads took: 0.0000500 seconds
2016-11-17T13:50:48.082+0100: 693.943: Total time for which application threads were stopped: 0.0000831 seconds, Stopping threads took: 0.0000404 seconds
2016-11-17T13:50:48.082+0100: 693.944: Total time for which application threads were stopped: 0.0000829 seconds, Stopping threads took: 0.0000410 seconds
2016-11-17T13:50:48.082+0100: 693.944: Total time for which application threads were stopped: 0.0000586 seconds, Stopping threads took: 0.0000130 seconds
2016-11-17T13:50:48.082+0100: 693.944: Total time for which application threads were stopped: 0.0000663 seconds, Stopping threads took: 0.0000285 seconds
2016-11-17T13:50:48.310+0100: 694.172: Total time for which application threads were stopped: 0.0001063 seconds, Stopping threads took: 0.0000277 seconds
2016-11-17T13:50:48.311+0100: 694.172: Total time for which application threads were stopped: 0.0001723 seconds, Stopping threads took: 0.0000118 seconds
2016-11-17T13:50:48.311+0100: 694.172: Total time for which application threads were stopped: 0.0000697 seconds, Stopping threads took: 0.0000280 seconds
2016-11-17T13:51:48.083+0100: 753.944: Total time for which application threads were stopped: 0.0001835 seconds, Stopping threads took: 0.0000498 seconds
2016-11-17T13:53:02.398+0100: 828.259: Total time for which application threads were stopped: 0.0000992 seconds, Stopping threads took: 0.0000182 seconds
2016-11-17T13:53:02.398+0100: 828.259: Total time for which application threads were stopped: 0.0000350 seconds, Stopping threads took: 0.0000060 seconds
2016-11-17T13:53:02.437+0100: 828.298: Total time for which application threads were stopped: 0.0001127 seconds, Stopping threads took: 0.0000286 seconds
2016-11-17T13:53:02.437+0100: 828.298: Total time for which application threads were stopped: 0.0000704 seconds, Stopping threads took: 0.0000233 seconds
2016-11-17T13:53:02.437+0100: 828.298: Total time for which application threads were stopped: 0.0000467 seconds, Stopping threads took: 0.0000098 seconds
2016-11-17T13:53:02.437+0100: 828.298: Total time for which application threads were stopped: 0.0000461 seconds, Stopping threads took: 0.0000093 seconds
2016-11-17T13:53:02.437+0100: 828.298: Total time for which application threads were stopped: 0.0000469 seconds, Stopping threads took: 0.0000102 seconds
2016-11-17T13:53:02.440+0100: 828.302: Total time for which application threads were stopped: 0.0002504 seconds, Stopping threads took: 0.0001534 seconds
2016-11-17T13:53:02.440+0100: 828.302: Total time for which application threads were stopped: 0.0001064 seconds, Stopping threads took: 0.0000512 seconds
2016-11-17T13:53:02.440+0100: 828.302: Total time for which application threads were stopped: 0.0000646 seconds, Stopping threads took: 0.0000182 seconds
2016-11-17T13:53:02.440+0100: 828.302: Total time for which application threads were stopped: 0.0000850 seconds, Stopping threads took: 0.0000466 seconds
2016-11-17T13:53:02.441+0100: 828.302: Total time for which application threads were stopped: 0.0000770 seconds, Stopping threads took: 0.0000410 seconds
2016-11-17T13:54:02.441+0100: 888.303: Total time for which application threads were stopped: 0.0001643 seconds, Stopping threads took: 0.0000373 seconds
2016-11-17T13:54:42.443+0100: 928.305: Total time for which application threads were stopped: 0.0001618 seconds, Stopping threads took: 0.0000546 seconds
2016-11-17T13:58:28.584+0100: 1154.445: Total time for which application threads were stopped: 0.0000884 seconds, Stopping threads took: 0.0000162 seconds
2016-11-17T13:58:28.584+0100: 1154.446: Total time for which application threads were stopped: 0.0000517 seconds, Stopping threads took: 0.0000222 seconds
2016-11-17T13:58:28.622+0100: 1154.484: Total time for which application threads were stopped: 0.0001012 seconds, Stopping threads took: 0.0000253 seconds
2016-11-17T13:58:28.622+0100: 1154.484: Total time for which application threads were stopped: 0.0000902 seconds, Stopping threads took: 0.0000271 seconds
2016-11-17T13:58:28.622+0100: 1154.484: Total time for which application threads were stopped: 0.0000975 seconds, Stopping threads took: 0.0000329 seconds
2016-11-17T13:58:28.622+0100: 1154.484: Total time for which application threads were stopped: 0.0000642 seconds, Stopping threads took: 0.0000094 seconds
2016-11-17T13:58:28.623+0100: 1154.485: Total time for which application threads were stopped: 0.0005479 seconds, Stopping threads took: 0.0004698 seconds
2016-11-17T13:58:28.628+0100: 1154.490: Total time for which application threads were stopped: 0.0001177 seconds, Stopping threads took: 0.0000356 seconds
2016-11-17T13:58:28.629+0100: 1154.490: Total time for which application threads were stopped: 0.0000558 seconds, Stopping threads took: 0.0000171 seconds
2016-11-17T13:58:28.629+0100: 1154.490: Total time for which application threads were stopped: 0.0000593 seconds, Stopping threads took: 0.0000196 seconds
2016-11-17T13:58:28.629+0100: 1154.490: Total time for which application threads were stopped: 0.0000526 seconds, Stopping threads took: 0.0000164 seconds
2016-11-17T13:58:28.629+0100: 1154.490: Total time for which application threads were stopped: 0.0000518 seconds, Stopping threads took: 0.0000157 seconds
2016-11-17T13:58:48.583+0100: 1174.444: Total time for which application threads were stopped: 0.0001347 seconds, Stopping threads took: 0.0000650 seconds
2016-11-17T13:58:48.583+0100: 1174.445: Total time for which application threads were stopped: 0.0003857 seconds, Stopping threads took: 0.0003351 seconds
2016-11-17T13:59:28.629+0100: 1214.491: Total time for which application threads were stopped: 0.0001138 seconds, Stopping threads took: 0.0000317 seconds
2016-11-17T14:00:02.692+0100: 1248.554: Total time for which application threads were stopped: 0.0001674 seconds, Stopping threads took: 0.0000326 seconds
2016-11-17T14:00:02.721+0100: 1248.582: Total time for which application threads were stopped: 0.0001200 seconds, Stopping threads took: 0.0000184 seconds
2016-11-17T14:00:02.725+0100: 1248.587: Total time for which application threads were stopped: 0.0001026 seconds, Stopping threads took: 0.0000214 seconds
2016-11-17T14:00:02.725+0100: 1248.587: Total time for which application threads were stopped: 0.0001662 seconds, Stopping threads took: 0.0001073 seconds
2016-11-17T14:00:02.725+0100: 1248.587: Total time for which application threads were stopped: 0.0001014 seconds, Stopping threads took: 0.0000461 seconds
2016-11-17T14:00:02.725+0100: 1248.587: Total time for which application threads were stopped: 0.0000668 seconds, Stopping threads took: 0.0000220 seconds
2016-11-17T14:00:02.726+0100: 1248.588: Total time for which application threads were stopped: 0.0005366 seconds, Stopping threads took: 0.0004639 seconds
2016-11-17T14:00:02.727+0100: 1248.589: Total time for which application threads were stopped: 0.0001342 seconds, Stopping threads took: 0.0000440 seconds
2016-11-17T14:00:02.728+0100: 1248.589: Total time for which application threads were stopped: 0.0001008 seconds, Stopping threads took: 0.0000440 seconds
2016-11-17T14:00:02.728+0100: 1248.589: Total time for which application threads were stopped: 0.0000680 seconds, Stopping threads took: 0.0000149 seconds
2016-11-17T14:00:02.728+0100: 1248.589: Total time for which application threads were stopped: 0.0000728 seconds, Stopping threads took: 0.0000182 seconds
2016-11-17T14:00:02.728+0100: 1248.589: Total time for which application threads were stopped: 0.0000659 seconds, Stopping threads took: 0.0000162 seconds
2016-11-17T14:00:02.818+0100: 1248.679: Total time for which application threads were stopped: 0.0001359 seconds, Stopping threads took: 0.0000396 seconds
2016-11-17T14:00:02.818+0100: 1248.679: Total time for which application threads were stopped: 0.0000564 seconds, Stopping threads took: 0.0000096 seconds
2016-11-17T14:01:02.726+0100: 1308.588: Total time for which application threads were stopped: 0.0000975 seconds, Stopping threads took: 0.0000287 seconds
2016-11-17T14:01:02.728+0100: 1308.590: Total time for which application threads were stopped: 0.0000416 seconds, Stopping threads took: 0.0000086 seconds
2016-11-17T14:02:32.738+0100: 1398.600: Total time for which application threads were stopped: 0.0001909 seconds, Stopping threads took: 0.0000449 seconds
2016-11-17T14:03:23.114+0100: 1448.976: Total time for which application threads were stopped: 0.0000874 seconds, Stopping threads took: 0.0000213 seconds
2016-11-17T14:03:23.115+0100: 1448.976: Total time for which application threads were stopped: 0.0000876 seconds, Stopping threads took: 0.0000396 seconds
2016-11-17T14:03:23.159+0100: 1449.020: Total time for which application threads were stopped: 0.0050710 seconds, Stopping threads took: 0.0049276 seconds
2016-11-17T14:03:23.159+0100: 1449.021: Total time for which application threads were stopped: 0.0000899 seconds, Stopping threads took: 0.0000341 seconds
2016-11-17T14:03:23.159+0100: 1449.021: Total time for which application threads were stopped: 0.0000900 seconds, Stopping threads took: 0.0000303 seconds
2016-11-17T14:03:23.159+0100: 1449.021: Total time for which application threads were stopped: 0.0000595 seconds, Stopping threads took: 0.0000106 seconds
2016-11-17T14:03:23.159+0100: 1449.021: Total time for which application threads were stopped: 0.0000655 seconds, Stopping threads took: 0.0000081 seconds
2016-11-17T14:03:23.162+0100: 1449.023: Total time for which application threads were stopped: 0.0001568 seconds, Stopping threads took: 0.0000549 seconds
2016-11-17T14:03:23.162+0100: 1449.024: Total time for which application threads were stopped: 0.0002361 seconds, Stopping threads took: 0.0000286 seconds
2016-11-17T14:03:23.162+0100: 1449.024: Total time for which application threads were stopped: 0.0001169 seconds, Stopping threads took: 0.0000392 seconds
2016-11-17T14:03:23.162+0100: 1449.024: Total time for which application threads were stopped: 0.0000859 seconds, Stopping threads took: 0.0000251 seconds
2016-11-17T14:03:23.162+0100: 1449.024: Total time for which application threads were stopped: 0.0000850 seconds, Stopping threads took: 0.0000237 seconds
2016-11-17T14:03:23.285+0100: 1449.147: Total time for which application threads were stopped: 0.0001183 seconds, Stopping threads took: 0.0000268 seconds
2016-11-17T14:03:23.286+0100: 1449.147: Total time for which application threads were stopped: 0.0001488 seconds, Stopping threads took: 0.0000795 seconds
2016-11-17T14:04:23.163+0100: 1509.025: Total time for which application threads were stopped: 0.0002130 seconds, Stopping threads took: 0.0000472 seconds
2016-11-17T18:50:11.962+0100: 2159.817: Total time for which application threads were stopped: 0.0001125 seconds, Stopping threads took: 0.0000368 seconds
2016-11-17T18:50:15.963+0100: 2163.818: Total time for which application threads were stopped: 0.0001881 seconds, Stopping threads took: 0.0000401 seconds
2016-11-17T18:53:00.982+0100: 2328.837: Total time for which application threads were stopped: 0.0001393 seconds, Stopping threads took: 0.0000335 seconds
2016-11-17T19:07:31.089+0100: 3198.944: Total time for which application threads were stopped: 0.0001425 seconds, Stopping threads took: 0.0000350 seconds
2016-11-17T19:10:43.110+0100: 3390.966: Total time for which application threads were stopped: 0.0000892 seconds, Stopping threads took: 0.0000234 seconds
2016-11-17T19:12:32.392+0100: 3500.247: Total time for which application threads were stopped: 0.0000993 seconds, Stopping threads took: 0.0000199 seconds
2016-11-17T19:12:32.392+0100: 3500.248: Total time for which application threads were stopped: 0.0000518 seconds, Stopping threads took: 0.0000102 seconds
2016-11-17T19:12:32.436+0100: 3500.291: Total time for which application threads were stopped: 0.0001659 seconds, Stopping threads took: 0.0000413 seconds
2016-11-17T19:12:32.436+0100: 3500.291: Total time for which application threads were stopped: 0.0001054 seconds, Stopping threads took: 0.0000203 seconds
2016-11-17T19:12:32.436+0100: 3500.291: Total time for which application threads were stopped: 0.0000462 seconds, Stopping threads took: 0.0000095 seconds
2016-11-17T19:12:32.436+0100: 3500.291: Total time for which application threads were stopped: 0.0000397 seconds, Stopping threads took: 0.0000059 seconds
2016-11-17T19:12:32.436+0100: 3500.291: Total time for which application threads were stopped: 0.0000391 seconds, Stopping threads took: 0.0000057 seconds
2016-11-17T19:12:32.440+0100: 3500.295: Total time for which application threads were stopped: 0.0002339 seconds, Stopping threads took: 0.0000459 seconds
2016-11-17T19:12:32.440+0100: 3500.295: Total time for which application threads were stopped: 0.0001355 seconds, Stopping threads took: 0.0000200 seconds
2016-11-17T19:12:32.440+0100: 3500.295: Total time for which application threads were stopped: 0.0000676 seconds, Stopping threads took: 0.0000164 seconds
2016-11-17T19:12:32.440+0100: 3500.295: Total time for which application threads were stopped: 0.0000657 seconds, Stopping threads took: 0.0000161 seconds
2016-11-17T19:12:32.440+0100: 3500.296: Total time for which application threads were stopped: 0.0001371 seconds, Stopping threads took: 0.0000152 seconds
2016-11-17T19:12:32.440+0100: 3500.296: Total time for which application threads were stopped: 0.0000819 seconds, Stopping threads took: 0.0000181 seconds
2016-11-17T19:12:32.503+0100: 3500.358: Total time for which application threads were stopped: 0.0001197 seconds, Stopping threads took: 0.0000256 seconds
2016-11-17T19:12:32.503+0100: 3500.359: Total time for which application threads were stopped: 0.0001805 seconds, Stopping threads took: 0.0000112 seconds
2016-11-17T19:12:32.503+0100: 3500.359: Total time for which application threads were stopped: 0.0000590 seconds, Stopping threads took: 0.0000098 seconds
2016-11-17T19:13:32.441+0100: 3560.296: Total time for which application threads were stopped: 0.0001936 seconds, Stopping threads took: 0.0000368 seconds
2016-11-17T19:21:51.493+0100: 4059.349: Total time for which application threads were stopped: 0.0001209 seconds, Stopping threads took: 0.0000433 seconds
2016-11-17T19:26:51.520+0100: 4359.376: Total time for which application threads were stopped: 0.0001121 seconds, Stopping threads took: 0.0000359 seconds
2016-11-17T19:34:06.559+0100: 4794.415: Total time for which application threads were stopped: 0.0001403 seconds, Stopping threads took: 0.0000301 seconds
2016-11-17T19:41:27.600+0100: 5235.456: Total time for which application threads were stopped: 0.0001319 seconds, Stopping threads took: 0.0000397 seconds
2016-11-17T19:41:32.601+0100: 5240.456: Total time for which application threads were stopped: 0.0001439 seconds, Stopping threads took: 0.0000373 seconds
2016-11-17T19:42:12.604+0100: 5280.459: Total time for which application threads were stopped: 0.0001006 seconds, Stopping threads took: 0.0000237 seconds
2016-11-17T19:48:43.642+0100: 5671.498: Total time for which application threads were stopped: 0.0001530 seconds, Stopping threads took: 0.0000307 seconds
2016-11-17T20:02:46.401+0100: 6514.256: Total time for which application threads were stopped: 0.0000966 seconds, Stopping threads took: 0.0000208 seconds
2016-11-17T20:02:46.402+0100: 6514.257: Total time for which application threads were stopped: 0.0000917 seconds, Stopping threads took: 0.0000187 seconds
2016-11-17T20:02:46.433+0100: 6514.288: Total time for which application threads were stopped: 0.0001268 seconds, Stopping threads took: 0.0000278 seconds
2016-11-17T20:02:46.433+0100: 6514.288: Total time for which application threads were stopped: 0.0000884 seconds, Stopping threads took: 0.0000329 seconds
2016-11-17T20:02:46.433+0100: 6514.288: Total time for which application threads were stopped: 0.0000625 seconds, Stopping threads took: 0.0000117 seconds
2016-11-17T20:02:46.433+0100: 6514.289: Total time for which application threads were stopped: 0.0001002 seconds, Stopping threads took: 0.0000397 seconds
2016-11-17T20:02:46.433+0100: 6514.289: Total time for which application threads were stopped: 0.0000809 seconds, Stopping threads took: 0.0000138 seconds
2016-11-17T20:02:46.435+0100: 6514.291: Total time for which application threads were stopped: 0.0001772 seconds, Stopping threads took: 0.0000882 seconds
2016-11-17T20:02:46.435+0100: 6514.291: Total time for which application threads were stopped: 0.0000819 seconds, Stopping threads took: 0.0000238 seconds
2016-11-17T20:02:46.435+0100: 6514.291: Total time for which application threads were stopped: 0.0000753 seconds, Stopping threads took: 0.0000213 seconds
2016-11-17T20:02:46.436+0100: 6514.291: Total time for which application threads were stopped: 0.0001002 seconds, Stopping threads took: 0.0000413 seconds
2016-11-17T20:02:46.436+0100: 6514.292: Total time for which application threads were stopped: 0.0000853 seconds, Stopping threads took: 0.0000245 seconds
2016-11-17T20:02:46.506+0100: 6514.362: Total time for which application threads were stopped: 0.0001406 seconds, Stopping threads took: 0.0000491 seconds
2016-11-17T20:02:46.506+0100: 6514.362: Total time for which application threads were stopped: 0.0000559 seconds, Stopping threads took: 0.0000097 seconds
2016-11-17T20:03:46.434+0100: 6574.289: Total time for which application threads were stopped: 0.0002469 seconds, Stopping threads took: 0.0000956 seconds
2016-11-17T20:03:46.437+0100: 6574.292: Total time for which application threads were stopped: 0.0000978 seconds, Stopping threads took: 0.0000208 seconds
2016-11-17T20:04:13.440+0100: 6601.296: Total time for which application threads were stopped: 0.0001697 seconds, Stopping threads took: 0.0000461 seconds
2016-11-17T20:06:37.306+0100: 6745.162: Total time for which application threads were stopped: 0.0001159 seconds, Stopping threads took: 0.0000349 seconds
2016-11-17T20:06:37.306+0100: 6745.162: Total time for which application threads were stopped: 0.0000648 seconds, Stopping threads took: 0.0000296 seconds
2016-11-17T20:06:37.307+0100: 6745.162: Total time for which application threads were stopped: 0.0000542 seconds, Stopping threads took: 0.0000269 seconds
2016-11-17T20:06:37.307+0100: 6745.162: Total time for which application threads were stopped: 0.0000972 seconds, Stopping threads took: 0.0000470 seconds
2016-11-17T20:06:37.307+0100: 6745.162: Total time for which application threads were stopped: 0.0000813 seconds, Stopping threads took: 0.0000369 seconds
2016-11-17T20:06:37.307+0100: 6745.162: Total time for which application threads were stopped: 0.0000788 seconds, Stopping threads took: 0.0000429 seconds
2016-11-17T20:06:37.307+0100: 6745.163: Total time for which application threads were stopped: 0.0001096 seconds, Stopping threads took: 0.0000570 seconds
2016-11-17T20:06:37.308+0100: 6745.163: Total time for which application threads were stopped: 0.0001245 seconds, Stopping threads took: 0.0000144 seconds
2016-11-17T20:06:37.308+0100: 6745.163: Total time for which application threads were stopped: 0.0002473 seconds, Stopping threads took: 0.0002052 seconds
2016-11-17T20:06:38.003+0100: 6745.858: Total time for which application threads were stopped: 0.0001483 seconds, Stopping threads took: 0.0000679 seconds
2016-11-17T20:06:38.008+0100: 6745.864: Total time for which application threads were stopped: 0.0001238 seconds, Stopping threads took: 0.0000267 seconds
2016-11-17T20:06:38.008+0100: 6745.864: Total time for which application threads were stopped: 0.0000774 seconds, Stopping threads took: 0.0000215 seconds
2016-11-17T20:06:38.008+0100: 6745.864: Total time for which application threads were stopped: 0.0000774 seconds, Stopping threads took: 0.0000254 seconds
2016-11-17T20:06:38.008+0100: 6745.864: Total time for which application threads were stopped: 0.0000948 seconds, Stopping threads took: 0.0000424 seconds
2016-11-17T20:06:38.009+0100: 6745.865: Total time for which application threads were stopped: 0.0001361 seconds, Stopping threads took: 0.0000509 seconds
2016-11-17T20:06:38.012+0100: 6745.868: Total time for which application threads were stopped: 0.0007575 seconds, Stopping threads took: 0.0006721 seconds
2016-11-17T20:06:38.013+0100: 6745.868: Total time for which application threads were stopped: 0.0000958 seconds, Stopping threads took: 0.0000229 seconds
2016-11-17T20:06:38.013+0100: 6745.868: Total time for which application threads were stopped: 0.0001132 seconds, Stopping threads took: 0.0000536 seconds
2016-11-17T20:06:38.013+0100: 6745.868: Total time for which application threads were stopped: 0.0001371 seconds, Stopping threads took: 0.0000178 seconds
2016-11-17T20:06:38.013+0100: 6745.868: Total time for which application threads were stopped: 0.0000925 seconds, Stopping threads took: 0.0000168 seconds
2016-11-17T20:06:38.013+0100: 6745.869: Total time for which application threads were stopped: 0.0000524 seconds, Stopping threads took: 0.0000184 seconds
2016-11-17T20:06:38.024+0100: 6745.880: Total time for which application threads were stopped: 0.0001659 seconds, Stopping threads took: 0.0000856 seconds
2016-11-17T20:06:38.032+0100: 6745.888: Total time for which application threads were stopped: 0.0001144 seconds, Stopping threads took: 0.0000243 seconds
2016-11-17T20:06:38.034+0100: 6745.890: Total time for which application threads were stopped: 0.0000987 seconds, Stopping threads took: 0.0000236 seconds
2016-11-17T20:06:38.451+0100: 6746.307: Total time for which application threads were stopped: 0.0000936 seconds, Stopping threads took: 0.0000182 seconds
2016-11-17T20:06:52.622+0100: 6760.477: Total time for which application threads were stopped: 0.0001273 seconds, Stopping threads took: 0.0000449 seconds
2016-11-17T20:06:52.622+0100: 6760.478: Total time for which application threads were stopped: 0.0000746 seconds, Stopping threads took: 0.0000309 seconds
2016-11-17T20:06:52.622+0100: 6760.478: Total time for which application threads were stopped: 0.0000903 seconds, Stopping threads took: 0.0000463 seconds
2016-11-17T20:07:38.010+0100: 6805.865: Total time for which application threads were stopped: 0.0002111 seconds, Stopping threads took: 0.0000455 seconds
2016-11-17T20:07:38.014+0100: 6805.869: Total time for which application threads were stopped: 0.0003940 seconds, Stopping threads took: 0.0000457 seconds
2016-11-17T20:08:18.013+0100: 6845.869: Total time for which application threads were stopped: 0.0001516 seconds, Stopping threads took: 0.0000333 seconds
2016-11-17T20:08:18.024+0100: 6845.880: Total time for which application threads were stopped: 0.0001439 seconds, Stopping threads took: 0.0000286 seconds
2016-11-17T20:08:18.036+0100: 6845.891: Total time for which application threads were stopped: 0.0001436 seconds, Stopping threads took: 0.0000370 seconds
2016-11-17T20:08:18.453+0100: 6846.308: Total time for which application threads were stopped: 0.0001446 seconds, Stopping threads took: 0.0000284 seconds
2016-11-17T20:10:13.466+0100: 6961.321: Total time for which application threads were stopped: 0.0001211 seconds, Stopping threads took: 0.0000281 seconds
2016-11-17T20:14:13.494+0100: 7201.349: Total time for which application threads were stopped: 0.0001869 seconds, Stopping threads took: 0.0000361 seconds
2016-11-17T20:14:43.498+0100: 7231.353: Total time for which application threads were stopped: 0.0001722 seconds, Stopping threads took: 0.0000362 seconds
2016-11-17T20:22:43.558+0100: 7711.414: Total time for which application threads were stopped: 0.0001396 seconds, Stopping threads took: 0.0000284 seconds
2016-11-17T20:36:29.413+0100: 8537.269: Total time for which application threads were stopped: 0.0001135 seconds, Stopping threads took: 0.0000232 seconds
2016-11-17T20:36:29.414+0100: 8537.269: Total time for which application threads were stopped: 0.0000593 seconds, Stopping threads took: 0.0000121 seconds
2016-11-17T20:36:29.492+0100: 8537.348: Total time for which application threads were stopped: 0.0001009 seconds, Stopping threads took: 0.0000180 seconds
2016-11-17T20:36:29.493+0100: 8537.348: Total time for which application threads were stopped: 0.0000440 seconds, Stopping threads took: 0.0000074 seconds
2016-11-17T20:36:29.493+0100: 8537.348: Total time for which application threads were stopped: 0.0000421 seconds, Stopping threads took: 0.0000077 seconds
2016-11-17T20:36:29.493+0100: 8537.349: Total time for which application threads were stopped: 0.0000693 seconds, Stopping threads took: 0.0000199 seconds
2016-11-17T20:36:29.493+0100: 8537.349: Total time for which application threads were stopped: 0.0000419 seconds, Stopping threads took: 0.0000069 seconds
2016-11-17T20:36:29.493+0100: 8537.349: Total time for which application threads were stopped: 0.0000447 seconds, Stopping threads took: 0.0000108 seconds
2016-11-17T20:36:29.494+0100: 8537.349: Total time for which application threads were stopped: 0.0001404 seconds, Stopping threads took: 0.0000107 seconds
2016-11-17T20:36:29.494+0100: 8537.349: Total time for which application threads were stopped: 0.0000395 seconds, Stopping threads took: 0.0000068 seconds
2016-11-17T20:36:29.514+0100: 8537.369: Total time for which application threads were stopped: 0.0001041 seconds, Stopping threads took: 0.0000277 seconds
2016-11-17T20:36:29.515+0100: 8537.371: Total time for which application threads were stopped: 0.0001111 seconds, Stopping threads took: 0.0000254 seconds
2016-11-17T20:36:29.516+0100: 8537.371: Total time for which application threads were stopped: 0.0000790 seconds, Stopping threads took: 0.0000193 seconds
2016-11-17T20:36:29.516+0100: 8537.372: Total time for which application threads were stopped: 0.0000535 seconds, Stopping threads took: 0.0000163 seconds
2016-11-17T20:36:29.521+0100: 8537.377: Total time for which application threads were stopped: 0.0001036 seconds, Stopping threads took: 0.0000271 seconds
2016-11-17T20:36:29.523+0100: 8537.379: Total time for which application threads were stopped: 0.0001017 seconds, Stopping threads took: 0.0000217 seconds
{Heap before GC invocations=9 (full 1):
 par new generation   total 109248K, used 97750K [0x00000000e0000000, 0x00000000e8000000, 0x00000000e8000000)
  eden space 87424K, 100% used [0x00000000e0000000, 0x00000000e5560000, 0x00000000e5560000)
  from space 21824K,  47% used [0x00000000e6ab0000, 0x00000000e74c59c0, 0x00000000e8000000)
  to   space 21824K,   0% used [0x00000000e5560000, 0x00000000e5560000, 0x00000000e6ab0000)
 concurrent mark-sweep generation total 393216K, used 5424K [0x00000000e8000000, 0x0000000100000000, 0x0000000100000000)
 Metaspace       used 30562K, capacity 31027K, committed 31432K, reserved 1077248K
  class space    used 3598K, capacity 3729K, committed 3784K, reserved 1048576K
2016-11-17T20:36:29.550+0100: 8537.406: [GC (Allocation Failure) 2016-11-17T20:36:29.550+0100: 8537.406: [ParNew
Desired survivor size 20112992 bytes, new threshold 8 (max 8)
- age   1:    3888040 bytes,    3888040 total
- age   2:      78376 bytes,    3966416 total
- age   3:     728624 bytes,    4695040 total
- age   4:       4000 bytes,    4699040 total
- age   5:     575808 bytes,    5274848 total
- age   6:     952064 bytes,    6226912 total
- age   7:     252104 bytes,    6479016 total
- age   8:       1880 bytes,    6480896 total
: 97750K->7266K(109248K), 0.0492111 secs] 103174K->13734K(502464K), 0.0493334 secs] [Times: user=0.08 sys=0.00, real=0.05 secs] 
Heap after GC invocations=10 (full 1):
 par new generation   total 109248K, used 7266K [0x00000000e0000000, 0x00000000e8000000, 0x00000000e8000000)
  eden space 87424K,   0% used [0x00000000e0000000, 0x00000000e0000000, 0x00000000e5560000)
  from space 21824K,  33% used [0x00000000e5560000, 0x00000000e5c78860, 0x00000000e6ab0000)
  to   space 21824K,   0% used [0x00000000e6ab0000, 0x00000000e6ab0000, 0x00000000e8000000)
 concurrent mark-sweep generation total 393216K, used 6468K [0x00000000e8000000, 0x0000000100000000, 0x0000000100000000)
 Metaspace       used 30562K, capacity 31027K, committed 31432K, reserved 1077248K
  class space    used 3598K, capacity 3729K, committed 3784K, reserved 1048576K
}
2016-11-17T20:36:29.600+0100: 8537.455: Total time for which application threads were stopped: 0.0495838 seconds, Stopping threads took: 0.0000221 seconds
2016-11-17T20:36:29.600+0100: 8537.456: Total time for which application threads were stopped: 0.0001026 seconds, Stopping threads took: 0.0000366 seconds
2016-11-17T20:36:29.600+0100: 8537.456: Total time for which application threads were stopped: 0.0000579 seconds, Stopping threads took: 0.0000199 seconds
2016-11-17T20:36:29.600+0100: 8537.456: Total time for which application threads were stopped: 0.0000569 seconds, Stopping threads took: 0.0000197 seconds
2016-11-17T20:36:29.600+0100: 8537.456: Total time for which application threads were stopped: 0.0000561 seconds, Stopping threads took: 0.0000195 seconds
2016-11-17T20:36:29.600+0100: 8537.456: Total time for which application threads were stopped: 0.0000967 seconds, Stopping threads took: 0.0000279 seconds
2016-11-17T20:36:29.601+0100: 8537.456: Total time for which application threads were stopped: 0.0000838 seconds, Stopping threads took: 0.0000204 seconds
2016-11-17T20:36:29.601+0100: 8537.456: Total time for which application threads were stopped: 0.0000956 seconds, Stopping threads took: 0.0000340 seconds
2016-11-17T20:36:29.601+0100: 8537.456: Total time for which application threads were stopped: 0.0000806 seconds, Stopping threads took: 0.0000253 seconds
2016-11-17T20:36:29.601+0100: 8537.456: Total time for which application threads were stopped: 0.0000593 seconds, Stopping threads took: 0.0000269 seconds
2016-11-17T20:36:29.601+0100: 8537.456: Total time for which application threads were stopped: 0.0000718 seconds, Stopping threads took: 0.0000296 seconds
2016-11-17T20:36:29.601+0100: 8537.457: Total time for which application threads were stopped: 0.0000701 seconds, Stopping threads took: 0.0000147 seconds
2016-11-17T20:36:29.601+0100: 8537.457: Total time for which application threads were stopped: 0.0000563 seconds, Stopping threads took: 0.0000197 seconds
2016-11-17T20:36:29.601+0100: 8537.457: Total time for which application threads were stopped: 0.0000603 seconds, Stopping threads took: 0.0000249 seconds
2016-11-17T20:36:29.601+0100: 8537.457: Total time for which application threads were stopped: 0.0000551 seconds, Stopping threads took: 0.0000196 seconds
2016-11-17T20:36:29.602+0100: 8537.457: Total time for which application threads were stopped: 0.0000551 seconds, Stopping threads took: 0.0000196 seconds
2016-11-17T20:36:29.668+0100: 8537.523: Total time for which application threads were stopped: 0.0002009 seconds, Stopping threads took: 0.0000501 seconds
{Heap before GC invocations=10 (full 1):
 par new generation   total 109248K, used 94690K [0x00000000e0000000, 0x00000000e8000000, 0x00000000e8000000)
  eden space 87424K, 100% used [0x00000000e0000000, 0x00000000e5560000, 0x00000000e5560000)
  from space 21824K,  33% used [0x00000000e5560000, 0x00000000e5c78860, 0x00000000e6ab0000)
  to   space 21824K,   0% used [0x00000000e6ab0000, 0x00000000e6ab0000, 0x00000000e8000000)
 concurrent mark-sweep generation total 393216K, used 6468K [0x00000000e8000000, 0x0000000100000000, 0x0000000100000000)
 Metaspace       used 30589K, capacity 31057K, committed 31432K, reserved 1077248K
  class space    used 3601K, capacity 3734K, committed 3784K, reserved 1048576K
2016-11-17T20:36:29.733+0100: 8537.588: [GC (Allocation Failure) 2016-11-17T20:36:29.733+0100: 8537.589: [ParNew
Desired survivor size 20112992 bytes, new threshold 8 (max 8)
- age   1:     694320 bytes,     694320 total
- age   2:     917216 bytes,    1611536 total
- age   3:       4128 bytes,    1615664 total
- age   4:     212040 bytes,    1827704 total
- age   5:       3696 bytes,    1831400 total
- age   6:     541264 bytes,    2372664 total
- age   7:     886024 bytes,    3258688 total
- age   8:     185504 bytes,    3444192 total
: 94690K->5554K(109248K), 0.0099221 secs] 101158K->12024K(502464K), 0.0100444 secs] [Times: user=0.04 sys=0.00, real=0.01 secs] 
Heap after GC invocations=11 (full 1):
 par new generation   total 109248K, used 5554K [0x00000000e0000000, 0x00000000e8000000, 0x00000000e8000000)
  eden space 87424K,   0% used [0x00000000e0000000, 0x00000000e0000000, 0x00000000e5560000)
  from space 21824K,  25% used [0x00000000e6ab0000, 0x00000000e701c880, 0x00000000e8000000)
  to   space 21824K,   0% used [0x00000000e5560000, 0x00000000e5560000, 0x00000000e6ab0000)
 concurrent mark-sweep generation total 393216K, used 6470K [0x00000000e8000000, 0x0000000100000000, 0x0000000100000000)
 Metaspace       used 30589K, capacity 31057K, committed 31432K, reserved 1077248K
  class space    used 3601K, capacity 3734K, committed 3784K, reserved 1048576K
}
2016-11-17T20:36:29.743+0100: 8537.599: Total time for which application threads were stopped: 0.0102960 seconds, Stopping threads took: 0.0000338 seconds
2016-11-17T20:36:29.743+0100: 8537.599: Total time for which application threads were stopped: 0.0001551 seconds, Stopping threads took: 0.0000460 seconds
2016-11-17T20:36:29.892+0100: 8537.748: Total time for which application threads were stopped: 0.0001158 seconds, Stopping threads took: 0.0000242 seconds
2016-11-17T20:36:29.896+0100: 8537.752: Total time for which application threads were stopped: 0.0000911 seconds, Stopping threads took: 0.0000259 seconds
2016-11-17T20:36:29.906+0100: 8537.762: Total time for which application threads were stopped: 0.0001114 seconds, Stopping threads took: 0.0000383 seconds
2016-11-17T20:36:29.906+0100: 8537.762: Total time for which application threads were stopped: 0.0000803 seconds, Stopping threads took: 0.0000208 seconds
2016-11-17T20:36:29.909+0100: 8537.765: Total time for which application threads were stopped: 0.0001422 seconds, Stopping threads took: 0.0000514 seconds
2016-11-17T20:36:29.911+0100: 8537.767: Total time for which application threads were stopped: 0.0001558 seconds, Stopping threads took: 0.0000689 seconds
2016-11-17T20:36:29.912+0100: 8537.767: Total time for which application threads were stopped: 0.0000734 seconds, Stopping threads took: 0.0000195 seconds
2016-11-17T20:36:29.944+0100: 8537.799: Total time for which application threads were stopped: 0.0014063 seconds, Stopping threads took: 0.0012860 seconds
2016-11-17T20:36:29.944+0100: 8537.800: Total time for which application threads were stopped: 0.0001031 seconds, Stopping threads took: 0.0000482 seconds
2016-11-17T20:36:29.944+0100: 8537.800: Total time for which application threads were stopped: 0.0000615 seconds, Stopping threads took: 0.0000144 seconds
2016-11-17T20:36:29.945+0100: 8537.801: Total time for which application threads were stopped: 0.0000996 seconds, Stopping threads took: 0.0000247 seconds
2016-11-17T20:36:29.948+0100: 8537.804: Total time for which application threads were stopped: 0.0001001 seconds, Stopping threads took: 0.0000230 seconds
2016-11-17T20:36:29.949+0100: 8537.805: Total time for which application threads were stopped: 0.0000798 seconds, Stopping threads took: 0.0000203 seconds
2016-11-17T20:36:29.950+0100: 8537.805: Total time for which application threads were stopped: 0.0000731 seconds, Stopping threads took: 0.0000172 seconds
2016-11-17T20:36:29.951+0100: 8537.806: Total time for which application threads were stopped: 0.0000868 seconds, Stopping threads took: 0.0000286 seconds
2016-11-17T20:36:29.954+0100: 8537.810: Total time for which application threads were stopped: 0.0001013 seconds, Stopping threads took: 0.0000266 seconds
2016-11-17T20:36:29.955+0100: 8537.811: Total time for which application threads were stopped: 0.0002200 seconds, Stopping threads took: 0.0000572 seconds
2016-11-17T20:36:29.956+0100: 8537.811: Total time for which application threads were stopped: 0.0001482 seconds, Stopping threads took: 0.0000642 seconds
2016-11-17T20:36:29.956+0100: 8537.811: Total time for which application threads were stopped: 0.0000999 seconds, Stopping threads took: 0.0000394 seconds
2016-11-17T20:36:30.001+0100: 8537.856: Total time for which application threads were stopped: 0.0001111 seconds, Stopping threads took: 0.0000303 seconds
2016-11-17T20:36:30.001+0100: 8537.857: Total time for which application threads were stopped: 0.0000725 seconds, Stopping threads took: 0.0000193 seconds
2016-11-17T20:36:30.005+0100: 8537.860: Total time for which application threads were stopped: 0.0001443 seconds, Stopping threads took: 0.0000326 seconds
2016-11-17T20:36:30.009+0100: 8537.864: Total time for which application threads were stopped: 0.0001027 seconds, Stopping threads took: 0.0000259 seconds
2016-11-17T20:36:30.017+0100: 8537.872: Total time for which application threads were stopped: 0.0001671 seconds, Stopping threads took: 0.0000733 seconds
2016-11-17T20:36:30.176+0100: 8538.032: Total time for which application threads were stopped: 0.0001831 seconds, Stopping threads took: 0.0000868 seconds
2016-11-17T20:36:30.178+0100: 8538.033: Total time for which application threads were stopped: 0.0001150 seconds, Stopping threads took: 0.0000504 seconds
2016-11-17T20:36:30.178+0100: 8538.033: Total time for which application threads were stopped: 0.0000441 seconds, Stopping threads took: 0.0000117 seconds
2016-11-17T20:36:30.178+0100: 8538.034: Total time for which application threads were stopped: 0.0000408 seconds, Stopping threads took: 0.0000105 seconds
2016-11-17T20:36:30.178+0100: 8538.034: Total time for which application threads were stopped: 0.0000381 seconds, Stopping threads took: 0.0000095 seconds
2016-11-17T20:36:30.178+0100: 8538.034: Total time for which application threads were stopped: 0.0000380 seconds, Stopping threads took: 0.0000094 seconds
2016-11-17T20:36:30.178+0100: 8538.034: Total time for which application threads were stopped: 0.0000380 seconds, Stopping threads took: 0.0000093 seconds
2016-11-17T20:36:30.178+0100: 8538.034: Total time for which application threads were stopped: 0.0000384 seconds, Stopping threads took: 0.0000095 seconds
2016-11-17T20:36:30.178+0100: 8538.034: Total time for which application threads were stopped: 0.0000378 seconds, Stopping threads took: 0.0000092 seconds
2016-11-17T20:36:30.179+0100: 8538.034: Total time for which application threads were stopped: 0.0000383 seconds, Stopping threads took: 0.0000094 seconds
2016-11-17T20:36:30.180+0100: 8538.036: Total time for which application threads were stopped: 0.0000784 seconds, Stopping threads took: 0.0000200 seconds
2016-11-17T20:36:30.180+0100: 8538.036: Total time for which application threads were stopped: 0.0000404 seconds, Stopping threads took: 0.0000099 seconds
2016-11-17T20:36:30.181+0100: 8538.037: Total time for which application threads were stopped: 0.0000608 seconds, Stopping threads took: 0.0000167 seconds
2016-11-17T20:36:30.181+0100: 8538.037: Total time for which application threads were stopped: 0.0000386 seconds, Stopping threads took: 0.0000100 seconds
2016-11-17T20:36:30.181+0100: 8538.037: Total time for which application threads were stopped: 0.0000379 seconds, Stopping threads took: 0.0000097 seconds
2016-11-17T20:36:30.181+0100: 8538.037: Total time for which application threads were stopped: 0.0000376 seconds, Stopping threads took: 0.0000098 seconds
2016-11-17T20:36:30.181+0100: 8538.037: Total time for which application threads were stopped: 0.0000379 seconds, Stopping threads took: 0.0000097 seconds
2016-11-17T20:36:30.181+0100: 8538.037: Total time for which application threads were stopped: 0.0000362 seconds, Stopping threads took: 0.0000092 seconds
2016-11-17T20:36:30.182+0100: 8538.037: Total time for which application threads were stopped: 0.0000365 seconds, Stopping threads took: 0.0000092 seconds
2016-11-17T20:36:30.182+0100: 8538.037: Total time for which application threads were stopped: 0.0000370 seconds, Stopping threads took: 0.0000088 seconds
2016-11-17T20:36:30.182+0100: 8538.037: Total time for which application threads were stopped: 0.0000526 seconds, Stopping threads took: 0.0000091 seconds
2016-11-17T20:36:30.182+0100: 8538.037: Total time for which application threads were stopped: 0.0000381 seconds, Stopping threads took: 0.0000094 seconds
2016-11-17T20:36:30.182+0100: 8538.037: Total time for which application threads were stopped: 0.0000381 seconds, Stopping threads took: 0.0000092 seconds
2016-11-17T20:36:30.182+0100: 8538.037: Total time for which application threads were stopped: 0.0000376 seconds, Stopping threads took: 0.0000096 seconds
2016-11-17T20:36:30.182+0100: 8538.037: Total time for which application threads were stopped: 0.0000362 seconds, Stopping threads took: 0.0000092 seconds
2016-11-17T20:36:30.182+0100: 8538.037: Total time for which application threads were stopped: 0.0000357 seconds, Stopping threads took: 0.0000090 seconds
2016-11-17T20:36:30.182+0100: 8538.038: Total time for which application threads were stopped: 0.0000362 seconds, Stopping threads took: 0.0000091 seconds
2016-11-17T20:36:30.182+0100: 8538.038: Total time for which application threads were stopped: 0.0001665 seconds, Stopping threads took: 0.0000092 seconds
2016-11-17T20:36:30.183+0100: 8538.039: Total time for which application threads were stopped: 0.0000728 seconds, Stopping threads took: 0.0000212 seconds
2016-11-17T20:36:30.207+0100: 8538.063: Total time for which application threads were stopped: 0.0001168 seconds, Stopping threads took: 0.0000289 seconds
{Heap before GC invocations=11 (full 1):
 par new generation   total 109248K, used 92978K [0x00000000e0000000, 0x00000000e8000000, 0x00000000e8000000)
  eden space 87424K, 100% used [0x00000000e0000000, 0x00000000e5560000, 0x00000000e5560000)
  from space 21824K,  25% used [0x00000000e6ab0000, 0x00000000e701c880, 0x00000000e8000000)
  to   space 21824K,   0% used [0x00000000e5560000, 0x00000000e5560000, 0x00000000e6ab0000)
 concurrent mark-sweep generation total 393216K, used 6470K [0x00000000e8000000, 0x0000000100000000, 0x0000000100000000)
 Metaspace       used 30740K, capacity 31243K, committed 31432K, reserved 1077248K
  class space    used 3620K, capacity 3759K, committed 3784K, reserved 1048576K
2016-11-17T20:36:43.009+0100: 8550.864: [GC (Allocation Failure) 2016-11-17T20:36:43.009+0100: 8550.864: [ParNew
Desired survivor size 20112992 bytes, new threshold 8 (max 8)
- age   1:    2612424 bytes,    2612424 total
- age   2:     150904 bytes,    2763328 total
- age   3:     876496 bytes,    3639824 total
- age   4:       4096 bytes,    3643920 total
- age   5:     208296 bytes,    3852216 total
- age   6:       3664 bytes,    3855880 total
- age   7:     539952 bytes,    4395832 total
- age   8:     882080 bytes,    5277912 total
: 92978K->6386K(109248K), 0.0171755 secs] 99448K->13042K(502464K), 0.0173731 secs] [Times: user=0.05 sys=0.00, real=0.01 secs] 
Heap after GC invocations=12 (full 1):
 par new generation   total 109248K, used 6386K [0x00000000e0000000, 0x00000000e8000000, 0x00000000e8000000)
  eden space 87424K,   0% used [0x00000000e0000000, 0x00000000e0000000, 0x00000000e5560000)
  from space 21824K,  29% used [0x00000000e5560000, 0x00000000e5b9cb30, 0x00000000e6ab0000)
  to   space 21824K,   0% used [0x00000000e6ab0000, 0x00000000e6ab0000, 0x00000000e8000000)
 concurrent mark-sweep generation total 393216K, used 6655K [0x00000000e8000000, 0x0000000100000000, 0x0000000100000000)
 Metaspace       used 30740K, capacity 31243K, committed 31432K, reserved 1077248K
  class space    used 3620K, capacity 3759K, committed 3784K, reserved 1048576K
}
2016-11-17T20:36:43.026+0100: 8550.882: Total time for which application threads were stopped: 0.0176633 seconds, Stopping threads took: 0.0000346 seconds
2016-11-17T20:36:43.027+0100: 8550.882: Total time for which application threads were stopped: 0.0001386 seconds, Stopping threads took: 0.0000229 seconds
2016-11-17T20:38:47.250+0100: 8675.105: Total time for which application threads were stopped: 0.0001037 seconds, Stopping threads took: 0.0000207 seconds
2016-11-17T20:38:47.250+0100: 8675.106: Total time for which application threads were stopped: 0.0000552 seconds, Stopping threads took: 0.0000189 seconds
2016-11-17T20:38:47.275+0100: 8675.131: Total time for which application threads were stopped: 0.0002535 seconds, Stopping threads took: 0.0000676 seconds
{Heap before GC invocations=12 (full 1):
 par new generation   total 109248K, used 93810K [0x00000000e0000000, 0x00000000e8000000, 0x00000000e8000000)
  eden space 87424K, 100% used [0x00000000e0000000, 0x00000000e5560000, 0x00000000e5560000)
  from space 21824K,  29% used [0x00000000e5560000, 0x00000000e5b9cb30, 0x00000000e6ab0000)
  to   space 21824K,   0% used [0x00000000e6ab0000, 0x00000000e6ab0000, 0x00000000e8000000)
 concurrent mark-sweep generation total 393216K, used 6655K [0x00000000e8000000, 0x0000000100000000, 0x0000000100000000)
 Metaspace       used 30758K, capacity 31243K, committed 31432K, reserved 1077248K
  class space    used 3620K, capacity 3759K, committed 3784K, reserved 1048576K
2016-11-17T20:38:47.445+0100: 8675.300: [GC (Allocation Failure) 2016-11-17T20:38:47.445+0100: 8675.300: [ParNew
Desired survivor size 20112992 bytes, new threshold 8 (max 8)
- age   1:    1623896 bytes,    1623896 total
- age   2:     123448 bytes,    1747344 total
- age   3:       9736 bytes,    1757080 total
- age   4:     428888 bytes,    2185968 total
- age   5:       4096 bytes,    2190064 total
- age   6:     208296 bytes,    2398360 total
- age   7:       3664 bytes,    2402024 total
- age   8:     539952 bytes,    2941976 total
: 93810K->4231K(109248K), 0.0184224 secs] 100466K->11771K(502464K), 0.0185490 secs] [Times: user=0.06 sys=0.01, real=0.02 secs] 
Heap after GC invocations=13 (full 1):
 par new generation   total 109248K, used 4231K [0x00000000e0000000, 0x00000000e8000000, 0x00000000e8000000)
  eden space 87424K,   0% used [0x00000000e0000000, 0x00000000e0000000, 0x00000000e5560000)
  from space 21824K,  19% used [0x00000000e6ab0000, 0x00000000e6ed1c00, 0x00000000e8000000)
  to   space 21824K,   0% used [0x00000000e5560000, 0x00000000e5560000, 0x00000000e6ab0000)
 concurrent mark-sweep generation total 393216K, used 7540K [0x00000000e8000000, 0x0000000100000000, 0x0000000100000000)
 Metaspace       used 30758K, capacity 31243K, committed 31432K, reserved 1077248K
  class space    used 3620K, capacity 3759K, committed 3784K, reserved 1048576K
}
2016-11-17T20:38:47.463+0100: 8675.319: Total time for which application threads were stopped: 0.0188588 seconds, Stopping threads took: 0.0000533 seconds
2016-11-17T20:38:47.464+0100: 8675.319: Total time for which application threads were stopped: 0.0001628 seconds, Stopping threads took: 0.0000363 seconds
{Heap before GC invocations=13 (full 1):
 par new generation   total 109248K, used 91655K [0x00000000e0000000, 0x00000000e8000000, 0x00000000e8000000)
  eden space 87424K, 100% used [0x00000000e0000000, 0x00000000e5560000, 0x00000000e5560000)
  from space 21824K,  19% used [0x00000000e6ab0000, 0x00000000e6ed1c00, 0x00000000e8000000)
  to   space 21824K,   0% used [0x00000000e5560000, 0x00000000e5560000, 0x00000000e6ab0000)
 concurrent mark-sweep generation total 393216K, used 7540K [0x00000000e8000000, 0x0000000100000000, 0x0000000100000000)
 Metaspace       used 30764K, capacity 31243K, committed 31432K, reserved 1077248K
  class space    used 3620K, capacity 3759K, committed 3784K, reserved 1048576K
2016-11-17T20:38:47.588+0100: 8675.444: [GC (Allocation Failure) 2016-11-17T20:38:47.588+0100: 8675.444: [ParNew
Desired survivor size 20112992 bytes, new threshold 8 (max 8)
- age   1:     542520 bytes,     542520 total
- age   2:    1314976 bytes,    1857496 total
- age   3:     122264 bytes,    1979760 total
- age   4:       9736 bytes,    1989496 total
- age   5:     428888 bytes,    2418384 total
- age   6:       4096 bytes,    2422480 total
- age   7:     208296 bytes,    2630776 total
- age   8:       3664 bytes,    2634440 total
: 91655K->3736K(109248K), 0.0060858 secs] 99195K->11820K(502464K), 0.0062047 secs] [Times: user=0.02 sys=0.00, real=0.01 secs] 
Heap after GC invocations=14 (full 1):
 par new generation   total 109248K, used 3736K [0x00000000e0000000, 0x00000000e8000000, 0x00000000e8000000)
  eden space 87424K,   0% used [0x00000000e0000000, 0x00000000e0000000, 0x00000000e5560000)
  from space 21824K,  17% used [0x00000000e5560000, 0x00000000e59061e0, 0x00000000e6ab0000)
  to   space 21824K,   0% used [0x00000000e6ab0000, 0x00000000e6ab0000, 0x00000000e8000000)
 concurrent mark-sweep generation total 393216K, used 8084K [0x00000000e8000000, 0x0000000100000000, 0x0000000100000000)
 Metaspace       used 30764K, capacity 31243K, committed 31432K, reserved 1077248K
  class space    used 3620K, capacity 3759K, committed 3784K, reserved 1048576K
}
2016-11-17T20:38:47.595+0100: 8675.450: Total time for which application threads were stopped: 0.0064444 seconds, Stopping threads took: 0.0000731 seconds
2016-11-17T20:38:47.595+0100: 8675.450: Total time for which application threads were stopped: 0.0001451 seconds, Stopping threads took: 0.0000589 seconds
2016-11-17T20:38:47.637+0100: 8675.493: Total time for which application threads were stopped: 0.0001816 seconds, Stopping threads took: 0.0000633 seconds
2016-11-17T20:38:47.687+0100: 8675.542: Total time for which application threads were stopped: 0.0002127 seconds, Stopping threads took: 0.0001063 seconds
2016-11-17T20:38:47.698+0100: 8675.553: Total time for which application threads were stopped: 0.0001437 seconds, Stopping threads took: 0.0000501 seconds
2016-11-17T20:38:47.747+0100: 8675.603: Total time for which application threads were stopped: 0.0000984 seconds, Stopping threads took: 0.0000259 seconds
2016-11-17T20:38:47.748+0100: 8675.604: Total time for which application threads were stopped: 0.0000997 seconds, Stopping threads took: 0.0000279 seconds
2016-11-17T20:38:47.751+0100: 8675.606: Total time for which application threads were stopped: 0.0001461 seconds, Stopping threads took: 0.0000511 seconds
2016-11-17T20:38:47.793+0100: 8675.649: Total time for which application threads were stopped: 0.0000981 seconds, Stopping threads took: 0.0000257 seconds
2016-11-17T20:38:47.794+0100: 8675.649: Total time for which application threads were stopped: 0.0000751 seconds, Stopping threads took: 0.0000141 seconds
2016-11-17T20:38:47.794+0100: 8675.650: Total time for which application threads were stopped: 0.0000572 seconds, Stopping threads took: 0.0000172 seconds
2016-11-17T20:38:47.794+0100: 8675.650: Total time for which application threads were stopped: 0.0000408 seconds, Stopping threads took: 0.0000098 seconds
2016-11-17T20:38:47.794+0100: 8675.650: Total time for which application threads were stopped: 0.0000399 seconds, Stopping threads took: 0.0000098 seconds
2016-11-17T20:38:47.794+0100: 8675.650: Total time for which application threads were stopped: 0.0000380 seconds, Stopping threads took: 0.0000094 seconds
2016-11-17T20:38:47.794+0100: 8675.650: Total time for which application threads were stopped: 0.0000373 seconds, Stopping threads took: 0.0000087 seconds
2016-11-17T20:38:47.795+0100: 8675.650: Total time for which application threads were stopped: 0.0000380 seconds, Stopping threads took: 0.0000098 seconds
2016-11-17T20:38:47.795+0100: 8675.650: Total time for which application threads were stopped: 0.0000361 seconds, Stopping threads took: 0.0000081 seconds
2016-11-17T20:38:47.795+0100: 8675.650: Total time for which application threads were stopped: 0.0000376 seconds, Stopping threads took: 0.0000094 seconds
2016-11-17T20:38:47.795+0100: 8675.650: Total time for which application threads were stopped: 0.0000365 seconds, Stopping threads took: 0.0000084 seconds
2016-11-17T20:38:47.796+0100: 8675.652: Total time for which application threads were stopped: 0.0001103 seconds, Stopping threads took: 0.0000369 seconds
2016-11-17T20:38:47.796+0100: 8675.652: Total time for which application threads were stopped: 0.0000652 seconds, Stopping threads took: 0.0000335 seconds
2016-11-17T20:38:47.815+0100: 8675.670: Total time for which application threads were stopped: 0.0001028 seconds, Stopping threads took: 0.0000233 seconds
2016-11-17T20:42:06.745+0100: 8874.600: Total time for which application threads were stopped: 0.0001045 seconds, Stopping threads took: 0.0000219 seconds
2016-11-17T20:42:06.745+0100: 8874.601: Total time for which application threads were stopped: 0.0000496 seconds, Stopping threads took: 0.0000117 seconds
{Heap before GC invocations=14 (full 1):
 par new generation   total 109248K, used 91160K [0x00000000e0000000, 0x00000000e8000000, 0x00000000e8000000)
  eden space 87424K, 100% used [0x00000000e0000000, 0x00000000e5560000, 0x00000000e5560000)
  from space 21824K,  17% used [0x00000000e5560000, 0x00000000e59061e0, 0x00000000e6ab0000)
  to   space 21824K,   0% used [0x00000000e6ab0000, 0x00000000e6ab0000, 0x00000000e8000000)
 concurrent mark-sweep generation total 393216K, used 8084K [0x00000000e8000000, 0x0000000100000000, 0x0000000100000000)
 Metaspace       used 30858K, capacity 31403K, committed 31688K, reserved 1077248K
  class space    used 3622K, capacity 3763K, committed 3784K, reserved 1048576K
2016-11-17T20:42:06.881+0100: 8874.737: [GC (Allocation Failure) 2016-11-17T20:42:06.881+0100: 8874.737: [ParNew
Desired survivor size 20112992 bytes, new threshold 8 (max 8)
- age   1:    4044448 bytes,    4044448 total
- age   2:     131936 bytes,    4176384 total
- age   3:     734152 bytes,    4910536 total
- age   4:     112112 bytes,    5022648 total
- age   5:       9736 bytes,    5032384 total
- age   6:     428816 bytes,    5461200 total
- age   7:       4096 bytes,    5465296 total
- age   8:     208296 bytes,    5673592 total
: 91160K->6573K(109248K), 0.0095247 secs] 99244K->14661K(502464K), 0.0096297 secs] [Times: user=0.04 sys=0.00, real=0.01 secs] 
Heap after GC invocations=15 (full 1):
 par new generation   total 109248K, used 6573K [0x00000000e0000000, 0x00000000e8000000, 0x00000000e8000000)
  eden space 87424K,   0% used [0x00000000e0000000, 0x00000000e0000000, 0x00000000e5560000)
  from space 21824K,  30% used [0x00000000e6ab0000, 0x00000000e711b718, 0x00000000e8000000)
  to   space 21824K,   0% used [0x00000000e5560000, 0x00000000e5560000, 0x00000000e6ab0000)
 concurrent mark-sweep generation total 393216K, used 8087K [0x00000000e8000000, 0x0000000100000000, 0x0000000100000000)
 Metaspace       used 30858K, capacity 31403K, committed 31688K, reserved 1077248K
  class space    used 3622K, capacity 3763K, committed 3784K, reserved 1048576K
}
2016-11-17T20:42:06.891+0100: 8874.746: Total time for which application threads were stopped: 0.0098875 seconds, Stopping threads took: 0.0000348 seconds
2016-11-17T20:42:06.894+0100: 8874.749: Total time for which application threads were stopped: 0.0001873 seconds, Stopping threads took: 0.0000762 seconds
2016-11-17T20:42:06.894+0100: 8874.749: Total time for which application threads were stopped: 0.0001147 seconds, Stopping threads took: 0.0000285 seconds
{Heap before GC invocations=15 (full 1):
 par new generation   total 109248K, used 93997K [0x00000000e0000000, 0x00000000e8000000, 0x00000000e8000000)
  eden space 87424K, 100% used [0x00000000e0000000, 0x00000000e5560000, 0x00000000e5560000)
  from space 21824K,  30% used [0x00000000e6ab0000, 0x00000000e711b718, 0x00000000e8000000)
  to   space 21824K,   0% used [0x00000000e5560000, 0x00000000e5560000, 0x00000000e6ab0000)
 concurrent mark-sweep generation total 393216K, used 8087K [0x00000000e8000000, 0x0000000100000000, 0x0000000100000000)
 Metaspace       used 30867K, capacity 31409K, committed 31688K, reserved 1077248K
  class space    used 3623K, capacity 3764K, committed 3784K, reserved 1048576K
2016-11-17T20:42:06.963+0100: 8874.818: [GC (Allocation Failure) 2016-11-17T20:42:06.963+0100: 8874.818: [ParNew
Desired survivor size 20112992 bytes, new threshold 8 (max 8)
- age   1:     215408 bytes,     215408 total
- age   2:    1327336 bytes,    1542744 total
- age   3:       4352 bytes,    1547096 total
- age   4:     191976 bytes,    1739072 total
- age   5:     112112 bytes,    1851184 total
- age   6:       9736 bytes,    1860920 total
- age   7:     428816 bytes,    2289736 total
- age   8:       4096 bytes,    2293832 total
: 93997K->4335K(109248K), 0.0053913 secs] 102085K->12629K(502464K), 0.0055083 secs] [Times: user=0.02 sys=0.00, real=0.00 secs] 
Heap after GC invocations=16 (full 1):
 par new generation   total 109248K, used 4335K [0x00000000e0000000, 0x00000000e8000000, 0x00000000e8000000)
  eden space 87424K,   0% used [0x00000000e0000000, 0x00000000e0000000, 0x00000000e5560000)
  from space 21824K,  19% used [0x00000000e5560000, 0x00000000e599bc80, 0x00000000e6ab0000)
  to   space 21824K,   0% used [0x00000000e6ab0000, 0x00000000e6ab0000, 0x00000000e8000000)
 concurrent mark-sweep generation total 393216K, used 8293K [0x00000000e8000000, 0x0000000100000000, 0x0000000100000000)
 Metaspace       used 30867K, capacity 31409K, committed 31688K, reserved 1077248K
  class space    used 3623K, capacity 3764K, committed 3784K, reserved 1048576K
}
2016-11-17T20:42:06.969+0100: 8874.824: Total time for which application threads were stopped: 0.0057038 seconds, Stopping threads took: 0.0000240 seconds
2016-11-17T20:42:06.969+0100: 8874.824: Total time for which application threads were stopped: 0.0001469 seconds, Stopping threads took: 0.0000498 seconds
2016-11-17T20:42:07.027+0100: 8874.882: Total time for which application threads were stopped: 0.0001451 seconds, Stopping threads took: 0.0000461 seconds
2016-11-17T20:42:07.060+0100: 8874.916: Total time for which application threads were stopped: 0.0001968 seconds, Stopping threads took: 0.0000931 seconds
2016-11-17T20:42:07.068+0100: 8874.924: Total time for which application threads were stopped: 0.0001634 seconds, Stopping threads took: 0.0000430 seconds
2016-11-17T20:42:07.105+0100: 8874.961: Total time for which application threads were stopped: 0.0001143 seconds, Stopping threads took: 0.0000443 seconds
2016-11-17T20:42:07.106+0100: 8874.961: Total time for which application threads were stopped: 0.0000405 seconds, Stopping threads took: 0.0000096 seconds
2016-11-17T20:42:07.107+0100: 8874.963: Total time for which application threads were stopped: 0.0000775 seconds, Stopping threads took: 0.0000216 seconds
2016-11-17T20:42:07.185+0100: 8875.040: Total time for which application threads were stopped: 0.0000937 seconds, Stopping threads took: 0.0000215 seconds
2016-11-17T20:42:07.211+0100: 8875.066: Total time for which application threads were stopped: 0.0001115 seconds, Stopping threads took: 0.0000247 seconds
2016-11-17T20:42:07.380+0100: 8875.236: Total time for which application threads were stopped: 0.0001206 seconds, Stopping threads took: 0.0000233 seconds
2016-11-17T20:42:07.381+0100: 8875.236: Total time for which application threads were stopped: 0.0000656 seconds, Stopping threads took: 0.0000120 seconds
2016-11-17T20:42:07.381+0100: 8875.237: Total time for which application threads were stopped: 0.0000470 seconds, Stopping threads took: 0.0000070 seconds
2016-11-17T20:42:07.381+0100: 8875.237: Total time for which application threads were stopped: 0.0000522 seconds, Stopping threads took: 0.0000078 seconds
2016-11-17T20:42:07.381+0100: 8875.237: Total time for which application threads were stopped: 0.0000492 seconds, Stopping threads took: 0.0000077 seconds
2016-11-17T20:42:07.381+0100: 8875.237: Total time for which application threads were stopped: 0.0000520 seconds, Stopping threads took: 0.0000081 seconds
2016-11-17T20:42:07.381+0100: 8875.237: Total time for which application threads were stopped: 0.0000552 seconds, Stopping threads took: 0.0000088 seconds
2016-11-17T20:42:07.382+0100: 8875.237: Total time for which application threads were stopped: 0.0000521 seconds, Stopping threads took: 0.0000074 seconds
2016-11-17T20:42:07.382+0100: 8875.237: Total time for which application threads were stopped: 0.0000657 seconds, Stopping threads took: 0.0000086 seconds
2016-11-17T20:42:07.382+0100: 8875.237: Total time for which application threads were stopped: 0.0000558 seconds, Stopping threads took: 0.0000091 seconds
2016-11-17T20:42:07.382+0100: 8875.237: Total time for which application threads were stopped: 0.0000523 seconds, Stopping threads took: 0.0000082 seconds
2016-11-17T20:42:07.384+0100: 8875.240: Total time for which application threads were stopped: 0.0002084 seconds, Stopping threads took: 0.0001135 seconds
2016-11-17T20:42:07.385+0100: 8875.240: Total time for which application threads were stopped: 0.0000772 seconds, Stopping threads took: 0.0000340 seconds
2016-11-17T20:42:07.407+0100: 8875.263: Total time for which application threads were stopped: 0.0001135 seconds, Stopping threads took: 0.0000242 seconds
2016-11-17T20:42:22.267+0100: 8890.123: Total time for which application threads were stopped: 0.0001082 seconds, Stopping threads took: 0.0000233 seconds
2016-11-17T20:42:22.267+0100: 8890.123: Total time for which application threads were stopped: 0.0000513 seconds, Stopping threads took: 0.0000095 seconds
2016-11-17T20:42:22.319+0100: 8890.175: Total time for which application threads were stopped: 0.0001514 seconds, Stopping threads took: 0.0000362 seconds
2016-11-17T20:42:22.322+0100: 8890.178: Total time for which application threads were stopped: 0.0001430 seconds, Stopping threads took: 0.0000464 seconds
2016-11-17T20:42:22.323+0100: 8890.178: Total time for which application threads were stopped: 0.0001152 seconds, Stopping threads took: 0.0000435 seconds
2016-11-17T20:42:22.323+0100: 8890.179: Total time for which application threads were stopped: 0.0002232 seconds, Stopping threads took: 0.0000221 seconds
{Heap before GC invocations=16 (full 1):
 par new generation   total 109248K, used 91759K [0x00000000e0000000, 0x00000000e8000000, 0x00000000e8000000)
  eden space 87424K, 100% used [0x00000000e0000000, 0x00000000e5560000, 0x00000000e5560000)
  from space 21824K,  19% used [0x00000000e5560000, 0x00000000e599bc80, 0x00000000e6ab0000)
  to   space 21824K,   0% used [0x00000000e6ab0000, 0x00000000e6ab0000, 0x00000000e8000000)
 concurrent mark-sweep generation total 393216K, used 8293K [0x00000000e8000000, 0x0000000100000000, 0x0000000100000000)
 Metaspace       used 31024K, capacity 31575K, committed 31816K, reserved 1077248K
  class space    used 3642K, capacity 3797K, committed 3912K, reserved 1048576K
2016-11-17T20:42:22.437+0100: 8890.292: [GC (Allocation Failure) 2016-11-17T20:42:22.437+0100: 8890.292: [ParNew
Desired survivor size 20112992 bytes, new threshold 8 (max 8)
- age   1:    4080240 bytes,    4080240 total
- age   2:      93336 bytes,    4173576 total
- age   3:     744088 bytes,    4917664 total
- age   4:       4352 bytes,    4922016 total
- age   5:     187224 bytes,    5109240 total
- age   6:     112080 bytes,    5221320 total
- age   7:       9736 bytes,    5231056 total
- age   8:     428024 bytes,    5659080 total
: 91759K->6271K(109248K), 0.0095333 secs] 100053K->14569K(502464K), 0.0096684 secs] [Times: user=0.04 sys=0.00, real=0.01 secs] 
Heap after GC invocations=17 (full 1):
 par new generation   total 109248K, used 6271K [0x00000000e0000000, 0x00000000e8000000, 0x00000000e8000000)
  eden space 87424K,   0% used [0x00000000e0000000, 0x00000000e0000000, 0x00000000e5560000)
  from space 21824K,  28% used [0x00000000e6ab0000, 0x00000000e70cfc90, 0x00000000e8000000)
  to   space 21824K,   0% used [0x00000000e5560000, 0x00000000e5560000, 0x00000000e6ab0000)
 concurrent mark-sweep generation total 393216K, used 8298K [0x00000000e8000000, 0x0000000100000000, 0x0000000100000000)
 Metaspace       used 31024K, capacity 31575K, committed 31816K, reserved 1077248K
  class space    used 3642K, capacity 3797K, committed 3912K, reserved 1048576K
}
2016-11-17T20:42:22.446+0100: 8890.302: Total time for which application threads were stopped: 0.0099573 seconds, Stopping threads took: 0.0000783 seconds
2016-11-17T20:42:22.447+0100: 8890.302: Total time for which application threads were stopped: 0.0001205 seconds, Stopping threads took: 0.0000532 seconds
2016-11-17T20:42:22.447+0100: 8890.302: Total time for which application threads were stopped: 0.0001289 seconds, Stopping threads took: 0.0000560 seconds
{Heap before GC invocations=17 (full 1):
 par new generation   total 109248K, used 93695K [0x00000000e0000000, 0x00000000e8000000, 0x00000000e8000000)
  eden space 87424K, 100% used [0x00000000e0000000, 0x00000000e5560000, 0x00000000e5560000)
  from space 21824K,  28% used [0x00000000e6ab0000, 0x00000000e70cfc90, 0x00000000e8000000)
  to   space 21824K,   0% used [0x00000000e5560000, 0x00000000e5560000, 0x00000000e6ab0000)
 concurrent mark-sweep generation total 393216K, used 8298K [0x00000000e8000000, 0x0000000100000000, 0x0000000100000000)
 Metaspace       used 31026K, capacity 31575K, committed 31816K, reserved 1077248K
  class space    used 3642K, capacity 3797K, committed 3912K, reserved 1048576K
2016-11-17T20:42:22.519+0100: 8890.374: [GC (Allocation Failure) 2016-11-17T20:42:22.519+0100: 8890.374: [ParNew
Desired survivor size 20112992 bytes, new threshold 8 (max 8)
- age   1:     156624 bytes,     156624 total
- age   2:    1354200 bytes,    1510824 total
- age   3:       1232 bytes,    1512056 total
- age   4:     212552 bytes,    1724608 total
- age   5:       4320 bytes,    1728928 total
- age   6:     187064 bytes,    1915992 total
- age   7:     112080 bytes,    2028072 total
- age   8:       9736 bytes,    2037808 total
: 93695K->4328K(109248K), 0.0059244 secs] 101993K->13048K(502464K), 0.0060355 secs] [Times: user=0.02 sys=0.00, real=0.00 secs] 
Heap after GC invocations=18 (full 1):
 par new generation   total 109248K, used 4328K [0x00000000e0000000, 0x00000000e8000000, 0x00000000e8000000)
  eden space 87424K,   0% used [0x00000000e0000000, 0x00000000e0000000, 0x00000000e5560000)
  from space 21824K,  19% used [0x00000000e5560000, 0x00000000e599a300, 0x00000000e6ab0000)
  to   space 21824K,   0% used [0x00000000e6ab0000, 0x00000000e6ab0000, 0x00000000e8000000)
 concurrent mark-sweep generation total 393216K, used 8719K [0x00000000e8000000, 0x0000000100000000, 0x0000000100000000)
 Metaspace       used 31026K, capacity 31575K, committed 31816K, reserved 1077248K
  class space    used 3642K, capacity 3797K, committed 3912K, reserved 1048576K
}
2016-11-17T20:42:22.525+0100: 8890.380: Total time for which application threads were stopped: 0.0062318 seconds, Stopping threads took: 0.0000286 seconds
2016-11-17T20:42:22.525+0100: 8890.381: Total time for which application threads were stopped: 0.0001351 seconds, Stopping threads took: 0.0000349 seconds
2016-11-17T20:42:22.594+0100: 8890.449: Total time for which application threads were stopped: 0.0001890 seconds, Stopping threads took: 0.0000433 seconds
2016-11-17T20:42:22.631+0100: 8890.487: Total time for which application threads were stopped: 0.0001552 seconds, Stopping threads took: 0.0000547 seconds
2016-11-17T20:42:22.638+0100: 8890.494: Total time for which application threads were stopped: 0.0001355 seconds, Stopping threads took: 0.0000476 seconds
2016-11-17T20:42:22.678+0100: 8890.533: Total time for which application threads were stopped: 0.0001603 seconds, Stopping threads took: 0.0000298 seconds
2016-11-17T20:42:22.678+0100: 8890.534: Total time for which application threads were stopped: 0.0000620 seconds, Stopping threads took: 0.0000111 seconds
2016-11-17T20:42:22.680+0100: 8890.536: Total time for which application threads were stopped: 0.0000895 seconds, Stopping threads took: 0.0000236 seconds
2016-11-17T20:42:22.768+0100: 8890.624: Total time for which application threads were stopped: 0.0000994 seconds, Stopping threads took: 0.0000253 seconds
2016-11-17T20:42:22.773+0100: 8890.629: Total time for which application threads were stopped: 0.0001024 seconds, Stopping threads took: 0.0000265 seconds
2016-11-17T20:42:22.815+0100: 8890.671: Total time for which application threads were stopped: 0.0001229 seconds, Stopping threads took: 0.0000242 seconds
2016-11-17T20:42:22.816+0100: 8890.671: Total time for which application threads were stopped: 0.0000924 seconds, Stopping threads took: 0.0000143 seconds
2016-11-17T20:42:22.816+0100: 8890.671: Total time for which application threads were stopped: 0.0000542 seconds, Stopping threads took: 0.0000092 seconds
2016-11-17T20:42:22.816+0100: 8890.672: Total time for which application threads were stopped: 0.0000639 seconds, Stopping threads took: 0.0000183 seconds
2016-11-17T20:42:22.816+0100: 8890.672: Total time for which application threads were stopped: 0.0000491 seconds, Stopping threads took: 0.0000110 seconds
2016-11-17T20:42:22.816+0100: 8890.672: Total time for which application threads were stopped: 0.0000477 seconds, Stopping threads took: 0.0000085 seconds
2016-11-17T20:42:22.816+0100: 8890.672: Total time for which application threads were stopped: 0.0000502 seconds, Stopping threads took: 0.0000104 seconds
2016-11-17T20:42:22.816+0100: 8890.672: Total time for which application threads were stopped: 0.0000535 seconds, Stopping threads took: 0.0000125 seconds
2016-11-17T20:42:22.816+0100: 8890.672: Total time for which application threads were stopped: 0.0000600 seconds, Stopping threads took: 0.0000096 seconds
2016-11-17T20:42:22.817+0100: 8890.672: Total time for which application threads were stopped: 0.0000548 seconds, Stopping threads took: 0.0000099 seconds
2016-11-17T20:42:22.817+0100: 8890.672: Total time for which application threads were stopped: 0.0000492 seconds, Stopping threads took: 0.0000090 seconds
2016-11-17T20:42:22.819+0100: 8890.674: Total time for which application threads were stopped: 0.0001362 seconds, Stopping threads took: 0.0000218 seconds
2016-11-17T20:42:22.819+0100: 8890.674: Total time for which application threads were stopped: 0.0000549 seconds, Stopping threads took: 0.0000108 seconds
2016-11-17T20:42:22.838+0100: 8890.693: Total time for which application threads were stopped: 0.0001390 seconds, Stopping threads took: 0.0000446 seconds
2016-11-17T20:42:45.524+0100: 8913.379: Total time for which application threads were stopped: 0.0001001 seconds, Stopping threads took: 0.0000192 seconds
2016-11-17T20:42:45.524+0100: 8913.379: Total time for which application threads were stopped: 0.0000670 seconds, Stopping threads took: 0.0000222 seconds
2016-11-17T20:42:45.589+0100: 8913.444: Total time for which application threads were stopped: 0.0001381 seconds, Stopping threads took: 0.0000290 seconds
2016-11-17T20:42:45.589+0100: 8913.445: Total time for which application threads were stopped: 0.0001029 seconds, Stopping threads took: 0.0000451 seconds
2016-11-17T20:42:45.589+0100: 8913.445: Total time for which application threads were stopped: 0.0000756 seconds, Stopping threads took: 0.0000264 seconds
2016-11-17T20:42:45.590+0100: 8913.445: Total time for which application threads were stopped: 0.0000728 seconds, Stopping threads took: 0.0000251 seconds
2016-11-17T20:42:45.591+0100: 8913.446: Total time for which application threads were stopped: 0.0001014 seconds, Stopping threads took: 0.0000348 seconds
2016-11-17T20:42:45.591+0100: 8913.447: Total time for which application threads were stopped: 0.0001918 seconds, Stopping threads took: 0.0001474 seconds
2016-11-17T20:42:45.591+0100: 8913.447: Total time for which application threads were stopped: 0.0001061 seconds, Stopping threads took: 0.0000684 seconds
2016-11-17T20:42:45.591+0100: 8913.447: Total time for which application threads were stopped: 0.0001128 seconds, Stopping threads took: 0.0000556 seconds
2016-11-17T20:42:45.592+0100: 8913.447: Total time for which application threads were stopped: 0.0000898 seconds, Stopping threads took: 0.0000262 seconds
2016-11-17T20:42:45.592+0100: 8913.448: Total time for which application threads were stopped: 0.0000625 seconds, Stopping threads took: 0.0000121 seconds
2016-11-17T20:42:45.592+0100: 8913.448: Total time for which application threads were stopped: 0.0000537 seconds, Stopping threads took: 0.0000118 seconds
2016-11-17T20:42:45.592+0100: 8913.448: Total time for which application threads were stopped: 0.0000589 seconds, Stopping threads took: 0.0000129 seconds
2016-11-17T20:42:45.593+0100: 8913.448: Total time for which application threads were stopped: 0.0002139 seconds, Stopping threads took: 0.0000274 seconds
{Heap before GC invocations=18 (full 1):
 par new generation   total 109248K, used 91740K [0x00000000e0000000, 0x00000000e8000000, 0x00000000e8000000)
  eden space 87424K,  99% used [0x00000000e0000000, 0x00000000e555cef8, 0x00000000e5560000)
  from space 21824K,  19% used [0x00000000e5560000, 0x00000000e599a300, 0x00000000e6ab0000)
  to   space 21824K,   0% used [0x00000000e6ab0000, 0x00000000e6ab0000, 0x00000000e8000000)
 concurrent mark-sweep generation total 393216K, used 8719K [0x00000000e8000000, 0x0000000100000000, 0x0000000100000000)
 Metaspace       used 31141K, capacity 31669K, committed 31816K, reserved 1077248K
  class space    used 3647K, capacity 3800K, committed 3912K, reserved 1048576K
2016-11-17T20:42:45.650+0100: 8913.506: [GC (Allocation Failure) 2016-11-17T20:42:45.650+0100: 8913.506: [ParNew
Desired survivor size 20112992 bytes, new threshold 8 (max 8)
- age   1:    4167112 bytes,    4167112 total
- age   2:      88088 bytes,    4255200 total
- age   3:     767000 bytes,    5022200 total
- age   4:       1232 bytes,    5023432 total
- age   5:     209096 bytes,    5232528 total
- age   6:       3936 bytes,    5236464 total
- age   7:     187064 bytes,    5423528 total
- age   8:     111512 bytes,    5535040 total
: 91740K->6077K(109248K), 0.0079227 secs] 100460K->14806K(502464K), 0.0080420 secs] [Times: user=0.03 sys=0.00, real=0.00 secs] 
Heap after GC invocations=19 (full 1):
 par new generation   total 109248K, used 6077K [0x00000000e0000000, 0x00000000e8000000, 0x00000000e8000000)
  eden space 87424K,   0% used [0x00000000e0000000, 0x00000000e0000000, 0x00000000e5560000)
  from space 21824K,  27% used [0x00000000e6ab0000, 0x00000000e709f510, 0x00000000e8000000)
  to   space 21824K,   0% used [0x00000000e5560000, 0x00000000e5560000, 0x00000000e6ab0000)
 concurrent mark-sweep generation total 393216K, used 8729K [0x00000000e8000000, 0x0000000100000000, 0x0000000100000000)
 Metaspace       used 31141K, capacity 31669K, committed 31816K, reserved 1077248K
  class space    used 3647K, capacity 3800K, committed 3912K, reserved 1048576K
}
2016-11-17T20:42:45.659+0100: 8913.514: Total time for which application threads were stopped: 0.0082765 seconds, Stopping threads took: 0.0000285 seconds
2016-11-17T20:42:45.659+0100: 8913.514: Total time for which application threads were stopped: 0.0001393 seconds, Stopping threads took: 0.0000456 seconds
2016-11-17T20:42:45.659+0100: 8913.514: Total time for which application threads were stopped: 0.0000544 seconds, Stopping threads took: 0.0000184 seconds
{Heap before GC invocations=19 (full 1):
 par new generation   total 109248K, used 93501K [0x00000000e0000000, 0x00000000e8000000, 0x00000000e8000000)
  eden space 87424K, 100% used [0x00000000e0000000, 0x00000000e5560000, 0x00000000e5560000)
  from space 21824K,  27% used [0x00000000e6ab0000, 0x00000000e709f510, 0x00000000e8000000)
  to   space 21824K,   0% used [0x00000000e5560000, 0x00000000e5560000, 0x00000000e6ab0000)
 concurrent mark-sweep generation total 393216K, used 8729K [0x00000000e8000000, 0x0000000100000000, 0x0000000100000000)
 Metaspace       used 31161K, capacity 31693K, committed 31816K, reserved 1077248K
  class space    used 3650K, capacity 3804K, committed 3912K, reserved 1048576K
2016-11-17T20:42:45.720+0100: 8913.576: [GC (Allocation Failure) 2016-11-17T20:42:45.720+0100: 8913.576: [ParNew
Desired survivor size 20112992 bytes, new threshold 8 (max 8)
- age   1:      95056 bytes,      95056 total
- age   2:    1340344 bytes,    1435400 total
- age   3:       1320 bytes,    1436720 total
- age   4:     243856 bytes,    1680576 total
- age   5:       1232 bytes,    1681808 total
- age   6:     209096 bytes,    1890904 total
- age   7:       3936 bytes,    1894840 total
- age   8:     187064 bytes,    2081904 total
: 93501K->4225K(109248K), 0.0049750 secs] 102230K->13067K(502464K), 0.0050844 secs] [Times: user=0.01 sys=0.00, real=0.00 secs] 
Heap after GC invocations=20 (full 1):
 par new generation   total 109248K, used 4225K [0x00000000e0000000, 0x00000000e8000000, 0x00000000e8000000)
  eden space 87424K,   0% used [0x00000000e0000000, 0x00000000e0000000, 0x00000000e5560000)
  from space 21824K,  19% used [0x00000000e5560000, 0x00000000e5980680, 0x00000000e6ab0000)
  to   space 21824K,   0% used [0x00000000e6ab0000, 0x00000000e6ab0000, 0x00000000e8000000)
 concurrent mark-sweep generation total 393216K, used 8842K [0x00000000e8000000, 0x0000000100000000, 0x0000000100000000)
 Metaspace       used 31161K, capacity 31693K, committed 31816K, reserved 1077248K
  class space    used 3650K, capacity 3804K, committed 3912K, reserved 1048576K
}
2016-11-17T20:42:45.725+0100: 8913.581: Total time for which application threads were stopped: 0.0053126 seconds, Stopping threads took: 0.0000340 seconds
2016-11-17T20:42:45.726+0100: 8913.581: Total time for which application threads were stopped: 0.0001410 seconds, Stopping threads took: 0.0000424 seconds
2016-11-17T20:42:45.826+0100: 8913.681: Total time for which application threads were stopped: 0.0001651 seconds, Stopping threads took: 0.0000294 seconds
2016-11-17T20:42:45.860+0100: 8913.716: Total time for which application threads were stopped: 0.0002000 seconds, Stopping threads took: 0.0000940 seconds
2016-11-17T20:42:45.908+0100: 8913.764: Total time for which application threads were stopped: 0.0000888 seconds, Stopping threads took: 0.0000191 seconds
2016-11-17T20:43:11.912+0100: 8939.767: Total time for which application threads were stopped: 0.0001480 seconds, Stopping threads took: 0.0000351 seconds
2016-11-17T20:43:35.915+0100: 8963.770: Total time for which application threads were stopped: 0.0002394 seconds, Stopping threads took: 0.0000403 seconds
{Heap before GC invocations=20 (full 1):
 par new generation   total 109248K, used 91649K [0x00000000e0000000, 0x00000000e8000000, 0x00000000e8000000)
  eden space 87424K, 100% used [0x00000000e0000000, 0x00000000e5560000, 0x00000000e5560000)
  from space 21824K,  19% used [0x00000000e5560000, 0x00000000e5980680, 0x00000000e6ab0000)
  to   space 21824K,   0% used [0x00000000e6ab0000, 0x00000000e6ab0000, 0x00000000e8000000)
 concurrent mark-sweep generation total 393216K, used 8842K [0x00000000e8000000, 0x0000000100000000, 0x0000000100000000)
 Metaspace       used 31208K, capacity 31785K, committed 32072K, reserved 1077248K
  class space    used 3652K, capacity 3808K, committed 3912K, reserved 1048576K
2016-11-17T20:44:31.881+0100: 9019.737: [GC (Allocation Failure) 2016-11-17T20:44:31.881+0100: 9019.737: [ParNew
Desired survivor size 20112992 bytes, new threshold 8 (max 8)
- age   1:    3365512 bytes,    3365512 total
- age   2:      84208 bytes,    3449720 total
- age   3:     752928 bytes,    4202648 total
- age   4:       1320 bytes,    4203968 total
- age   5:     243216 bytes,    4447184 total
- age   6:       1232 bytes,    4448416 total
- age   7:     209056 bytes,    4657472 total
- age   8:       3936 bytes,    4661408 total
: 91649K->5031K(109248K), 0.0124746 secs] 100491K->14057K(502464K), 0.0126026 secs] [Times: user=0.04 sys=0.00, real=0.01 secs] 
Heap after GC invocations=21 (full 1):
 par new generation   total 109248K, used 5031K [0x00000000e0000000, 0x00000000e8000000, 0x00000000e8000000)
  eden space 87424K,   0% used [0x00000000e0000000, 0x00000000e0000000, 0x00000000e5560000)
  from space 21824K,  23% used [0x00000000e6ab0000, 0x00000000e6f99e50, 0x00000000e8000000)
  to   space 21824K,   0% used [0x00000000e5560000, 0x00000000e5560000, 0x00000000e6ab0000)
 concurrent mark-sweep generation total 393216K, used 9026K [0x00000000e8000000, 0x0000000100000000, 0x0000000100000000)
 Metaspace       used 31208K, capacity 31785K, committed 32072K, reserved 1077248K
  class space    used 3652K, capacity 3808K, committed 3912K, reserved 1048576K
}
2016-11-17T20:44:31.894+0100: 9019.749: Total time for which application threads were stopped: 0.0128603 seconds, Stopping threads took: 0.0000490 seconds
2016-11-17T20:44:31.894+0100: 9019.750: Total time for which application threads were stopped: 0.0002110 seconds, Stopping threads took: 0.0000803 seconds
2016-11-17T20:44:31.894+0100: 9019.750: Total time for which application threads were stopped: 0.0000800 seconds, Stopping threads took: 0.0000263 seconds
{Heap before GC invocations=21 (full 1):
 par new generation   total 109248K, used 92455K [0x00000000e0000000, 0x00000000e8000000, 0x00000000e8000000)
  eden space 87424K, 100% used [0x00000000e0000000, 0x00000000e5560000, 0x00000000e5560000)
  from space 21824K,  23% used [0x00000000e6ab0000, 0x00000000e6f99e50, 0x00000000e8000000)
  to   space 21824K,   0% used [0x00000000e5560000, 0x00000000e5560000, 0x00000000e6ab0000)
 concurrent mark-sweep generation total 393216K, used 9026K [0x00000000e8000000, 0x0000000100000000, 0x0000000100000000)
 Metaspace       used 31211K, capacity 31785K, committed 32072K, reserved 1077248K
  class space    used 3652K, capacity 3808K, committed 3912K, reserved 1048576K
2016-11-17T20:44:31.959+0100: 9019.814: [GC (Allocation Failure) 2016-11-17T20:44:31.959+0100: 9019.814: [ParNew
Desired survivor size 20112992 bytes, new threshold 8 (max 8)
- age   1:     860928 bytes,     860928 total
- age   2:    3131832 bytes,    3992760 total
- age   3:      84208 bytes,    4076968 total
- age   4:     752928 bytes,    4829896 total
- age   5:       1320 bytes,    4831216 total
- age   6:     243216 bytes,    5074432 total
- age   7:       1232 bytes,    5075664 total
- age   8:     209056 bytes,    5284720 total
: 92455K->6603K(109248K), 0.0104095 secs] 101481K->15634K(502464K), 0.0105110 secs] [Times: user=0.04 sys=0.00, real=0.02 secs] 
Heap after GC invocations=22 (full 1):
 par new generation   total 109248K, used 6603K [0x00000000e0000000, 0x00000000e8000000, 0x00000000e8000000)
  eden space 87424K,   0% used [0x00000000e0000000, 0x00000000e0000000, 0x00000000e5560000)
  from space 21824K,  30% used [0x00000000e5560000, 0x00000000e5bd2ef0, 0x00000000e6ab0000)
  to   space 21824K,   0% used [0x00000000e6ab0000, 0x00000000e6ab0000, 0x00000000e8000000)
 concurrent mark-sweep generation total 393216K, used 9030K [0x00000000e8000000, 0x0000000100000000, 0x0000000100000000)
 Metaspace       used 31211K, capacity 31785K, committed 32072K, reserved 1077248K
  class space    used 3652K, capacity 3808K, committed 3912K, reserved 1048576K
}
2016-11-17T20:44:31.969+0100: 9019.825: Total time for which application threads were stopped: 0.0107536 seconds, Stopping threads took: 0.0000436 seconds
2016-11-17T20:44:31.969+0100: 9019.825: Total time for which application threads were stopped: 0.0002174 seconds, Stopping threads took: 0.0000422 seconds
2016-11-17T20:44:32.094+0100: 9019.949: Total time for which application threads were stopped: 0.0001518 seconds, Stopping threads took: 0.0000310 seconds
2016-11-17T20:44:32.129+0100: 9019.984: Total time for which application threads were stopped: 0.0001943 seconds, Stopping threads took: 0.0000697 seconds
2016-11-17T20:44:32.172+0100: 9020.028: Total time for which application threads were stopped: 0.0001050 seconds, Stopping threads took: 0.0000272 seconds
2016-11-17T20:44:32.324+0100: 9020.180: Total time for which application threads were stopped: 0.0001429 seconds, Stopping threads took: 0.0000289 seconds
2016-11-17T20:44:32.325+0100: 9020.180: Total time for which application threads were stopped: 0.0001384 seconds, Stopping threads took: 0.0000768 seconds
2016-11-17T20:44:32.325+0100: 9020.181: Total time for which application threads were stopped: 0.0000590 seconds, Stopping threads took: 0.0000130 seconds
2016-11-17T20:44:32.325+0100: 9020.181: Total time for which application threads were stopped: 0.0000562 seconds, Stopping threads took: 0.0000115 seconds
2016-11-17T20:44:32.325+0100: 9020.181: Total time for which application threads were stopped: 0.0000537 seconds, Stopping threads took: 0.0000110 seconds
2016-11-17T20:44:32.325+0100: 9020.181: Total time for which application threads were stopped: 0.0000550 seconds, Stopping threads took: 0.0000100 seconds
2016-11-17T20:44:32.325+0100: 9020.181: Total time for which application threads were stopped: 0.0000567 seconds, Stopping threads took: 0.0000112 seconds
2016-11-17T20:44:32.326+0100: 9020.181: Total time for which application threads were stopped: 0.0000570 seconds, Stopping threads took: 0.0000107 seconds
2016-11-17T20:44:32.326+0100: 9020.181: Total time for which application threads were stopped: 0.0000668 seconds, Stopping threads took: 0.0000110 seconds
2016-11-17T20:44:32.326+0100: 9020.181: Total time for which application threads were stopped: 0.0000565 seconds, Stopping threads took: 0.0000119 seconds
2016-11-17T20:44:32.327+0100: 9020.183: Total time for which application threads were stopped: 0.0001126 seconds, Stopping threads took: 0.0000246 seconds
2016-11-17T20:44:32.328+0100: 9020.183: Total time for which application threads were stopped: 0.0000559 seconds, Stopping threads took: 0.0000112 seconds
2016-11-17T20:44:33.328+0100: 9021.183: Total time for which application threads were stopped: 0.0000912 seconds, Stopping threads took: 0.0000244 seconds
{Heap before GC invocations=22 (full 1):
 par new generation   total 109248K, used 94027K [0x00000000e0000000, 0x00000000e8000000, 0x00000000e8000000)
  eden space 87424K, 100% used [0x00000000e0000000, 0x00000000e5560000, 0x00000000e5560000)
  from space 21824K,  30% used [0x00000000e5560000, 0x00000000e5bd2ef0, 0x00000000e6ab0000)
  to   space 21824K,   0% used [0x00000000e6ab0000, 0x00000000e6ab0000, 0x00000000e8000000)
 concurrent mark-sweep generation total 393216K, used 9030K [0x00000000e8000000, 0x0000000100000000, 0x0000000100000000)
 Metaspace       used 31340K, capacity 31991K, committed 32328K, reserved 1077248K
  class space    used 3659K, capacity 3821K, committed 3912K, reserved 1048576K
2016-11-17T20:44:37.405+0100: 9025.260: [GC (Allocation Failure) 2016-11-17T20:44:37.405+0100: 9025.260: [ParNew
Desired survivor size 20112992 bytes, new threshold 8 (max 8)
- age   1:    3318000 bytes,    3318000 total
- age   2:     145704 bytes,    3463704 total
- age   3:    3096952 bytes,    6560656 total
- age   4:      84208 bytes,    6644864 total
- age   5:     752896 bytes,    7397760 total
- age   6:       1320 bytes,    7399080 total
- age   7:     242904 bytes,    7641984 total
- age   8:       1232 bytes,    7643216 total
: 94027K->9628K(109248K), 0.0341320 secs] 103058K->18865K(502464K), 0.0342253 secs] [Times: user=0.07 sys=0.00, real=0.04 secs] 
Heap after GC invocations=23 (full 1):
 par new generation   total 109248K, used 9628K [0x00000000e0000000, 0x00000000e8000000, 0x00000000e8000000)
  eden space 87424K,   0% used [0x00000000e0000000, 0x00000000e0000000, 0x00000000e5560000)
  from space 21824K,  44% used [0x00000000e6ab0000, 0x00000000e7417040, 0x00000000e8000000)
  to   space 21824K,   0% used [0x00000000e5560000, 0x00000000e5560000, 0x00000000e6ab0000)
 concurrent mark-sweep generation total 393216K, used 9237K [0x00000000e8000000, 0x0000000100000000, 0x0000000100000000)
 Metaspace       used 31340K, capacity 31991K, committed 32328K, reserved 1077248K
  class space    used 3659K, capacity 3821K, committed 3912K, reserved 1048576K
}
2016-11-17T20:44:37.439+0100: 9025.295: Total time for which application threads were stopped: 0.0345578 seconds, Stopping threads took: 0.0000343 seconds
2016-11-17T20:44:37.444+0100: 9025.299: Total time for which application threads were stopped: 0.0001234 seconds, Stopping threads took: 0.0000358 seconds
{Heap before GC invocations=23 (full 1):
 par new generation   total 109248K, used 97052K [0x00000000e0000000, 0x00000000e8000000, 0x00000000e8000000)
  eden space 87424K, 100% used [0x00000000e0000000, 0x00000000e5560000, 0x00000000e5560000)
  from space 21824K,  44% used [0x00000000e6ab0000, 0x00000000e7417040, 0x00000000e8000000)
  to   space 21824K,   0% used [0x00000000e5560000, 0x00000000e5560000, 0x00000000e6ab0000)
 concurrent mark-sweep generation total 393216K, used 9237K [0x00000000e8000000, 0x0000000100000000, 0x0000000100000000)
 Metaspace       used 31347K, capacity 31991K, committed 32328K, reserved 1077248K
  class space    used 3660K, capacity 3821K, committed 3912K, reserved 1048576K
2016-11-17T20:44:37.545+0100: 9025.400: [GC (Allocation Failure) 2016-11-17T20:44:37.545+0100: 9025.400: [ParNew
Desired survivor size 20112992 bytes, new threshold 8 (max 8)
- age   1:     963264 bytes,     963264 total
- age   2:     569328 bytes,    1532592 total
- age   3:       3104 bytes,    1535696 total
- age   4:    2660472 bytes,    4196168 total
- age   5:      84208 bytes,    4280376 total
- age   6:     752896 bytes,    5033272 total
- age   7:       1320 bytes,    5034592 total
- age   8:     242904 bytes,    5277496 total
: 97052K->7004K(109248K), 0.0123247 secs] 106289K->16242K(502464K), 0.0124604 secs] [Times: user=0.03 sys=0.00, real=0.01 secs] 
Heap after GC invocations=24 (full 1):
 par new generation   total 109248K, used 7004K [0x00000000e0000000, 0x00000000e8000000, 0x00000000e8000000)
  eden space 87424K,   0% used [0x00000000e0000000, 0x00000000e0000000, 0x00000000e5560000)
  from space 21824K,  32% used [0x00000000e5560000, 0x00000000e5c371b8, 0x00000000e6ab0000)
  to   space 21824K,   0% used [0x00000000e6ab0000, 0x00000000e6ab0000, 0x00000000e8000000)
 concurrent mark-sweep generation total 393216K, used 9238K [0x00000000e8000000, 0x0000000100000000, 0x0000000100000000)
 Metaspace       used 31347K, capacity 31991K, committed 32328K, reserved 1077248K
  class space    used 3660K, capacity 3821K, committed 3912K, reserved 1048576K
}
2016-11-17T20:44:37.557+0100: 9025.413: Total time for which application threads were stopped: 0.0127949 seconds, Stopping threads took: 0.0000781 seconds
2016-11-17T20:44:37.558+0100: 9025.413: Total time for which application threads were stopped: 0.0001509 seconds, Stopping threads took: 0.0000336 seconds
{Heap before GC invocations=24 (full 1):
 par new generation   total 109248K, used 94428K [0x00000000e0000000, 0x00000000e8000000, 0x00000000e8000000)
  eden space 87424K, 100% used [0x00000000e0000000, 0x00000000e5560000, 0x00000000e5560000)
  from space 21824K,  32% used [0x00000000e5560000, 0x00000000e5c371b8, 0x00000000e6ab0000)
  to   space 21824K,   0% used [0x00000000e6ab0000, 0x00000000e6ab0000, 0x00000000e8000000)
 concurrent mark-sweep generation total 393216K, used 9238K [0x00000000e8000000, 0x0000000100000000, 0x0000000100000000)
 Metaspace       used 31350K, capacity 31991K, committed 32328K, reserved 1077248K
  class space    used 3660K, capacity 3821K, committed 3912K, reserved 1048576K
2016-11-17T20:44:37.655+0100: 9025.511: [GC (Allocation Failure) 2016-11-17T20:44:37.655+0100: 9025.511: [ParNew
Desired survivor size 20112992 bytes, new threshold 8 (max 8)
- age   1:     539536 bytes,     539536 total
- age   2:     261528 bytes,     801064 total
- age   3:     568584 bytes,    1369648 total
- age   4:       3104 bytes,    1372752 total
- age   5:    2660472 bytes,    4033224 total
- age   6:      84208 bytes,    4117432 total
- age   7:     752896 bytes,    4870328 total
- age   8:       1320 bytes,    4871648 total
: 94428K->5866K(109248K), 0.0076184 secs] 103666K->15345K(502464K), 0.0077260 secs] [Times: user=0.03 sys=0.00, real=0.01 secs] 
Heap after GC invocations=25 (full 1):
 par new generation   total 109248K, used 5866K [0x00000000e0000000, 0x00000000e8000000, 0x00000000e8000000)
  eden space 87424K,   0% used [0x00000000e0000000, 0x00000000e0000000, 0x00000000e5560000)
  from space 21824K,  26% used [0x00000000e6ab0000, 0x00000000e706aa80, 0x00000000e8000000)
  to   space 21824K,   0% used [0x00000000e5560000, 0x00000000e5560000, 0x00000000e6ab0000)
 concurrent mark-sweep generation total 393216K, used 9478K [0x00000000e8000000, 0x0000000100000000, 0x0000000100000000)
 Metaspace       used 31350K, capacity 31991K, committed 32328K, reserved 1077248K
  class space    used 3660K, capacity 3821K, committed 3912K, reserved 1048576K
}
2016-11-17T20:44:37.663+0100: 9025.518: Total time for which application threads were stopped: 0.0079243 seconds, Stopping threads took: 0.0000392 seconds
2016-11-17T20:44:37.663+0100: 9025.519: Total time for which application threads were stopped: 0.0001181 seconds, Stopping threads took: 0.0000208 seconds
2016-11-17T20:44:37.688+0100: 9025.544: Total time for which application threads were stopped: 0.0001699 seconds, Stopping threads took: 0.0000740 seconds
2016-11-17T20:44:37.720+0100: 9025.575: Total time for which application threads were stopped: 0.0001674 seconds, Stopping threads took: 0.0000433 seconds
2016-11-17T20:44:37.763+0100: 9025.618: Total time for which application threads were stopped: 0.0001103 seconds, Stopping threads took: 0.0000375 seconds
2016-11-17T20:44:37.910+0100: 9025.765: Total time for which application threads were stopped: 0.0001406 seconds, Stopping threads took: 0.0000439 seconds
2016-11-17T20:44:37.910+0100: 9025.766: Total time for which application threads were stopped: 0.0001050 seconds, Stopping threads took: 0.0000387 seconds
2016-11-17T20:44:37.910+0100: 9025.766: Total time for which application threads were stopped: 0.0000464 seconds, Stopping threads took: 0.0000127 seconds
2016-11-17T20:44:37.910+0100: 9025.766: Total time for which application threads were stopped: 0.0000632 seconds, Stopping threads took: 0.0000300 seconds
2016-11-17T20:44:37.910+0100: 9025.766: Total time for which application threads were stopped: 0.0000409 seconds, Stopping threads took: 0.0000103 seconds
2016-11-17T20:44:37.911+0100: 9025.766: Total time for which application threads were stopped: 0.0000466 seconds, Stopping threads took: 0.0000173 seconds
2016-11-17T20:44:37.911+0100: 9025.766: Total time for which application threads were stopped: 0.0000658 seconds, Stopping threads took: 0.0000105 seconds
2016-11-17T20:44:37.911+0100: 9025.766: Total time for which application threads were stopped: 0.0000533 seconds, Stopping threads took: 0.0000186 seconds
2016-11-17T20:44:37.911+0100: 9025.766: Total time for which application threads were stopped: 0.0000558 seconds, Stopping threads took: 0.0000241 seconds
2016-11-17T20:44:37.911+0100: 9025.766: Total time for which application threads were stopped: 0.0000391 seconds, Stopping threads took: 0.0000104 seconds
2016-11-17T20:44:37.913+0100: 9025.768: Total time for which application threads were stopped: 0.0001173 seconds, Stopping threads took: 0.0000267 seconds
2016-11-17T20:44:37.913+0100: 9025.768: Total time for which application threads were stopped: 0.0000415 seconds, Stopping threads took: 0.0000095 seconds
{Heap before GC invocations=25 (full 1):
 par new generation   total 109248K, used 93290K [0x00000000e0000000, 0x00000000e8000000, 0x00000000e8000000)
  eden space 87424K, 100% used [0x00000000e0000000, 0x00000000e5560000, 0x00000000e5560000)
  from space 21824K,  26% used [0x00000000e6ab0000, 0x00000000e706aa80, 0x00000000e8000000)
  to   space 21824K,   0% used [0x00000000e5560000, 0x00000000e5560000, 0x00000000e6ab0000)
 concurrent mark-sweep generation total 393216K, used 9478K [0x00000000e8000000, 0x0000000100000000, 0x0000000100000000)
 Metaspace       used 31390K, capacity 31993K, committed 32328K, reserved 1077248K
  class space    used 3661K, capacity 3822K, committed 3912K, reserved 1048576K
2016-11-17T20:47:34.047+0100: 9201.902: [GC (Allocation Failure) 2016-11-17T20:47:34.047+0100: 9201.902: [ParNew
Desired survivor size 20112992 bytes, new threshold 8 (max 8)
- age   1:    3945920 bytes,    3945920 total
- age   2:     131432 bytes,    4077352 total
- age   3:     240016 bytes,    4317368 total
- age   4:     547080 bytes,    4864448 total
- age   5:       3104 bytes,    4867552 total
- age   6:    2660200 bytes,    7527752 total
- age   7:      84208 bytes,    7611960 total
- age   8:     752792 bytes,    8364752 total
: 93290K->9678K(109248K), 0.0298676 secs] 102769K->19158K(502464K), 0.0299978 secs] [Times: user=0.08 sys=0.00, real=0.03 secs] 
Heap after GC invocations=26 (full 1):
 par new generation   total 109248K, used 9678K [0x00000000e0000000, 0x00000000e8000000, 0x00000000e8000000)
  eden space 87424K,   0% used [0x00000000e0000000, 0x00000000e0000000, 0x00000000e5560000)
  from space 21824K,  44% used [0x00000000e5560000, 0x00000000e5ed3938, 0x00000000e6ab0000)
  to   space 21824K,   0% used [0x00000000e6ab0000, 0x00000000e6ab0000, 0x00000000e8000000)
 concurrent mark-sweep generation total 393216K, used 9480K [0x00000000e8000000, 0x0000000100000000, 0x0000000100000000)
 Metaspace       used 31390K, capacity 31993K, committed 32328K, reserved 1077248K
  class space    used 3661K, capacity 3822K, committed 3912K, reserved 1048576K
}
2016-11-17T20:47:34.077+0100: 9201.932: Total time for which application threads were stopped: 0.0305456 seconds, Stopping threads took: 0.0003216 seconds
2016-11-17T20:47:34.078+0100: 9201.934: Total time for which application threads were stopped: 0.0001144 seconds, Stopping threads took: 0.0000402 seconds
2016-11-17T20:47:34.079+0100: 9201.934: Total time for which application threads were stopped: 0.0001394 seconds, Stopping threads took: 0.0000385 seconds
{Heap before GC invocations=26 (full 1):
 par new generation   total 109248K, used 97102K [0x00000000e0000000, 0x00000000e8000000, 0x00000000e8000000)
  eden space 87424K, 100% used [0x00000000e0000000, 0x00000000e5560000, 0x00000000e5560000)
  from space 21824K,  44% used [0x00000000e5560000, 0x00000000e5ed3938, 0x00000000e6ab0000)
  to   space 21824K,   0% used [0x00000000e6ab0000, 0x00000000e6ab0000, 0x00000000e8000000)
 concurrent mark-sweep generation total 393216K, used 9480K [0x00000000e8000000, 0x0000000100000000, 0x0000000100000000)
 Metaspace       used 31391K, capacity 31993K, committed 32328K, reserved 1077248K
  class space    used 3661K, capacity 3822K, committed 3912K, reserved 1048576K
2016-11-17T20:47:34.170+0100: 9202.025: [GC (Allocation Failure) 2016-11-17T20:47:34.170+0100: 9202.025: [ParNew
Desired survivor size 20112992 bytes, new threshold 8 (max 8)
- age   1:     213680 bytes,     213680 total
- age   2:    1346232 bytes,    1559912 total
- age   3:       3224 bytes,    1563136 total
- age   4:     120528 bytes,    1683664 total
- age   5:     119736 bytes,    1803400 total
- age   6:       3104 bytes,    1806504 total
- age   7:    2660200 bytes,    4466704 total
- age   8:      84208 bytes,    4550912 total
: 97102K->7201K(109248K), 0.0121137 secs] 106582K->17422K(502464K), 0.0122197 secs] [Times: user=0.06 sys=0.00, real=0.01 secs] 
Heap after GC invocations=27 (full 1):
 par new generation   total 109248K, used 7201K [0x00000000e0000000, 0x00000000e8000000, 0x00000000e8000000)
  eden space 87424K,   0% used [0x00000000e0000000, 0x00000000e0000000, 0x00000000e5560000)
  from space 21824K,  32% used [0x00000000e6ab0000, 0x00000000e71b87a0, 0x00000000e8000000)
  to   space 21824K,   0% used [0x00000000e5560000, 0x00000000e5560000, 0x00000000e6ab0000)
 concurrent mark-sweep generation total 393216K, used 10220K [0x00000000e8000000, 0x0000000100000000, 0x0000000100000000)
 Metaspace       used 31391K, capacity 31993K, committed 32328K, reserved 1077248K
  class space    used 3661K, capacity 3822K, committed 3912K, reserved 1048576K
}
2016-11-17T20:47:34.182+0100: 9202.038: Total time for which application threads were stopped: 0.0124921 seconds, Stopping threads took: 0.0000570 seconds
2016-11-17T20:47:34.182+0100: 9202.038: Total time for which application threads were stopped: 0.0001830 seconds, Stopping threads took: 0.0000490 seconds
2016-11-17T20:47:34.258+0100: 9202.113: Total time for which application threads were stopped: 0.0002857 seconds, Stopping threads took: 0.0000667 seconds
2016-11-17T20:47:34.260+0100: 9202.115: Total time for which application threads were stopped: 0.0001559 seconds, Stopping threads took: 0.0000409 seconds
2016-11-17T20:47:34.294+0100: 9202.149: Total time for which application threads were stopped: 0.0001393 seconds, Stopping threads took: 0.0000271 seconds
2016-11-17T20:47:34.346+0100: 9202.202: Total time for which application threads were stopped: 0.0001253 seconds, Stopping threads took: 0.0000289 seconds
2016-11-17T20:47:35.347+0100: 9203.202: Total time for which application threads were stopped: 0.0001064 seconds, Stopping threads took: 0.0000274 seconds
{Heap before GC invocations=27 (full 1):
 par new generation   total 109248K, used 94625K [0x00000000e0000000, 0x00000000e8000000, 0x00000000e8000000)
  eden space 87424K, 100% used [0x00000000e0000000, 0x00000000e5560000, 0x00000000e5560000)
  from space 21824K,  32% used [0x00000000e6ab0000, 0x00000000e71b87a0, 0x00000000e8000000)
  to   space 21824K,   0% used [0x00000000e5560000, 0x00000000e5560000, 0x00000000e6ab0000)
 concurrent mark-sweep generation total 393216K, used 10220K [0x00000000e8000000, 0x0000000100000000, 0x0000000100000000)
 Metaspace       used 31467K, capacity 32157K, committed 32328K, reserved 1077248K
  class space    used 3664K, capacity 3828K, committed 3912K, reserved 1048576K
2016-11-17T20:49:28.094+0100: 9315.950: [GC (Allocation Failure) 2016-11-17T20:49:28.094+0100: 9315.950: [ParNew
Desired survivor size 20112992 bytes, new threshold 8 (max 8)
- age   1:    4071976 bytes,    4071976 total
- age   2:      91272 bytes,    4163248 total
- age   3:     758544 bytes,    4921792 total
- age   4:       3224 bytes,    4925016 total
- age   5:     120528 bytes,    5045544 total
- age   6:     119368 bytes,    5164912 total
- age   7:       3104 bytes,    5168016 total
- age   8:    2660160 bytes,    7828176 total
: 94625K->8990K(109248K), 0.0158145 secs] 104846K->19296K(502464K), 0.0159477 secs] [Times: user=0.04 sys=0.00, real=0.02 secs] 
Heap after GC invocations=28 (full 1):
 par new generation   total 109248K, used 8990K [0x00000000e0000000, 0x00000000e8000000, 0x00000000e8000000)
  eden space 87424K,   0% used [0x00000000e0000000, 0x00000000e0000000, 0x00000000e5560000)
  from space 21824K,  41% used [0x00000000e5560000, 0x00000000e5e27a70, 0x00000000e6ab0000)
  to   space 21824K,   0% used [0x00000000e6ab0000, 0x00000000e6ab0000, 0x00000000e8000000)
 concurrent mark-sweep generation total 393216K, used 10305K [0x00000000e8000000, 0x0000000100000000, 0x0000000100000000)
 Metaspace       used 31467K, capacity 32157K, committed 32328K, reserved 1077248K
  class space    used 3664K, capacity 3828K, committed 3912K, reserved 1048576K
}
2016-11-17T20:49:28.110+0100: 9315.966: Total time for which application threads were stopped: 0.0162260 seconds, Stopping threads took: 0.0000287 seconds
2016-11-17T20:49:28.110+0100: 9315.966: Total time for which application threads were stopped: 0.0001193 seconds, Stopping threads took: 0.0000372 seconds
2016-11-17T20:49:28.111+0100: 9315.966: Total time for which application threads were stopped: 0.0001103 seconds, Stopping threads took: 0.0000236 seconds
{Heap before GC invocations=28 (full 1):
 par new generation   total 109248K, used 96414K [0x00000000e0000000, 0x00000000e8000000, 0x00000000e8000000)
  eden space 87424K, 100% used [0x00000000e0000000, 0x00000000e5560000, 0x00000000e5560000)
  from space 21824K,  41% used [0x00000000e5560000, 0x00000000e5e27a70, 0x00000000e6ab0000)
  to   space 21824K,   0% used [0x00000000e6ab0000, 0x00000000e6ab0000, 0x00000000e8000000)
 concurrent mark-sweep generation total 393216K, used 10305K [0x00000000e8000000, 0x0000000100000000, 0x0000000100000000)
 Metaspace       used 31467K, capacity 32157K, committed 32328K, reserved 1077248K
  class space    used 3664K, capacity 3828K, committed 3912K, reserved 1048576K
2016-11-17T20:49:28.170+0100: 9316.026: [GC (Allocation Failure) 2016-11-17T20:49:28.170+0100: 9316.026: [ParNew
Desired survivor size 20112992 bytes, new threshold 8 (max 8)
- age   1:     243488 bytes,     243488 total
- age   2:    1315096 bytes,    1558584 total
- age   3:        616 bytes,    1559200 total
- age   4:     228768 bytes,    1787968 total
- age   5:       3224 bytes,    1791192 total
- age   6:     120528 bytes,    1911720 total
- age   7:     119368 bytes,    2031088 total
- age   8:       3104 bytes,    2034192 total
: 96414K->6269K(109248K), 0.0140549 secs] 106720K->19380K(502464K), 0.0141906 secs] [Times: user=0.03 sys=0.00, real=0.01 secs] 
Heap after GC invocations=29 (full 1):
 par new generation   total 109248K, used 6269K [0x00000000e0000000, 0x00000000e8000000, 0x00000000e8000000)
  eden space 87424K,   0% used [0x00000000e0000000, 0x00000000e0000000, 0x00000000e5560000)
  from space 21824K,  28% used [0x00000000e6ab0000, 0x00000000e70cf5c0, 0x00000000e8000000)
  to   space 21824K,   0% used [0x00000000e5560000, 0x00000000e5560000, 0x00000000e6ab0000)
 concurrent mark-sweep generation total 393216K, used 13111K [0x00000000e8000000, 0x0000000100000000, 0x0000000100000000)
 Metaspace       used 31467K, capacity 32157K, committed 32328K, reserved 1077248K
  class space    used 3664K, capacity 3828K, committed 3912K, reserved 1048576K
}
2016-11-17T20:49:28.185+0100: 9316.040: Total time for which application threads were stopped: 0.0144424 seconds, Stopping threads took: 0.0000312 seconds
2016-11-17T20:49:28.185+0100: 9316.040: Total time for which application threads were stopped: 0.0001451 seconds, Stopping threads took: 0.0000482 seconds
2016-11-17T20:49:28.279+0100: 9316.134: Total time for which application threads were stopped: 0.0002391 seconds, Stopping threads took: 0.0001132 seconds
2016-11-17T20:49:28.311+0100: 9316.166: Total time for which application threads were stopped: 0.0001699 seconds, Stopping threads took: 0.0000366 seconds
2016-11-17T20:49:28.359+0100: 9316.215: Total time for which application threads were stopped: 0.0001706 seconds, Stopping threads took: 0.0000492 seconds
2016-11-17T20:49:28.560+0100: 9316.415: Total time for which application threads were stopped: 0.0001463 seconds, Stopping threads took: 0.0000249 seconds
2016-11-17T20:49:28.560+0100: 9316.416: Total time for which application threads were stopped: 0.0000986 seconds, Stopping threads took: 0.0000179 seconds
2016-11-17T20:49:28.560+0100: 9316.416: Total time for which application threads were stopped: 0.0000527 seconds, Stopping threads took: 0.0000086 seconds
2016-11-17T20:49:28.560+0100: 9316.416: Total time for which application threads were stopped: 0.0000375 seconds, Stopping threads took: 0.0000071 seconds
2016-11-17T20:49:28.561+0100: 9316.416: Total time for which application threads were stopped: 0.0000347 seconds, Stopping threads took: 0.0000064 seconds
2016-11-17T20:49:28.561+0100: 9316.416: Total time for which application threads were stopped: 0.0000339 seconds, Stopping threads took: 0.0000056 seconds
2016-11-17T20:49:28.561+0100: 9316.416: Total time for which application threads were stopped: 0.0000528 seconds, Stopping threads took: 0.0000056 seconds
2016-11-17T20:49:28.561+0100: 9316.416: Total time for which application threads were stopped: 0.0000351 seconds, Stopping threads took: 0.0000065 seconds
2016-11-17T20:49:28.561+0100: 9316.416: Total time for which application threads were stopped: 0.0000395 seconds, Stopping threads took: 0.0000110 seconds
2016-11-17T20:49:28.561+0100: 9316.416: Total time for which application threads were stopped: 0.0000406 seconds, Stopping threads took: 0.0000096 seconds
2016-11-17T20:49:28.562+0100: 9316.418: Total time for which application threads were stopped: 0.0000990 seconds, Stopping threads took: 0.0000240 seconds
2016-11-17T20:49:28.562+0100: 9316.418: Total time for which application threads were stopped: 0.0000407 seconds, Stopping threads took: 0.0000096 seconds
2016-11-17T20:49:29.562+0100: 9317.418: Total time for which application threads were stopped: 0.0001302 seconds, Stopping threads took: 0.0000296 seconds
{Heap before GC invocations=29 (full 1):
 par new generation   total 109248K, used 93677K [0x00000000e0000000, 0x00000000e8000000, 0x00000000e8000000)
  eden space 87424K,  99% used [0x00000000e0000000, 0x00000000e555bee0, 0x00000000e5560000)
  from space 21824K,  28% used [0x00000000e6ab0000, 0x00000000e70cf5c0, 0x00000000e8000000)
  to   space 21824K,   0% used [0x00000000e5560000, 0x00000000e5560000, 0x00000000e6ab0000)
 concurrent mark-sweep generation total 393216K, used 13111K [0x00000000e8000000, 0x0000000100000000, 0x0000000100000000)
 Metaspace       used 31495K, capacity 32165K, committed 32328K, reserved 1077248K
  class space    used 3664K, capacity 3828K, committed 3912K, reserved 1048576K
2016-11-17T20:49:46.777+0100: 9334.633: [GC (Allocation Failure) 2016-11-17T20:49:46.777+0100: 9334.633: [ParNew
Desired survivor size 20112992 bytes, new threshold 8 (max 8)
- age   1:    3372520 bytes,    3372520 total
- age   2:      82184 bytes,    3454704 total
- age   3:     726552 bytes,    4181256 total
- age   4:        616 bytes,    4181872 total
- age   5:     228704 bytes,    4410576 total
- age   6:       3224 bytes,    4413800 total
- age   7:     120528 bytes,    4534328 total
- age   8:     119216 bytes,    4653544 total
: 93677K->5249K(109248K), 0.0207074 secs] 106788K->18363K(502464K), 0.0207969 secs] [Times: user=0.04 sys=0.00, real=0.02 secs] 
Heap after GC invocations=30 (full 1):
 par new generation   total 109248K, used 5249K [0x00000000e0000000, 0x00000000e8000000, 0x00000000e8000000)
  eden space 87424K,   0% used [0x00000000e0000000, 0x00000000e0000000, 0x00000000e5560000)
  from space 21824K,  24% used [0x00000000e5560000, 0x00000000e5a80448, 0x00000000e6ab0000)
  to   space 21824K,   0% used [0x00000000e6ab0000, 0x00000000e6ab0000, 0x00000000e8000000)
 concurrent mark-sweep generation total 393216K, used 13114K [0x00000000e8000000, 0x0000000100000000, 0x0000000100000000)
 Metaspace       used 31495K, capacity 32165K, committed 32328K, reserved 1077248K
  class space    used 3664K, capacity 3828K, committed 3912K, reserved 1048576K
}
2016-11-17T20:49:46.798+0100: 9334.654: Total time for which application threads were stopped: 0.0211052 seconds, Stopping threads took: 0.0000417 seconds
2016-11-17T20:49:46.799+0100: 9334.654: Total time for which application threads were stopped: 0.0001474 seconds, Stopping threads took: 0.0000342 seconds
2016-11-17T20:49:46.799+0100: 9334.654: Total time for which application threads were stopped: 0.0000541 seconds, Stopping threads took: 0.0000073 seconds
{Heap before GC invocations=30 (full 1):
 par new generation   total 109248K, used 92673K [0x00000000e0000000, 0x00000000e8000000, 0x00000000e8000000)
  eden space 87424K, 100% used [0x00000000e0000000, 0x00000000e5560000, 0x00000000e5560000)
  from space 21824K,  24% used [0x00000000e5560000, 0x00000000e5a80448, 0x00000000e6ab0000)
  to   space 21824K,   0% used [0x00000000e6ab0000, 0x00000000e6ab0000, 0x00000000e8000000)
 concurrent mark-sweep generation total 393216K, used 13114K [0x00000000e8000000, 0x0000000100000000, 0x0000000100000000)
 Metaspace       used 31495K, capacity 32165K, committed 32328K, reserved 1077248K
  class space    used 3664K, capacity 3828K, committed 3912K, reserved 1048576K
2016-11-17T20:49:46.886+0100: 9334.742: [GC (Allocation Failure) 2016-11-17T20:49:46.886+0100: 9334.742: [ParNew
Desired survivor size 20112992 bytes, new threshold 8 (max 8)
- age   1:     761072 bytes,     761072 total
- age   2:     695272 bytes,    1456344 total
- age   3:       3560 bytes,    1459904 total
- age   4:     207640 bytes,    1667544 total
- age   5:        616 bytes,    1668160 total
- age   6:     228704 bytes,    1896864 total
- age   7:       3224 bytes,    1900088 total
- age   8:     120528 bytes,    2020616 total
: 92673K->3670K(109248K), 0.0046214 secs] 105787K->16902K(502464K), 0.0047389 secs] [Times: user=0.02 sys=0.00, real=0.01 secs] 
Heap after GC invocations=31 (full 1):
 par new generation   total 109248K, used 3670K [0x00000000e0000000, 0x00000000e8000000, 0x00000000e8000000)
  eden space 87424K,   0% used [0x00000000e0000000, 0x00000000e0000000, 0x00000000e5560000)
  from space 21824K,  16% used [0x00000000e6ab0000, 0x00000000e6e458e0, 0x00000000e8000000)
  to   space 21824K,   0% used [0x00000000e5560000, 0x00000000e5560000, 0x00000000e6ab0000)
 concurrent mark-sweep generation total 393216K, used 13232K [0x00000000e8000000, 0x0000000100000000, 0x0000000100000000)
 Metaspace       used 31495K, capacity 32165K, committed 32328K, reserved 1077248K
  class space    used 3664K, capacity 3828K, committed 3912K, reserved 1048576K
}
2016-11-17T20:49:46.891+0100: 9334.746: Total time for which application threads were stopped: 0.0049565 seconds, Stopping threads took: 0.0000413 seconds
2016-11-17T20:49:46.891+0100: 9334.747: Total time for which application threads were stopped: 0.0001556 seconds, Stopping threads took: 0.0000554 seconds
2016-11-17T20:49:46.993+0100: 9334.848: Total time for which application threads were stopped: 0.0002481 seconds, Stopping threads took: 0.0000626 seconds
{Heap before GC invocations=31 (full 1):
 par new generation   total 109248K, used 91094K [0x00000000e0000000, 0x00000000e8000000, 0x00000000e8000000)
  eden space 87424K, 100% used [0x00000000e0000000, 0x00000000e5560000, 0x00000000e5560000)
  from space 21824K,  16% used [0x00000000e6ab0000, 0x00000000e6e458e0, 0x00000000e8000000)
  to   space 21824K,   0% used [0x00000000e5560000, 0x00000000e5560000, 0x00000000e6ab0000)
 concurrent mark-sweep generation total 393216K, used 13232K [0x00000000e8000000, 0x0000000100000000, 0x0000000100000000)
 Metaspace       used 31515K, capacity 32165K, committed 32328K, reserved 1077248K
  class space    used 3665K, capacity 3828K, committed 3912K, reserved 1048576K
2016-11-17T20:49:47.027+0100: 9334.882: [GC (Allocation Failure) 2016-11-17T20:49:47.027+0100: 9334.882: [ParNew
Desired survivor size 20112992 bytes, new threshold 8 (max 8)
- age   1:     657232 bytes,     657232 total
- age   2:     130640 bytes,     787872 total
- age   3:     683376 bytes,    1471248 total
- age   4:       3560 bytes,    1474808 total
- age   5:     207640 bytes,    1682448 total
- age   6:        616 bytes,    1683064 total
- age   7:     228704 bytes,    1911768 total
- age   8:       3224 bytes,    1914992 total
: 91094K->2575K(109248K), 0.0051127 secs] 104326K->15926K(502464K), 0.0052018 secs] [Times: user=0.02 sys=0.00, real=0.01 secs] 
Heap after GC invocations=32 (full 1):
 par new generation   total 109248K, used 2575K [0x00000000e0000000, 0x00000000e8000000, 0x00000000e8000000)
  eden space 87424K,   0% used [0x00000000e0000000, 0x00000000e0000000, 0x00000000e5560000)
  from space 21824K,  11% used [0x00000000e5560000, 0x00000000e57e3c40, 0x00000000e6ab0000)
  to   space 21824K,   0% used [0x00000000e6ab0000, 0x00000000e6ab0000, 0x00000000e8000000)
 concurrent mark-sweep generation total 393216K, used 13351K [0x00000000e8000000, 0x0000000100000000, 0x0000000100000000)
 Metaspace       used 31515K, capacity 32165K, committed 32328K, reserved 1077248K
  class space    used 3665K, capacity 3828K, committed 3912K, reserved 1048576K
}
2016-11-17T20:49:47.032+0100: 9334.887: Total time for which application threads were stopped: 0.0054621 seconds, Stopping threads took: 0.0000953 seconds
2016-11-17T20:49:47.032+0100: 9334.888: Total time for which application threads were stopped: 0.0002011 seconds, Stopping threads took: 0.0000306 seconds
{Heap before GC invocations=32 (full 1):
 par new generation   total 109248K, used 89999K [0x00000000e0000000, 0x00000000e8000000, 0x00000000e8000000)
  eden space 87424K, 100% used [0x00000000e0000000, 0x00000000e5560000, 0x00000000e5560000)
  from space 21824K,  11% used [0x00000000e5560000, 0x00000000e57e3c40, 0x00000000e6ab0000)
  to   space 21824K,   0% used [0x00000000e6ab0000, 0x00000000e6ab0000, 0x00000000e8000000)
 concurrent mark-sweep generation total 393216K, used 13351K [0x00000000e8000000, 0x0000000100000000, 0x0000000100000000)
 Metaspace       used 31535K, capacity 32165K, committed 32328K, reserved 1077248K
  class space    used 3665K, capacity 3828K, committed 3912K, reserved 1048576K
2016-11-17T20:49:47.149+0100: 9335.004: [GC (Allocation Failure) 2016-11-17T20:49:47.149+0100: 9335.005: [ParNew
Desired survivor size 20112992 bytes, new threshold 8 (max 8)
- age   1:    3449216 bytes,    3449216 total
- age   2:     644064 bytes,    4093280 total
- age   3:     130408 bytes,    4223688 total
- age   4:     670344 bytes,    4894032 total
- age   5:       3560 bytes,    4897592 total
- age   6:     207640 bytes,    5105232 total
- age   7:        616 bytes,    5105848 total
- age   8:     228704 bytes,    5334552 total
: 89999K->5659K(109248K), 0.0080224 secs] 103350K->19014K(502464K), 0.0081566 secs] [Times: user=0.03 sys=0.00, real=0.00 secs] 
Heap after GC invocations=33 (full 1):
 par new generation   total 109248K, used 5659K [0x00000000e0000000, 0x00000000e8000000, 0x00000000e8000000)
  eden space 87424K,   0% used [0x00000000e0000000, 0x00000000e0000000, 0x00000000e5560000)
  from space 21824K,  25% used [0x00000000e6ab0000, 0x00000000e7036e68, 0x00000000e8000000)
  to   space 21824K,   0% used [0x00000000e5560000, 0x00000000e5560000, 0x00000000e6ab0000)
 concurrent mark-sweep generation total 393216K, used 13355K [0x00000000e8000000, 0x0000000100000000, 0x0000000100000000)
 Metaspace       used 31535K, capacity 32165K, committed 32328K, reserved 1077248K
  class space    used 3665K, capacity 3828K, committed 3912K, reserved 1048576K
}
2016-11-17T20:49:47.157+0100: 9335.013: Total time for which application threads were stopped: 0.0084181 seconds, Stopping threads took: 0.0000338 seconds
2016-11-17T20:49:47.157+0100: 9335.013: Total time for which application threads were stopped: 0.0001600 seconds, Stopping threads took: 0.0000472 seconds
2016-11-17T20:49:47.158+0100: 9335.013: Total time for which application threads were stopped: 0.0000977 seconds, Stopping threads took: 0.0000392 seconds
{Heap before GC invocations=33 (full 1):
 par new generation   total 109248K, used 93083K [0x00000000e0000000, 0x00000000e8000000, 0x00000000e8000000)
  eden space 87424K, 100% used [0x00000000e0000000, 0x00000000e5560000, 0x00000000e5560000)
  from space 21824K,  25% used [0x00000000e6ab0000, 0x00000000e7036e68, 0x00000000e8000000)
  to   space 21824K,   0% used [0x00000000e5560000, 0x00000000e5560000, 0x00000000e6ab0000)
 concurrent mark-sweep generation total 393216K, used 13355K [0x00000000e8000000, 0x0000000100000000, 0x0000000100000000)
 Metaspace       used 31535K, capacity 32165K, committed 32328K, reserved 1077248K
  class space    used 3665K, capacity 3828K, committed 3912K, reserved 1048576K
2016-11-17T20:49:47.220+0100: 9335.075: [GC (Allocation Failure) 2016-11-17T20:49:47.220+0100: 9335.075: [ParNew
Desired survivor size 20112992 bytes, new threshold 8 (max 8)
- age   1:     374312 bytes,     374312 total
- age   2:    3156960 bytes,    3531272 total
- age   3:     644064 bytes,    4175336 total
- age   4:     130408 bytes,    4305744 total
- age   5:     670344 bytes,    4976088 total
- age   6:       3560 bytes,    4979648 total
- age   7:     207640 bytes,    5187288 total
- age   8:        616 bytes,    5187904 total
: 93083K->7893K(109248K), 0.0089248 secs] 106438K->21474K(502464K), 0.0090196 secs] [Times: user=0.03 sys=0.00, real=0.01 secs] 
Heap after GC invocations=34 (full 1):
 par new generation   total 109248K, used 7893K [0x00000000e0000000, 0x00000000e8000000, 0x00000000e8000000)
  eden space 87424K,   0% used [0x00000000e0000000, 0x00000000e0000000, 0x00000000e5560000)
  from space 21824K,  36% used [0x00000000e5560000, 0x00000000e5d15780, 0x00000000e6ab0000)
  to   space 21824K,   0% used [0x00000000e6ab0000, 0x00000000e6ab0000, 0x00000000e8000000)
 concurrent mark-sweep generation total 393216K, used 13580K [0x00000000e8000000, 0x0000000100000000, 0x0000000100000000)
 Metaspace       used 31535K, capacity 32165K, committed 32328K, reserved 1077248K
  class space    used 3665K, capacity 3828K, committed 3912K, reserved 1048576K
}
2016-11-17T20:49:47.229+0100: 9335.084: Total time for which application threads were stopped: 0.0092800 seconds, Stopping threads took: 0.0000423 seconds
2016-11-17T20:49:47.229+0100: 9335.085: Total time for which application threads were stopped: 0.0002065 seconds, Stopping threads took: 0.0001069 seconds
2016-11-17T20:49:47.265+0100: 9335.121: Total time for which application threads were stopped: 0.0001586 seconds, Stopping threads took: 0.0000404 seconds
2016-11-17T20:49:47.273+0100: 9335.128: Total time for which application threads were stopped: 0.0001375 seconds, Stopping threads took: 0.0000239 seconds
2016-11-17T20:49:47.292+0100: 9335.147: Total time for which application threads were stopped: 0.0001046 seconds, Stopping threads took: 0.0000221 seconds
2016-11-17T20:49:47.292+0100: 9335.148: Total time for which application threads were stopped: 0.0000572 seconds, Stopping threads took: 0.0000139 seconds
2016-11-17T20:49:47.293+0100: 9335.148: Total time for which application threads were stopped: 0.0000752 seconds, Stopping threads took: 0.0000260 seconds
2016-11-17T20:49:47.293+0100: 9335.148: Total time for which application threads were stopped: 0.0000677 seconds, Stopping threads took: 0.0000218 seconds
2016-11-17T20:49:47.293+0100: 9335.148: Total time for which application threads were stopped: 0.0000515 seconds, Stopping threads took: 0.0000172 seconds
2016-11-17T20:49:47.293+0100: 9335.148: Total time for which application threads were stopped: 0.0000474 seconds, Stopping threads took: 0.0000154 seconds
2016-11-17T20:49:47.293+0100: 9335.148: Total time for which application threads were stopped: 0.0000476 seconds, Stopping threads took: 0.0000149 seconds
2016-11-17T20:49:47.293+0100: 9335.149: Total time for which application threads were stopped: 0.0000389 seconds, Stopping threads took: 0.0000107 seconds
2016-11-17T20:49:47.293+0100: 9335.149: Total time for which application threads were stopped: 0.0000383 seconds, Stopping threads took: 0.0000085 seconds
2016-11-17T20:49:47.293+0100: 9335.149: Total time for which application threads were stopped: 0.0000387 seconds, Stopping threads took: 0.0000098 seconds
2016-11-17T20:49:47.295+0100: 9335.150: Total time for which application threads were stopped: 0.0000928 seconds, Stopping threads took: 0.0000221 seconds
2016-11-17T20:49:47.295+0100: 9335.150: Total time for which application threads were stopped: 0.0000406 seconds, Stopping threads took: 0.0000097 seconds
2016-11-17T20:49:47.309+0100: 9335.164: Total time for which application threads were stopped: 0.0001397 seconds, Stopping threads took: 0.0000439 seconds
2016-11-17T20:49:47.310+0100: 9335.165: Total time for which application threads were stopped: 0.0000706 seconds, Stopping threads took: 0.0000183 seconds
2016-11-17T20:49:47.310+0100: 9335.165: Total time for which application threads were stopped: 0.0000532 seconds, Stopping threads took: 0.0000101 seconds
2016-11-17T20:49:47.310+0100: 9335.165: Total time for which application threads were stopped: 0.0000505 seconds, Stopping threads took: 0.0000089 seconds
2016-11-17T20:49:47.310+0100: 9335.165: Total time for which application threads were stopped: 0.0000525 seconds, Stopping threads took: 0.0000089 seconds
2016-11-17T20:49:47.310+0100: 9335.165: Total time for which application threads were stopped: 0.0000520 seconds, Stopping threads took: 0.0000093 seconds
2016-11-17T20:49:47.310+0100: 9335.166: Total time for which application threads were stopped: 0.0000534 seconds, Stopping threads took: 0.0000096 seconds
2016-11-17T20:49:47.310+0100: 9335.166: Total time for which application threads were stopped: 0.0000544 seconds, Stopping threads took: 0.0000116 seconds
2016-11-17T20:49:47.310+0100: 9335.166: Total time for which application threads were stopped: 0.0000527 seconds, Stopping threads took: 0.0000092 seconds
2016-11-17T20:49:47.310+0100: 9335.166: Total time for which application threads were stopped: 0.0000517 seconds, Stopping threads took: 0.0000090 seconds
2016-11-17T20:49:47.311+0100: 9335.167: Total time for which application threads were stopped: 0.0000702 seconds, Stopping threads took: 0.0000132 seconds
2016-11-17T20:49:47.311+0100: 9335.167: Total time for which application threads were stopped: 0.0000522 seconds, Stopping threads took: 0.0000092 seconds
{Heap before GC invocations=34 (full 1):
 par new generation   total 109248K, used 95317K [0x00000000e0000000, 0x00000000e8000000, 0x00000000e8000000)
  eden space 87424K, 100% used [0x00000000e0000000, 0x00000000e5560000, 0x00000000e5560000)
  from space 21824K,  36% used [0x00000000e5560000, 0x00000000e5d15780, 0x00000000e6ab0000)
  to   space 21824K,   0% used [0x00000000e6ab0000, 0x00000000e6ab0000, 0x00000000e8000000)
 concurrent mark-sweep generation total 393216K, used 13580K [0x00000000e8000000, 0x0000000100000000, 0x0000000100000000)
 Metaspace       used 31625K, capacity 32279K, committed 32584K, reserved 1077248K
  class space    used 3675K, capacity 3847K, committed 3912K, reserved 1048576K
2016-11-17T20:49:47.377+0100: 9335.232: [GC (Allocation Failure) 2016-11-17T20:49:47.377+0100: 9335.232: [ParNew
Desired survivor size 20112992 bytes, new threshold 8 (max 8)
- age   1:    3914304 bytes,    3914304 total
- age   2:     132352 bytes,    4046656 total
- age   3:    2580168 bytes,    6626824 total
- age   4:     637240 bytes,    7264064 total
- age   5:     130408 bytes,    7394472 total
- age   6:     666304 bytes,    8060776 total
- age   7:       3560 bytes,    8064336 total
- age   8:     207640 bytes,    8271976 total
: 95317K->8705K(109248K), 0.0083260 secs] 108898K->22287K(502464K), 0.0084225 secs] [Times: user=0.03 sys=0.00, real=0.01 secs] 
Heap after GC invocations=35 (full 1):
 par new generation   total 109248K, used 8705K [0x00000000e0000000, 0x00000000e8000000, 0x00000000e8000000)
  eden space 87424K,   0% used [0x00000000e0000000, 0x00000000e0000000, 0x00000000e5560000)
  from space 21824K,  39% used [0x00000000e6ab0000, 0x00000000e73307c0, 0x00000000e8000000)
  to   space 21824K,   0% used [0x00000000e5560000, 0x00000000e5560000, 0x00000000e6ab0000)
 concurrent mark-sweep generation total 393216K, used 13581K [0x00000000e8000000, 0x0000000100000000, 0x0000000100000000)
 Metaspace       used 31625K, capacity 32279K, committed 32584K, reserved 1077248K
  class space    used 3675K, capacity 3847K, committed 3912K, reserved 1048576K
}
2016-11-17T20:49:47.385+0100: 9335.241: Total time for which application threads were stopped: 0.0086579 seconds, Stopping threads took: 0.0000519 seconds
2016-11-17T20:49:47.385+0100: 9335.241: Total time for which application threads were stopped: 0.0001316 seconds, Stopping threads took: 0.0000411 seconds
2016-11-17T20:49:47.386+0100: 9335.241: Total time for which application threads were stopped: 0.0000754 seconds, Stopping threads took: 0.0000243 seconds
{Heap before GC invocations=35 (full 1):
 par new generation   total 109248K, used 96129K [0x00000000e0000000, 0x00000000e8000000, 0x00000000e8000000)
  eden space 87424K, 100% used [0x00000000e0000000, 0x00000000e5560000, 0x00000000e5560000)
  from space 21824K,  39% used [0x00000000e6ab0000, 0x00000000e73307c0, 0x00000000e8000000)
  to   space 21824K,   0% used [0x00000000e5560000, 0x00000000e5560000, 0x00000000e6ab0000)
 concurrent mark-sweep generation total 393216K, used 13581K [0x00000000e8000000, 0x0000000100000000, 0x0000000100000000)
 Metaspace       used 31625K, capacity 32279K, committed 32584K, reserved 1077248K
  class space    used 3675K, capacity 3847K, committed 3912K, reserved 1048576K
2016-11-17T20:49:47.435+0100: 9335.291: [GC (Allocation Failure) 2016-11-17T20:49:47.435+0100: 9335.291: [ParNew
Desired survivor size 20112992 bytes, new threshold 8 (max 8)
- age   1:     160848 bytes,     160848 total
- age   2:    1331144 bytes,    1491992 total
- age   3:       1440 bytes,    1493432 total
- age   4:     177952 bytes,    1671384 total
- age   5:      23832 bytes,    1695216 total
- age   6:       3288 bytes,    1698504 total
- age   7:     238856 bytes,    1937360 total
- age   8:       3560 bytes,    1940920 total
: 96129K->6429K(109248K), 0.0046589 secs] 109711K->20216K(502464K), 0.0047681 secs] [Times: user=0.01 sys=0.00, real=0.01 secs] 
Heap after GC invocations=36 (full 1):
 par new generation   total 109248K, used 6429K [0x00000000e0000000, 0x00000000e8000000, 0x00000000e8000000)
  eden space 87424K,   0% used [0x00000000e0000000, 0x00000000e0000000, 0x00000000e5560000)
  from space 21824K,  29% used [0x00000000e5560000, 0x00000000e5ba7780, 0x00000000e6ab0000)
  to   space 21824K,   0% used [0x00000000e6ab0000, 0x00000000e6ab0000, 0x00000000e8000000)
 concurrent mark-sweep generation total 393216K, used 13787K [0x00000000e8000000, 0x0000000100000000, 0x0000000100000000)
 Metaspace       used 31625K, capacity 32279K, committed 32584K, reserved 1077248K
  class space    used 3675K, capacity 3847K, committed 3912K, reserved 1048576K
}
2016-11-17T20:49:47.440+0100: 9335.296: Total time for which application threads were stopped: 0.0049807 seconds, Stopping threads took: 0.0000254 seconds
2016-11-17T20:49:47.440+0100: 9335.296: Total time for which application threads were stopped: 0.0001572 seconds, Stopping threads took: 0.0000379 seconds
2016-11-17T20:49:47.491+0100: 9335.346: Total time for which application threads were stopped: 0.0001742 seconds, Stopping threads took: 0.0000258 seconds
2016-11-17T20:49:47.497+0100: 9335.352: Total time for which application threads were stopped: 0.0002852 seconds, Stopping threads took: 0.0001678 seconds
2016-11-17T20:49:47.510+0100: 9335.366: Total time for which application threads were stopped: 0.0000948 seconds, Stopping threads took: 0.0000197 seconds
2016-11-17T20:49:47.514+0100: 9335.369: Total time for which application threads were stopped: 0.0000991 seconds, Stopping threads took: 0.0000293 seconds
{Heap before GC invocations=36 (full 1):
 par new generation   total 109248K, used 93853K [0x00000000e0000000, 0x00000000e8000000, 0x00000000e8000000)
  eden space 87424K, 100% used [0x00000000e0000000, 0x00000000e5560000, 0x00000000e5560000)
  from space 21824K,  29% used [0x00000000e5560000, 0x00000000e5ba7780, 0x00000000e6ab0000)
  to   space 21824K,   0% used [0x00000000e6ab0000, 0x00000000e6ab0000, 0x00000000e8000000)
 concurrent mark-sweep generation total 393216K, used 13787K [0x00000000e8000000, 0x0000000100000000, 0x0000000100000000)
 Metaspace       used 31674K, capacity 32379K, committed 32584K, reserved 1077248K
  class space    used 3679K, capacity 3853K, committed 3912K, reserved 1048576K
2016-11-17T20:49:47.560+0100: 9335.416: [GC (Allocation Failure) 2016-11-17T20:49:47.560+0100: 9335.416: [ParNew
Desired survivor size 20112992 bytes, new threshold 8 (max 8)
- age   1:    4005632 bytes,    4005632 total
- age   2:      92680 bytes,    4098312 total
- age   3:     760624 bytes,    4858936 total
- age   4:       1440 bytes,    4860376 total
- age   5:     177952 bytes,    5038328 total
- age   6:      23832 bytes,    5062160 total
- age   7:       3288 bytes,    5065448 total
- age   8:     238824 bytes,    5304272 total
: 93853K->5789K(109248K), 0.0065398 secs] 107640K->19579K(502464K), 0.0066418 secs] [Times: user=0.02 sys=0.00, real=0.00 secs] 
Heap after GC invocations=37 (full 1):
 par new generation   total 109248K, used 5789K [0x00000000e0000000, 0x00000000e8000000, 0x00000000e8000000)
  eden space 87424K,   0% used [0x00000000e0000000, 0x00000000e0000000, 0x00000000e5560000)
  from space 21824K,  26% used [0x00000000e6ab0000, 0x00000000e7057490, 0x00000000e8000000)
  to   space 21824K,   0% used [0x00000000e5560000, 0x00000000e5560000, 0x00000000e6ab0000)
 concurrent mark-sweep generation total 393216K, used 13790K [0x00000000e8000000, 0x0000000100000000, 0x0000000100000000)
 Metaspace       used 31674K, capacity 32379K, committed 32584K, reserved 1077248K
  class space    used 3679K, capacity 3853K, committed 3912K, reserved 1048576K
}
2016-11-17T20:49:47.567+0100: 9335.422: Total time for which application threads were stopped: 0.0068362 seconds, Stopping threads took: 0.0000267 seconds
2016-11-17T20:49:47.567+0100: 9335.423: Total time for which application threads were stopped: 0.0001377 seconds, Stopping threads took: 0.0000460 seconds
2016-11-17T20:49:47.567+0100: 9335.423: Total time for which application threads were stopped: 0.0000634 seconds, Stopping threads took: 0.0000296 seconds
{Heap before GC invocations=37 (full 1):
 par new generation   total 109248K, used 93213K [0x00000000e0000000, 0x00000000e8000000, 0x00000000e8000000)
  eden space 87424K, 100% used [0x00000000e0000000, 0x00000000e5560000, 0x00000000e5560000)
  from space 21824K,  26% used [0x00000000e6ab0000, 0x00000000e7057490, 0x00000000e8000000)
  to   space 21824K,   0% used [0x00000000e5560000, 0x00000000e5560000, 0x00000000e6ab0000)
 concurrent mark-sweep generation total 393216K, used 13790K [0x00000000e8000000, 0x0000000100000000, 0x0000000100000000)
 Metaspace       used 31727K, capacity 32463K, committed 32584K, reserved 1077248K
  class space    used 3687K, capacity 3867K, committed 3912K, reserved 1048576K
2016-11-17T20:49:47.616+0100: 9335.471: [GC (Allocation Failure) 2016-11-17T20:49:47.616+0100: 9335.471: [ParNew
Desired survivor size 20112992 bytes, new threshold 8 (max 8)
- age   1:     240976 bytes,     240976 total
- age   2:    3722760 bytes,    3963736 total
- age   3:      92680 bytes,    4056416 total
- age   4:     760624 bytes,    4817040 total
- age   5:       1440 bytes,    4818480 total
- age   6:     177952 bytes,    4996432 total
- age   7:      23832 bytes,    5020264 total
- age   8:       3288 bytes,    5023552 total
: 93213K->7269K(109248K), 0.0068501 secs] 107003K->21296K(502464K), 0.0069578 secs] [Times: user=0.02 sys=0.00, real=0.01 secs] 
Heap after GC invocations=38 (full 1):
 par new generation   total 109248K, used 7269K [0x00000000e0000000, 0x00000000e8000000, 0x00000000e8000000)
  eden space 87424K,   0% used [0x00000000e0000000, 0x00000000e0000000, 0x00000000e5560000)
  from space 21824K,  33% used [0x00000000e5560000, 0x00000000e5c796a8, 0x00000000e6ab0000)
  to   space 21824K,   0% used [0x00000000e6ab0000, 0x00000000e6ab0000, 0x00000000e8000000)
 concurrent mark-sweep generation total 393216K, used 14026K [0x00000000e8000000, 0x0000000100000000, 0x0000000100000000)
 Metaspace       used 31727K, capacity 32463K, committed 32584K, reserved 1077248K
  class space    used 3687K, capacity 3867K, committed 3912K, reserved 1048576K
}
2016-11-17T20:49:47.623+0100: 9335.478: Total time for which application threads were stopped: 0.0071460 seconds, Stopping threads took: 0.0000226 seconds
2016-11-17T20:49:47.623+0100: 9335.479: Total time for which application threads were stopped: 0.0001555 seconds, Stopping threads took: 0.0000390 seconds
2016-11-17T20:49:47.666+0100: 9335.522: Total time for which application threads were stopped: 0.0001441 seconds, Stopping threads took: 0.0000257 seconds
2016-11-17T20:49:47.666+0100: 9335.522: Total time for which application threads were stopped: 0.0000550 seconds, Stopping threads took: 0.0000125 seconds
2016-11-17T20:49:47.668+0100: 9335.523: Total time for which application threads were stopped: 0.0001316 seconds, Stopping threads took: 0.0000577 seconds
2016-11-17T20:49:47.674+0100: 9335.529: Total time for which application threads were stopped: 0.0001297 seconds, Stopping threads took: 0.0000226 seconds
2016-11-17T20:49:47.675+0100: 9335.530: Total time for which application threads were stopped: 0.0000685 seconds, Stopping threads took: 0.0000186 seconds
2016-11-17T20:49:47.675+0100: 9335.530: Total time for which application threads were stopped: 0.0000690 seconds, Stopping threads took: 0.0000119 seconds
2016-11-17T20:49:47.675+0100: 9335.530: Total time for which application threads were stopped: 0.0000427 seconds, Stopping threads took: 0.0000098 seconds
2016-11-17T20:49:47.675+0100: 9335.530: Total time for which application threads were stopped: 0.0000509 seconds, Stopping threads took: 0.0000120 seconds
2016-11-17T20:49:47.675+0100: 9335.530: Total time for which application threads were stopped: 0.0000428 seconds, Stopping threads took: 0.0000098 seconds
2016-11-17T20:49:47.675+0100: 9335.530: Total time for which application threads were stopped: 0.0000381 seconds, Stopping threads took: 0.0000088 seconds
2016-11-17T20:49:47.675+0100: 9335.531: Total time for which application threads were stopped: 0.0000363 seconds, Stopping threads took: 0.0000077 seconds
2016-11-17T20:49:47.679+0100: 9335.534: Total time for which application threads were stopped: 0.0001064 seconds, Stopping threads took: 0.0000322 seconds
2016-11-17T20:49:47.679+0100: 9335.535: Total time for which application threads were stopped: 0.0000607 seconds, Stopping threads took: 0.0000225 seconds
2016-11-17T20:49:47.679+0100: 9335.535: Total time for which application threads were stopped: 0.0000491 seconds, Stopping threads took: 0.0000166 seconds
2016-11-17T20:49:47.679+0100: 9335.535: Total time for which application threads were stopped: 0.0000390 seconds, Stopping threads took: 0.0000075 seconds
2016-11-17T20:49:47.679+0100: 9335.535: Total time for which application threads were stopped: 0.0000386 seconds, Stopping threads took: 0.0000076 seconds
2016-11-17T20:49:47.679+0100: 9335.535: Total time for which application threads were stopped: 0.0000497 seconds, Stopping threads took: 0.0000171 seconds
2016-11-17T20:49:47.680+0100: 9335.535: Total time for which application threads were stopped: 0.0000561 seconds, Stopping threads took: 0.0000257 seconds
2016-11-17T20:49:47.680+0100: 9335.535: Total time for which application threads were stopped: 0.0000464 seconds, Stopping threads took: 0.0000167 seconds
2016-11-17T20:49:47.680+0100: 9335.535: Total time for which application threads were stopped: 0.0000563 seconds, Stopping threads took: 0.0000089 seconds
2016-11-17T20:49:47.680+0100: 9335.535: Total time for which application threads were stopped: 0.0000385 seconds, Stopping threads took: 0.0000087 seconds
2016-11-17T20:49:47.680+0100: 9335.535: Total time for which application threads were stopped: 0.0000474 seconds, Stopping threads took: 0.0000171 seconds
2016-11-17T20:49:47.680+0100: 9335.535: Total time for which application threads were stopped: 0.0000472 seconds, Stopping threads took: 0.0000168 seconds
2016-11-17T20:49:47.680+0100: 9335.535: Total time for which application threads were stopped: 0.0000420 seconds, Stopping threads took: 0.0000124 seconds
2016-11-17T20:49:47.680+0100: 9335.535: Total time for which application threads were stopped: 0.0000426 seconds, Stopping threads took: 0.0000121 seconds
2016-11-17T20:49:47.680+0100: 9335.535: Total time for which application threads were stopped: 0.0000472 seconds, Stopping threads took: 0.0000167 seconds
2016-11-17T20:49:47.680+0100: 9335.536: Total time for which application threads were stopped: 0.0000474 seconds, Stopping threads took: 0.0000174 seconds
2016-11-17T20:49:47.680+0100: 9335.536: Total time for which application threads were stopped: 0.0000459 seconds, Stopping threads took: 0.0000161 seconds
2016-11-17T20:49:47.680+0100: 9335.536: Total time for which application threads were stopped: 0.0000641 seconds, Stopping threads took: 0.0000354 seconds
2016-11-17T20:49:47.680+0100: 9335.536: Total time for which application threads were stopped: 0.0000394 seconds, Stopping threads took: 0.0000109 seconds
2016-11-17T20:49:47.680+0100: 9335.536: Total time for which application threads were stopped: 0.0000450 seconds, Stopping threads took: 0.0000156 seconds
2016-11-17T20:49:47.681+0100: 9335.536: Total time for which application threads were stopped: 0.0001394 seconds, Stopping threads took: 0.0000197 seconds
2016-11-17T20:49:47.683+0100: 9335.538: Total time for which application threads were stopped: 0.0000845 seconds, Stopping threads took: 0.0000227 seconds
2016-11-17T20:49:47.683+0100: 9335.538: Total time for which application threads were stopped: 0.0000368 seconds, Stopping threads took: 0.0000079 seconds
2016-11-17T20:49:47.684+0100: 9335.540: Total time for which application threads were stopped: 0.0000613 seconds, Stopping threads took: 0.0000156 seconds
2016-11-17T20:49:47.692+0100: 9335.548: Total time for which application threads were stopped: 0.0000952 seconds, Stopping threads took: 0.0000253 seconds
2016-11-17T20:49:47.692+0100: 9335.548: Total time for which application threads were stopped: 0.0000403 seconds, Stopping threads took: 0.0000097 seconds
2016-11-17T20:49:47.692+0100: 9335.548: Total time for which application threads were stopped: 0.0000368 seconds, Stopping threads took: 0.0000090 seconds
2016-11-17T20:49:47.692+0100: 9335.548: Total time for which application threads were stopped: 0.0000352 seconds, Stopping threads took: 0.0000078 seconds
2016-11-17T20:49:47.692+0100: 9335.548: Total time for which application threads were stopped: 0.0000348 seconds, Stopping threads took: 0.0000074 seconds
2016-11-17T20:49:47.692+0100: 9335.548: Total time for which application threads were stopped: 0.0000361 seconds, Stopping threads took: 0.0000076 seconds
2016-11-17T20:49:47.693+0100: 9335.548: Total time for which application threads were stopped: 0.0000384 seconds, Stopping threads took: 0.0000076 seconds
2016-11-17T20:49:47.694+0100: 9335.549: Total time for which application threads were stopped: 0.0000478 seconds, Stopping threads took: 0.0000116 seconds
2016-11-17T20:49:47.694+0100: 9335.549: Total time for which application threads were stopped: 0.0000359 seconds, Stopping threads took: 0.0000077 seconds
{Heap before GC invocations=38 (full 1):
 par new generation   total 109248K, used 94693K [0x00000000e0000000, 0x00000000e8000000, 0x00000000e8000000)
  eden space 87424K, 100% used [0x00000000e0000000, 0x00000000e5560000, 0x00000000e5560000)
  from space 21824K,  33% used [0x00000000e5560000, 0x00000000e5c796a8, 0x00000000e6ab0000)
  to   space 21824K,   0% used [0x00000000e6ab0000, 0x00000000e6ab0000, 0x00000000e8000000)
 concurrent mark-sweep generation total 393216K, used 14026K [0x00000000e8000000, 0x0000000100000000, 0x0000000100000000)
 Metaspace       used 31775K, capacity 32489K, committed 32584K, reserved 1077248K
  class space    used 3690K, capacity 3872K, committed 3912K, reserved 1048576K
2016-11-17T20:49:47.746+0100: 9335.602: [GC (Allocation Failure) 2016-11-17T20:49:47.746+0100: 9335.602: [ParNew
Desired survivor size 20112992 bytes, new threshold 8 (max 8)
- age   1:    3830072 bytes,    3830072 total
- age   2:     104408 bytes,    3934480 total
- age   3:    1565808 bytes,    5500288 total
- age   4:      92680 bytes,    5592968 total
- age   5:     757024 bytes,    6349992 total
- age   6:       1440 bytes,    6351432 total
- age   7:     177408 bytes,    6528840 total
- age   8:      23648 bytes,    6552488 total
: 94693K->7915K(109248K), 0.0075182 secs] 108720K->21945K(502464K), 0.0075996 secs] [Times: user=0.03 sys=0.00, real=0.01 secs] 
Heap after GC invocations=39 (full 1):
 par new generation   total 109248K, used 7915K [0x00000000e0000000, 0x00000000e8000000, 0x00000000e8000000)
  eden space 87424K,   0% used [0x00000000e0000000, 0x00000000e0000000, 0x00000000e5560000)
  from space 21824K,  36% used [0x00000000e6ab0000, 0x00000000e726ac68, 0x00000000e8000000)
  to   space 21824K,   0% used [0x00000000e5560000, 0x00000000e5560000, 0x00000000e6ab0000)
 concurrent mark-sweep generation total 393216K, used 14030K [0x00000000e8000000, 0x0000000100000000, 0x0000000100000000)
 Metaspace       used 31775K, capacity 32489K, committed 32584K, reserved 1077248K
  class space    used 3690K, capacity 3872K, committed 3912K, reserved 1048576K
}
2016-11-17T20:49:47.754+0100: 9335.609: Total time for which application threads were stopped: 0.0078544 seconds, Stopping threads took: 0.0000282 seconds
2016-11-17T20:49:47.754+0100: 9335.609: Total time for which application threads were stopped: 0.0000793 seconds, Stopping threads took: 0.0000145 seconds
2016-11-17T20:49:47.754+0100: 9335.610: Total time for which application threads were stopped: 0.0000811 seconds, Stopping threads took: 0.0000199 seconds
{Heap before GC invocations=39 (full 1):
 par new generation   total 109248K, used 95339K [0x00000000e0000000, 0x00000000e8000000, 0x00000000e8000000)
  eden space 87424K, 100% used [0x00000000e0000000, 0x00000000e5560000, 0x00000000e5560000)
  from space 21824K,  36% used [0x00000000e6ab0000, 0x00000000e726ac68, 0x00000000e8000000)
  to   space 21824K,   0% used [0x00000000e5560000, 0x00000000e5560000, 0x00000000e6ab0000)
 concurrent mark-sweep generation total 393216K, used 14030K [0x00000000e8000000, 0x0000000100000000, 0x0000000100000000)
 Metaspace       used 31776K, capacity 32489K, committed 32584K, reserved 1077248K
  class space    used 3690K, capacity 3872K, committed 3912K, reserved 1048576K
2016-11-17T20:49:47.793+0100: 9335.648: [GC (Allocation Failure) 2016-11-17T20:49:47.793+0100: 9335.648: [ParNew
Desired survivor size 20112992 bytes, new threshold 8 (max 8)
- age   1:     137304 bytes,     137304 total
- age   2:    1300912 bytes,    1438216 total
- age   3:      14968 bytes,    1453184 total
- age   4:     208672 bytes,    1661856 total
- age   5:        200 bytes,    1662056 total
- age   6:     225128 bytes,    1887184 total
- age   7:       1440 bytes,    1888624 total
- age   8:     177408 bytes,    2066032 total
: 95339K->5518K(109248K), 0.0040322 secs] 109369K->19572K(502464K), 0.0041432 secs] [Times: user=0.02 sys=0.00, real=0.00 secs] 
Heap after GC invocations=40 (full 1):
 par new generation   total 109248K, used 5518K [0x00000000e0000000, 0x00000000e8000000, 0x00000000e8000000)
  eden space 87424K,   0% used [0x00000000e0000000, 0x00000000e0000000, 0x00000000e5560000)
  from space 21824K,  25% used [0x00000000e5560000, 0x00000000e5ac3b00, 0x00000000e6ab0000)
  to   space 21824K,   0% used [0x00000000e6ab0000, 0x00000000e6ab0000, 0x00000000e8000000)
 concurrent mark-sweep generation total 393216K, used 14053K [0x00000000e8000000, 0x0000000100000000, 0x0000000100000000)
 Metaspace       used 31776K, capacity 32489K, committed 32584K, reserved 1077248K
  class space    used 3690K, capacity 3872K, committed 3912K, reserved 1048576K
}
2016-11-17T20:49:47.797+0100: 9335.652: Total time for which application threads were stopped: 0.0043313 seconds, Stopping threads took: 0.0000306 seconds
2016-11-17T20:49:47.797+0100: 9335.653: Total time for which application threads were stopped: 0.0001391 seconds, Stopping threads took: 0.0000393 seconds
2016-11-17T20:49:47.860+0100: 9335.715: Total time for which application threads were stopped: 0.0001267 seconds, Stopping threads took: 0.0000431 seconds
2016-11-17T20:49:47.865+0100: 9335.721: Total time for which application threads were stopped: 0.0001640 seconds, Stopping threads took: 0.0000468 seconds
2016-11-17T20:49:47.879+0100: 9335.734: Total time for which application threads were stopped: 0.0000883 seconds, Stopping threads took: 0.0000187 seconds
2016-11-17T20:49:47.910+0100: 9335.765: Total time for which application threads were stopped: 0.0001176 seconds, Stopping threads took: 0.0000219 seconds
2016-11-17T20:49:47.910+0100: 9335.766: Total time for which application threads were stopped: 0.0000585 seconds, Stopping threads took: 0.0000094 seconds
2016-11-17T20:49:47.910+0100: 9335.766: Total time for which application threads were stopped: 0.0000501 seconds, Stopping threads took: 0.0000074 seconds
2016-11-17T20:49:47.911+0100: 9335.766: Total time for which application threads were stopped: 0.0000540 seconds, Stopping threads took: 0.0000116 seconds
2016-11-17T20:49:47.911+0100: 9335.766: Total time for which application threads were stopped: 0.0000704 seconds, Stopping threads took: 0.0000257 seconds
2016-11-17T20:49:47.911+0100: 9335.766: Total time for which application threads were stopped: 0.0000514 seconds, Stopping threads took: 0.0000088 seconds
2016-11-17T20:49:47.911+0100: 9335.766: Total time for which application threads were stopped: 0.0000542 seconds, Stopping threads took: 0.0000113 seconds
2016-11-17T20:49:47.911+0100: 9335.766: Total time for which application threads were stopped: 0.0000529 seconds, Stopping threads took: 0.0000096 seconds
2016-11-17T20:49:47.911+0100: 9335.766: Total time for which application threads were stopped: 0.0000508 seconds, Stopping threads took: 0.0000088 seconds
2016-11-17T20:49:47.911+0100: 9335.767: Total time for which application threads were stopped: 0.0000509 seconds, Stopping threads took: 0.0000089 seconds
2016-11-17T20:49:47.913+0100: 9335.768: Total time for which application threads were stopped: 0.0000746 seconds, Stopping threads took: 0.0000190 seconds
2016-11-17T20:49:47.913+0100: 9335.768: Total time for which application threads were stopped: 0.0000672 seconds, Stopping threads took: 0.0000212 seconds
{Heap before GC invocations=40 (full 1):
 par new generation   total 109248K, used 92942K [0x00000000e0000000, 0x00000000e8000000, 0x00000000e8000000)
  eden space 87424K, 100% used [0x00000000e0000000, 0x00000000e5560000, 0x00000000e5560000)
  from space 21824K,  25% used [0x00000000e5560000, 0x00000000e5ac3b00, 0x00000000e6ab0000)
  to   space 21824K,   0% used [0x00000000e6ab0000, 0x00000000e6ab0000, 0x00000000e8000000)
 concurrent mark-sweep generation total 393216K, used 14053K [0x00000000e8000000, 0x0000000100000000, 0x0000000100000000)
 Metaspace       used 31809K, capacity 32489K, committed 32584K, reserved 1077248K
  class space    used 3691K, capacity 3872K, committed 3912K, reserved 1048576K
2016-11-17T20:49:47.963+0100: 9335.818: [GC (Allocation Failure) 2016-11-17T20:49:47.963+0100: 9335.818: [ParNew
Desired survivor size 20112992 bytes, new threshold 8 (max 8)
- age   1:    4188832 bytes,    4188832 total
- age   2:      85424 bytes,    4274256 total
- age   3:     727848 bytes,    5002104 total
- age   4:      14968 bytes,    5017072 total
- age   5:     208056 bytes,    5225128 total
- age   6:        200 bytes,    5225328 total
- age   7:     224672 bytes,    5450000 total
- age   8:       1440 bytes,    5451440 total
: 92942K->6308K(109248K), 0.0068828 secs] 106996K->20537K(502464K), 0.0069943 secs] [Times: user=0.03 sys=0.00, real=0.01 secs] 
Heap after GC invocations=41 (full 1):
 par new generation   total 109248K, used 6308K [0x00000000e0000000, 0x00000000e8000000, 0x00000000e8000000)
  eden space 87424K,   0% used [0x00000000e0000000, 0x00000000e0000000, 0x00000000e5560000)
  from space 21824K,  28% used [0x00000000e6ab0000, 0x00000000e70d92b0, 0x00000000e8000000)
  to   space 21824K,   0% used [0x00000000e5560000, 0x00000000e5560000, 0x00000000e6ab0000)
 concurrent mark-sweep generation total 393216K, used 14229K [0x00000000e8000000, 0x0000000100000000, 0x0000000100000000)
 Metaspace       used 31809K, capacity 32489K, committed 32584K, reserved 1077248K
  class space    used 3691K, capacity 3872K, committed 3912K, reserved 1048576K
}
2016-11-17T20:49:47.970+0100: 9335.825: Total time for which application threads were stopped: 0.0071776 seconds, Stopping threads took: 0.0000267 seconds
2016-11-17T20:49:47.970+0100: 9335.826: Total time for which application threads were stopped: 0.0000977 seconds, Stopping threads took: 0.0000349 seconds
2016-11-17T20:49:47.970+0100: 9335.826: Total time for which application threads were stopped: 0.0000827 seconds, Stopping threads took: 0.0000204 seconds
{Heap before GC invocations=41 (full 1):
 par new generation   total 109248K, used 93732K [0x00000000e0000000, 0x00000000e8000000, 0x00000000e8000000)
  eden space 87424K, 100% used [0x00000000e0000000, 0x00000000e5560000, 0x00000000e5560000)
  from space 21824K,  28% used [0x00000000e6ab0000, 0x00000000e70d92b0, 0x00000000e8000000)
  to   space 21824K,   0% used [0x00000000e5560000, 0x00000000e5560000, 0x00000000e6ab0000)
 concurrent mark-sweep generation total 393216K, used 14229K [0x00000000e8000000, 0x0000000100000000, 0x0000000100000000)
 Metaspace       used 31810K, capacity 32489K, committed 32584K, reserved 1077248K
  class space    used 3691K, capacity 3872K, committed 3912K, reserved 1048576K
2016-11-17T20:49:48.002+0100: 9335.857: [GC (Allocation Failure) 2016-11-17T20:49:48.002+0100: 9335.857: [ParNew
Desired survivor size 20112992 bytes, new threshold 8 (max 8)
- age   1:     407928 bytes,     407928 total
- age   2:    1287768 bytes,    1695696 total
- age   3:       1528 bytes,    1697224 total
- age   4:     205840 bytes,    1903064 total
- age   5:      14968 bytes,    1918032 total
- age   6:     208056 bytes,    2126088 total
- age   7:        200 bytes,    2126288 total
- age   8:     224672 bytes,    2350960 total
: 93732K->4413K(109248K), 0.0050938 secs] 107961K->18643K(502464K), 0.0052121 secs] [Times: user=0.02 sys=0.00, real=0.00 secs] 
Heap after GC invocations=42 (full 1):
 par new generation   total 109248K, used 4413K [0x00000000e0000000, 0x00000000e8000000, 0x00000000e8000000)
  eden space 87424K,   0% used [0x00000000e0000000, 0x00000000e0000000, 0x00000000e5560000)
  from space 21824K,  20% used [0x00000000e5560000, 0x00000000e59af560, 0x00000000e6ab0000)
  to   space 21824K,   0% used [0x00000000e6ab0000, 0x00000000e6ab0000, 0x00000000e8000000)
 concurrent mark-sweep generation total 393216K, used 14230K [0x00000000e8000000, 0x0000000100000000, 0x0000000100000000)
 Metaspace       used 31810K, capacity 32489K, committed 32584K, reserved 1077248K
  class space    used 3691K, capacity 3872K, committed 3912K, reserved 1048576K
}
2016-11-17T20:49:48.007+0100: 9335.863: Total time for which application threads were stopped: 0.0054544 seconds, Stopping threads took: 0.0000449 seconds
2016-11-17T20:49:48.007+0100: 9335.863: Total time for which application threads were stopped: 0.0001421 seconds, Stopping threads took: 0.0000424 seconds
2016-11-17T20:49:48.075+0100: 9335.930: Total time for which application threads were stopped: 0.0001824 seconds, Stopping threads took: 0.0000544 seconds
2016-11-17T20:49:48.081+0100: 9335.937: Total time for which application threads were stopped: 0.0001878 seconds, Stopping threads took: 0.0000394 seconds
2016-11-17T20:49:48.095+0100: 9335.950: Total time for which application threads were stopped: 0.0000951 seconds, Stopping threads took: 0.0000187 seconds
2016-11-17T20:49:48.169+0100: 9336.025: Total time for which application threads were stopped: 0.0001020 seconds, Stopping threads took: 0.0000292 seconds
2016-11-17T20:49:48.170+0100: 9336.025: Total time for which application threads were stopped: 0.0000696 seconds, Stopping threads took: 0.0000299 seconds
2016-11-17T20:49:48.170+0100: 9336.025: Total time for which application threads were stopped: 0.0000569 seconds, Stopping threads took: 0.0000157 seconds
2016-11-17T20:49:48.170+0100: 9336.025: Total time for which application threads were stopped: 0.0000479 seconds, Stopping threads took: 0.0000107 seconds
2016-11-17T20:49:48.170+0100: 9336.026: Total time for which application threads were stopped: 0.0000475 seconds, Stopping threads took: 0.0000106 seconds
2016-11-17T20:49:48.170+0100: 9336.026: Total time for which application threads were stopped: 0.0000492 seconds, Stopping threads took: 0.0000116 seconds
2016-11-17T20:49:48.170+0100: 9336.026: Total time for which application threads were stopped: 0.0000419 seconds, Stopping threads took: 0.0000101 seconds
2016-11-17T20:49:48.170+0100: 9336.026: Total time for which application threads were stopped: 0.0000374 seconds, Stopping threads took: 0.0000087 seconds
2016-11-17T20:49:48.170+0100: 9336.026: Total time for which application threads were stopped: 0.0000392 seconds, Stopping threads took: 0.0000080 seconds
2016-11-17T20:49:48.171+0100: 9336.026: Total time for which application threads were stopped: 0.0000373 seconds, Stopping threads took: 0.0000087 seconds
2016-11-17T20:49:48.172+0100: 9336.027: Total time for which application threads were stopped: 0.0000595 seconds, Stopping threads took: 0.0000118 seconds
2016-11-17T20:49:48.172+0100: 9336.027: Total time for which application threads were stopped: 0.0000422 seconds, Stopping threads took: 0.0000115 seconds
{Heap before GC invocations=42 (full 1):
 par new generation   total 109248K, used 91818K [0x00000000e0000000, 0x00000000e8000000, 0x00000000e8000000)
  eden space 87424K,  99% used [0x00000000e0000000, 0x00000000e555b390, 0x00000000e5560000)
  from space 21824K,  20% used [0x00000000e5560000, 0x00000000e59af560, 0x00000000e6ab0000)
  to   space 21824K,   0% used [0x00000000e6ab0000, 0x00000000e6ab0000, 0x00000000e8000000)
 concurrent mark-sweep generation total 393216K, used 14230K [0x00000000e8000000, 0x0000000100000000, 0x0000000100000000)
 Metaspace       used 31845K, capacity 32553K, committed 32840K, reserved 1079296K
  class space    used 3691K, capacity 3872K, committed 3912K, reserved 1048576K
2016-11-17T20:49:48.208+0100: 9336.063: [GC (Allocation Failure) 2016-11-17T20:49:48.208+0100: 9336.063: [ParNew
Desired survivor size 20112992 bytes, new threshold 8 (max 8)
- age   1:    3440192 bytes,    3440192 total
- age   2:      77936 bytes,    3518128 total
- age   3:     714152 bytes,    4232280 total
- age   4:       1528 bytes,    4233808 total
- age   5:     205344 bytes,    4439152 total
- age   6:      14968 bytes,    4454120 total
- age   7:     207840 bytes,    4661960 total
- age   8:        200 bytes,    4662160 total
: 91818K->5240K(109248K), 0.0162952 secs] 106048K->19694K(502464K), 0.0164178 secs] [Times: user=0.05 sys=0.01, real=0.02 secs] 
Heap after GC invocations=43 (full 1):
 par new generation   total 109248K, used 5240K [0x00000000e0000000, 0x00000000e8000000, 0x00000000e8000000)
  eden space 87424K,   0% used [0x00000000e0000000, 0x00000000e0000000, 0x00000000e5560000)
  from space 21824K,  24% used [0x00000000e6ab0000, 0x00000000e6fce3a0, 0x00000000e8000000)
  to   space 21824K,   0% used [0x00000000e5560000, 0x00000000e5560000, 0x00000000e6ab0000)
 concurrent mark-sweep generation total 393216K, used 14453K [0x00000000e8000000, 0x0000000100000000, 0x0000000100000000)
 Metaspace       used 31845K, capacity 32553K, committed 32840K, reserved 1079296K
  class space    used 3691K, capacity 3872K, committed 3912K, reserved 1048576K
}
2016-11-17T20:49:48.224+0100: 9336.080: Total time for which application threads were stopped: 0.0166431 seconds, Stopping threads took: 0.0000293 seconds
2016-11-17T20:49:48.225+0100: 9336.080: Total time for which application threads were stopped: 0.0002431 seconds, Stopping threads took: 0.0000300 seconds
2016-11-17T20:49:48.225+0100: 9336.080: Total time for which application threads were stopped: 0.0000802 seconds, Stopping threads took: 0.0000349 seconds
{Heap before GC invocations=43 (full 1):
 par new generation   total 109248K, used 92659K [0x00000000e0000000, 0x00000000e8000000, 0x00000000e8000000)
  eden space 87424K,  99% used [0x00000000e0000000, 0x00000000e555e958, 0x00000000e5560000)
  from space 21824K,  24% used [0x00000000e6ab0000, 0x00000000e6fce3a0, 0x00000000e8000000)
  to   space 21824K,   0% used [0x00000000e5560000, 0x00000000e5560000, 0x00000000e6ab0000)
 concurrent mark-sweep generation total 393216K, used 14453K [0x00000000e8000000, 0x0000000100000000, 0x0000000100000000)
 Metaspace       used 31855K, capacity 32565K, committed 32840K, reserved 1079296K
  class space    used 3692K, capacity 3874K, committed 3912K, reserved 1048576K
2016-11-17T20:49:48.266+0100: 9336.122: [GC (Allocation Failure) 2016-11-17T20:49:48.266+0100: 9336.122: [ParNew
Desired survivor size 20112992 bytes, new threshold 8 (max 8)
- age   1:     868704 bytes,     868704 total
- age   2:     654672 bytes,    1523376 total
- age   3:       2296 bytes,    1525672 total
- age   4:     197608 bytes,    1723280 total
- age   5:       1528 bytes,    1724808 total
- age   6:     205344 bytes,    1930152 total
- age   7:      14968 bytes,    1945120 total
- age   8:     207840 bytes,    2152960 total
: 92659K->3606K(109248K), 0.0041836 secs] 107112K->18059K(502464K), 0.0042742 secs] [Times: user=0.02 sys=0.00, real=0.01 secs] 
Heap after GC invocations=44 (full 1):
 par new generation   total 109248K, used 3606K [0x00000000e0000000, 0x00000000e8000000, 0x00000000e8000000)
  eden space 87424K,   0% used [0x00000000e0000000, 0x00000000e0000000, 0x00000000e5560000)
  from space 21824K,  16% used [0x00000000e5560000, 0x00000000e58e58a0, 0x00000000e6ab0000)
  to   space 21824K,   0% used [0x00000000e6ab0000, 0x00000000e6ab0000, 0x00000000e8000000)
 concurrent mark-sweep generation total 393216K, used 14453K [0x00000000e8000000, 0x0000000100000000, 0x0000000100000000)
 Metaspace       used 31855K, capacity 32565K, committed 32840K, reserved 1079296K
  class space    used 3692K, capacity 3874K, committed 3912K, reserved 1048576K
}
2016-11-17T20:49:48.270+0100: 9336.126: Total time for which application threads were stopped: 0.0044684 seconds, Stopping threads took: 0.0000247 seconds
2016-11-17T20:49:48.271+0100: 9336.126: Total time for which application threads were stopped: 0.0001520 seconds, Stopping threads took: 0.0000352 seconds
2016-11-17T20:49:48.361+0100: 9336.216: Total time for which application threads were stopped: 0.0001333 seconds, Stopping threads took: 0.0000365 seconds
2016-11-17T20:49:48.380+0100: 9336.235: Total time for which application threads were stopped: 0.0001746 seconds, Stopping threads took: 0.0000345 seconds
2016-11-17T20:49:48.394+0100: 9336.250: Total time for which application threads were stopped: 0.0001092 seconds, Stopping threads took: 0.0000395 seconds
2016-11-17T20:49:48.436+0100: 9336.292: Total time for which application threads were stopped: 0.0000951 seconds, Stopping threads took: 0.0000274 seconds
2016-11-17T20:49:48.437+0100: 9336.292: Total time for which application threads were stopped: 0.0000500 seconds, Stopping threads took: 0.0000145 seconds
2016-11-17T20:49:48.437+0100: 9336.292: Total time for which application threads were stopped: 0.0000442 seconds, Stopping threads took: 0.0000129 seconds
2016-11-17T20:49:48.437+0100: 9336.292: Total time for which application threads were stopped: 0.0000559 seconds, Stopping threads took: 0.0000245 seconds
2016-11-17T20:49:48.437+0100: 9336.293: Total time for which application threads were stopped: 0.0000461 seconds, Stopping threads took: 0.0000130 seconds
2016-11-17T20:49:48.437+0100: 9336.293: Total time for which application threads were stopped: 0.0000557 seconds, Stopping threads took: 0.0000111 seconds
2016-11-17T20:49:48.437+0100: 9336.293: Total time for which application threads were stopped: 0.0000554 seconds, Stopping threads took: 0.0000119 seconds
2016-11-17T20:49:48.437+0100: 9336.293: Total time for which application threads were stopped: 0.0000536 seconds, Stopping threads took: 0.0000102 seconds
2016-11-17T20:49:48.437+0100: 9336.293: Total time for which application threads were stopped: 0.0000542 seconds, Stopping threads took: 0.0000104 seconds
2016-11-17T20:49:48.437+0100: 9336.293: Total time for which application threads were stopped: 0.0000539 seconds, Stopping threads took: 0.0000102 seconds
2016-11-17T20:49:48.438+0100: 9336.294: Total time for which application threads were stopped: 0.0000704 seconds, Stopping threads took: 0.0000145 seconds
2016-11-17T20:49:48.439+0100: 9336.294: Total time for which application threads were stopped: 0.0000544 seconds, Stopping threads took: 0.0000105 seconds
{Heap before GC invocations=44 (full 1):
 par new generation   total 109248K, used 91030K [0x00000000e0000000, 0x00000000e8000000, 0x00000000e8000000)
  eden space 87424K, 100% used [0x00000000e0000000, 0x00000000e5560000, 0x00000000e5560000)
  from space 21824K,  16% used [0x00000000e5560000, 0x00000000e58e58a0, 0x00000000e6ab0000)
  to   space 21824K,   0% used [0x00000000e6ab0000, 0x00000000e6ab0000, 0x00000000e8000000)
 concurrent mark-sweep generation total 393216K, used 14453K [0x00000000e8000000, 0x0000000100000000, 0x0000000100000000)
 Metaspace       used 32352K, capacity 33395K, committed 33480K, reserved 1079296K
  class space    used 3757K, capacity 3991K, committed 4040K, reserved 1048576K
2016-11-17T20:49:48.447+0100: 9336.303: [GC (Allocation Failure) 2016-11-17T20:49:48.447+0100: 9336.303: [ParNew
Desired survivor size 20112992 bytes, new threshold 8 (max 8)
- age   1:    2799704 bytes,    2799704 total
- age   2:     148992 bytes,    2948696 total
- age   3:     633776 bytes,    3582472 total
- age   4:       2296 bytes,    3584768 total
- age   5:     196880 bytes,    3781648 total
- age   6:       1528 bytes,    3783176 total
- age   7:     204880 bytes,    3988056 total
- age   8:      14968 bytes,    4003024 total
: 91030K->4537K(109248K), 0.0066023 secs] 105483K->19196K(502464K), 0.0067062 secs] [Times: user=0.02 sys=0.00, real=0.01 secs] 
Heap after GC invocations=45 (full 1):
 par new generation   total 109248K, used 4537K [0x00000000e0000000, 0x00000000e8000000, 0x00000000e8000000)
  eden space 87424K,   0% used [0x00000000e0000000, 0x00000000e0000000, 0x00000000e5560000)
  from space 21824K,  20% used [0x00000000e6ab0000, 0x00000000e6f1e5f0, 0x00000000e8000000)
  to   space 21824K,   0% used [0x00000000e5560000, 0x00000000e5560000, 0x00000000e6ab0000)
 concurrent mark-sweep generation total 393216K, used 14659K [0x00000000e8000000, 0x0000000100000000, 0x0000000100000000)
 Metaspace       used 32352K, capacity 33395K, committed 33480K, reserved 1079296K
  class space    used 3757K, capacity 3991K, committed 4040K, reserved 1048576K
}
2016-11-17T20:49:48.454+0100: 9336.309: Total time for which application threads were stopped: 0.0068964 seconds, Stopping threads took: 0.0000368 seconds
2016-11-17T20:49:48.454+0100: 9336.310: Total time for which application threads were stopped: 0.0001121 seconds, Stopping threads took: 0.0000446 seconds
{Heap before GC invocations=45 (full 1):
 par new generation   total 109248K, used 91950K [0x00000000e0000000, 0x00000000e8000000, 0x00000000e8000000)
  eden space 87424K,  99% used [0x00000000e0000000, 0x00000000e555d290, 0x00000000e5560000)
  from space 21824K,  20% used [0x00000000e6ab0000, 0x00000000e6f1e5f0, 0x00000000e8000000)
  to   space 21824K,   0% used [0x00000000e5560000, 0x00000000e5560000, 0x00000000e6ab0000)
 concurrent mark-sweep generation total 393216K, used 14659K [0x00000000e8000000, 0x0000000100000000, 0x0000000100000000)
 Metaspace       used 32359K, capacity 33395K, committed 33480K, reserved 1079296K
  class space    used 3757K, capacity 3991K, committed 4040K, reserved 1048576K
2016-11-17T20:49:48.517+0100: 9336.372: [GC (Allocation Failure) 2016-11-17T20:49:48.517+0100: 9336.372: [ParNew
Desired survivor size 20112992 bytes, new threshold 8 (max 8)
- age   1:    1474144 bytes,    1474144 total
- age   2:     271920 bytes,    1746064 total
- age   3:       5288 bytes,    1751352 total
- age   4:     197320 bytes,    1948672 total
- age   5:       2296 bytes,    1950968 total
- age   6:     196880 bytes,    2147848 total
- age   7:       1528 bytes,    2149376 total
- age   8:     204880 bytes,    2354256 total
: 91950K->3870K(109248K), 0.0044337 secs] 106609K->18545K(502464K), 0.0045353 secs] [Times: user=0.02 sys=0.00, real=0.01 secs] 
Heap after GC invocations=46 (full 1):
 par new generation   total 109248K, used 3870K [0x00000000e0000000, 0x00000000e8000000, 0x00000000e8000000)
  eden space 87424K,   0% used [0x00000000e0000000, 0x00000000e0000000, 0x00000000e5560000)
  from space 21824K,  17% used [0x00000000e5560000, 0x00000000e5927b98, 0x00000000e6ab0000)
  to   space 21824K,   0% used [0x00000000e6ab0000, 0x00000000e6ab0000, 0x00000000e8000000)
 concurrent mark-sweep generation total 393216K, used 14674K [0x00000000e8000000, 0x0000000100000000, 0x0000000100000000)
 Metaspace       used 32359K, capacity 33395K, committed 33480K, reserved 1079296K
  class space    used 3757K, capacity 3991K, committed 4040K, reserved 1048576K
}
2016-11-17T20:49:48.521+0100: 9336.377: Total time for which application threads were stopped: 0.0048806 seconds, Stopping threads took: 0.0000231 seconds
2016-11-17T20:49:48.522+0100: 9336.377: Total time for which application threads were stopped: 0.0002110 seconds, Stopping threads took: 0.0000358 seconds
{Heap before GC invocations=46 (full 1):
 par new generation   total 109248K, used 91294K [0x00000000e0000000, 0x00000000e8000000, 0x00000000e8000000)
  eden space 87424K, 100% used [0x00000000e0000000, 0x00000000e5560000, 0x00000000e5560000)
  from space 21824K,  17% used [0x00000000e5560000, 0x00000000e5927b98, 0x00000000e6ab0000)
  to   space 21824K,   0% used [0x00000000e6ab0000, 0x00000000e6ab0000, 0x00000000e8000000)
 concurrent mark-sweep generation total 393216K, used 14674K [0x00000000e8000000, 0x0000000100000000, 0x0000000100000000)
 Metaspace       used 32368K, capacity 33395K, committed 33480K, reserved 1079296K
  class space    used 3757K, capacity 3991K, committed 4040K, reserved 1048576K
2016-11-17T20:49:48.615+0100: 9336.471: [GC (Allocation Failure) 2016-11-17T20:49:48.615+0100: 9336.471: [ParNew
Desired survivor size 20112992 bytes, new threshold 8 (max 8)
- age   1:     568208 bytes,     568208 total
- age   2:     653280 bytes,    1221488 total
- age   3:     271920 bytes,    1493408 total
- age   4:       5288 bytes,    1498696 total
- age   5:     197320 bytes,    1696016 total
- age   6:       2296 bytes,    1698312 total
- age   7:     196880 bytes,    1895192 total
- age   8:       1528 bytes,    1896720 total
: 91294K->2360K(109248K), 0.0047668 secs] 105969K->17237K(502464K), 0.0048634 secs] [Times: user=0.02 sys=0.00, real=0.01 secs] 
Heap after GC invocations=47 (full 1):
 par new generation   total 109248K, used 2360K [0x00000000e0000000, 0x00000000e8000000, 0x00000000e8000000)
  eden space 87424K,   0% used [0x00000000e0000000, 0x00000000e0000000, 0x00000000e5560000)
  from space 21824K,  10% used [0x00000000e6ab0000, 0x00000000e6cfe290, 0x00000000e8000000)
  to   space 21824K,   0% used [0x00000000e5560000, 0x00000000e5560000, 0x00000000e6ab0000)
 concurrent mark-sweep generation total 393216K, used 14877K [0x00000000e8000000, 0x0000000100000000, 0x0000000100000000)
 Metaspace       used 32368K, capacity 33395K, committed 33480K, reserved 1079296K
  class space    used 3757K, capacity 3991K, committed 4040K, reserved 1048576K
}
2016-11-17T20:49:48.620+0100: 9336.476: Total time for which application threads were stopped: 0.0050380 seconds, Stopping threads took: 0.0000189 seconds
2016-11-17T20:49:48.620+0100: 9336.476: Total time for which application threads were stopped: 0.0001198 seconds, Stopping threads took: 0.0000362 seconds
2016-11-17T20:49:48.644+0100: 9336.500: Total time for which application threads were stopped: 0.0001625 seconds, Stopping threads took: 0.0000387 seconds
2016-11-17T20:49:48.650+0100: 9336.506: Total time for which application threads were stopped: 0.0002067 seconds, Stopping threads took: 0.0000653 seconds
2016-11-17T20:49:48.663+0100: 9336.518: Total time for which application threads were stopped: 0.0001162 seconds, Stopping threads took: 0.0000422 seconds
2016-11-17T20:49:48.832+0100: 9336.688: Total time for which application threads were stopped: 0.0001156 seconds, Stopping threads took: 0.0000229 seconds
2016-11-17T20:49:48.832+0100: 9336.688: Total time for which application threads were stopped: 0.0000622 seconds, Stopping threads took: 0.0000253 seconds
2016-11-17T20:49:48.833+0100: 9336.688: Total time for which application threads were stopped: 0.0000460 seconds, Stopping threads took: 0.0000146 seconds
2016-11-17T20:49:48.833+0100: 9336.688: Total time for which application threads were stopped: 0.0000577 seconds, Stopping threads took: 0.0000269 seconds
2016-11-17T20:49:48.833+0100: 9336.688: Total time for which application threads were stopped: 0.0000359 seconds, Stopping threads took: 0.0000069 seconds
2016-11-17T20:49:48.833+0100: 9336.688: Total time for which application threads were stopped: 0.0000370 seconds, Stopping threads took: 0.0000084 seconds
2016-11-17T20:49:48.833+0100: 9336.688: Total time for which application threads were stopped: 0.0000365 seconds, Stopping threads took: 0.0000080 seconds
2016-11-17T20:49:48.833+0100: 9336.688: Total time for which application threads were stopped: 0.0000363 seconds, Stopping threads took: 0.0000082 seconds
2016-11-17T20:49:48.833+0100: 9336.688: Total time for which application threads were stopped: 0.0000361 seconds, Stopping threads took: 0.0000080 seconds
2016-11-17T20:49:48.833+0100: 9336.689: Total time for which application threads were stopped: 0.0000364 seconds, Stopping threads took: 0.0000080 seconds
2016-11-17T20:49:48.834+0100: 9336.690: Total time for which application threads were stopped: 0.0000558 seconds, Stopping threads took: 0.0000130 seconds
2016-11-17T20:49:48.834+0100: 9336.690: Total time for which application threads were stopped: 0.0000376 seconds, Stopping threads took: 0.0000079 seconds
{Heap before GC invocations=47 (full 1):
 par new generation   total 109248K, used 89784K [0x00000000e0000000, 0x00000000e8000000, 0x00000000e8000000)
  eden space 87424K, 100% used [0x00000000e0000000, 0x00000000e5560000, 0x00000000e5560000)
  from space 21824K,  10% used [0x00000000e6ab0000, 0x00000000e6cfe290, 0x00000000e8000000)
  to   space 21824K,   0% used [0x00000000e5560000, 0x00000000e5560000, 0x00000000e6ab0000)
 concurrent mark-sweep generation total 393216K, used 14877K [0x00000000e8000000, 0x0000000100000000, 0x0000000100000000)
 Metaspace       used 32401K, capacity 33413K, committed 33480K, reserved 1079296K
  class space    used 3759K, capacity 3994K, committed 4040K, reserved 1048576K
2016-11-17T20:49:48.888+0100: 9336.743: [GC (Allocation Failure) 2016-11-17T20:49:48.888+0100: 9336.743: [ParNew
Desired survivor size 20112992 bytes, new threshold 8 (max 8)
- age   1:    3955560 bytes,    3955560 total
- age   2:     134888 bytes,    4090448 total
- age   3:     629224 bytes,    4719672 total
- age   4:     265672 bytes,    4985344 total
- age   5:       5288 bytes,    4990632 total
- age   6:     196136 bytes,    5186768 total
- age   7:       2296 bytes,    5189064 total
- age   8:     196880 bytes,    5385944 total
: 89784K->6474K(109248K), 0.0069425 secs] 104661K->21352K(502464K), 0.0070605 secs] [Times: user=0.02 sys=0.00, real=0.01 secs] 
Heap after GC invocations=48 (full 1):
 par new generation   total 109248K, used 6474K [0x00000000e0000000, 0x00000000e8000000, 0x00000000e8000000)
  eden space 87424K,   0% used [0x00000000e0000000, 0x00000000e0000000, 0x00000000e5560000)
  from space 21824K,  29% used [0x00000000e5560000, 0x00000000e5bb2890, 0x00000000e6ab0000)
  to   space 21824K,   0% used [0x00000000e6ab0000, 0x00000000e6ab0000, 0x00000000e8000000)
 concurrent mark-sweep generation total 393216K, used 14878K [0x00000000e8000000, 0x0000000100000000, 0x0000000100000000)
 Metaspace       used 32401K, capacity 33413K, committed 33480K, reserved 1079296K
  class space    used 3759K, capacity 3994K, committed 4040K, reserved 1048576K
}
2016-11-17T20:49:48.895+0100: 9336.750: Total time for which application threads were stopped: 0.0072763 seconds, Stopping threads took: 0.0000232 seconds
2016-11-17T20:49:48.895+0100: 9336.751: Total time for which application threads were stopped: 0.0001375 seconds, Stopping threads took: 0.0000366 seconds
2016-11-17T20:49:48.895+0100: 9336.751: Total time for which application threads were stopped: 0.0001308 seconds, Stopping threads took: 0.0000151 seconds
{Heap before GC invocations=48 (full 1):
 par new generation   total 109248K, used 93898K [0x00000000e0000000, 0x00000000e8000000, 0x00000000e8000000)
  eden space 87424K, 100% used [0x00000000e0000000, 0x00000000e5560000, 0x00000000e5560000)
  from space 21824K,  29% used [0x00000000e5560000, 0x00000000e5bb2890, 0x00000000e6ab0000)
  to   space 21824K,   0% used [0x00000000e6ab0000, 0x00000000e6ab0000, 0x00000000e8000000)
 concurrent mark-sweep generation total 393216K, used 14878K [0x00000000e8000000, 0x0000000100000000, 0x0000000100000000)
 Metaspace       used 32401K, capacity 33413K, committed 33480K, reserved 1079296K
  class space    used 3759K, capacity 3994K, committed 4040K, reserved 1048576K
2016-11-17T20:49:48.939+0100: 9336.795: [GC (Allocation Failure) 2016-11-17T20:49:48.939+0100: 9336.795: [ParNew
Desired survivor size 20112992 bytes, new threshold 8 (max 8)
- age   1:     176360 bytes,     176360 total
- age   2:    1306968 bytes,    1483328 total
- age   3:       3104 bytes,    1486432 total
- age   4:     173664 bytes,    1660096 total
- age   5:     175592 bytes,    1835688 total
- age   6:       5288 bytes,    1840976 total
- age   7:     196136 bytes,    2037112 total
- age   8:       2296 bytes,    2039408 total
: 93898K->4376K(109248K), 0.0050037 secs] 108776K->19449K(502464K), 0.0051278 secs] [Times: user=0.01 sys=0.00, real=0.00 secs] 
Heap after GC invocations=49 (full 1):
 par new generation   total 109248K, used 4376K [0x00000000e0000000, 0x00000000e8000000, 0x00000000e8000000)
  eden space 87424K,   0% used [0x00000000e0000000, 0x00000000e0000000, 0x00000000e5560000)
  from space 21824K,  20% used [0x00000000e6ab0000, 0x00000000e6ef6120, 0x00000000e8000000)
  to   space 21824K,   0% used [0x00000000e5560000, 0x00000000e5560000, 0x00000000e6ab0000)
 concurrent mark-sweep generation total 393216K, used 15073K [0x00000000e8000000, 0x0000000100000000, 0x0000000100000000)
 Metaspace       used 32401K, capacity 33413K, committed 33480K, reserved 1079296K
  class space    used 3759K, capacity 3994K, committed 4040K, reserved 1048576K
}
2016-11-17T20:49:48.944+0100: 9336.800: Total time for which application threads were stopped: 0.0054224 seconds, Stopping threads took: 0.0000996 seconds
2016-11-17T20:49:48.991+0100: 9336.846: Total time for which application threads were stopped: 0.0001867 seconds, Stopping threads took: 0.0000250 seconds
2016-11-17T20:49:48.996+0100: 9336.851: Total time for which application threads were stopped: 0.0001532 seconds, Stopping threads took: 0.0000438 seconds
2016-11-17T20:49:49.009+0100: 9336.864: Total time for which application threads were stopped: 0.0001479 seconds, Stopping threads took: 0.0000583 seconds
{Heap before GC invocations=49 (full 1):
 par new generation   total 109248K, used 91775K [0x00000000e0000000, 0x00000000e8000000, 0x00000000e8000000)
  eden space 87424K,  99% used [0x00000000e0000000, 0x00000000e5559dc8, 0x00000000e5560000)
  from space 21824K,  20% used [0x00000000e6ab0000, 0x00000000e6ef6120, 0x00000000e8000000)
  to   space 21824K,   0% used [0x00000000e5560000, 0x00000000e5560000, 0x00000000e6ab0000)
 concurrent mark-sweep generation total 393216K, used 15073K [0x00000000e8000000, 0x0000000100000000, 0x0000000100000000)
 Metaspace       used 32428K, capacity 33413K, committed 33480K, reserved 1079296K
  class space    used 3759K, capacity 3994K, committed 4040K, reserved 1048576K
2016-11-17T20:49:49.118+0100: 9336.974: [GC (Allocation Failure) 2016-11-17T20:49:49.118+0100: 9336.974: [ParNew
Desired survivor size 20112992 bytes, new threshold 8 (max 8)
- age   1:    4007584 bytes,    4007584 total
- age   2:      91144 bytes,    4098728 total
- age   3:     738136 bytes,    4836864 total
- age   4:       3104 bytes,    4839968 total
- age   5:     173664 bytes,    5013632 total
- age   6:     174408 bytes,    5188040 total
- age   7:       5288 bytes,    5193328 total
- age   8:     196136 bytes,    5389464 total
: 91775K->5759K(109248K), 0.0067070 secs] 106849K->20834K(502464K), 0.0068122 secs] [Times: user=0.03 sys=0.00, real=0.01 secs] 
Heap after GC invocations=50 (full 1):
 par new generation   total 109248K, used 5759K [0x00000000e0000000, 0x00000000e8000000, 0x00000000e8000000)
  eden space 87424K,   0% used [0x00000000e0000000, 0x00000000e0000000, 0x00000000e5560000)
  from space 21824K,  26% used [0x00000000e5560000, 0x00000000e5affc18, 0x00000000e6ab0000)
  to   space 21824K,   0% used [0x00000000e6ab0000, 0x00000000e6ab0000, 0x00000000e8000000)
 concurrent mark-sweep generation total 393216K, used 15075K [0x00000000e8000000, 0x0000000100000000, 0x0000000100000000)
 Metaspace       used 32428K, capacity 33413K, committed 33480K, reserved 1079296K
  class space    used 3759K, capacity 3994K, committed 4040K, reserved 1048576K
}
2016-11-17T20:49:49.125+0100: 9336.980: Total time for which application threads were stopped: 0.0070431 seconds, Stopping threads took: 0.0000306 seconds
2016-11-17T20:49:49.125+0100: 9336.981: Total time for which application threads were stopped: 0.0001107 seconds, Stopping threads took: 0.0000280 seconds
2016-11-17T20:49:49.125+0100: 9336.981: Total time for which application threads were stopped: 0.0000895 seconds, Stopping threads took: 0.0000133 seconds
{Heap before GC invocations=50 (full 1):
 par new generation   total 109248K, used 93183K [0x00000000e0000000, 0x00000000e8000000, 0x00000000e8000000)
  eden space 87424K, 100% used [0x00000000e0000000, 0x00000000e5560000, 0x00000000e5560000)
  from space 21824K,  26% used [0x00000000e5560000, 0x00000000e5affc18, 0x00000000e6ab0000)
  to   space 21824K,   0% used [0x00000000e6ab0000, 0x00000000e6ab0000, 0x00000000e8000000)
 concurrent mark-sweep generation total 393216K, used 15075K [0x00000000e8000000, 0x0000000100000000, 0x0000000100000000)
 Metaspace       used 32428K, capacity 33413K, committed 33480K, reserved 1079296K
  class space    used 3760K, capacity 3994K, committed 4040K, reserved 1048576K
2016-11-17T20:49:49.161+0100: 9337.017: [GC (Allocation Failure) 2016-11-17T20:49:49.161+0100: 9337.017: [ParNew
Desired survivor size 20112992 bytes, new threshold 8 (max 8)
- age   1:      90664 bytes,      90664 total
- age   2:    1296600 bytes,    1387264 total
- age   3:        520 bytes,    1387784 total
- age   4:     209176 bytes,    1596960 total
- age   5:       3104 bytes,    1600064 total
- age   6:     173664 bytes,    1773728 total
- age   7:     174408 bytes,    1948136 total
- age   8:       5288 bytes,    1953424 total
: 93183K->4119K(109248K), 0.0043648 secs] 108258K->19389K(502464K), 0.0044975 secs] [Times: user=0.02 sys=0.00, real=0.00 secs] 
Heap after GC invocations=51 (full 1):
 par new generation   total 109248K, used 4119K [0x00000000e0000000, 0x00000000e8000000, 0x00000000e8000000)
  eden space 87424K,   0% used [0x00000000e0000000, 0x00000000e0000000, 0x00000000e5560000)
  from space 21824K,  18% used [0x00000000e6ab0000, 0x00000000e6eb5f00, 0x00000000e8000000)
  to   space 21824K,   0% used [0x00000000e5560000, 0x00000000e5560000, 0x00000000e6ab0000)
 concurrent mark-sweep generation total 393216K, used 15269K [0x00000000e8000000, 0x0000000100000000, 0x0000000100000000)
 Metaspace       used 32428K, capacity 33413K, committed 33480K, reserved 1079296K
  class space    used 3760K, capacity 3994K, committed 4040K, reserved 1048576K
}
2016-11-17T20:49:49.166+0100: 9337.021: Total time for which application threads were stopped: 0.0047483 seconds, Stopping threads took: 0.0000274 seconds
2016-11-17T20:49:49.166+0100: 9337.021: Total time for which application threads were stopped: 0.0001983 seconds, Stopping threads took: 0.0000583 seconds
2016-11-17T20:49:49.229+0100: 9337.084: Total time for which application threads were stopped: 0.0001860 seconds, Stopping threads took: 0.0000278 seconds
2016-11-17T20:49:49.230+0100: 9337.085: Total time for which application threads were stopped: 0.0001576 seconds, Stopping threads took: 0.0000602 seconds
2016-11-17T20:49:49.237+0100: 9337.092: Total time for which application threads were stopped: 0.0001550 seconds, Stopping threads took: 0.0000707 seconds
2016-11-17T20:49:49.249+0100: 9337.104: Total time for which application threads were stopped: 0.0002011 seconds, Stopping threads took: 0.0000267 seconds
2016-11-17T20:49:49.258+0100: 9337.113: Total time for which application threads were stopped: 0.0000913 seconds, Stopping threads took: 0.0000250 seconds
2016-11-17T20:49:50.258+0100: 9338.113: Total time for which application threads were stopped: 0.0001015 seconds, Stopping threads took: 0.0000240 seconds
2016-11-17T20:50:29.263+0100: 9377.118: Total time for which application threads were stopped: 0.0001102 seconds, Stopping threads took: 0.0000264 seconds
{Heap before GC invocations=51 (full 1):
 par new generation   total 109248K, used 91543K [0x00000000e0000000, 0x00000000e8000000, 0x00000000e8000000)
  eden space 87424K,  99% used [0x00000000e0000000, 0x00000000e555fe08, 0x00000000e5560000)
  from space 21824K,  18% used [0x00000000e6ab0000, 0x00000000e6eb5f00, 0x00000000e8000000)
  to   space 21824K,   0% used [0x00000000e5560000, 0x00000000e5560000, 0x00000000e6ab0000)
 concurrent mark-sweep generation total 393216K, used 15269K [0x00000000e8000000, 0x0000000100000000, 0x0000000100000000)
 Metaspace       used 32458K, capacity 33417K, committed 33480K, reserved 1079296K
  class space    used 3760K, capacity 3994K, committed 4040K, reserved 1048576K
2016-11-17T20:50:29.271+0100: 9377.126: [GC (Allocation Failure) 2016-11-17T20:50:29.271+0100: 9377.126: [ParNew
Desired survivor size 20112992 bytes, new threshold 8 (max 8)
- age   1:    3396120 bytes,    3396120 total
- age   2:      80184 bytes,    3476304 total
- age   3:     718712 bytes,    4195016 total
- age   4:        520 bytes,    4195536 total
- age   5:     208176 bytes,    4403712 total
- age   6:       3104 bytes,    4406816 total
- age   7:     173664 bytes,    4580480 total
- age   8:     174408 bytes,    4754888 total
: 91543K->5550K(109248K), 0.0183818 secs] 106813K->20825K(502464K), 0.0185498 secs] [Times: user=0.03 sys=0.00, real=0.02 secs] 
Heap after GC invocations=52 (full 1):
 par new generation   total 109248K, used 5550K [0x00000000e0000000, 0x00000000e8000000, 0x00000000e8000000)
  eden space 87424K,   0% used [0x00000000e0000000, 0x00000000e0000000, 0x00000000e5560000)
  from space 21824K,  25% used [0x00000000e5560000, 0x00000000e5acb980, 0x00000000e6ab0000)
  to   space 21824K,   0% used [0x00000000e6ab0000, 0x00000000e6ab0000, 0x00000000e8000000)
 concurrent mark-sweep generation total 393216K, used 15275K [0x00000000e8000000, 0x0000000100000000, 0x0000000100000000)
 Metaspace       used 32458K, capacity 33417K, committed 33480K, reserved 1079296K
  class space    used 3760K, capacity 3994K, committed 4040K, reserved 1048576K
}
2016-11-17T20:50:29.289+0100: 9377.145: Total time for which application threads were stopped: 0.0187926 seconds, Stopping threads took: 0.0000238 seconds
2016-11-17T20:50:29.290+0100: 9377.145: Total time for which application threads were stopped: 0.0002252 seconds, Stopping threads took: 0.0000484 seconds
2016-11-17T20:50:29.290+0100: 9377.145: Total time for which application threads were stopped: 0.0000811 seconds, Stopping threads took: 0.0000282 seconds
{Heap before GC invocations=52 (full 1):
 par new generation   total 109248K, used 92974K [0x00000000e0000000, 0x00000000e8000000, 0x00000000e8000000)
  eden space 87424K, 100% used [0x00000000e0000000, 0x00000000e5560000, 0x00000000e5560000)
  from space 21824K,  25% used [0x00000000e5560000, 0x00000000e5acb980, 0x00000000e6ab0000)
  to   space 21824K,   0% used [0x00000000e6ab0000, 0x00000000e6ab0000, 0x00000000e8000000)
 concurrent mark-sweep generation total 393216K, used 15275K [0x00000000e8000000, 0x0000000100000000, 0x0000000100000000)
 Metaspace       used 32464K, capacity 33481K, committed 33736K, reserved 1079296K
  class space    used 3760K, capacity 3994K, committed 4040K, reserved 1048576K
2016-11-17T20:50:29.359+0100: 9377.214: [GC (Allocation Failure) 2016-11-17T20:50:29.359+0100: 9377.214: [ParNew
Desired survivor size 20112992 bytes, new threshold 8 (max 8)
- age   1:     836440 bytes,     836440 total
- age   2:     667352 bytes,    1503792 total
- age   3:       2136 bytes,    1505928 total
- age   4:     199728 bytes,    1705656 total
- age   5:        520 bytes,    1706176 total
- age   6:     208176 bytes,    1914352 total
- age   7:       3104 bytes,    1917456 total
- age   8:     173664 bytes,    2091120 total
: 92974K->3829K(109248K), 0.0053021 secs] 108249K->19281K(502464K), 0.0054230 secs] [Times: user=0.02 sys=0.00, real=0.00 secs] 
Heap after GC invocations=53 (full 1):
 par new generation   total 109248K, used 3829K [0x00000000e0000000, 0x00000000e8000000, 0x00000000e8000000)
  eden space 87424K,   0% used [0x00000000e0000000, 0x00000000e0000000, 0x00000000e5560000)
  from space 21824K,  17% used [0x00000000e6ab0000, 0x00000000e6e6d600, 0x00000000e8000000)
  to   space 21824K,   0% used [0x00000000e5560000, 0x00000000e5560000, 0x00000000e6ab0000)
 concurrent mark-sweep generation total 393216K, used 15452K [0x00000000e8000000, 0x0000000100000000, 0x0000000100000000)
 Metaspace       used 32464K, capacity 33481K, committed 33736K, reserved 1079296K
  class space    used 3760K, capacity 3994K, committed 4040K, reserved 1048576K
}
2016-11-17T20:50:29.364+0100: 9377.220: Total time for which application threads were stopped: 0.0057050 seconds, Stopping threads took: 0.0000465 seconds
2016-11-17T20:50:29.365+0100: 9377.220: Total time for which application threads were stopped: 0.0002145 seconds, Stopping threads took: 0.0000460 seconds
{Heap before GC invocations=53 (full 1):
 par new generation   total 109248K, used 91253K [0x00000000e0000000, 0x00000000e8000000, 0x00000000e8000000)
  eden space 87424K, 100% used [0x00000000e0000000, 0x00000000e5560000, 0x00000000e5560000)
  from space 21824K,  17% used [0x00000000e6ab0000, 0x00000000e6e6d600, 0x00000000e8000000)
  to   space 21824K,   0% used [0x00000000e5560000, 0x00000000e5560000, 0x00000000e6ab0000)
 concurrent mark-sweep generation total 393216K, used 15452K [0x00000000e8000000, 0x0000000100000000, 0x0000000100000000)
 Metaspace       used 32466K, capacity 33481K, committed 33736K, reserved 1079296K
  class space    used 3760K, capacity 3994K, committed 4040K, reserved 1048576K
2016-11-17T20:50:29.432+0100: 9377.287: [GC (Allocation Failure) 2016-11-17T20:50:29.432+0100: 9377.287: [ParNew
Desired survivor size 20112992 bytes, new threshold 8 (max 8)
- age   1:     566576 bytes,     566576 total
- age   2:     126072 bytes,     692648 total
- age   3:     657536 bytes,    1350184 total
- age   4:       2136 bytes,    1352320 total
- age   5:     199728 bytes,    1552048 total
- age   6:        520 bytes,    1552568 total
- age   7:     208176 bytes,    1760744 total
- age   8:       3104 bytes,    1763848 total
: 91253K->2345K(109248K), 0.0054771 secs] 106705K->17968K(502464K), 0.0056060 secs] [Times: user=0.02 sys=0.00, real=0.00 secs] 
Heap after GC invocations=54 (full 1):
 par new generation   total 109248K, used 2345K [0x00000000e0000000, 0x00000000e8000000, 0x00000000e8000000)
  eden space 87424K,   0% used [0x00000000e0000000, 0x00000000e0000000, 0x00000000e5560000)
  from space 21824K,  10% used [0x00000000e5560000, 0x00000000e57aa5c0, 0x00000000e6ab0000)
  to   space 21824K,   0% used [0x00000000e6ab0000, 0x00000000e6ab0000, 0x00000000e8000000)
 concurrent mark-sweep generation total 393216K, used 15623K [0x00000000e8000000, 0x0000000100000000, 0x0000000100000000)
 Metaspace       used 32466K, capacity 33481K, committed 33736K, reserved 1079296K
  class space    used 3760K, capacity 3994K, committed 4040K, reserved 1048576K
}
2016-11-17T20:50:29.437+0100: 9377.293: Total time for which application threads were stopped: 0.0058765 seconds, Stopping threads took: 0.0000670 seconds
2016-11-17T20:50:29.467+0100: 9377.322: Total time for which application threads were stopped: 0.0001773 seconds, Stopping threads took: 0.0000417 seconds
2016-11-17T20:50:29.510+0100: 9377.366: Total time for which application threads were stopped: 0.0001535 seconds, Stopping threads took: 0.0000330 seconds
2016-11-17T20:50:29.564+0100: 9377.419: Total time for which application threads were stopped: 0.0001024 seconds, Stopping threads took: 0.0000266 seconds
2016-11-17T20:50:29.745+0100: 9377.600: Total time for which application threads were stopped: 0.0001185 seconds, Stopping threads took: 0.0000250 seconds
2016-11-17T20:50:29.746+0100: 9377.601: Total time for which application threads were stopped: 0.0001003 seconds, Stopping threads took: 0.0000195 seconds
2016-11-17T20:50:29.746+0100: 9377.601: Total time for which application threads were stopped: 0.0000744 seconds, Stopping threads took: 0.0000258 seconds
2016-11-17T20:50:29.746+0100: 9377.601: Total time for which application threads were stopped: 0.0000594 seconds, Stopping threads took: 0.0000108 seconds
2016-11-17T20:50:29.746+0100: 9377.602: Total time for which application threads were stopped: 0.0001054 seconds, Stopping threads took: 0.0000695 seconds
2016-11-17T20:50:29.746+0100: 9377.602: Total time for which application threads were stopped: 0.0000546 seconds, Stopping threads took: 0.0000217 seconds
2016-11-17T20:50:29.746+0100: 9377.602: Total time for which application threads were stopped: 0.0000496 seconds, Stopping threads took: 0.0000164 seconds
2016-11-17T20:50:29.746+0100: 9377.602: Total time for which application threads were stopped: 0.0000555 seconds, Stopping threads took: 0.0000096 seconds
2016-11-17T20:50:29.746+0100: 9377.602: Total time for which application threads were stopped: 0.0000435 seconds, Stopping threads took: 0.0000098 seconds
2016-11-17T20:50:29.747+0100: 9377.602: Total time for which application threads were stopped: 0.0000549 seconds, Stopping threads took: 0.0000210 seconds
2016-11-17T20:50:29.748+0100: 9377.604: Total time for which application threads were stopped: 0.0001215 seconds, Stopping threads took: 0.0000412 seconds
2016-11-17T20:50:29.748+0100: 9377.604: Total time for which application threads were stopped: 0.0000553 seconds, Stopping threads took: 0.0000111 seconds
{Heap before GC invocations=54 (full 1):
 par new generation   total 109248K, used 89769K [0x00000000e0000000, 0x00000000e8000000, 0x00000000e8000000)
  eden space 87424K, 100% used [0x00000000e0000000, 0x00000000e5560000, 0x00000000e5560000)
  from space 21824K,  10% used [0x00000000e5560000, 0x00000000e57aa5c0, 0x00000000e6ab0000)
  to   space 21824K,   0% used [0x00000000e6ab0000, 0x00000000e6ab0000, 0x00000000e8000000)
 concurrent mark-sweep generation total 393216K, used 15623K [0x00000000e8000000, 0x0000000100000000, 0x0000000100000000)
 Metaspace       used 32488K, capacity 33481K, committed 33736K, reserved 1079296K
  class space    used 3760K, capacity 3994K, committed 4040K, reserved 1048576K
2016-11-17T20:50:46.150+0100: 9394.006: [GC (Allocation Failure) 2016-11-17T20:50:46.150+0100: 9394.006: [ParNew
Desired survivor size 20112992 bytes, new threshold 8 (max 8)
- age   1:    3748944 bytes,    3748944 total
- age   2:     380752 bytes,    4129696 total
- age   3:     124384 bytes,    4254080 total
- age   4:     626320 bytes,    4880400 total
- age   5:       2136 bytes,    4882536 total
- age   6:     199120 bytes,    5081656 total
- age   7:        520 bytes,    5082176 total
- age   8:     208176 bytes,    5290352 total
: 89769K->5683K(109248K), 0.0159436 secs] 105392K->21310K(502464K), 0.0160789 secs] [Times: user=0.03 sys=0.00, real=0.01 secs] 
Heap after GC invocations=55 (full 1):
 par new generation   total 109248K, used 5683K [0x00000000e0000000, 0x00000000e8000000, 0x00000000e8000000)
  eden space 87424K,   0% used [0x00000000e0000000, 0x00000000e0000000, 0x00000000e5560000)
  from space 21824K,  26% used [0x00000000e6ab0000, 0x00000000e703ce20, 0x00000000e8000000)
  to   space 21824K,   0% used [0x00000000e5560000, 0x00000000e5560000, 0x00000000e6ab0000)
 concurrent mark-sweep generation total 393216K, used 15626K [0x00000000e8000000, 0x0000000100000000, 0x0000000100000000)
 Metaspace       used 32488K, capacity 33481K, committed 33736K, reserved 1079296K
  class space    used 3760K, capacity 3994K, committed 4040K, reserved 1048576K
}
2016-11-17T20:50:46.166+0100: 9394.022: Total time for which application threads were stopped: 0.0163065 seconds, Stopping threads took: 0.0000308 seconds
2016-11-17T20:50:46.170+0100: 9394.025: Total time for which application threads were stopped: 0.0003603 seconds, Stopping threads took: 0.0001859 seconds
2016-11-17T20:50:46.171+0100: 9394.026: Total time for which application threads were stopped: 0.0009186 seconds, Stopping threads took: 0.0007386 seconds
{Heap before GC invocations=55 (full 1):
 par new generation   total 109248K, used 93107K [0x00000000e0000000, 0x00000000e8000000, 0x00000000e8000000)
  eden space 87424K, 100% used [0x00000000e0000000, 0x00000000e5560000, 0x00000000e5560000)
  from space 21824K,  26% used [0x00000000e6ab0000, 0x00000000e703ce20, 0x00000000e8000000)
  to   space 21824K,   0% used [0x00000000e5560000, 0x00000000e5560000, 0x00000000e6ab0000)
 concurrent mark-sweep generation total 393216K, used 15626K [0x00000000e8000000, 0x0000000100000000, 0x0000000100000000)
 Metaspace       used 32488K, capacity 33481K, committed 33736K, reserved 1079296K
  class space    used 3760K, capacity 3994K, committed 4040K, reserved 1048576K
2016-11-17T20:50:46.254+0100: 9394.110: [GC (Allocation Failure) 2016-11-17T20:50:46.255+0100: 9394.110: [ParNew
Desired survivor size 20112992 bytes, new threshold 8 (max 8)
- age   1:     255848 bytes,     255848 total
- age   2:    1324720 bytes,    1580568 total
- age   3:       3104 bytes,    1583672 total
- age   4:       3288 bytes,    1586960 total
- age   5:     198944 bytes,    1785904 total
- age   6:       2136 bytes,    1788040 total
- age   7:     199120 bytes,    1987160 total
- age   8:        520 bytes,    1987680 total
: 93107K->3904K(109248K), 0.0058013 secs] 108734K->19736K(502464K), 0.0059442 secs] [Times: user=0.01 sys=0.00, real=0.01 secs] 
Heap after GC invocations=56 (full 1):
 par new generation   total 109248K, used 3904K [0x00000000e0000000, 0x00000000e8000000, 0x00000000e8000000)
  eden space 87424K,   0% used [0x00000000e0000000, 0x00000000e0000000, 0x00000000e5560000)
  from space 21824K,  17% used [0x00000000e5560000, 0x00000000e5930020, 0x00000000e6ab0000)
  to   space 21824K,   0% used [0x00000000e6ab0000, 0x00000000e6ab0000, 0x00000000e8000000)
 concurrent mark-sweep generation total 393216K, used 15832K [0x00000000e8000000, 0x0000000100000000, 0x0000000100000000)
 Metaspace       used 32488K, capacity 33481K, committed 33736K, reserved 1079296K
  class space    used 3760K, capacity 3994K, committed 4040K, reserved 1048576K
}
2016-11-17T20:50:46.261+0100: 9394.116: Total time for which application threads were stopped: 0.0061824 seconds, Stopping threads took: 0.0000270 seconds
2016-11-17T20:50:46.261+0100: 9394.116: Total time for which application threads were stopped: 0.0001682 seconds, Stopping threads took: 0.0000623 seconds
2016-11-17T20:50:46.302+0100: 9394.158: Total time for which application threads were stopped: 0.0001760 seconds, Stopping threads took: 0.0000251 seconds
2016-11-17T20:50:46.336+0100: 9394.191: Total time for which application threads were stopped: 0.0001399 seconds, Stopping threads took: 0.0000232 seconds
2016-11-17T20:50:46.395+0100: 9394.251: Total time for which application threads were stopped: 0.0001286 seconds, Stopping threads took: 0.0000269 seconds
2016-11-17T20:50:46.447+0100: 9394.302: Total time for which application threads were stopped: 0.0001063 seconds, Stopping threads took: 0.0000269 seconds
2016-11-17T20:50:46.447+0100: 9394.302: Total time for which application threads were stopped: 0.0000837 seconds, Stopping threads took: 0.0000362 seconds
2016-11-17T20:50:46.447+0100: 9394.303: Total time for which application threads were stopped: 0.0000465 seconds, Stopping threads took: 0.0000122 seconds
2016-11-17T20:50:46.447+0100: 9394.303: Total time for which application threads were stopped: 0.0000540 seconds, Stopping threads took: 0.0000203 seconds
2016-11-17T20:50:46.447+0100: 9394.303: Total time for which application threads were stopped: 0.0001325 seconds, Stopping threads took: 0.0000082 seconds
2016-11-17T20:50:46.448+0100: 9394.303: Total time for which application threads were stopped: 0.0001248 seconds, Stopping threads took: 0.0000119 seconds
2016-11-17T20:50:46.448+0100: 9394.303: Total time for which application threads were stopped: 0.0001211 seconds, Stopping threads took: 0.0000095 seconds
2016-11-17T20:50:46.448+0100: 9394.303: Total time for which application threads were stopped: 0.0001086 seconds, Stopping threads took: 0.0000095 seconds
2016-11-17T20:50:46.448+0100: 9394.304: Total time for which application threads were stopped: 0.0000916 seconds, Stopping threads took: 0.0000083 seconds
2016-11-17T20:50:46.448+0100: 9394.304: Total time for which application threads were stopped: 0.0000952 seconds, Stopping threads took: 0.0000105 seconds
2016-11-17T20:50:46.449+0100: 9394.305: Total time for which application threads were stopped: 0.0001770 seconds, Stopping threads took: 0.0000226 seconds
2016-11-17T20:50:46.450+0100: 9394.305: Total time for which application threads were stopped: 0.0001580 seconds, Stopping threads took: 0.0000484 seconds
2016-11-17T20:50:47.450+0100: 9395.305: Total time for which application threads were stopped: 0.0001479 seconds, Stopping threads took: 0.0000327 seconds
{Heap before GC invocations=56 (full 1):
 par new generation   total 109248K, used 91321K [0x00000000e0000000, 0x00000000e8000000, 0x00000000e8000000)
  eden space 87424K,  99% used [0x00000000e0000000, 0x00000000e555e418, 0x00000000e5560000)
  from space 21824K,  17% used [0x00000000e5560000, 0x00000000e5930020, 0x00000000e6ab0000)
  to   space 21824K,   0% used [0x00000000e6ab0000, 0x00000000e6ab0000, 0x00000000e8000000)
 concurrent mark-sweep generation total 393216K, used 15832K [0x00000000e8000000, 0x0000000100000000, 0x0000000100000000)
 Metaspace       used 32513K, capacity 33481K, committed 33736K, reserved 1079296K
  class space    used 3760K, capacity 3994K, committed 4040K, reserved 1048576K
2016-11-17T20:50:54.386+0100: 9402.242: [GC (Allocation Failure) 2016-11-17T20:50:54.386+0100: 9402.242: [ParNew
Desired survivor size 20112992 bytes, new threshold 8 (max 8)
- age   1:    4023968 bytes,    4023968 total
- age   2:     110192 bytes,    4134160 total
- age   3:     747352 bytes,    4881512 total
- age   4:       3104 bytes,    4884616 total
- age   5:       3288 bytes,    4887904 total
- age   6:     198912 bytes,    5086816 total
- age   7:       2136 bytes,    5088952 total
- age   8:     199120 bytes,    5288072 total
: 91321K->5950K(109248K), 0.0100126 secs] 107153K->21783K(502464K), 0.0101008 secs] [Times: user=0.03 sys=0.00, real=0.01 secs] 
Heap after GC invocations=57 (full 1):
 par new generation   total 109248K, used 5950K [0x00000000e0000000, 0x00000000e8000000, 0x00000000e8000000)
  eden space 87424K,   0% used [0x00000000e0000000, 0x00000000e0000000, 0x00000000e5560000)
  from space 21824K,  27% used [0x00000000e6ab0000, 0x00000000e707fb88, 0x00000000e8000000)
  to   space 21824K,   0% used [0x00000000e5560000, 0x00000000e5560000, 0x00000000e6ab0000)
 concurrent mark-sweep generation total 393216K, used 15833K [0x00000000e8000000, 0x0000000100000000, 0x0000000100000000)
 Metaspace       used 32513K, capacity 33481K, committed 33736K, reserved 1079296K
  class space    used 3760K, capacity 3994K, committed 4040K, reserved 1048576K
}
2016-11-17T20:50:54.396+0100: 9402.252: Total time for which application threads were stopped: 0.0103820 seconds, Stopping threads took: 0.0000280 seconds
2016-11-17T20:50:54.397+0100: 9402.252: Total time for which application threads were stopped: 0.0001146 seconds, Stopping threads took: 0.0000430 seconds
2016-11-17T20:50:54.397+0100: 9402.252: Total time for which application threads were stopped: 0.0001065 seconds, Stopping threads took: 0.0000290 seconds
{Heap before GC invocations=57 (full 1):
 par new generation   total 109248K, used 93374K [0x00000000e0000000, 0x00000000e8000000, 0x00000000e8000000)
  eden space 87424K, 100% used [0x00000000e0000000, 0x00000000e5560000, 0x00000000e5560000)
  from space 21824K,  27% used [0x00000000e6ab0000, 0x00000000e707fb88, 0x00000000e8000000)
  to   space 21824K,   0% used [0x00000000e5560000, 0x00000000e5560000, 0x00000000e6ab0000)
 concurrent mark-sweep generation total 393216K, used 15833K [0x00000000e8000000, 0x0000000100000000, 0x0000000100000000)
 Metaspace       used 32513K, capacity 33481K, committed 33736K, reserved 1079296K
  class space    used 3760K, capacity 3994K, committed 4040K, reserved 1048576K
2016-11-17T20:50:54.446+0100: 9402.301: [GC (Allocation Failure) 2016-11-17T20:50:54.446+0100: 9402.301: [ParNew
Desired survivor size 20112992 bytes, new threshold 8 (max 8)
- age   1:     263776 bytes,     263776 total
- age   2:    1322528 bytes,    1586304 total
- age   3:        520 bytes,    1586824 total
- age   4:     209536 bytes,    1796360 total
- age   5:       3104 bytes,    1799464 total
- age   6:       3288 bytes,    1802752 total
- age   7:     198912 bytes,    2001664 total
- age   8:       2136 bytes,    2003800 total
: 93374K->4016K(109248K), 0.0043806 secs] 109207K->20046K(502464K), 0.0044796 secs] [Times: user=0.01 sys=0.00, real=0.01 secs] 
Heap after GC invocations=58 (full 1):
 par new generation   total 109248K, used 4016K [0x00000000e0000000, 0x00000000e8000000, 0x00000000e8000000)
  eden space 87424K,   0% used [0x00000000e0000000, 0x00000000e0000000, 0x00000000e5560000)
  from space 21824K,  18% used [0x00000000e5560000, 0x00000000e594c060, 0x00000000e6ab0000)
  to   space 21824K,   0% used [0x00000000e6ab0000, 0x00000000e6ab0000, 0x00000000e8000000)
 concurrent mark-sweep generation total 393216K, used 16030K [0x00000000e8000000, 0x0000000100000000, 0x0000000100000000)
 Metaspace       used 32513K, capacity 33481K, committed 33736K, reserved 1079296K
  class space    used 3760K, capacity 3994K, committed 4040K, reserved 1048576K
}
2016-11-17T20:50:54.450+0100: 9402.306: Total time for which application threads were stopped: 0.0047007 seconds, Stopping threads took: 0.0000265 seconds
2016-11-17T20:50:54.450+0100: 9402.306: Total time for which application threads were stopped: 0.0001394 seconds, Stopping threads took: 0.0000396 seconds
2016-11-17T20:50:54.497+0100: 9402.353: Total time for which application threads were stopped: 0.0001402 seconds, Stopping threads took: 0.0000428 seconds
2016-11-17T20:50:54.528+0100: 9402.384: Total time for which application threads were stopped: 0.0001721 seconds, Stopping threads took: 0.0000475 seconds
2016-11-17T20:50:54.574+0100: 9402.430: Total time for which application threads were stopped: 0.0001027 seconds, Stopping threads took: 0.0000224 seconds
2016-11-17T20:50:54.712+0100: 9402.568: Total time for which application threads were stopped: 0.0002658 seconds, Stopping threads took: 0.0000286 seconds
2016-11-17T20:50:54.713+0100: 9402.568: Total time for which application threads were stopped: 0.0002170 seconds, Stopping threads took: 0.0000160 seconds
2016-11-17T20:50:54.713+0100: 9402.568: Total time for which application threads were stopped: 0.0002013 seconds, Stopping threads took: 0.0000470 seconds
2016-11-17T20:50:54.713+0100: 9402.569: Total time for which application threads were stopped: 0.0000616 seconds, Stopping threads took: 0.0000120 seconds
2016-11-17T20:50:54.713+0100: 9402.569: Total time for which application threads were stopped: 0.0000553 seconds, Stopping threads took: 0.0000098 seconds
2016-11-17T20:50:54.713+0100: 9402.569: Total time for which application threads were stopped: 0.0001305 seconds, Stopping threads took: 0.0000833 seconds
2016-11-17T20:50:54.713+0100: 9402.569: Total time for which application threads were stopped: 0.0000533 seconds, Stopping threads took: 0.0000073 seconds
2016-11-17T20:50:54.714+0100: 9402.569: Total time for which application threads were stopped: 0.0000724 seconds, Stopping threads took: 0.0000236 seconds
2016-11-17T20:50:54.714+0100: 9402.569: Total time for which application threads were stopped: 0.0000574 seconds, Stopping threads took: 0.0000109 seconds
2016-11-17T20:50:54.714+0100: 9402.569: Total time for which application threads were stopped: 0.0000571 seconds, Stopping threads took: 0.0000123 seconds
2016-11-17T20:50:54.716+0100: 9402.572: Total time for which application threads were stopped: 0.0002090 seconds, Stopping threads took: 0.0000523 seconds
2016-11-17T20:50:54.716+0100: 9402.572: Total time for which application threads were stopped: 0.0000813 seconds, Stopping threads took: 0.0000169 seconds
2016-11-17T20:50:55.716+0100: 9403.572: Total time for which application threads were stopped: 0.0001447 seconds, Stopping threads took: 0.0000344 seconds
{Heap before GC invocations=58 (full 1):
 par new generation   total 109248K, used 91424K [0x00000000e0000000, 0x00000000e8000000, 0x00000000e8000000)
  eden space 87424K,  99% used [0x00000000e0000000, 0x00000000e555c040, 0x00000000e5560000)
  from space 21824K,  18% used [0x00000000e5560000, 0x00000000e594c060, 0x00000000e6ab0000)
  to   space 21824K,   0% used [0x00000000e6ab0000, 0x00000000e6ab0000, 0x00000000e8000000)
 concurrent mark-sweep generation total 393216K, used 16030K [0x00000000e8000000, 0x0000000100000000, 0x0000000100000000)
 Metaspace       used 32529K, capacity 33481K, committed 33736K, reserved 1079296K
  class space    used 3760K, capacity 3994K, committed 4040K, reserved 1048576K
2016-11-17T20:51:01.357+0100: 9409.213: [GC (Allocation Failure) 2016-11-17T20:51:01.357+0100: 9409.213: [ParNew
Desired survivor size 20112992 bytes, new threshold 8 (max 8)
- age   1:    3966440 bytes,    3966440 total
- age   2:      92160 bytes,    4058600 total
- age   3:     731768 bytes,    4790368 total
- age   4:        520 bytes,    4790888 total
- age   5:     209472 bytes,    5000360 total
- age   6:       3104 bytes,    5003464 total
- age   7:       3288 bytes,    5006752 total
- age   8:     196856 bytes,    5203608 total
: 91424K->5826K(109248K), 0.0291807 secs] 107454K->21858K(502464K), 0.0292745 secs] [Times: user=0.04 sys=0.00, real=0.03 secs] 
Heap after GC invocations=59 (full 1):
 par new generation   total 109248K, used 5826K [0x00000000e0000000, 0x00000000e8000000, 0x00000000e8000000)
  eden space 87424K,   0% used [0x00000000e0000000, 0x00000000e0000000, 0x00000000e5560000)
  from space 21824K,  26% used [0x00000000e6ab0000, 0x00000000e7060968, 0x00000000e8000000)
  to   space 21824K,   0% used [0x00000000e5560000, 0x00000000e5560000, 0x00000000e6ab0000)
 concurrent mark-sweep generation total 393216K, used 16032K [0x00000000e8000000, 0x0000000100000000, 0x0000000100000000)
 Metaspace       used 32529K, capacity 33481K, committed 33736K, reserved 1079296K
  class space    used 3760K, capacity 3994K, committed 4040K, reserved 1048576K
}
2016-11-17T20:51:01.387+0100: 9409.242: Total time for which application threads were stopped: 0.0296135 seconds, Stopping threads took: 0.0000460 seconds
2016-11-17T20:51:01.387+0100: 9409.243: Total time for which application threads were stopped: 0.0001306 seconds, Stopping threads took: 0.0000316 seconds
2016-11-17T20:51:01.387+0100: 9409.243: Total time for which application threads were stopped: 0.0001413 seconds, Stopping threads took: 0.0000387 seconds
{Heap before GC invocations=59 (full 1):
 par new generation   total 109248K, used 93250K [0x00000000e0000000, 0x00000000e8000000, 0x00000000e8000000)
  eden space 87424K, 100% used [0x00000000e0000000, 0x00000000e5560000, 0x00000000e5560000)
  from space 21824K,  26% used [0x00000000e6ab0000, 0x00000000e7060968, 0x00000000e8000000)
  to   space 21824K,   0% used [0x00000000e5560000, 0x00000000e5560000, 0x00000000e6ab0000)
 concurrent mark-sweep generation total 393216K, used 16032K [0x00000000e8000000, 0x0000000100000000, 0x0000000100000000)
 Metaspace       used 32529K, capacity 33481K, committed 33736K, reserved 1079296K
  class space    used 3760K, capacity 3994K, committed 4040K, reserved 1048576K
2016-11-17T20:51:01.468+0100: 9409.324: [GC (Allocation Failure) 2016-11-17T20:51:01.468+0100: 9409.324: [ParNew
Desired survivor size 20112992 bytes, new threshold 8 (max 8)
- age   1:     151696 bytes,     151696 total
- age   2:    1313016 bytes,    1464712 total
- age   3:        200 bytes,    1464912 total
- age   4:     200432 bytes,    1665344 total
- age   5:        520 bytes,    1665864 total
- age   6:     209472 bytes,    1875336 total
- age   7:       3104 bytes,    1878440 total
- age   8:       3288 bytes,    1881728 total
: 93250K->4153K(109248K), 0.0124013 secs] 109282K->20380K(502464K), 0.0125201 secs] [Times: user=0.02 sys=0.00, real=0.02 secs] 
Heap after GC invocations=60 (full 1):
 par new generation   total 109248K, used 4153K [0x00000000e0000000, 0x00000000e8000000, 0x00000000e8000000)
  eden space 87424K,   0% used [0x00000000e0000000, 0x00000000e0000000, 0x00000000e5560000)
  from space 21824K,  19% used [0x00000000e5560000, 0x00000000e596e7e0, 0x00000000e6ab0000)
  to   space 21824K,   0% used [0x00000000e6ab0000, 0x00000000e6ab0000, 0x00000000e8000000)
 concurrent mark-sweep generation total 393216K, used 16226K [0x00000000e8000000, 0x0000000100000000, 0x0000000100000000)
 Metaspace       used 32529K, capacity 33481K, committed 33736K, reserved 1079296K
  class space    used 3760K, capacity 3994K, committed 4040K, reserved 1048576K
}
2016-11-17T20:51:01.481+0100: 9409.336: Total time for which application threads were stopped: 0.0127783 seconds, Stopping threads took: 0.0000229 seconds
2016-11-17T20:51:01.481+0100: 9409.337: Total time for which application threads were stopped: 0.0001502 seconds, Stopping threads took: 0.0000446 seconds
2016-11-17T20:51:01.565+0100: 9409.421: Total time for which application threads were stopped: 0.0001751 seconds, Stopping threads took: 0.0000547 seconds
2016-11-17T20:51:01.596+0100: 9409.452: Total time for which application threads were stopped: 0.0001755 seconds, Stopping threads took: 0.0000461 seconds
{Heap before GC invocations=60 (full 1):
 par new generation   total 109248K, used 91548K [0x00000000e0000000, 0x00000000e8000000, 0x00000000e8000000)
  eden space 87424K,  99% used [0x00000000e0000000, 0x00000000e5558918, 0x00000000e5560000)
  from space 21824K,  19% used [0x00000000e5560000, 0x00000000e596e7e0, 0x00000000e6ab0000)
  to   space 21824K,   0% used [0x00000000e6ab0000, 0x00000000e6ab0000, 0x00000000e8000000)
 concurrent mark-sweep generation total 393216K, used 16226K [0x00000000e8000000, 0x0000000100000000, 0x0000000100000000)
 Metaspace       used 32552K, capacity 33481K, committed 33736K, reserved 1079296K
  class space    used 3760K, capacity 3994K, committed 4040K, reserved 1048576K
2016-11-17T20:51:01.702+0100: 9409.558: [GC (Allocation Failure) 2016-11-17T20:51:01.702+0100: 9409.558: [ParNew
Desired survivor size 20112992 bytes, new threshold 8 (max 8)
- age   1:    3823528 bytes,    3823528 total
- age   2:      83000 bytes,    3906528 total
- age   3:     736976 bytes,    4643504 total
- age   4:        200 bytes,    4643704 total
- age   5:     200256 bytes,    4843960 total
- age   6:        520 bytes,    4844480 total
- age   7:     209440 bytes,    5053920 total
- age   8:       3104 bytes,    5057024 total
: 91548K->5840K(109248K), 0.0069786 secs] 107775K->22071K(502464K), 0.0070872 secs] [Times: user=0.02 sys=0.00, real=0.01 secs] 
Heap after GC invocations=61 (full 1):
 par new generation   total 109248K, used 5840K [0x00000000e0000000, 0x00000000e8000000, 0x00000000e8000000)
  eden space 87424K,   0% used [0x00000000e0000000, 0x00000000e0000000, 0x00000000e5560000)
  from space 21824K,  26% used [0x00000000e6ab0000, 0x00000000e70643a8, 0x00000000e8000000)
  to   space 21824K,   0% used [0x00000000e5560000, 0x00000000e5560000, 0x00000000e6ab0000)
 concurrent mark-sweep generation total 393216K, used 16230K [0x00000000e8000000, 0x0000000100000000, 0x0000000100000000)
 Metaspace       used 32552K, capacity 33481K, committed 33736K, reserved 1079296K
  class space    used 3760K, capacity 3994K, committed 4040K, reserved 1048576K
}
2016-11-17T20:51:01.709+0100: 9409.565: Total time for which application threads were stopped: 0.0072933 seconds, Stopping threads took: 0.0000296 seconds
2016-11-17T20:51:01.710+0100: 9409.565: Total time for which application threads were stopped: 0.0001148 seconds, Stopping threads took: 0.0000412 seconds
2016-11-17T20:51:01.710+0100: 9409.565: Total time for which application threads were stopped: 0.0001176 seconds, Stopping threads took: 0.0000416 seconds
{Heap before GC invocations=61 (full 1):
 par new generation   total 109248K, used 93261K [0x00000000e0000000, 0x00000000e8000000, 0x00000000e8000000)
  eden space 87424K,  99% used [0x00000000e0000000, 0x00000000e555f450, 0x00000000e5560000)
  from space 21824K,  26% used [0x00000000e6ab0000, 0x00000000e70643a8, 0x00000000e8000000)
  to   space 21824K,   0% used [0x00000000e5560000, 0x00000000e5560000, 0x00000000e6ab0000)
 concurrent mark-sweep generation total 393216K, used 16230K [0x00000000e8000000, 0x0000000100000000, 0x0000000100000000)
 Metaspace       used 32552K, capacity 33481K, committed 33736K, reserved 1079296K
  class space    used 3760K, capacity 3994K, committed 4040K, reserved 1048576K
2016-11-17T20:51:01.754+0100: 9409.609: [GC (Allocation Failure) 2016-11-17T20:51:01.754+0100: 9409.609: [ParNew
Desired survivor size 20112992 bytes, new threshold 8 (max 8)
- age   1:     581736 bytes,     581736 total
- age   2:    3558704 bytes,    4140440 total
- age   3:      83000 bytes,    4223440 total
- age   4:     736976 bytes,    4960416 total
- age   5:        200 bytes,    4960616 total
- age   6:     200256 bytes,    5160872 total
- age   7:        520 bytes,    5161392 total
- age   8:     209440 bytes,    5370832 total
: 93261K->6720K(109248K), 0.0100559 secs] 109492K->22954K(502464K), 0.0101755 secs] [Times: user=0.04 sys=0.00, real=0.01 secs] 
Heap after GC invocations=62 (full 1):
 par new generation   total 109248K, used 6720K [0x00000000e0000000, 0x00000000e8000000, 0x00000000e8000000)
  eden space 87424K,   0% used [0x00000000e0000000, 0x00000000e0000000, 0x00000000e5560000)
  from space 21824K,  30% used [0x00000000e5560000, 0x00000000e5bf02d8, 0x00000000e6ab0000)
  to   space 21824K,   0% used [0x00000000e6ab0000, 0x00000000e6ab0000, 0x00000000e8000000)
 concurrent mark-sweep generation total 393216K, used 16233K [0x00000000e8000000, 0x0000000100000000, 0x0000000100000000)
 Metaspace       used 32552K, capacity 33481K, committed 33736K, reserved 1079296K
  class space    used 3760K, capacity 3994K, committed 4040K, reserved 1048576K
}
2016-11-17T20:51:01.764+0100: 9409.619: Total time for which application threads were stopped: 0.0104073 seconds, Stopping threads took: 0.0000335 seconds
2016-11-17T20:51:01.764+0100: 9409.620: Total time for which application threads were stopped: 0.0001832 seconds, Stopping threads took: 0.0000518 seconds
2016-11-17T20:51:01.866+0100: 9409.721: Total time for which application threads were stopped: 0.0001792 seconds, Stopping threads took: 0.0000507 seconds
2016-11-17T20:51:01.881+0100: 9409.736: Total time for which application threads were stopped: 0.0076810 seconds, Stopping threads took: 0.0075290 seconds
2016-11-17T20:51:01.898+0100: 9409.753: Total time for which application threads were stopped: 0.0001036 seconds, Stopping threads took: 0.0000297 seconds
2016-11-17T20:51:01.898+0100: 9409.753: Total time for which application threads were stopped: 0.0000591 seconds, Stopping threads took: 0.0000157 seconds
2016-11-17T20:51:01.898+0100: 9409.754: Total time for which application threads were stopped: 0.0000525 seconds, Stopping threads took: 0.0000123 seconds
2016-11-17T20:51:01.898+0100: 9409.754: Total time for which application threads were stopped: 0.0000526 seconds, Stopping threads took: 0.0000123 seconds
2016-11-17T20:51:01.898+0100: 9409.754: Total time for which application threads were stopped: 0.0000452 seconds, Stopping threads took: 0.0000098 seconds
2016-11-17T20:51:01.898+0100: 9409.754: Total time for which application threads were stopped: 0.0000444 seconds, Stopping threads took: 0.0000098 seconds
2016-11-17T20:51:01.899+0100: 9409.754: Total time for which application threads were stopped: 0.0000452 seconds, Stopping threads took: 0.0000108 seconds
2016-11-17T20:51:01.899+0100: 9409.754: Total time for which application threads were stopped: 0.0000437 seconds, Stopping threads took: 0.0000096 seconds
2016-11-17T20:51:01.899+0100: 9409.754: Total time for which application threads were stopped: 0.0000583 seconds, Stopping threads took: 0.0000092 seconds
2016-11-17T20:51:01.899+0100: 9409.754: Total time for which application threads were stopped: 0.0000398 seconds, Stopping threads took: 0.0000093 seconds
2016-11-17T20:51:01.900+0100: 9409.755: Total time for which application threads were stopped: 0.0000627 seconds, Stopping threads took: 0.0000157 seconds
2016-11-17T20:51:01.900+0100: 9409.755: Total time for which application threads were stopped: 0.0000403 seconds, Stopping threads took: 0.0000094 seconds
2016-11-17T20:51:01.912+0100: 9409.768: Total time for which application threads were stopped: 0.0001205 seconds, Stopping threads took: 0.0000419 seconds
2016-11-17T20:51:01.913+0100: 9409.768: Total time for which application threads were stopped: 0.0000872 seconds, Stopping threads took: 0.0000283 seconds
2016-11-17T20:51:01.913+0100: 9409.768: Total time for which application threads were stopped: 0.0000657 seconds, Stopping threads took: 0.0000278 seconds
2016-11-17T20:51:01.913+0100: 9409.768: Total time for which application threads were stopped: 0.0000467 seconds, Stopping threads took: 0.0000115 seconds
2016-11-17T20:51:01.913+0100: 9409.768: Total time for which application threads were stopped: 0.0000442 seconds, Stopping threads took: 0.0000112 seconds
2016-11-17T20:51:01.913+0100: 9409.769: Total time for which application threads were stopped: 0.0000955 seconds, Stopping threads took: 0.0000532 seconds
2016-11-17T20:51:01.913+0100: 9409.769: Total time for which application threads were stopped: 0.0000570 seconds, Stopping threads took: 0.0000215 seconds
2016-11-17T20:51:01.913+0100: 9409.769: Total time for which application threads were stopped: 0.0000568 seconds, Stopping threads took: 0.0000215 seconds
2016-11-17T20:51:01.913+0100: 9409.769: Total time for which application threads were stopped: 0.0000517 seconds, Stopping threads took: 0.0000191 seconds
2016-11-17T20:51:01.913+0100: 9409.769: Total time for which application threads were stopped: 0.0000636 seconds, Stopping threads took: 0.0000311 seconds
2016-11-17T20:51:01.915+0100: 9409.770: Total time for which application threads were stopped: 0.0000846 seconds, Stopping threads took: 0.0000331 seconds
2016-11-17T20:51:01.915+0100: 9409.770: Total time for which application threads were stopped: 0.0000575 seconds, Stopping threads took: 0.0000252 seconds
{Heap before GC invocations=62 (full 1):
 par new generation   total 109248K, used 94144K [0x00000000e0000000, 0x00000000e8000000, 0x00000000e8000000)
  eden space 87424K, 100% used [0x00000000e0000000, 0x00000000e5560000, 0x00000000e5560000)
  from space 21824K,  30% used [0x00000000e5560000, 0x00000000e5bf02d8, 0x00000000e6ab0000)
  to   space 21824K,   0% used [0x00000000e6ab0000, 0x00000000e6ab0000, 0x00000000e8000000)
 concurrent mark-sweep generation total 393216K, used 16233K [0x00000000e8000000, 0x0000000100000000, 0x0000000100000000)
 Metaspace       used 32573K, capacity 33553K, committed 33736K, reserved 1079296K
  class space    used 3760K, capacity 3994K, committed 4040K, reserved 1048576K
2016-11-17T20:51:01.952+0100: 9409.807: [GC (Allocation Failure) 2016-11-17T20:51:01.952+0100: 9409.808: [ParNew
Desired survivor size 20112992 bytes, new threshold 8 (max 8)
- age   1:    3395088 bytes,    3395088 total
- age   2:      76248 bytes,    3471336 total
- age   3:    3144288 bytes,    6615624 total
- age   4:      83000 bytes,    6698624 total
- age   5:     733432 bytes,    7432056 total
- age   6:        200 bytes,    7432256 total
- age   7:     199712 bytes,    7631968 total
- age   8:        520 bytes,    7632488 total
: 94144K->9787K(109248K), 0.0080566 secs] 110378K->26228K(502464K), 0.0081532 secs] [Times: user=0.02 sys=0.00, real=0.01 secs] 
Heap after GC invocations=63 (full 1):
 par new generation   total 109248K, used 9787K [0x00000000e0000000, 0x00000000e8000000, 0x00000000e8000000)
  eden space 87424K,   0% used [0x00000000e0000000, 0x00000000e0000000, 0x00000000e5560000)
  from space 21824K,  44% used [0x00000000e6ab0000, 0x00000000e743eec0, 0x00000000e8000000)
  to   space 21824K,   0% used [0x00000000e5560000, 0x00000000e5560000, 0x00000000e6ab0000)
 concurrent mark-sweep generation total 393216K, used 16440K [0x00000000e8000000, 0x0000000100000000, 0x0000000100000000)
 Metaspace       used 32573K, capacity 33553K, committed 33736K, reserved 1079296K
  class space    used 3760K, capacity 3994K, committed 4040K, reserved 1048576K
}
2016-11-17T20:51:01.960+0100: 9409.816: Total time for which application threads were stopped: 0.0083511 seconds, Stopping threads took: 0.0000242 seconds
2016-11-17T20:51:01.961+0100: 9409.816: Total time for which application threads were stopped: 0.0001085 seconds, Stopping threads took: 0.0000415 seconds
2016-11-17T20:51:01.961+0100: 9409.816: Total time for which application threads were stopped: 0.0001324 seconds, Stopping threads took: 0.0000267 seconds
{Heap before GC invocations=63 (full 1):
 par new generation   total 109248K, used 97211K [0x00000000e0000000, 0x00000000e8000000, 0x00000000e8000000)
  eden space 87424K, 100% used [0x00000000e0000000, 0x00000000e5560000, 0x00000000e5560000)
  from space 21824K,  44% used [0x00000000e6ab0000, 0x00000000e743eec0, 0x00000000e8000000)
  to   space 21824K,   0% used [0x00000000e5560000, 0x00000000e5560000, 0x00000000e6ab0000)
 concurrent mark-sweep generation total 393216K, used 16440K [0x00000000e8000000, 0x0000000100000000, 0x0000000100000000)
 Metaspace       used 32573K, capacity 33553K, committed 33736K, reserved 1079296K
  class space    used 3760K, capacity 3994K, committed 4040K, reserved 1048576K
2016-11-17T20:51:01.996+0100: 9409.851: [GC (Allocation Failure) 2016-11-17T20:51:01.996+0100: 9409.851: [ParNew
Desired survivor size 20112992 bytes, new threshold 8 (max 8)
- age   1:    1001280 bytes,    1001280 total
- age   2:     669680 bytes,    1670960 total
- age   3:       2448 bytes,    1673408 total
- age   4:     197400 bytes,    1870808 total
- age   5:       1696 bytes,    1872504 total
- age   6:     212064 bytes,    2084568 total
- age   7:        200 bytes,    2084768 total
- age   8:     199712 bytes,    2284480 total
: 97211K->4018K(109248K), 0.0043214 secs] 113652K->20459K(502464K), 0.0044217 secs] [Times: user=0.01 sys=0.00, real=0.01 secs] 
Heap after GC invocations=64 (full 1):
 par new generation   total 109248K, used 4018K [0x00000000e0000000, 0x00000000e8000000, 0x00000000e8000000)
  eden space 87424K,   0% used [0x00000000e0000000, 0x00000000e0000000, 0x00000000e5560000)
  from space 21824K,  18% used [0x00000000e5560000, 0x00000000e594ca40, 0x00000000e6ab0000)
  to   space 21824K,   0% used [0x00000000e6ab0000, 0x00000000e6ab0000, 0x00000000e8000000)
 concurrent mark-sweep generation total 393216K, used 16441K [0x00000000e8000000, 0x0000000100000000, 0x0000000100000000)
 Metaspace       used 32573K, capacity 33553K, committed 33736K, reserved 1079296K
  class space    used 3760K, capacity 3994K, committed 4040K, reserved 1048576K
}
2016-11-17T20:51:02.000+0100: 9409.856: Total time for which application threads were stopped: 0.0046137 seconds, Stopping threads took: 0.0000264 seconds
2016-11-17T20:51:02.001+0100: 9409.856: Total time for which application threads were stopped: 0.0001494 seconds, Stopping threads took: 0.0000320 seconds
2016-11-17T20:51:02.070+0100: 9409.925: Total time for which application threads were stopped: 0.0001375 seconds, Stopping threads took: 0.0000249 seconds
2016-11-17T20:51:02.075+0100: 9409.931: Total time for which application threads were stopped: 0.0001720 seconds, Stopping threads took: 0.0000847 seconds
2016-11-17T20:51:02.088+0100: 9409.943: Total time for which application threads were stopped: 0.0000916 seconds, Stopping threads took: 0.0000209 seconds
2016-11-17T20:51:02.091+0100: 9409.947: Total time for which application threads were stopped: 0.0001137 seconds, Stopping threads took: 0.0000278 seconds
{Heap before GC invocations=64 (full 1):
 par new generation   total 109248K, used 91430K [0x00000000e0000000, 0x00000000e8000000, 0x00000000e8000000)
  eden space 87424K,  99% used [0x00000000e0000000, 0x00000000e555cff8, 0x00000000e5560000)
  from space 21824K,  18% used [0x00000000e5560000, 0x00000000e594ca40, 0x00000000e6ab0000)
  to   space 21824K,   0% used [0x00000000e6ab0000, 0x00000000e6ab0000, 0x00000000e8000000)
 concurrent mark-sweep generation total 393216K, used 16441K [0x00000000e8000000, 0x0000000100000000, 0x0000000100000000)
 Metaspace       used 32582K, capacity 33553K, committed 33736K, reserved 1079296K
  class space    used 3760K, capacity 3994K, committed 4040K, reserved 1048576K
2016-11-17T20:51:02.110+0100: 9409.965: [GC (Allocation Failure) 2016-11-17T20:51:02.110+0100: 9409.965: [ParNew
Desired survivor size 20112992 bytes, new threshold 8 (max 8)
- age   1:    3430280 bytes,    3430280 total
- age   2:     136704 bytes,    3566984 total
- age   3:     645328 bytes,    4212312 total
- age   4:       2448 bytes,    4214760 total
- age   5:     197400 bytes,    4412160 total
- age   6:       1696 bytes,    4413856 total
- age   7:     212032 bytes,    4625888 total
- age   8:        200 bytes,    4626088 total
: 91430K->5236K(109248K), 0.0074236 secs] 107871K->21874K(502464K), 0.0075232 secs] [Times: user=0.02 sys=0.01, real=0.00 secs] 
Heap after GC invocations=65 (full 1):
 par new generation   total 109248K, used 5236K [0x00000000e0000000, 0x00000000e8000000, 0x00000000e8000000)
  eden space 87424K,   0% used [0x00000000e0000000, 0x00000000e0000000, 0x00000000e5560000)
  from space 21824K,  23% used [0x00000000e6ab0000, 0x00000000e6fcd0c0, 0x00000000e8000000)
  to   space 21824K,   0% used [0x00000000e5560000, 0x00000000e5560000, 0x00000000e6ab0000)
 concurrent mark-sweep generation total 393216K, used 16638K [0x00000000e8000000, 0x0000000100000000, 0x0000000100000000)
 Metaspace       used 32582K, capacity 33553K, committed 33736K, reserved 1079296K
  class space    used 3760K, capacity 3994K, committed 4040K, reserved 1048576K
}
2016-11-17T20:51:02.117+0100: 9409.973: Total time for which application threads were stopped: 0.0077185 seconds, Stopping threads took: 0.0000217 seconds
2016-11-17T20:51:02.118+0100: 9409.973: Total time for which application threads were stopped: 0.0001544 seconds, Stopping threads took: 0.0000478 seconds
2016-11-17T20:51:02.118+0100: 9409.973: Total time for which application threads were stopped: 0.0000613 seconds, Stopping threads took: 0.0000247 seconds
{Heap before GC invocations=65 (full 1):
 par new generation   total 109248K, used 92660K [0x00000000e0000000, 0x00000000e8000000, 0x00000000e8000000)
  eden space 87424K, 100% used [0x00000000e0000000, 0x00000000e5560000, 0x00000000e5560000)
  from space 21824K,  23% used [0x00000000e6ab0000, 0x00000000e6fcd0c0, 0x00000000e8000000)
  to   space 21824K,   0% used [0x00000000e5560000, 0x00000000e5560000, 0x00000000e6ab0000)
 concurrent mark-sweep generation total 393216K, used 16638K [0x00000000e8000000, 0x0000000100000000, 0x0000000100000000)
 Metaspace       used 32582K, capacity 33553K, committed 33736K, reserved 1079296K
  class space    used 3760K, capacity 3994K, committed 4040K, reserved 1048576K
2016-11-17T20:51:02.160+0100: 9410.016: [GC (Allocation Failure) 2016-11-17T20:51:02.160+0100: 9410.016: [ParNew
Desired survivor size 20112992 bytes, new threshold 8 (max 8)
- age   1:    1020104 bytes,    1020104 total
- age   2:    3114048 bytes,    4134152 total
- age   3:     136704 bytes,    4270856 total
- age   4:     645328 bytes,    4916184 total
- age   5:       2448 bytes,    4918632 total
- age   6:     197400 bytes,    5116032 total
- age   7:       1696 bytes,    5117728 total
- age   8:     212032 bytes,    5329760 total
: 92660K->7103K(109248K), 0.0074910 secs] 109298K->23742K(502464K), 0.0075891 secs] [Times: user=0.04 sys=0.00, real=0.00 secs] 
Heap after GC invocations=66 (full 1):
 par new generation   total 109248K, used 7103K [0x00000000e0000000, 0x00000000e8000000, 0x00000000e8000000)
  eden space 87424K,   0% used [0x00000000e0000000, 0x00000000e0000000, 0x00000000e5560000)
  from space 21824K,  32% used [0x00000000e5560000, 0x00000000e5c4ffc0, 0x00000000e6ab0000)
  to   space 21824K,   0% used [0x00000000e6ab0000, 0x00000000e6ab0000, 0x00000000e8000000)
 concurrent mark-sweep generation total 393216K, used 16639K [0x00000000e8000000, 0x0000000100000000, 0x0000000100000000)
 Metaspace       used 32582K, capacity 33553K, committed 33736K, reserved 1079296K
  class space    used 3760K, capacity 3994K, committed 4040K, reserved 1048576K
}
2016-11-17T20:51:02.168+0100: 9410.023: Total time for which application threads were stopped: 0.0078276 seconds, Stopping threads took: 0.0000288 seconds
2016-11-17T20:51:02.168+0100: 9410.023: Total time for which application threads were stopped: 0.0001362 seconds, Stopping threads took: 0.0000397 seconds
2016-11-17T20:51:02.237+0100: 9410.092: Total time for which application threads were stopped: 0.0000996 seconds, Stopping threads took: 0.0000269 seconds
2016-11-17T20:51:02.237+0100: 9410.092: Total time for which application threads were stopped: 0.0000426 seconds, Stopping threads took: 0.0000105 seconds
2016-11-17T20:51:02.238+0100: 9410.094: Total time for which application threads were stopped: 0.0001063 seconds, Stopping threads took: 0.0000325 seconds
2016-11-17T20:51:02.243+0100: 9410.099: Total time for which application threads were stopped: 0.0001598 seconds, Stopping threads took: 0.0000505 seconds
2016-11-17T20:51:02.243+0100: 9410.099: Total time for which application threads were stopped: 0.0000559 seconds, Stopping threads took: 0.0000172 seconds
2016-11-17T20:51:02.244+0100: 9410.099: Total time for which application threads were stopped: 0.0000561 seconds, Stopping threads took: 0.0000228 seconds
2016-11-17T20:51:02.244+0100: 9410.099: Total time for which application threads were stopped: 0.0000917 seconds, Stopping threads took: 0.0000379 seconds
2016-11-17T20:51:02.244+0100: 9410.099: Total time for which application threads were stopped: 0.0000562 seconds, Stopping threads took: 0.0000192 seconds
2016-11-17T20:51:02.244+0100: 9410.099: Total time for which application threads were stopped: 0.0000509 seconds, Stopping threads took: 0.0000177 seconds
2016-11-17T20:51:02.244+0100: 9410.099: Total time for which application threads were stopped: 0.0000494 seconds, Stopping threads took: 0.0000174 seconds
2016-11-17T20:51:02.244+0100: 9410.099: Total time for which application threads were stopped: 0.0000494 seconds, Stopping threads took: 0.0000176 seconds
2016-11-17T20:51:02.247+0100: 9410.103: Total time for which application threads were stopped: 0.0000986 seconds, Stopping threads took: 0.0000273 seconds
2016-11-17T20:51:02.248+0100: 9410.103: Total time for which application threads were stopped: 0.0001032 seconds, Stopping threads took: 0.0000634 seconds
2016-11-17T20:51:02.248+0100: 9410.103: Total time for which application threads were stopped: 0.0000432 seconds, Stopping threads took: 0.0000096 seconds
2016-11-17T20:51:02.248+0100: 9410.103: Total time for which application threads were stopped: 0.0000430 seconds, Stopping threads took: 0.0000100 seconds
2016-11-17T20:51:02.248+0100: 9410.103: Total time for which application threads were stopped: 0.0000588 seconds, Stopping threads took: 0.0000199 seconds
2016-11-17T20:51:02.248+0100: 9410.103: Total time for which application threads were stopped: 0.0000505 seconds, Stopping threads took: 0.0000184 seconds
2016-11-17T20:51:02.248+0100: 9410.104: Total time for which application threads were stopped: 0.0000447 seconds, Stopping threads took: 0.0000115 seconds
2016-11-17T20:51:02.248+0100: 9410.104: Total time for which application threads were stopped: 0.0000410 seconds, Stopping threads took: 0.0000109 seconds
2016-11-17T20:51:02.248+0100: 9410.104: Total time for which application threads were stopped: 0.0000398 seconds, Stopping threads took: 0.0000096 seconds
2016-11-17T20:51:02.248+0100: 9410.104: Total time for which application threads were stopped: 0.0000426 seconds, Stopping threads took: 0.0000111 seconds
2016-11-17T20:51:02.248+0100: 9410.104: Total time for which application threads were stopped: 0.0000703 seconds, Stopping threads took: 0.0000339 seconds
2016-11-17T20:51:02.248+0100: 9410.104: Total time for which application threads were stopped: 0.0000407 seconds, Stopping threads took: 0.0000099 seconds
2016-11-17T20:51:02.248+0100: 9410.104: Total time for which application threads were stopped: 0.0000416 seconds, Stopping threads took: 0.0000093 seconds
2016-11-17T20:51:02.249+0100: 9410.104: Total time for which application threads were stopped: 0.0000405 seconds, Stopping threads took: 0.0000092 seconds
2016-11-17T20:51:02.249+0100: 9410.104: Total time for which application threads were stopped: 0.0000398 seconds, Stopping threads took: 0.0000093 seconds
2016-11-17T20:51:02.249+0100: 9410.104: Total time for which application threads were stopped: 0.0000507 seconds, Stopping threads took: 0.0000186 seconds
2016-11-17T20:51:02.249+0100: 9410.104: Total time for which application threads were stopped: 0.0000395 seconds, Stopping threads took: 0.0000092 seconds
2016-11-17T20:51:02.249+0100: 9410.104: Total time for which application threads were stopped: 0.0000394 seconds, Stopping threads took: 0.0000090 seconds
2016-11-17T20:51:02.249+0100: 9410.104: Total time for which application threads were stopped: 0.0000408 seconds, Stopping threads took: 0.0000091 seconds
2016-11-17T20:51:02.249+0100: 9410.104: Total time for which application threads were stopped: 0.0000395 seconds, Stopping threads took: 0.0000090 seconds
2016-11-17T20:51:02.249+0100: 9410.105: Total time for which application threads were stopped: 0.0001280 seconds, Stopping threads took: 0.0000093 seconds
2016-11-17T20:51:02.251+0100: 9410.107: Total time for which application threads were stopped: 0.0000849 seconds, Stopping threads took: 0.0000214 seconds
2016-11-17T20:51:02.251+0100: 9410.107: Total time for which application threads were stopped: 0.0000428 seconds, Stopping threads took: 0.0000101 seconds
2016-11-17T20:51:02.252+0100: 9410.108: Total time for which application threads were stopped: 0.0000700 seconds, Stopping threads took: 0.0000176 seconds
2016-11-17T20:51:02.252+0100: 9410.108: Total time for which application threads were stopped: 0.0000474 seconds, Stopping threads took: 0.0000107 seconds
2016-11-17T20:51:02.262+0100: 9410.117: Total time for which application threads were stopped: 0.0001156 seconds, Stopping threads took: 0.0000388 seconds
2016-11-17T20:51:02.262+0100: 9410.118: Total time for which application threads were stopped: 0.0000496 seconds, Stopping threads took: 0.0000181 seconds
2016-11-17T20:51:02.262+0100: 9410.118: Total time for which application threads were stopped: 0.0000555 seconds, Stopping threads took: 0.0000201 seconds
2016-11-17T20:51:02.262+0100: 9410.118: Total time for which application threads were stopped: 0.0000459 seconds, Stopping threads took: 0.0000134 seconds
2016-11-17T20:51:02.262+0100: 9410.118: Total time for which application threads were stopped: 0.0000469 seconds, Stopping threads took: 0.0000141 seconds
2016-11-17T20:51:02.262+0100: 9410.118: Total time for which application threads were stopped: 0.0000482 seconds, Stopping threads took: 0.0000180 seconds
2016-11-17T20:51:02.262+0100: 9410.118: Total time for which application threads were stopped: 0.0000459 seconds, Stopping threads took: 0.0000159 seconds
2016-11-17T20:51:02.264+0100: 9410.119: Total time for which application threads were stopped: 0.0001009 seconds, Stopping threads took: 0.0000242 seconds
2016-11-17T20:51:02.264+0100: 9410.119: Total time for which application threads were stopped: 0.0000393 seconds, Stopping threads took: 0.0000090 seconds
{Heap before GC invocations=66 (full 1):
 par new generation   total 109248K, used 94527K [0x00000000e0000000, 0x00000000e8000000, 0x00000000e8000000)
  eden space 87424K, 100% used [0x00000000e0000000, 0x00000000e5560000, 0x00000000e5560000)
  from space 21824K,  32% used [0x00000000e5560000, 0x00000000e5c4ffc0, 0x00000000e6ab0000)
  to   space 21824K,   0% used [0x00000000e6ab0000, 0x00000000e6ab0000, 0x00000000e8000000)
 concurrent mark-sweep generation total 393216K, used 16639K [0x00000000e8000000, 0x0000000100000000, 0x0000000100000000)
 Metaspace       used 32590K, capacity 33617K, committed 33736K, reserved 1079296K
  class space    used 3760K, capacity 3994K, committed 4040K, reserved 1048576K
2016-11-17T20:51:02.282+0100: 9410.137: [GC (Allocation Failure) 2016-11-17T20:51:02.282+0100: 9410.137: [ParNew
Desired survivor size 20112992 bytes, new threshold 8 (max 8)
- age   1:    3202000 bytes,    3202000 total
- age   2:     143224 bytes,    3345224 total
- age   3:    1509712 bytes,    4854936 total
- age   4:     136704 bytes,    4991640 total
- age   5:     641728 bytes,    5633368 total
- age   6:       2448 bytes,    5635816 total
- age   7:     196696 bytes,    5832512 total
- age   8:       1696 bytes,    5834208 total
: 94527K->7099K(109248K), 0.0082637 secs] 111166K->23948K(502464K), 0.0083365 secs] [Times: user=0.03 sys=0.00, real=0.01 secs] 
Heap after GC invocations=67 (full 1):
 par new generation   total 109248K, used 7099K [0x00000000e0000000, 0x00000000e8000000, 0x00000000e8000000)
  eden space 87424K,   0% used [0x00000000e0000000, 0x00000000e0000000, 0x00000000e5560000)
  from space 21824K,  32% used [0x00000000e6ab0000, 0x00000000e719ee20, 0x00000000e8000000)
  to   space 21824K,   0% used [0x00000000e5560000, 0x00000000e5560000, 0x00000000e6ab0000)
 concurrent mark-sweep generation total 393216K, used 16848K [0x00000000e8000000, 0x0000000100000000, 0x0000000100000000)
 Metaspace       used 32590K, capacity 33617K, committed 33736K, reserved 1079296K
  class space    used 3760K, capacity 3994K, committed 4040K, reserved 1048576K
}
2016-11-17T20:51:02.290+0100: 9410.146: Total time for which application threads were stopped: 0.0085525 seconds, Stopping threads took: 0.0000164 seconds
2016-11-17T20:51:02.291+0100: 9410.146: Total time for which application threads were stopped: 0.0001234 seconds, Stopping threads took: 0.0000304 seconds
2016-11-17T20:51:02.291+0100: 9410.146: Total time for which application threads were stopped: 0.0000499 seconds, Stopping threads took: 0.0000106 seconds
{Heap before GC invocations=67 (full 1):
 par new generation   total 109248K, used 94523K [0x00000000e0000000, 0x00000000e8000000, 0x00000000e8000000)
  eden space 87424K, 100% used [0x00000000e0000000, 0x00000000e5560000, 0x00000000e5560000)
  from space 21824K,  32% used [0x00000000e6ab0000, 0x00000000e719ee20, 0x00000000e8000000)
  to   space 21824K,   0% used [0x00000000e5560000, 0x00000000e5560000, 0x00000000e6ab0000)
 concurrent mark-sweep generation total 393216K, used 16848K [0x00000000e8000000, 0x0000000100000000, 0x0000000100000000)
 Metaspace       used 32590K, capacity 33617K, committed 33736K, reserved 1079296K
  class space    used 3760K, capacity 3994K, committed 4040K, reserved 1048576K
2016-11-17T20:51:02.334+0100: 9410.189: [GC (Allocation Failure) 2016-11-17T20:51:02.334+0100: 9410.189: [ParNew
Desired survivor size 20112992 bytes, new threshold 8 (max 8)
- age   1:    1023288 bytes,    1023288 total
- age   2:     617968 bytes,    1641256 total
- age   3:       3288 bytes,    1644544 total
- age   4:     196512 bytes,    1841056 total
- age   5:       2976 bytes,    1844032 total
- age   6:     196912 bytes,    2040944 total
- age   7:       2448 bytes,    2043392 total
- age   8:     196672 bytes,    2240064 total
: 94523K->4983K(109248K), 0.0037647 secs] 111372K->21833K(502464K), 0.0038908 secs] [Times: user=0.01 sys=0.01, real=0.00 secs] 
Heap after GC invocations=68 (full 1):
 par new generation   total 109248K, used 4983K [0x00000000e0000000, 0x00000000e8000000, 0x00000000e8000000)
  eden space 87424K,   0% used [0x00000000e0000000, 0x00000000e0000000, 0x00000000e5560000)
  from space 21824K,  22% used [0x00000000e5560000, 0x00000000e5a3dc40, 0x00000000e6ab0000)
  to   space 21824K,   0% used [0x00000000e6ab0000, 0x00000000e6ab0000, 0x00000000e8000000)
 concurrent mark-sweep generation total 393216K, used 16850K [0x00000000e8000000, 0x0000000100000000, 0x0000000100000000)
 Metaspace       used 32590K, capacity 33617K, committed 33736K, reserved 1079296K
  class space    used 3760K, capacity 3994K, committed 4040K, reserved 1048576K
}
2016-11-17T20:51:02.338+0100: 9410.193: Total time for which application threads were stopped: 0.0041081 seconds, Stopping threads took: 0.0000312 seconds
2016-11-17T20:51:02.338+0100: 9410.193: Total time for which application threads were stopped: 0.0001622 seconds, Stopping threads took: 0.0000547 seconds
{Heap before GC invocations=68 (full 1):
 par new generation   total 109248K, used 92407K [0x00000000e0000000, 0x00000000e8000000, 0x00000000e8000000)
  eden space 87424K, 100% used [0x00000000e0000000, 0x00000000e5560000, 0x00000000e5560000)
  from space 21824K,  22% used [0x00000000e5560000, 0x00000000e5a3dc40, 0x00000000e6ab0000)
  to   space 21824K,   0% used [0x00000000e6ab0000, 0x00000000e6ab0000, 0x00000000e8000000)
 concurrent mark-sweep generation total 393216K, used 16850K [0x00000000e8000000, 0x0000000100000000, 0x0000000100000000)
 Metaspace       used 32590K, capacity 33617K, committed 33736K, reserved 1079296K
  class space    used 3760K, capacity 3994K, committed 4040K, reserved 1048576K
2016-11-17T20:51:02.403+0100: 9410.258: [GC (Allocation Failure) 2016-11-17T20:51:02.403+0100: 9410.258: [ParNew
Desired survivor size 20112992 bytes, new threshold 8 (max 8)
- age   1:     550336 bytes,     550336 total
- age   2:     161512 bytes,     711848 total
- age   3:     606472 bytes,    1318320 total
- age   4:       3288 bytes,    1321608 total
- age   5:     196512 bytes,    1518120 total
- age   6:       2976 bytes,    1521096 total
- age   7:     196912 bytes,    1718008 total
- age   8:       2448 bytes,    1720456 total
: 92407K->2360K(109248K), 0.0042711 secs] 109257K->19406K(502464K), 0.0043728 secs] [Times: user=0.02 sys=0.00, real=0.00 secs] 
Heap after GC invocations=69 (full 1):
 par new generation   total 109248K, used 2360K [0x00000000e0000000, 0x00000000e8000000, 0x00000000e8000000)
  eden space 87424K,   0% used [0x00000000e0000000, 0x00000000e0000000, 0x00000000e5560000)
  from space 21824K,  10% used [0x00000000e6ab0000, 0x00000000e6cfe340, 0x00000000e8000000)
  to   space 21824K,   0% used [0x00000000e5560000, 0x00000000e5560000, 0x00000000e6ab0000)
 concurrent mark-sweep generation total 393216K, used 17045K [0x00000000e8000000, 0x0000000100000000, 0x0000000100000000)
 Metaspace       used 32590K, capacity 33617K, committed 33736K, reserved 1079296K
  class space    used 3760K, capacity 3994K, committed 4040K, reserved 1048576K
}
2016-11-17T20:51:02.407+0100: 9410.263: Total time for which application threads were stopped: 0.0045599 seconds, Stopping threads took: 0.0000280 seconds
2016-11-17T20:51:02.424+0100: 9410.279: Total time for which application threads were stopped: 0.0001131 seconds, Stopping threads took: 0.0000351 seconds
2016-11-17T20:51:02.429+0100: 9410.284: Total time for which application threads were stopped: 0.0001273 seconds, Stopping threads took: 0.0000283 seconds
2016-11-17T20:51:02.442+0100: 9410.298: Total time for which application threads were stopped: 0.0000957 seconds, Stopping threads took: 0.0000264 seconds
2016-11-17T20:51:02.573+0100: 9410.428: Total time for which application threads were stopped: 0.0001337 seconds, Stopping threads took: 0.0000226 seconds
2016-11-17T20:51:02.573+0100: 9410.429: Total time for which application threads were stopped: 0.0000527 seconds, Stopping threads took: 0.0000093 seconds
2016-11-17T20:51:02.573+0100: 9410.429: Total time for which application threads were stopped: 0.0000494 seconds, Stopping threads took: 0.0000118 seconds
2016-11-17T20:51:02.573+0100: 9410.429: Total time for which application threads were stopped: 0.0000403 seconds, Stopping threads took: 0.0000079 seconds
2016-11-17T20:51:02.573+0100: 9410.429: Total time for which application threads were stopped: 0.0000389 seconds, Stopping threads took: 0.0000074 seconds
2016-11-17T20:51:02.573+0100: 9410.429: Total time for which application threads were stopped: 0.0000357 seconds, Stopping threads took: 0.0000067 seconds
2016-11-17T20:51:02.574+0100: 9410.429: Total time for which application threads were stopped: 0.0000364 seconds, Stopping threads took: 0.0000059 seconds
2016-11-17T20:51:02.574+0100: 9410.429: Total time for which application threads were stopped: 0.0000367 seconds, Stopping threads took: 0.0000060 seconds
2016-11-17T20:51:02.574+0100: 9410.429: Total time for which application threads were stopped: 0.0000362 seconds, Stopping threads took: 0.0000080 seconds
2016-11-17T20:51:02.574+0100: 9410.429: Total time for which application threads were stopped: 0.0000338 seconds, Stopping threads took: 0.0000058 seconds
2016-11-17T20:51:02.575+0100: 9410.430: Total time for which application threads were stopped: 0.0000718 seconds, Stopping threads took: 0.0000171 seconds
2016-11-17T20:51:02.575+0100: 9410.430: Total time for which application threads were stopped: 0.0000459 seconds, Stopping threads took: 0.0000104 seconds
{Heap before GC invocations=69 (full 1):
 par new generation   total 109248K, used 89784K [0x00000000e0000000, 0x00000000e8000000, 0x00000000e8000000)
  eden space 87424K, 100% used [0x00000000e0000000, 0x00000000e5560000, 0x00000000e5560000)
  from space 21824K,  10% used [0x00000000e6ab0000, 0x00000000e6cfe340, 0x00000000e8000000)
  to   space 21824K,   0% used [0x00000000e5560000, 0x00000000e5560000, 0x00000000e6ab0000)
 concurrent mark-sweep generation total 393216K, used 17045K [0x00000000e8000000, 0x0000000100000000, 0x0000000100000000)
 Metaspace       used 32604K, capacity 33681K, committed 33736K, reserved 1079296K
  class space    used 3760K, capacity 3994K, committed 4040K, reserved 1048576K
2016-11-17T20:51:02.634+0100: 9410.489: [GC (Allocation Failure) 2016-11-17T20:51:02.634+0100: 9410.489: [ParNew
Desired survivor size 20112992 bytes, new threshold 8 (max 8)
- age   1:    3687944 bytes,    3687944 total
- age   2:     431944 bytes,    4119888 total
- age   3:     150624 bytes,    4270512 total
- age   4:     598256 bytes,    4868768 total
- age   5:       3288 bytes,    4872056 total
- age   6:     195896 bytes,    5067952 total
- age   7:       2976 bytes,    5070928 total
- age   8:     196456 bytes,    5267384 total
: 89784K->5629K(109248K), 0.0068693 secs] 106830K->22677K(502464K), 0.0069850 secs] [Times: user=0.02 sys=0.00, real=0.01 secs] 
Heap after GC invocations=70 (full 1):
 par new generation   total 109248K, used 5629K [0x00000000e0000000, 0x00000000e8000000, 0x00000000e8000000)
  eden space 87424K,   0% used [0x00000000e0000000, 0x00000000e0000000, 0x00000000e5560000)
  from space 21824K,  25% used [0x00000000e5560000, 0x00000000e5adf638, 0x00000000e6ab0000)
  to   space 21824K,   0% used [0x00000000e6ab0000, 0x00000000e6ab0000, 0x00000000e8000000)
 concurrent mark-sweep generation total 393216K, used 17047K [0x00000000e8000000, 0x0000000100000000, 0x0000000100000000)
 Metaspace       used 32604K, capacity 33681K, committed 33736K, reserved 1079296K
  class space    used 3760K, capacity 3994K, committed 4040K, reserved 1048576K
}
2016-11-17T20:51:02.641+0100: 9410.496: Total time for which application threads were stopped: 0.0071837 seconds, Stopping threads took: 0.0000276 seconds
2016-11-17T20:51:02.641+0100: 9410.497: Total time for which application threads were stopped: 0.0001052 seconds, Stopping threads took: 0.0000411 seconds
2016-11-17T20:51:02.641+0100: 9410.497: Total time for which application threads were stopped: 0.0000957 seconds, Stopping threads took: 0.0000191 seconds
{Heap before GC invocations=70 (full 1):
 par new generation   total 109248K, used 93053K [0x00000000e0000000, 0x00000000e8000000, 0x00000000e8000000)
  eden space 87424K, 100% used [0x00000000e0000000, 0x00000000e5560000, 0x00000000e5560000)
  from space 21824K,  25% used [0x00000000e5560000, 0x00000000e5adf638, 0x00000000e6ab0000)
  to   space 21824K,   0% used [0x00000000e6ab0000, 0x00000000e6ab0000, 0x00000000e8000000)
 concurrent mark-sweep generation total 393216K, used 17047K [0x00000000e8000000, 0x0000000100000000, 0x0000000100000000)
 Metaspace       used 32604K, capacity 33681K, committed 33736K, reserved 1079296K
  class space    used 3760K, capacity 3994K, committed 4040K, reserved 1048576K
2016-11-17T20:51:02.694+0100: 9410.550: [GC (Allocation Failure) 2016-11-17T20:51:02.694+0100: 9410.550: [ParNew
Desired survivor size 20112992 bytes, new threshold 8 (max 8)
- age   1:     320656 bytes,     320656 total
- age   2:    1314056 bytes,    1634712 total
- age   3:       3184 bytes,    1637896 total
- age   4:      28944 bytes,    1666840 total
- age   5:     170912 bytes,    1837752 total
- age   6:       3288 bytes,    1841040 total
- age   7:     195896 bytes,    2036936 total
- age   8:       2976 bytes,    2039912 total
: 93053K->3921K(109248K), 0.0049737 secs] 110101K->21163K(502464K), 0.0050705 secs] [Times: user=0.01 sys=0.00, real=0.01 secs] 
Heap after GC invocations=71 (full 1):
 par new generation   total 109248K, used 3921K [0x00000000e0000000, 0x00000000e8000000, 0x00000000e8000000)
  eden space 87424K,   0% used [0x00000000e0000000, 0x00000000e0000000, 0x00000000e5560000)
  from space 21824K,  17% used [0x00000000e6ab0000, 0x00000000e6e84760, 0x00000000e8000000)
  to   space 21824K,   0% used [0x00000000e5560000, 0x00000000e5560000, 0x00000000e6ab0000)
 concurrent mark-sweep generation total 393216K, used 17242K [0x00000000e8000000, 0x0000000100000000, 0x0000000100000000)
 Metaspace       used 32604K, capacity 33681K, committed 33736K, reserved 1079296K
  class space    used 3760K, capacity 3994K, committed 4040K, reserved 1048576K
}
2016-11-17T20:51:02.700+0100: 9410.555: Total time for which application threads were stopped: 0.0052655 seconds, Stopping threads took: 0.0000242 seconds
2016-11-17T20:51:02.700+0100: 9410.555: Total time for which application threads were stopped: 0.0001823 seconds, Stopping threads took: 0.0000236 seconds
2016-11-17T20:51:02.732+0100: 9410.587: Total time for which application threads were stopped: 0.0001797 seconds, Stopping threads took: 0.0000265 seconds
2016-11-17T20:51:02.737+0100: 9410.592: Total time for which application threads were stopped: 0.0001453 seconds, Stopping threads took: 0.0000424 seconds
2016-11-17T20:51:02.750+0100: 9410.605: Total time for which application threads were stopped: 0.0000979 seconds, Stopping threads took: 0.0000266 seconds
2016-11-17T20:51:02.825+0100: 9410.680: Total time for which application threads were stopped: 0.0001413 seconds, Stopping threads took: 0.0000213 seconds
2016-11-17T20:51:02.825+0100: 9410.681: Total time for which application threads were stopped: 0.0000599 seconds, Stopping threads took: 0.0000089 seconds
2016-11-17T20:51:02.825+0100: 9410.681: Total time for which application threads were stopped: 0.0000557 seconds, Stopping threads took: 0.0000112 seconds
2016-11-17T20:51:02.825+0100: 9410.681: Total time for which application threads were stopped: 0.0000516 seconds, Stopping threads took: 0.0000087 seconds
2016-11-17T20:51:02.826+0100: 9410.681: Total time for which application threads were stopped: 0.0000518 seconds, Stopping threads took: 0.0000084 seconds
2016-11-17T20:51:02.826+0100: 9410.681: Total time for which application threads were stopped: 0.0000502 seconds, Stopping threads took: 0.0000081 seconds
2016-11-17T20:51:02.826+0100: 9410.681: Total time for which application threads were stopped: 0.0000556 seconds, Stopping threads took: 0.0000091 seconds
2016-11-17T20:51:02.826+0100: 9410.681: Total time for which application threads were stopped: 0.0000551 seconds, Stopping threads took: 0.0000091 seconds
2016-11-17T20:51:02.826+0100: 9410.681: Total time for which application threads were stopped: 0.0000524 seconds, Stopping threads took: 0.0000105 seconds
2016-11-17T20:51:02.826+0100: 9410.681: Total time for which application threads were stopped: 0.0000509 seconds, Stopping threads took: 0.0000087 seconds
2016-11-17T20:51:02.827+0100: 9410.682: Total time for which application threads were stopped: 0.0000884 seconds, Stopping threads took: 0.0000169 seconds
2016-11-17T20:51:02.827+0100: 9410.683: Total time for which application threads were stopped: 0.0000538 seconds, Stopping threads took: 0.0000093 seconds
{Heap before GC invocations=71 (full 1):
 par new generation   total 109248K, used 91336K [0x00000000e0000000, 0x00000000e8000000, 0x00000000e8000000)
  eden space 87424K,  99% used [0x00000000e0000000, 0x00000000e555dc00, 0x00000000e5560000)
  from space 21824K,  17% used [0x00000000e6ab0000, 0x00000000e6e84760, 0x00000000e8000000)
  to   space 21824K,   0% used [0x00000000e5560000, 0x00000000e5560000, 0x00000000e6ab0000)
 concurrent mark-sweep generation total 393216K, used 17242K [0x00000000e8000000, 0x0000000100000000, 0x0000000100000000)
 Metaspace       used 32628K, capacity 33681K, committed 33736K, reserved 1079296K
  class space    used 3760K, capacity 3994K, committed 4040K, reserved 1048576K
2016-11-17T20:51:02.890+0100: 9410.746: [GC (Allocation Failure) 2016-11-17T20:51:02.890+0100: 9410.746: [ParNew
Desired survivor size 20112992 bytes, new threshold 8 (max 8)
- age   1:    4095232 bytes,    4095232 total
- age   2:     123680 bytes,    4218912 total
- age   3:     734760 bytes,    4953672 total
- age   4:       3184 bytes,    4956856 total
- age   5:      28944 bytes,    4985800 total
- age   6:     170416 bytes,    5156216 total
- age   7:       3288 bytes,    5159504 total
- age   8:     195648 bytes,    5355152 total
: 91336K->6010K(109248K), 0.0076147 secs] 108578K->23255K(502464K), 0.0077417 secs] [Times: user=0.03 sys=0.00, real=0.00 secs] 
Heap after GC invocations=72 (full 1):
 par new generation   total 109248K, used 6010K [0x00000000e0000000, 0x00000000e8000000, 0x00000000e8000000)
  eden space 87424K,   0% used [0x00000000e0000000, 0x00000000e0000000, 0x00000000e5560000)
  from space 21824K,  27% used [0x00000000e5560000, 0x00000000e5b3e988, 0x00000000e6ab0000)
  to   space 21824K,   0% used [0x00000000e6ab0000, 0x00000000e6ab0000, 0x00000000e8000000)
 concurrent mark-sweep generation total 393216K, used 17245K [0x00000000e8000000, 0x0000000100000000, 0x0000000100000000)
 Metaspace       used 32628K, capacity 33681K, committed 33736K, reserved 1079296K
  class space    used 3760K, capacity 3994K, committed 4040K, reserved 1048576K
}
2016-11-17T20:51:02.898+0100: 9410.754: Total time for which application threads were stopped: 0.0080187 seconds, Stopping threads took: 0.0000914 seconds
2016-11-17T20:51:02.898+0100: 9410.754: Total time for which application threads were stopped: 0.0000984 seconds, Stopping threads took: 0.0000363 seconds
2016-11-17T20:51:02.899+0100: 9410.754: Total time for which application threads were stopped: 0.0000774 seconds, Stopping threads took: 0.0000191 seconds
{Heap before GC invocations=72 (full 1):
 par new generation   total 109248K, used 93434K [0x00000000e0000000, 0x00000000e8000000, 0x00000000e8000000)
  eden space 87424K, 100% used [0x00000000e0000000, 0x00000000e5560000, 0x00000000e5560000)
  from space 21824K,  27% used [0x00000000e5560000, 0x00000000e5b3e988, 0x00000000e6ab0000)
  to   space 21824K,   0% used [0x00000000e6ab0000, 0x00000000e6ab0000, 0x00000000e8000000)
 concurrent mark-sweep generation total 393216K, used 17245K [0x00000000e8000000, 0x0000000100000000, 0x0000000100000000)
 Metaspace       used 32628K, capacity 33681K, committed 33736K, reserved 1079296K
  class space    used 3760K, capacity 3994K, committed 4040K, reserved 1048576K
2016-11-17T20:51:02.942+0100: 9410.797: [GC (Allocation Failure) 2016-11-17T20:51:02.942+0100: 9410.797: [ParNew
Desired survivor size 20112992 bytes, new threshold 8 (max 8)
- age   1:     176232 bytes,     176232 total
- age   2:    1334192 bytes,    1510424 total
- age   3:        520 bytes,    1510944 total
- age   4:     196656 bytes,    1707600 total
- age   5:       3184 bytes,    1710784 total
- age   6:      28944 bytes,    1739728 total
- age   7:     170416 bytes,    1910144 total
- age   8:       3288 bytes,    1913432 total
: 93434K->4062K(109248K), 0.0048488 secs] 110679K->21501K(502464K), 0.0049409 secs] [Times: user=0.02 sys=0.00, real=0.00 secs] 
Heap after GC invocations=73 (full 1):
 par new generation   total 109248K, used 4062K [0x00000000e0000000, 0x00000000e8000000, 0x00000000e8000000)
  eden space 87424K,   0% used [0x00000000e0000000, 0x00000000e0000000, 0x00000000e5560000)
  from space 21824K,  18% used [0x00000000e6ab0000, 0x00000000e6ea7ac0, 0x00000000e8000000)
  to   space 21824K,   0% used [0x00000000e5560000, 0x00000000e5560000, 0x00000000e6ab0000)
 concurrent mark-sweep generation total 393216K, used 17438K [0x00000000e8000000, 0x0000000100000000, 0x0000000100000000)
 Metaspace       used 32628K, capacity 33681K, committed 33736K, reserved 1079296K
  class space    used 3760K, capacity 3994K, committed 4040K, reserved 1048576K
}
2016-11-17T20:51:02.947+0100: 9410.802: Total time for which application threads were stopped: 0.0051284 seconds, Stopping threads took: 0.0000237 seconds
2016-11-17T20:51:02.947+0100: 9410.802: Total time for which application threads were stopped: 0.0001319 seconds, Stopping threads took: 0.0000363 seconds
2016-11-17T20:51:02.990+0100: 9410.846: Total time for which application threads were stopped: 0.0001369 seconds, Stopping threads took: 0.0000260 seconds
2016-11-17T20:51:02.996+0100: 9410.851: Total time for which application threads were stopped: 0.0002654 seconds, Stopping threads took: 0.0000690 seconds
2016-11-17T20:51:03.009+0100: 9410.865: Total time for which application threads were stopped: 0.0001296 seconds, Stopping threads took: 0.0000318 seconds
2016-11-17T20:51:03.053+0100: 9410.908: Total time for which application threads were stopped: 0.0000959 seconds, Stopping threads took: 0.0000224 seconds
2016-11-17T20:51:03.053+0100: 9410.909: Total time for which application threads were stopped: 0.0000517 seconds, Stopping threads took: 0.0000087 seconds
2016-11-17T20:51:03.053+0100: 9410.909: Total time for which application threads were stopped: 0.0000604 seconds, Stopping threads took: 0.0000115 seconds
2016-11-17T20:51:03.053+0100: 9410.909: Total time for which application threads were stopped: 0.0000423 seconds, Stopping threads took: 0.0000105 seconds
2016-11-17T20:51:03.054+0100: 9410.909: Total time for which application threads were stopped: 0.0000389 seconds, Stopping threads took: 0.0000090 seconds
2016-11-17T20:51:03.054+0100: 9410.909: Total time for which application threads were stopped: 0.0000386 seconds, Stopping threads took: 0.0000089 seconds
2016-11-17T20:51:03.054+0100: 9410.909: Total time for which application threads were stopped: 0.0000407 seconds, Stopping threads took: 0.0000091 seconds
2016-11-17T20:51:03.054+0100: 9410.909: Total time for which application threads were stopped: 0.0000566 seconds, Stopping threads took: 0.0000107 seconds
2016-11-17T20:51:03.054+0100: 9410.909: Total time for which application threads were stopped: 0.0000580 seconds, Stopping threads took: 0.0000111 seconds
2016-11-17T20:51:03.054+0100: 9410.909: Total time for which application threads were stopped: 0.0000437 seconds, Stopping threads took: 0.0000109 seconds
2016-11-17T20:51:03.055+0100: 9410.911: Total time for which application threads were stopped: 0.0000704 seconds, Stopping threads took: 0.0000176 seconds
2016-11-17T20:51:03.055+0100: 9410.911: Total time for which application threads were stopped: 0.0000427 seconds, Stopping threads took: 0.0000107 seconds
{Heap before GC invocations=73 (full 1):
 par new generation   total 109248K, used 91483K [0x00000000e0000000, 0x00000000e8000000, 0x00000000e8000000)
  eden space 87424K,  99% used [0x00000000e0000000, 0x00000000e555f440, 0x00000000e5560000)
  from space 21824K,  18% used [0x00000000e6ab0000, 0x00000000e6ea7ac0, 0x00000000e8000000)
  to   space 21824K,   0% used [0x00000000e5560000, 0x00000000e5560000, 0x00000000e6ab0000)
 concurrent mark-sweep generation total 393216K, used 17438K [0x00000000e8000000, 0x0000000100000000, 0x0000000100000000)
 Metaspace       used 32642K, capacity 33685K, committed 33736K, reserved 1079296K
  class space    used 3760K, capacity 3994K, committed 4040K, reserved 1048576K
2016-11-17T20:51:03.110+0100: 9410.966: [GC (Allocation Failure) 2016-11-17T20:51:03.110+0100: 9410.966: [ParNew
Desired survivor size 20112992 bytes, new threshold 8 (max 8)
- age   1:    3946360 bytes,    3946360 total
- age   2:      91016 bytes,    4037376 total
- age   3:     752776 bytes,    4790152 total
- age   4:        520 bytes,    4790672 total
- age   5:     195928 bytes,    4986600 total
- age   6:       3184 bytes,    4989784 total
- age   7:      28944 bytes,    5018728 total
- age   8:     169952 bytes,    5188680 total
: 91483K->5720K(109248K), 0.0068680 secs] 108922K->23162K(502464K), 0.0069828 secs] [Times: user=0.02 sys=0.00, real=0.00 secs] 
Heap after GC invocations=74 (full 1):
 par new generation   total 109248K, used 5720K [0x00000000e0000000, 0x00000000e8000000, 0x00000000e8000000)
  eden space 87424K,   0% used [0x00000000e0000000, 0x00000000e0000000, 0x00000000e5560000)
  from space 21824K,  26% used [0x00000000e5560000, 0x00000000e5af6090, 0x00000000e6ab0000)
  to   space 21824K,   0% used [0x00000000e6ab0000, 0x00000000e6ab0000, 0x00000000e8000000)
 concurrent mark-sweep generation total 393216K, used 17442K [0x00000000e8000000, 0x0000000100000000, 0x0000000100000000)
 Metaspace       used 32642K, capacity 33685K, committed 33736K, reserved 1079296K
  class space    used 3760K, capacity 3994K, committed 4040K, reserved 1048576K
}
2016-11-17T20:51:03.117+0100: 9410.973: Total time for which application threads were stopped: 0.0071767 seconds, Stopping threads took: 0.0000290 seconds
2016-11-17T20:51:03.118+0100: 9410.973: Total time for which application threads were stopped: 0.0000955 seconds, Stopping threads took: 0.0000280 seconds
2016-11-17T20:51:03.118+0100: 9410.973: Total time for which application threads were stopped: 0.0000728 seconds, Stopping threads took: 0.0000105 seconds
{Heap before GC invocations=74 (full 1):
 par new generation   total 109248K, used 93144K [0x00000000e0000000, 0x00000000e8000000, 0x00000000e8000000)
  eden space 87424K, 100% used [0x00000000e0000000, 0x00000000e5560000, 0x00000000e5560000)
  from space 21824K,  26% used [0x00000000e5560000, 0x00000000e5af6090, 0x00000000e6ab0000)
  to   space 21824K,   0% used [0x00000000e6ab0000, 0x00000000e6ab0000, 0x00000000e8000000)
 concurrent mark-sweep generation total 393216K, used 17442K [0x00000000e8000000, 0x0000000100000000, 0x0000000100000000)
 Metaspace       used 32642K, capacity 33685K, committed 33736K, reserved 1079296K
  class space    used 3760K, capacity 3994K, committed 4040K, reserved 1048576K
2016-11-17T20:51:03.153+0100: 9411.008: [GC (Allocation Failure) 2016-11-17T20:51:03.153+0100: 9411.008: [ParNew
Desired survivor size 20112992 bytes, new threshold 8 (max 8)
- age   1:     236912 bytes,     236912 total
- age   2:    1302904 bytes,    1539816 total
- age   3:       1176 bytes,    1540992 total
- age   4:     224280 bytes,    1765272 total
- age   5:        520 bytes,    1765792 total
- age   6:     195928 bytes,    1961720 total
- age   7:       3184 bytes,    1964904 total
- age   8:      28944 bytes,    1993848 total
: 93144K->3949K(109248K), 0.0051712 secs] 110586K->21559K(502464K), 0.0052979 secs] [Times: user=0.02 sys=0.00, real=0.00 secs] 
Heap after GC invocations=75 (full 1):
 par new generation   total 109248K, used 3949K [0x00000000e0000000, 0x00000000e8000000, 0x00000000e8000000)
  eden space 87424K,   0% used [0x00000000e0000000, 0x00000000e0000000, 0x00000000e5560000)
  from space 21824K,  18% used [0x00000000e6ab0000, 0x00000000e6e8b740, 0x00000000e8000000)
  to   space 21824K,   0% used [0x00000000e5560000, 0x00000000e5560000, 0x00000000e6ab0000)
 concurrent mark-sweep generation total 393216K, used 17609K [0x00000000e8000000, 0x0000000100000000, 0x0000000100000000)
 Metaspace       used 32642K, capacity 33685K, committed 33736K, reserved 1079296K
  class space    used 3760K, capacity 3994K, committed 4040K, reserved 1048576K
}
2016-11-17T20:51:03.158+0100: 9411.013: Total time for which application threads were stopped: 0.0054884 seconds, Stopping threads took: 0.0000261 seconds
2016-11-17T20:51:03.158+0100: 9411.014: Total time for which application threads were stopped: 0.0001387 seconds, Stopping threads took: 0.0000376 seconds
2016-11-17T20:51:03.215+0100: 9411.071: Total time for which application threads were stopped: 0.0001828 seconds, Stopping threads took: 0.0000250 seconds
2016-11-17T20:51:03.216+0100: 9411.071: Total time for which application threads were stopped: 0.0001249 seconds, Stopping threads took: 0.0000358 seconds
2016-11-17T20:51:03.221+0100: 9411.077: Total time for which application threads were stopped: 0.0001582 seconds, Stopping threads took: 0.0000427 seconds
2016-11-17T20:51:03.232+0100: 9411.088: Total time for which application threads were stopped: 0.0001092 seconds, Stopping threads took: 0.0000310 seconds
2016-11-17T20:51:03.278+0100: 9411.133: Total time for which application threads were stopped: 0.0001399 seconds, Stopping threads took: 0.0000207 seconds
2016-11-17T20:51:03.278+0100: 9411.134: Total time for which application threads were stopped: 0.0000502 seconds, Stopping threads took: 0.0000086 seconds
2016-11-17T20:51:03.278+0100: 9411.134: Total time for which application threads were stopped: 0.0000388 seconds, Stopping threads took: 0.0000063 seconds
2016-11-17T20:51:03.279+0100: 9411.134: Total time for which application threads were stopped: 0.0000388 seconds, Stopping threads took: 0.0000080 seconds
2016-11-17T20:51:03.279+0100: 9411.134: Total time for which application threads were stopped: 0.0000515 seconds, Stopping threads took: 0.0000207 seconds
2016-11-17T20:51:03.279+0100: 9411.134: Total time for which application threads were stopped: 0.0000362 seconds, Stopping threads took: 0.0000065 seconds
2016-11-17T20:51:03.279+0100: 9411.134: Total time for which application threads were stopped: 0.0000373 seconds, Stopping threads took: 0.0000054 seconds
2016-11-17T20:51:03.279+0100: 9411.134: Total time for which application threads were stopped: 0.0000442 seconds, Stopping threads took: 0.0000109 seconds
2016-11-17T20:51:03.279+0100: 9411.134: Total time for which application threads were stopped: 0.0000380 seconds, Stopping threads took: 0.0000080 seconds
2016-11-17T20:51:03.279+0100: 9411.134: Total time for which application threads were stopped: 0.0000380 seconds, Stopping threads took: 0.0000084 seconds
2016-11-17T20:51:03.280+0100: 9411.136: Total time for which application threads were stopped: 0.0000719 seconds, Stopping threads took: 0.0000191 seconds
2016-11-17T20:51:03.280+0100: 9411.136: Total time for which application threads were stopped: 0.0000459 seconds, Stopping threads took: 0.0000112 seconds
{Heap before GC invocations=75 (full 1):
 par new generation   total 109248K, used 91373K [0x00000000e0000000, 0x00000000e8000000, 0x00000000e8000000)
  eden space 87424K, 100% used [0x00000000e0000000, 0x00000000e5560000, 0x00000000e5560000)
  from space 21824K,  18% used [0x00000000e6ab0000, 0x00000000e6e8b740, 0x00000000e8000000)
  to   space 21824K,   0% used [0x00000000e5560000, 0x00000000e5560000, 0x00000000e6ab0000)
 concurrent mark-sweep generation total 393216K, used 17609K [0x00000000e8000000, 0x0000000100000000, 0x0000000100000000)
 Metaspace       used 32647K, capacity 33685K, committed 33736K, reserved 1079296K
  class space    used 3760K, capacity 3994K, committed 4040K, reserved 1048576K
2016-11-17T20:51:03.312+0100: 9411.167: [GC (Allocation Failure) 2016-11-17T20:51:03.312+0100: 9411.167: [ParNew
Desired survivor size 20112992 bytes, new threshold 8 (max 8)
- age   1:    3383560 bytes,    3383560 total
- age   2:      81576 bytes,    3465136 total
- age   3:     720656 bytes,    4185792 total
- age   4:       1176 bytes,    4186968 total
- age   5:     223096 bytes,    4410064 total
- age   6:        520 bytes,    4410584 total
- age   7:     195928 bytes,    4606512 total
- age   8:       3184 bytes,    4609696 total
: 91373K->4989K(109248K), 0.0063816 secs] 108983K->22628K(502464K), 0.0064604 secs] [Times: user=0.02 sys=0.00, real=0.00 secs] 
Heap after GC invocations=76 (full 1):
 par new generation   total 109248K, used 4989K [0x00000000e0000000, 0x00000000e8000000, 0x00000000e8000000)
  eden space 87424K,   0% used [0x00000000e0000000, 0x00000000e0000000, 0x00000000e5560000)
  from space 21824K,  22% used [0x00000000e5560000, 0x00000000e5a3f780, 0x00000000e6ab0000)
  to   space 21824K,   0% used [0x00000000e6ab0000, 0x00000000e6ab0000, 0x00000000e8000000)
 concurrent mark-sweep generation total 393216K, used 17638K [0x00000000e8000000, 0x0000000100000000, 0x0000000100000000)
 Metaspace       used 32647K, capacity 33685K, committed 33736K, reserved 1079296K
  class space    used 3760K, capacity 3994K, committed 4040K, reserved 1048576K
}
2016-11-17T20:51:03.318+0100: 9411.174: Total time for which application threads were stopped: 0.0066885 seconds, Stopping threads took: 0.0000254 seconds
2016-11-17T20:51:03.319+0100: 9411.174: Total time for which application threads were stopped: 0.0001260 seconds, Stopping threads took: 0.0000425 seconds
2016-11-17T20:51:03.319+0100: 9411.174: Total time for which application threads were stopped: 0.0000817 seconds, Stopping threads took: 0.0000165 seconds
{Heap before GC invocations=76 (full 1):
 par new generation   total 109248K, used 92413K [0x00000000e0000000, 0x00000000e8000000, 0x00000000e8000000)
  eden space 87424K, 100% used [0x00000000e0000000, 0x00000000e5560000, 0x00000000e5560000)
  from space 21824K,  22% used [0x00000000e5560000, 0x00000000e5a3f780, 0x00000000e6ab0000)
  to   space 21824K,   0% used [0x00000000e6ab0000, 0x00000000e6ab0000, 0x00000000e8000000)
 concurrent mark-sweep generation total 393216K, used 17638K [0x00000000e8000000, 0x0000000100000000, 0x0000000100000000)
 Metaspace       used 32647K, capacity 33685K, committed 33736K, reserved 1079296K
  class space    used 3760K, capacity 3994K, committed 4040K, reserved 1048576K
2016-11-17T20:51:03.355+0100: 9411.211: [GC (Allocation Failure) 2016-11-17T20:51:03.356+0100: 9411.211: [ParNew
Desired survivor size 20112992 bytes, new threshold 8 (max 8)
- age   1:     708160 bytes,     708160 total
- age   2:     654952 bytes,    1363112 total
- age   3:       1856 bytes,    1364968 total
- age   4:     199808 bytes,    1564776 total
- age   5:       1176 bytes,    1565952 total
- age   6:     223096 bytes,    1789048 total
- age   7:        520 bytes,    1789568 total
- age   8:     195928 bytes,    1985496 total
: 92413K->3522K(109248K), 0.0064036 secs] 110052K->21164K(502464K), 0.0066464 secs] [Times: user=0.01 sys=0.00, real=0.01 secs] 
Heap after GC invocations=77 (full 1):
 par new generation   total 109248K, used 3522K [0x00000000e0000000, 0x00000000e8000000, 0x00000000e8000000)
  eden space 87424K,   0% used [0x00000000e0000000, 0x00000000e0000000, 0x00000000e5560000)
  from space 21824K,  16% used [0x00000000e6ab0000, 0x00000000e6e20980, 0x00000000e8000000)
  to   space 21824K,   0% used [0x00000000e5560000, 0x00000000e5560000, 0x00000000e6ab0000)
 concurrent mark-sweep generation total 393216K, used 17642K [0x00000000e8000000, 0x0000000100000000, 0x0000000100000000)
 Metaspace       used 32647K, capacity 33685K, committed 33736K, reserved 1079296K
  class space    used 3760K, capacity 3994K, committed 4040K, reserved 1048576K
}
2016-11-17T20:51:03.362+0100: 9411.218: Total time for which application threads were stopped: 0.0069891 seconds, Stopping threads took: 0.0000446 seconds
2016-11-17T20:51:03.362+0100: 9411.218: Total time for which application threads were stopped: 0.0003039 seconds, Stopping threads took: 0.0000389 seconds
2016-11-17T20:51:03.433+0100: 9411.288: Total time for which application threads were stopped: 0.0001485 seconds, Stopping threads took: 0.0000394 seconds
2016-11-17T20:51:03.438+0100: 9411.293: Total time for which application threads were stopped: 0.0001842 seconds, Stopping threads took: 0.0000363 seconds
2016-11-17T20:51:03.448+0100: 9411.304: Total time for which application threads were stopped: 0.0001033 seconds, Stopping threads took: 0.0000236 seconds
{Heap before GC invocations=77 (full 1):
 par new generation   total 109248K, used 90946K [0x00000000e0000000, 0x00000000e8000000, 0x00000000e8000000)
  eden space 87424K, 100% used [0x00000000e0000000, 0x00000000e5560000, 0x00000000e5560000)
  from space 21824K,  16% used [0x00000000e6ab0000, 0x00000000e6e20980, 0x00000000e8000000)
  to   space 21824K,   0% used [0x00000000e5560000, 0x00000000e5560000, 0x00000000e6ab0000)
 concurrent mark-sweep generation total 393216K, used 17642K [0x00000000e8000000, 0x0000000100000000, 0x0000000100000000)
 Metaspace       used 32656K, capacity 33685K, committed 33736K, reserved 1079296K
  class space    used 3760K, capacity 3994K, committed 4040K, reserved 1048576K
2016-11-17T20:51:03.485+0100: 9411.341: [GC (Allocation Failure) 2016-11-17T20:51:03.485+0100: 9411.341: [ParNew
Desired survivor size 20112992 bytes, new threshold 8 (max 8)
- age   1:    2616856 bytes,    2616856 total
- age   2:     149176 bytes,    2766032 total
- age   3:     637264 bytes,    3403296 total
- age   4:       1856 bytes,    3405152 total
- age   5:     198624 bytes,    3603776 total
- age   6:       1176 bytes,    3604952 total
- age   7:     223096 bytes,    3828048 total
- age   8:        520 bytes,    3828568 total
: 90946K->4354K(109248K), 0.0069568 secs] 108588K->22190K(502464K), 0.0070548 secs] [Times: user=0.02 sys=0.00, real=0.01 secs] 
Heap after GC invocations=78 (full 1):
 par new generation   total 109248K, used 4354K [0x00000000e0000000, 0x00000000e8000000, 0x00000000e8000000)
  eden space 87424K,   0% used [0x00000000e0000000, 0x00000000e0000000, 0x00000000e5560000)
  from space 21824K,  19% used [0x00000000e5560000, 0x00000000e59a0a30, 0x00000000e6ab0000)
  to   space 21824K,   0% used [0x00000000e6ab0000, 0x00000000e6ab0000, 0x00000000e8000000)
 concurrent mark-sweep generation total 393216K, used 17835K [0x00000000e8000000, 0x0000000100000000, 0x0000000100000000)
 Metaspace       used 32656K, capacity 33685K, committed 33736K, reserved 1079296K
  class space    used 3760K, capacity 3994K, committed 4040K, reserved 1048576K
}
2016-11-17T20:51:03.492+0100: 9411.348: Total time for which application threads were stopped: 0.0072490 seconds, Stopping threads took: 0.0000192 seconds
2016-11-17T20:51:03.493+0100: 9411.348: Total time for which application threads were stopped: 0.0000979 seconds, Stopping threads took: 0.0000243 seconds
{Heap before GC invocations=78 (full 1):
 par new generation   total 109248K, used 91778K [0x00000000e0000000, 0x00000000e8000000, 0x00000000e8000000)
  eden space 87424K, 100% used [0x00000000e0000000, 0x00000000e5560000, 0x00000000e5560000)
  from space 21824K,  19% used [0x00000000e5560000, 0x00000000e59a0a30, 0x00000000e6ab0000)
  to   space 21824K,   0% used [0x00000000e6ab0000, 0x00000000e6ab0000, 0x00000000e8000000)
 concurrent mark-sweep generation total 393216K, used 17835K [0x00000000e8000000, 0x0000000100000000, 0x0000000100000000)
 Metaspace       used 32657K, capacity 33685K, committed 33736K, reserved 1079296K
  class space    used 3760K, capacity 3994K, committed 4040K, reserved 1048576K
2016-11-17T20:51:03.570+0100: 9411.426: [GC (Allocation Failure) 2016-11-17T20:51:03.571+0100: 9411.426: [ParNew
Desired survivor size 20112992 bytes, new threshold 8 (max 8)
- age   1:    1910336 bytes,    1910336 total
- age   2:    2186968 bytes,    4097304 total
- age   3:     148912 bytes,    4246216 total
- age   4:     626208 bytes,    4872424 total
- age   5:       1856 bytes,    4874280 total
- age   6:     198624 bytes,    5072904 total
- age   7:       1176 bytes,    5074080 total
- age   8:     223096 bytes,    5297176 total
: 91778K->6230K(109248K), 0.0074244 secs] 109614K->24066K(502464K), 0.0075187 secs] [Times: user=0.03 sys=0.00, real=0.00 secs] 
Heap after GC invocations=79 (full 1):
 par new generation   total 109248K, used 6230K [0x00000000e0000000, 0x00000000e8000000, 0x00000000e8000000)
  eden space 87424K,   0% used [0x00000000e0000000, 0x00000000e0000000, 0x00000000e5560000)
  from space 21824K,  28% used [0x00000000e6ab0000, 0x00000000e70c5980, 0x00000000e8000000)
  to   space 21824K,   0% used [0x00000000e5560000, 0x00000000e5560000, 0x00000000e6ab0000)
 concurrent mark-sweep generation total 393216K, used 17836K [0x00000000e8000000, 0x0000000100000000, 0x0000000100000000)
 Metaspace       used 32657K, capacity 33685K, committed 33736K, reserved 1079296K
  class space    used 3760K, capacity 3994K, committed 4040K, reserved 1048576K
}
2016-11-17T20:51:03.578+0100: 9411.434: Total time for which application threads were stopped: 0.0077157 seconds, Stopping threads took: 0.0000279 seconds
2016-11-17T20:51:03.578+0100: 9411.434: Total time for which application threads were stopped: 0.0001150 seconds, Stopping threads took: 0.0000241 seconds
{Heap before GC invocations=79 (full 1):
 par new generation   total 109248K, used 93654K [0x00000000e0000000, 0x00000000e8000000, 0x00000000e8000000)
  eden space 87424K, 100% used [0x00000000e0000000, 0x00000000e5560000, 0x00000000e5560000)
  from space 21824K,  28% used [0x00000000e6ab0000, 0x00000000e70c5980, 0x00000000e8000000)
  to   space 21824K,   0% used [0x00000000e5560000, 0x00000000e5560000, 0x00000000e6ab0000)
 concurrent mark-sweep generation total 393216K, used 17836K [0x00000000e8000000, 0x0000000100000000, 0x0000000100000000)
 Metaspace       used 32657K, capacity 33685K, committed 33736K, reserved 1079296K
  class space    used 3760K, capacity 3994K, committed 4040K, reserved 1048576K
2016-11-17T20:51:03.633+0100: 9411.488: [GC (Allocation Failure) 2016-11-17T20:51:03.633+0100: 9411.488: [ParNew
Desired survivor size 20112992 bytes, new threshold 8 (max 8)
- age   1:     278976 bytes,     278976 total
- age   2:    1299600 bytes,    1578576 total
- age   3:      34248 bytes,    1612824 total
- age   4:       2976 bytes,    1615800 total
- age   5:     197232 bytes,    1813032 total
- age   6:       1856 bytes,    1814888 total
- age   7:     198624 bytes,    2013512 total
- age   8:       1176 bytes,    2014688 total
: 93654K->4658K(109248K), 0.0047717 secs] 111490K->22715K(502464K), 0.0048913 secs] [Times: user=0.02 sys=0.00, real=0.00 secs] 
Heap after GC invocations=80 (full 1):
 par new generation   total 109248K, used 4658K [0x00000000e0000000, 0x00000000e8000000, 0x00000000e8000000)
  eden space 87424K,   0% used [0x00000000e0000000, 0x00000000e0000000, 0x00000000e5560000)
  from space 21824K,  21% used [0x00000000e5560000, 0x00000000e59eca20, 0x00000000e6ab0000)
  to   space 21824K,   0% used [0x00000000e6ab0000, 0x00000000e6ab0000, 0x00000000e8000000)
 concurrent mark-sweep generation total 393216K, used 18056K [0x00000000e8000000, 0x0000000100000000, 0x0000000100000000)
 Metaspace       used 32657K, capacity 33685K, committed 33736K, reserved 1079296K
  class space    used 3760K, capacity 3994K, committed 4040K, reserved 1048576K
}
2016-11-17T20:51:03.638+0100: 9411.493: Total time for which application threads were stopped: 0.0050932 seconds, Stopping threads took: 0.0000243 seconds
2016-11-17T20:51:03.638+0100: 9411.493: Total time for which application threads were stopped: 0.0001437 seconds, Stopping threads took: 0.0000515 seconds
2016-11-17T20:51:03.668+0100: 9411.523: Total time for which application threads were stopped: 0.0001223 seconds, Stopping threads took: 0.0000329 seconds
2016-11-17T20:51:03.673+0100: 9411.528: Total time for which application threads were stopped: 0.0001749 seconds, Stopping threads took: 0.0000362 seconds
2016-11-17T20:51:03.684+0100: 9411.539: Total time for which application threads were stopped: 0.0001121 seconds, Stopping threads took: 0.0000259 seconds
2016-11-17T20:51:04.684+0100: 9412.539: Total time for which application threads were stopped: 0.0001109 seconds, Stopping threads took: 0.0000253 seconds
{Heap before GC invocations=80 (full 1):
 par new generation   total 109248K, used 92061K [0x00000000e0000000, 0x00000000e8000000, 0x00000000e8000000)
  eden space 87424K,  99% used [0x00000000e0000000, 0x00000000e555aca0, 0x00000000e5560000)
  from space 21824K,  21% used [0x00000000e5560000, 0x00000000e59eca20, 0x00000000e6ab0000)
  to   space 21824K,   0% used [0x00000000e6ab0000, 0x00000000e6ab0000, 0x00000000e8000000)
 concurrent mark-sweep generation total 393216K, used 18056K [0x00000000e8000000, 0x0000000100000000, 0x0000000100000000)
 Metaspace       used 32682K, capacity 33689K, committed 33736K, reserved 1079296K
  class space    used 3760K, capacity 3994K, committed 4040K, reserved 1048576K
2016-11-17T20:51:29.933+0100: 9437.788: [GC (Allocation Failure) 2016-11-17T20:51:29.933+0100: 9437.788: [ParNew
Desired survivor size 20112992 bytes, new threshold 8 (max 8)
- age   1:    4025728 bytes,    4025728 total
- age   2:     134776 bytes,    4160504 total
- age   3:     716208 bytes,    4876712 total
- age   4:      33368 bytes,    4910080 total
- age   5:       2976 bytes,    4913056 total
- age   6:     196232 bytes,    5109288 total
- age   7:       1856 bytes,    5111144 total
- age   8:     198624 bytes,    5309768 total
: 92061K->6095K(109248K), 0.0099062 secs] 110118K->24153K(502464K), 0.0100239 secs] [Times: user=0.03 sys=0.01, real=0.01 secs] 
Heap after GC invocations=81 (full 1):
 par new generation   total 109248K, used 6095K [0x00000000e0000000, 0x00000000e8000000, 0x00000000e8000000)
  eden space 87424K,   0% used [0x00000000e0000000, 0x00000000e0000000, 0x00000000e5560000)
  from space 21824K,  27% used [0x00000000e6ab0000, 0x00000000e70a3c10, 0x00000000e8000000)
  to   space 21824K,   0% used [0x00000000e5560000, 0x00000000e5560000, 0x00000000e6ab0000)
 concurrent mark-sweep generation total 393216K, used 18058K [0x00000000e8000000, 0x0000000100000000, 0x0000000100000000)
 Metaspace       used 32682K, capacity 33689K, committed 33736K, reserved 1079296K
  class space    used 3760K, capacity 3994K, committed 4040K, reserved 1048576K
}
2016-11-17T20:51:29.943+0100: 9437.798: Total time for which application threads were stopped: 0.0102736 seconds, Stopping threads took: 0.0000220 seconds
2016-11-17T20:51:29.943+0100: 9437.799: Total time for which application threads were stopped: 0.0001191 seconds, Stopping threads took: 0.0000315 seconds
2016-11-17T20:51:29.943+0100: 9437.799: Total time for which application threads were stopped: 0.0001249 seconds, Stopping threads took: 0.0000390 seconds
{Heap before GC invocations=81 (full 1):
 par new generation   total 109248K, used 93519K [0x00000000e0000000, 0x00000000e8000000, 0x00000000e8000000)
  eden space 87424K, 100% used [0x00000000e0000000, 0x00000000e5560000, 0x00000000e5560000)
  from space 21824K,  27% used [0x00000000e6ab0000, 0x00000000e70a3c10, 0x00000000e8000000)
  to   space 21824K,   0% used [0x00000000e5560000, 0x00000000e5560000, 0x00000000e6ab0000)
 concurrent mark-sweep generation total 393216K, used 18058K [0x00000000e8000000, 0x0000000100000000, 0x0000000100000000)
 Metaspace       used 32682K, capacity 33689K, committed 33736K, reserved 1079296K
  class space    used 3760K, capacity 3994K, committed 4040K, reserved 1048576K
2016-11-17T20:51:29.981+0100: 9437.836: [GC (Allocation Failure) 2016-11-17T20:51:29.981+0100: 9437.836: [ParNew
Desired survivor size 20112992 bytes, new threshold 8 (max 8)
- age   1:     255432 bytes,     255432 total
- age   2:    1317952 bytes,    1573384 total
- age   3:        728 bytes,    1574112 total
- age   4:     174576 bytes,    1748688 total
- age   5:      33368 bytes,    1782056 total
- age   6:       2976 bytes,    1785032 total
- age   7:     196232 bytes,    1981264 total
- age   8:       1856 bytes,    1983120 total
: 93519K->3046K(109248K), 0.0086104 secs] 111577K->21301K(502464K), 0.0087293 secs] [Times: user=0.02 sys=0.00, real=0.01 secs] 
Heap after GC invocations=82 (full 1):
 par new generation   total 109248K, used 3046K [0x00000000e0000000, 0x00000000e8000000, 0x00000000e8000000)
  eden space 87424K,   0% used [0x00000000e0000000, 0x00000000e0000000, 0x00000000e5560000)
  from space 21824K,  13% used [0x00000000e5560000, 0x00000000e58599a0, 0x00000000e6ab0000)
  to   space 21824K,   0% used [0x00000000e6ab0000, 0x00000000e6ab0000, 0x00000000e8000000)
 concurrent mark-sweep generation total 393216K, used 18254K [0x00000000e8000000, 0x0000000100000000, 0x0000000100000000)
 Metaspace       used 32682K, capacity 33689K, committed 33736K, reserved 1079296K
  class space    used 3760K, capacity 3994K, committed 4040K, reserved 1048576K
}
2016-11-17T20:51:29.989+0100: 9437.845: Total time for which application threads were stopped: 0.0089616 seconds, Stopping threads took: 0.0000231 seconds
2016-11-17T20:51:29.990+0100: 9437.845: Total time for which application threads were stopped: 0.0002024 seconds, Stopping threads took: 0.0000526 seconds
2016-11-17T20:51:30.077+0100: 9437.932: Total time for which application threads were stopped: 0.0001803 seconds, Stopping threads took: 0.0000416 seconds
2016-11-17T20:51:30.106+0100: 9437.962: Total time for which application threads were stopped: 0.0001718 seconds, Stopping threads took: 0.0000346 seconds
{Heap before GC invocations=82 (full 1):
 par new generation   total 109248K, used 90470K [0x00000000e0000000, 0x00000000e8000000, 0x00000000e8000000)
  eden space 87424K, 100% used [0x00000000e0000000, 0x00000000e5560000, 0x00000000e5560000)
  from space 21824K,  13% used [0x00000000e5560000, 0x00000000e58599a0, 0x00000000e6ab0000)
  to   space 21824K,   0% used [0x00000000e6ab0000, 0x00000000e6ab0000, 0x00000000e8000000)
 concurrent mark-sweep generation total 393216K, used 18254K [0x00000000e8000000, 0x0000000100000000, 0x0000000100000000)
 Metaspace       used 32701K, capacity 33753K, committed 33992K, reserved 1079296K
  class space    used 3760K, capacity 3994K, committed 4040K, reserved 1048576K
2016-11-17T20:51:30.190+0100: 9438.046: [GC (Allocation Failure) 2016-11-17T20:51:30.191+0100: 9438.046: [ParNew
Desired survivor size 20112992 bytes, new threshold 8 (max 8)
- age   1:    3916384 bytes,    3916384 total
- age   2:      82896 bytes,    3999280 total
- age   3:     737552 bytes,    4736832 total
- age   4:        728 bytes,    4737560 total
- age   5:     174400 bytes,    4911960 total
- age   6:      33336 bytes,    4945296 total
- age   7:       2976 bytes,    4948272 total
- age   8:     196232 bytes,    5144504 total
: 90470K->5879K(109248K), 0.0085379 secs] 108725K->24136K(502464K), 0.0086428 secs] [Times: user=0.03 sys=0.00, real=0.01 secs] 
Heap after GC invocations=83 (full 1):
 par new generation   total 109248K, used 5879K [0x00000000e0000000, 0x00000000e8000000, 0x00000000e8000000)
  eden space 87424K,   0% used [0x00000000e0000000, 0x00000000e0000000, 0x00000000e5560000)
  from space 21824K,  26% used [0x00000000e6ab0000, 0x00000000e706de70, 0x00000000e8000000)
  to   space 21824K,   0% used [0x00000000e5560000, 0x00000000e5560000, 0x00000000e6ab0000)
 concurrent mark-sweep generation total 393216K, used 18256K [0x00000000e8000000, 0x0000000100000000, 0x0000000100000000)
 Metaspace       used 32701K, capacity 33753K, committed 33992K, reserved 1079296K
  class space    used 3760K, capacity 3994K, committed 4040K, reserved 1048576K
}
2016-11-17T20:51:30.199+0100: 9438.055: Total time for which application threads were stopped: 0.0089500 seconds, Stopping threads took: 0.0000832 seconds
2016-11-17T20:51:30.199+0100: 9438.055: Total time for which application threads were stopped: 0.0001157 seconds, Stopping threads took: 0.0000414 seconds
2016-11-17T20:51:30.200+0100: 9438.055: Total time for which application threads were stopped: 0.0001055 seconds, Stopping threads took: 0.0000281 seconds
{Heap before GC invocations=83 (full 1):
 par new generation   total 109248K, used 93303K [0x00000000e0000000, 0x00000000e8000000, 0x00000000e8000000)
  eden space 87424K, 100% used [0x00000000e0000000, 0x00000000e5560000, 0x00000000e5560000)
  from space 21824K,  26% used [0x00000000e6ab0000, 0x00000000e706de70, 0x00000000e8000000)
  to   space 21824K,   0% used [0x00000000e5560000, 0x00000000e5560000, 0x00000000e6ab0000)
 concurrent mark-sweep generation total 393216K, used 18256K [0x00000000e8000000, 0x0000000100000000, 0x0000000100000000)
 Metaspace       used 32702K, capacity 33753K, committed 33992K, reserved 1079296K
  class space    used 3760K, capacity 3994K, committed 4040K, reserved 1048576K
2016-11-17T20:51:30.235+0100: 9438.090: [GC (Allocation Failure) 2016-11-17T20:51:30.235+0100: 9438.090: [ParNew
Desired survivor size 20112992 bytes, new threshold 8 (max 8)
- age   1:     340456 bytes,     340456 total
- age   2:    3547472 bytes,    3887928 total
- age   3:      82896 bytes,    3970824 total
- age   4:     737552 bytes,    4708376 total
- age   5:        728 bytes,    4709104 total
- age   6:     174400 bytes,    4883504 total
- age   7:      33336 bytes,    4916840 total
- age   8:       2976 bytes,    4919816 total
: 93303K->6914K(109248K), 0.0071348 secs] 111560K->25364K(502464K), 0.0072389 secs] [Times: user=0.02 sys=0.00, real=0.01 secs] 
Heap after GC invocations=84 (full 1):
 par new generation   total 109248K, used 6914K [0x00000000e0000000, 0x00000000e8000000, 0x00000000e8000000)
  eden space 87424K,   0% used [0x00000000e0000000, 0x00000000e0000000, 0x00000000e5560000)
  from space 21824K,  31% used [0x00000000e5560000, 0x00000000e5c20820, 0x00000000e6ab0000)
  to   space 21824K,   0% used [0x00000000e6ab0000, 0x00000000e6ab0000, 0x00000000e8000000)
 concurrent mark-sweep generation total 393216K, used 18450K [0x00000000e8000000, 0x0000000100000000, 0x0000000100000000)
 Metaspace       used 32702K, capacity 33753K, committed 33992K, reserved 1079296K
  class space    used 3760K, capacity 3994K, committed 4040K, reserved 1048576K
}
2016-11-17T20:51:30.242+0100: 9438.098: Total time for which application threads were stopped: 0.0074409 seconds, Stopping threads took: 0.0000295 seconds
2016-11-17T20:51:30.242+0100: 9438.098: Total time for which application threads were stopped: 0.0001440 seconds, Stopping threads took: 0.0000365 seconds
2016-11-17T20:51:30.309+0100: 9438.164: Total time for which application threads were stopped: 0.0001393 seconds, Stopping threads took: 0.0000250 seconds
2016-11-17T20:51:30.314+0100: 9438.170: Total time for which application threads were stopped: 0.0001703 seconds, Stopping threads took: 0.0000450 seconds
2016-11-17T20:51:30.329+0100: 9438.184: Total time for which application threads were stopped: 0.0001047 seconds, Stopping threads took: 0.0000255 seconds
2016-11-17T20:51:30.329+0100: 9438.185: Total time for which application threads were stopped: 0.0000642 seconds, Stopping threads took: 0.0000249 seconds
2016-11-17T20:51:30.329+0100: 9438.185: Total time for which application threads were stopped: 0.0000593 seconds, Stopping threads took: 0.0000118 seconds
2016-11-17T20:51:30.329+0100: 9438.185: Total time for which application threads were stopped: 0.0000664 seconds, Stopping threads took: 0.0000224 seconds
2016-11-17T20:51:30.329+0100: 9438.185: Total time for which application threads were stopped: 0.0000445 seconds, Stopping threads took: 0.0000096 seconds
2016-11-17T20:51:30.330+0100: 9438.185: Total time for which application threads were stopped: 0.0000514 seconds, Stopping threads took: 0.0000175 seconds
2016-11-17T20:51:30.330+0100: 9438.185: Total time for which application threads were stopped: 0.0000638 seconds, Stopping threads took: 0.0000161 seconds
2016-11-17T20:51:30.330+0100: 9438.185: Total time for which application threads were stopped: 0.0000565 seconds, Stopping threads took: 0.0000109 seconds
2016-11-17T20:51:30.330+0100: 9438.186: Total time for which application threads were stopped: 0.0000658 seconds, Stopping threads took: 0.0000240 seconds
2016-11-17T20:51:30.330+0100: 9438.186: Total time for which application threads were stopped: 0.0000555 seconds, Stopping threads took: 0.0000210 seconds
2016-11-17T20:51:30.331+0100: 9438.187: Total time for which application threads were stopped: 0.0000583 seconds, Stopping threads took: 0.0000131 seconds
2016-11-17T20:51:30.331+0100: 9438.187: Total time for which application threads were stopped: 0.0000418 seconds, Stopping threads took: 0.0000089 seconds
2016-11-17T20:51:30.343+0100: 9438.199: Total time for which application threads were stopped: 0.0001022 seconds, Stopping threads took: 0.0000230 seconds
2016-11-17T20:51:30.344+0100: 9438.199: Total time for which application threads were stopped: 0.0000582 seconds, Stopping threads took: 0.0000148 seconds
2016-11-17T20:51:30.344+0100: 9438.199: Total time for which application threads were stopped: 0.0000420 seconds, Stopping threads took: 0.0000090 seconds
2016-11-17T20:51:30.344+0100: 9438.200: Total time for which application threads were stopped: 0.0000415 seconds, Stopping threads took: 0.0000088 seconds
2016-11-17T20:51:30.344+0100: 9438.200: Total time for which application threads were stopped: 0.0000491 seconds, Stopping threads took: 0.0000087 seconds
2016-11-17T20:51:30.344+0100: 9438.200: Total time for which application threads were stopped: 0.0000393 seconds, Stopping threads took: 0.0000082 seconds
2016-11-17T20:51:30.344+0100: 9438.200: Total time for which application threads were stopped: 0.0000482 seconds, Stopping threads took: 0.0000078 seconds
2016-11-17T20:51:30.345+0100: 9438.200: Total time for which application threads were stopped: 0.0000453 seconds, Stopping threads took: 0.0000095 seconds
2016-11-17T20:51:30.345+0100: 9438.200: Total time for which application threads were stopped: 0.0000731 seconds, Stopping threads took: 0.0000080 seconds
2016-11-17T20:51:30.345+0100: 9438.200: Total time for which application threads were stopped: 0.0000393 seconds, Stopping threads took: 0.0000080 seconds
2016-11-17T20:51:30.346+0100: 9438.201: Total time for which application threads were stopped: 0.0000934 seconds, Stopping threads took: 0.0000214 seconds
2016-11-17T20:51:30.346+0100: 9438.201: Total time for which application threads were stopped: 0.0000426 seconds, Stopping threads took: 0.0000099 seconds
{Heap before GC invocations=84 (full 1):
 par new generation   total 109248K, used 94338K [0x00000000e0000000, 0x00000000e8000000, 0x00000000e8000000)
  eden space 87424K, 100% used [0x00000000e0000000, 0x00000000e5560000, 0x00000000e5560000)
  from space 21824K,  31% used [0x00000000e5560000, 0x00000000e5c20820, 0x00000000e6ab0000)
  to   space 21824K,   0% used [0x00000000e6ab0000, 0x00000000e6ab0000, 0x00000000e8000000)
 concurrent mark-sweep generation total 393216K, used 18450K [0x00000000e8000000, 0x0000000100000000, 0x0000000100000000)
 Metaspace       used 32711K, capacity 33753K, committed 33992K, reserved 1079296K
  class space    used 3760K, capacity 3994K, committed 4040K, reserved 1048576K
2016-11-17T20:51:30.394+0100: 9438.249: [GC (Allocation Failure) 2016-11-17T20:51:30.394+0100: 9438.250: [ParNew
Desired survivor size 20112992 bytes, new threshold 8 (max 8)
- age   1:    3458288 bytes,    3458288 total
- age   2:      76248 bytes,    3534536 total
- age   3:    3148400 bytes,    6682936 total
- age   4:      82896 bytes,    6765832 total
- age   5:     733120 bytes,    7498952 total
- age   6:        728 bytes,    7499680 total
- age   7:     174400 bytes,    7674080 total
- age   8:      32728 bytes,    7706808 total
: 94338K->8880K(109248K), 0.0123358 secs] 112788K->27333K(502464K), 0.0124529 secs] [Times: user=0.03 sys=0.00, real=0.01 secs] 
Heap after GC invocations=85 (full 1):
 par new generation   total 109248K, used 8880K [0x00000000e0000000, 0x00000000e8000000, 0x00000000e8000000)
  eden space 87424K,   0% used [0x00000000e0000000, 0x00000000e0000000, 0x00000000e5560000)
  from space 21824K,  40% used [0x00000000e6ab0000, 0x00000000e735c100, 0x00000000e8000000)
  to   space 21824K,   0% used [0x00000000e5560000, 0x00000000e5560000, 0x00000000e6ab0000)
 concurrent mark-sweep generation total 393216K, used 18453K [0x00000000e8000000, 0x0000000100000000, 0x0000000100000000)
 Metaspace       used 32711K, capacity 33753K, committed 33992K, reserved 1079296K
  class space    used 3760K, capacity 3994K, committed 4040K, reserved 1048576K
}
2016-11-17T20:51:30.407+0100: 9438.262: Total time for which application threads were stopped: 0.0127085 seconds, Stopping threads took: 0.0000704 seconds
2016-11-17T20:51:30.407+0100: 9438.262: Total time for which application threads were stopped: 0.0001500 seconds, Stopping threads took: 0.0000508 seconds
2016-11-17T20:51:30.407+0100: 9438.262: Total time for which application threads were stopped: 0.0000788 seconds, Stopping threads took: 0.0000305 seconds
{Heap before GC invocations=85 (full 1):
 par new generation   total 109248K, used 96304K [0x00000000e0000000, 0x00000000e8000000, 0x00000000e8000000)
  eden space 87424K, 100% used [0x00000000e0000000, 0x00000000e5560000, 0x00000000e5560000)
  from space 21824K,  40% used [0x00000000e6ab0000, 0x00000000e735c100, 0x00000000e8000000)
  to   space 21824K,   0% used [0x00000000e5560000, 0x00000000e5560000, 0x00000000e6ab0000)
 concurrent mark-sweep generation total 393216K, used 18453K [0x00000000e8000000, 0x0000000100000000, 0x0000000100000000)
 Metaspace       used 32711K, capacity 33753K, committed 33992K, reserved 1079296K
  class space    used 3760K, capacity 3994K, committed 4040K, reserved 1048576K
2016-11-17T20:51:30.443+0100: 9438.299: [GC (Allocation Failure) 2016-11-17T20:51:30.443+0100: 9438.299: [ParNew
Desired survivor size 20112992 bytes, new threshold 8 (max 8)
- age   1:     853848 bytes,     853848 total
- age   2:     660816 bytes,    1514664 total
- age   3:       2448 bytes,    1517112 total
- age   4:     198736 bytes,    1715848 total
- age   5:       1696 bytes,    1717544 total
- age   6:     210552 bytes,    1928096 total
- age   7:        728 bytes,    1928824 total
- age   8:     174400 bytes,    2103224 total
: 96304K->5957K(109248K), 0.0042883 secs] 114757K->24444K(502464K), 0.0044007 secs] [Times: user=0.02 sys=0.00, real=0.00 secs] 
Heap after GC invocations=86 (full 1):
 par new generation   total 109248K, used 5957K [0x00000000e0000000, 0x00000000e8000000, 0x00000000e8000000)
  eden space 87424K,   0% used [0x00000000e0000000, 0x00000000e0000000, 0x00000000e5560000)
  from space 21824K,  27% used [0x00000000e5560000, 0x00000000e5b317e0, 0x00000000e6ab0000)
  to   space 21824K,   0% used [0x00000000e6ab0000, 0x00000000e6ab0000, 0x00000000e8000000)
 concurrent mark-sweep generation total 393216K, used 18486K [0x00000000e8000000, 0x0000000100000000, 0x0000000100000000)
 Metaspace       used 32711K, capacity 33753K, committed 33992K, reserved 1079296K
  class space    used 3760K, capacity 3994K, committed 4040K, reserved 1048576K
}
2016-11-17T20:51:30.448+0100: 9438.303: Total time for which application threads were stopped: 0.0046179 seconds, Stopping threads took: 0.0000307 seconds
2016-11-17T20:51:30.448+0100: 9438.303: Total time for which application threads were stopped: 0.0001385 seconds, Stopping threads took: 0.0000355 seconds
2016-11-17T20:51:30.517+0100: 9438.372: Total time for which application threads were stopped: 0.0001717 seconds, Stopping threads took: 0.0000378 seconds
2016-11-17T20:51:30.522+0100: 9438.378: Total time for which application threads were stopped: 0.0001327 seconds, Stopping threads took: 0.0000366 seconds
2016-11-17T20:51:30.536+0100: 9438.392: Total time for which application threads were stopped: 0.0001050 seconds, Stopping threads took: 0.0000249 seconds
2016-11-17T20:51:30.539+0100: 9438.395: Total time for which application threads were stopped: 0.0001018 seconds, Stopping threads took: 0.0000309 seconds
{Heap before GC invocations=86 (full 1):
 par new generation   total 109248K, used 93381K [0x00000000e0000000, 0x00000000e8000000, 0x00000000e8000000)
  eden space 87424K, 100% used [0x00000000e0000000, 0x00000000e5560000, 0x00000000e5560000)
  from space 21824K,  27% used [0x00000000e5560000, 0x00000000e5b317e0, 0x00000000e6ab0000)
  to   space 21824K,   0% used [0x00000000e6ab0000, 0x00000000e6ab0000, 0x00000000e8000000)
 concurrent mark-sweep generation total 393216K, used 18486K [0x00000000e8000000, 0x0000000100000000, 0x0000000100000000)
 Metaspace       used 32718K, capacity 33753K, committed 33992K, reserved 1079296K
  class space    used 3760K, capacity 3994K, committed 4040K, reserved 1048576K
2016-11-17T20:51:30.557+0100: 9438.412: [GC (Allocation Failure) 2016-11-17T20:51:30.557+0100: 9438.412: [ParNew
Desired survivor size 20112992 bytes, new threshold 8 (max 8)
- age   1:    3399128 bytes,    3399128 total
- age   2:     146080 bytes,    3545208 total
- age   3:     636488 bytes,    4181696 total
- age   4:       2448 bytes,    4184144 total
- age   5:     198736 bytes,    4382880 total
- age   6:       1696 bytes,    4384576 total
- age   7:     210520 bytes,    4595096 total
- age   8:        728 bytes,    4595824 total
: 93381K->6098K(109248K), 0.0074264 secs] 111868K->24756K(502464K), 0.0075179 secs] [Times: user=0.03 sys=0.00, real=0.01 secs] 
Heap after GC invocations=87 (full 1):
 par new generation   total 109248K, used 6098K [0x00000000e0000000, 0x00000000e8000000, 0x00000000e8000000)
  eden space 87424K,   0% used [0x00000000e0000000, 0x00000000e0000000, 0x00000000e5560000)
  from space 21824K,  27% used [0x00000000e6ab0000, 0x00000000e70a4860, 0x00000000e8000000)
  to   space 21824K,   0% used [0x00000000e5560000, 0x00000000e5560000, 0x00000000e6ab0000)
 concurrent mark-sweep generation total 393216K, used 18658K [0x00000000e8000000, 0x0000000100000000, 0x0000000100000000)
 Metaspace       used 32718K, capacity 33753K, committed 33992K, reserved 1079296K
  class space    used 3760K, capacity 3994K, committed 4040K, reserved 1048576K
}
2016-11-17T20:51:30.564+0100: 9438.420: Total time for which application threads were stopped: 0.0077257 seconds, Stopping threads took: 0.0000256 seconds
2016-11-17T20:51:30.565+0100: 9438.420: Total time for which application threads were stopped: 0.0001790 seconds, Stopping threads took: 0.0000435 seconds
2016-11-17T20:51:30.565+0100: 9438.420: Total time for which application threads were stopped: 0.0000815 seconds, Stopping threads took: 0.0000285 seconds
{Heap before GC invocations=87 (full 1):
 par new generation   total 109248K, used 93522K [0x00000000e0000000, 0x00000000e8000000, 0x00000000e8000000)
  eden space 87424K, 100% used [0x00000000e0000000, 0x00000000e5560000, 0x00000000e5560000)
  from space 21824K,  27% used [0x00000000e6ab0000, 0x00000000e70a4860, 0x00000000e8000000)
  to   space 21824K,   0% used [0x00000000e5560000, 0x00000000e5560000, 0x00000000e6ab0000)
 concurrent mark-sweep generation total 393216K, used 18658K [0x00000000e8000000, 0x0000000100000000, 0x0000000100000000)
 Metaspace       used 32718K, capacity 33753K, committed 33992K, reserved 1079296K
  class space    used 3760K, capacity 3994K, committed 4040K, reserved 1048576K
2016-11-17T20:51:30.613+0100: 9438.468: [GC (Allocation Failure) 2016-11-17T20:51:30.613+0100: 9438.468: [ParNew
Desired survivor size 20112992 bytes, new threshold 8 (max 8)
- age   1:     785576 bytes,     785576 total
- age   2:    3116016 bytes,    3901592 total
- age   3:     146080 bytes,    4047672 total
- age   4:     636488 bytes,    4684160 total
- age   5:       2448 bytes,    4686608 total
- age   6:     198736 bytes,    4885344 total
- age   7:       1696 bytes,    4887040 total
- age   8:     210520 bytes,    5097560 total
: 93522K->5600K(109248K), 0.0091335 secs] 112180K->24259K(502464K), 0.0092398 secs] [Times: user=0.04 sys=0.00, real=0.01 secs] 
Heap after GC invocations=88 (full 1):
 par new generation   total 109248K, used 5600K [0x00000000e0000000, 0x00000000e8000000, 0x00000000e8000000)
  eden space 87424K,   0% used [0x00000000e0000000, 0x00000000e0000000, 0x00000000e5560000)
  from space 21824K,  25% used [0x00000000e5560000, 0x00000000e5ad80d0, 0x00000000e6ab0000)
  to   space 21824K,   0% used [0x00000000e6ab0000, 0x00000000e6ab0000, 0x00000000e8000000)
 concurrent mark-sweep generation total 393216K, used 18659K [0x00000000e8000000, 0x0000000100000000, 0x0000000100000000)
 Metaspace       used 32718K, capacity 33753K, committed 33992K, reserved 1079296K
  class space    used 3760K, capacity 3994K, committed 4040K, reserved 1048576K
}
2016-11-17T20:51:30.622+0100: 9438.478: Total time for which application threads were stopped: 0.0094443 seconds, Stopping threads took: 0.0000299 seconds
2016-11-17T20:51:30.623+0100: 9438.478: Total time for which application threads were stopped: 0.0001421 seconds, Stopping threads took: 0.0000388 seconds
2016-11-17T20:51:30.690+0100: 9438.546: Total time for which application threads were stopped: 0.0001748 seconds, Stopping threads took: 0.0000753 seconds
2016-11-17T20:51:30.692+0100: 9438.547: Total time for which application threads were stopped: 0.0001386 seconds, Stopping threads took: 0.0000396 seconds
2016-11-17T20:51:30.695+0100: 9438.550: Total time for which application threads were stopped: 0.0011347 seconds, Stopping threads took: 0.0009845 seconds
2016-11-17T20:51:30.702+0100: 9438.558: Total time for which application threads were stopped: 0.0002324 seconds, Stopping threads took: 0.0000590 seconds
2016-11-17T20:51:30.703+0100: 9438.558: Total time for which application threads were stopped: 0.0000932 seconds, Stopping threads took: 0.0000208 seconds
2016-11-17T20:51:30.703+0100: 9438.559: Total time for which application threads were stopped: 0.0000624 seconds, Stopping threads took: 0.0000119 seconds
2016-11-17T20:51:30.703+0100: 9438.559: Total time for which application threads were stopped: 0.0000624 seconds, Stopping threads took: 0.0000109 seconds
2016-11-17T20:51:30.703+0100: 9438.559: Total time for which application threads were stopped: 0.0000703 seconds, Stopping threads took: 0.0000138 seconds
2016-11-17T20:51:30.703+0100: 9438.559: Total time for which application threads were stopped: 0.0000625 seconds, Stopping threads took: 0.0000123 seconds
2016-11-17T20:51:30.704+0100: 9438.559: Total time for which application threads were stopped: 0.0000593 seconds, Stopping threads took: 0.0000110 seconds
2016-11-17T20:51:30.704+0100: 9438.559: Total time for which application threads were stopped: 0.0000606 seconds, Stopping threads took: 0.0000112 seconds
2016-11-17T20:51:30.709+0100: 9438.564: Total time for which application threads were stopped: 0.0001388 seconds, Stopping threads took: 0.0000505 seconds
2016-11-17T20:51:30.709+0100: 9438.564: Total time for which application threads were stopped: 0.0000954 seconds, Stopping threads took: 0.0000385 seconds
2016-11-17T20:51:30.709+0100: 9438.564: Total time for which application threads were stopped: 0.0000518 seconds, Stopping threads took: 0.0000140 seconds
2016-11-17T20:51:30.709+0100: 9438.565: Total time for which application threads were stopped: 0.0000776 seconds, Stopping threads took: 0.0000405 seconds
2016-11-17T20:51:30.709+0100: 9438.565: Total time for which application threads were stopped: 0.0000692 seconds, Stopping threads took: 0.0000310 seconds
2016-11-17T20:51:30.709+0100: 9438.565: Total time for which application threads were stopped: 0.0000556 seconds, Stopping threads took: 0.0000168 seconds
2016-11-17T20:51:30.709+0100: 9438.565: Total time for which application threads were stopped: 0.0000653 seconds, Stopping threads took: 0.0000259 seconds
2016-11-17T20:51:30.709+0100: 9438.565: Total time for which application threads were stopped: 0.0000612 seconds, Stopping threads took: 0.0000222 seconds
2016-11-17T20:51:30.709+0100: 9438.565: Total time for which application threads were stopped: 0.0000664 seconds, Stopping threads took: 0.0000263 seconds
2016-11-17T20:51:30.711+0100: 9438.567: Total time for which application threads were stopped: 0.0019211 seconds, Stopping threads took: 0.0018481 seconds
2016-11-17T20:51:30.712+0100: 9438.567: Total time for which application threads were stopped: 0.0000746 seconds, Stopping threads took: 0.0000336 seconds
2016-11-17T20:51:30.712+0100: 9438.567: Total time for which application threads were stopped: 0.0000601 seconds, Stopping threads took: 0.0000096 seconds
2016-11-17T20:51:30.712+0100: 9438.567: Total time for which application threads were stopped: 0.0000902 seconds, Stopping threads took: 0.0000468 seconds
2016-11-17T20:51:30.712+0100: 9438.567: Total time for which application threads were stopped: 0.0001038 seconds, Stopping threads took: 0.0000369 seconds
2016-11-17T20:51:30.712+0100: 9438.567: Total time for which application threads were stopped: 0.0000847 seconds, Stopping threads took: 0.0000120 seconds
2016-11-17T20:51:30.712+0100: 9438.568: Total time for which application threads were stopped: 0.0001000 seconds, Stopping threads took: 0.0000436 seconds
2016-11-17T20:51:30.712+0100: 9438.568: Total time for which application threads were stopped: 0.0000804 seconds, Stopping threads took: 0.0000297 seconds
2016-11-17T20:51:30.712+0100: 9438.568: Total time for which application threads were stopped: 0.0001193 seconds, Stopping threads took: 0.0000529 seconds
2016-11-17T20:51:30.713+0100: 9438.568: Total time for which application threads were stopped: 0.0002130 seconds, Stopping threads took: 0.0000205 seconds
2016-11-17T20:51:30.713+0100: 9438.568: Total time for which application threads were stopped: 0.0000687 seconds, Stopping threads took: 0.0000247 seconds
2016-11-17T20:51:30.713+0100: 9438.569: Total time for which application threads were stopped: 0.0003534 seconds, Stopping threads took: 0.0000770 seconds
2016-11-17T20:51:30.716+0100: 9438.571: Total time for which application threads were stopped: 0.0001140 seconds, Stopping threads took: 0.0000265 seconds
2016-11-17T20:51:30.716+0100: 9438.572: Total time for which application threads were stopped: 0.0000445 seconds, Stopping threads took: 0.0000095 seconds
2016-11-17T20:51:30.718+0100: 9438.573: Total time for which application threads were stopped: 0.0001270 seconds, Stopping threads took: 0.0000376 seconds
2016-11-17T20:51:30.725+0100: 9438.580: Total time for which application threads were stopped: 0.0001126 seconds, Stopping threads took: 0.0000276 seconds
2016-11-17T20:51:30.725+0100: 9438.581: Total time for which application threads were stopped: 0.0000429 seconds, Stopping threads took: 0.0000097 seconds
2016-11-17T20:51:30.725+0100: 9438.581: Total time for which application threads were stopped: 0.0001293 seconds, Stopping threads took: 0.0000963 seconds
2016-11-17T20:51:30.725+0100: 9438.581: Total time for which application threads were stopped: 0.0000713 seconds, Stopping threads took: 0.0000242 seconds
2016-11-17T20:51:30.725+0100: 9438.581: Total time for which application threads were stopped: 0.0000665 seconds, Stopping threads took: 0.0000217 seconds
2016-11-17T20:51:30.726+0100: 9438.581: Total time for which application threads were stopped: 0.0000643 seconds, Stopping threads took: 0.0000272 seconds
2016-11-17T20:51:30.726+0100: 9438.581: Total time for which application threads were stopped: 0.0000680 seconds, Stopping threads took: 0.0000271 seconds
2016-11-17T20:51:30.727+0100: 9438.583: Total time for which application threads were stopped: 0.0001377 seconds, Stopping threads took: 0.0000492 seconds
2016-11-17T20:51:30.727+0100: 9438.583: Total time for which application threads were stopped: 0.0000673 seconds, Stopping threads took: 0.0000235 seconds
{Heap before GC invocations=88 (full 1):
 par new generation   total 109248K, used 93024K [0x00000000e0000000, 0x00000000e8000000, 0x00000000e8000000)
  eden space 87424K, 100% used [0x00000000e0000000, 0x00000000e5560000, 0x00000000e5560000)
  from space 21824K,  25% used [0x00000000e5560000, 0x00000000e5ad80d0, 0x00000000e6ab0000)
  to   space 21824K,   0% used [0x00000000e6ab0000, 0x00000000e6ab0000, 0x00000000e8000000)
 concurrent mark-sweep generation total 393216K, used 18659K [0x00000000e8000000, 0x0000000100000000, 0x0000000100000000)
 Metaspace       used 32738K, capacity 33753K, committed 33992K, reserved 1079296K
  class space    used 3760K, capacity 3994K, committed 4040K, reserved 1048576K
2016-11-17T20:51:30.745+0100: 9438.601: [GC (Allocation Failure) 2016-11-17T20:51:30.745+0100: 9438.601: [ParNew
Desired survivor size 20112992 bytes, new threshold 8 (max 8)
- age   1:    2897984 bytes,    2897984 total
- age   2:     144328 bytes,    3042312 total
- age   3:    1512544 bytes,    4554856 total
- age   4:     146080 bytes,    4700936 total
- age   5:     632888 bytes,    5333824 total
- age   6:       2448 bytes,    5336272 total
- age   7:     198008 bytes,    5534280 total
- age   8:       1696 bytes,    5535976 total
: 93024K->6364K(109248K), 0.0093529 secs] 111683K->25231K(502464K), 0.0094344 secs] [Times: user=0.04 sys=0.00, real=0.01 secs] 
Heap after GC invocations=89 (full 1):
 par new generation   total 109248K, used 6364K [0x00000000e0000000, 0x00000000e8000000, 0x00000000e8000000)
  eden space 87424K,   0% used [0x00000000e0000000, 0x00000000e0000000, 0x00000000e5560000)
  from space 21824K,  29% used [0x00000000e6ab0000, 0x00000000e70e7020, 0x00000000e8000000)
  to   space 21824K,   0% used [0x00000000e5560000, 0x00000000e5560000, 0x00000000e6ab0000)
 concurrent mark-sweep generation total 393216K, used 18867K [0x00000000e8000000, 0x0000000100000000, 0x0000000100000000)
 Metaspace       used 32738K, capacity 33753K, committed 33992K, reserved 1079296K
  class space    used 3760K, capacity 3994K, committed 4040K, reserved 1048576K
}
2016-11-17T20:51:30.755+0100: 9438.610: Total time for which application threads were stopped: 0.0097170 seconds, Stopping threads took: 0.0000661 seconds
2016-11-17T20:51:30.755+0100: 9438.611: Total time for which application threads were stopped: 0.0001510 seconds, Stopping threads took: 0.0000613 seconds
{Heap before GC invocations=89 (full 1):
 par new generation   total 109248K, used 93788K [0x00000000e0000000, 0x00000000e8000000, 0x00000000e8000000)
  eden space 87424K, 100% used [0x00000000e0000000, 0x00000000e5560000, 0x00000000e5560000)
  from space 21824K,  29% used [0x00000000e6ab0000, 0x00000000e70e7020, 0x00000000e8000000)
  to   space 21824K,   0% used [0x00000000e5560000, 0x00000000e5560000, 0x00000000e6ab0000)
 concurrent mark-sweep generation total 393216K, used 18867K [0x00000000e8000000, 0x0000000100000000, 0x0000000100000000)
 Metaspace       used 32742K, capacity 33753K, committed 33992K, reserved 1079296K
  class space    used 3760K, capacity 3994K, committed 4040K, reserved 1048576K
2016-11-17T20:51:30.828+0100: 9438.684: [GC (Allocation Failure) 2016-11-17T20:51:30.828+0100: 9438.684: [ParNew
Desired survivor size 20112992 bytes, new threshold 8 (max 8)
- age   1:    1055704 bytes,    1055704 total
- age   2:     484808 bytes,    1540512 total
- age   3:       3288 bytes,    1543800 total
- age   4:     196408 bytes,    1740208 total
- age   5:       2976 bytes,    1743184 total
- age   6:     196744 bytes,    1939928 total
- age   7:       2448 bytes,    1942376 total
- age   8:     198008 bytes,    2140384 total
: 93788K->5115K(109248K), 0.0058454 secs] 112655K->23984K(502464K), 0.0059593 secs] [Times: user=0.02 sys=0.00, real=0.01 secs] 
Heap after GC invocations=90 (full 1):
 par new generation   total 109248K, used 5115K [0x00000000e0000000, 0x00000000e8000000, 0x00000000e8000000)
  eden space 87424K,   0% used [0x00000000e0000000, 0x00000000e0000000, 0x00000000e5560000)
  from space 21824K,  23% used [0x00000000e5560000, 0x00000000e5a5ed60, 0x00000000e6ab0000)
  to   space 21824K,   0% used [0x00000000e6ab0000, 0x00000000e6ab0000, 0x00000000e8000000)
 concurrent mark-sweep generation total 393216K, used 18869K [0x00000000e8000000, 0x0000000100000000, 0x0000000100000000)
 Metaspace       used 32742K, capacity 33753K, committed 33992K, reserved 1079296K
  class space    used 3760K, capacity 3994K, committed 4040K, reserved 1048576K
}
2016-11-17T20:51:30.834+0100: 9438.690: Total time for which application threads were stopped: 0.0061924 seconds, Stopping threads took: 0.0000376 seconds
2016-11-17T20:51:30.834+0100: 9438.690: Total time for which application threads were stopped: 0.0001340 seconds, Stopping threads took: 0.0000344 seconds
{Heap before GC invocations=90 (full 1):
 par new generation   total 109248K, used 92539K [0x00000000e0000000, 0x00000000e8000000, 0x00000000e8000000)
  eden space 87424K, 100% used [0x00000000e0000000, 0x00000000e5560000, 0x00000000e5560000)
  from space 21824K,  23% used [0x00000000e5560000, 0x00000000e5a5ed60, 0x00000000e6ab0000)
  to   space 21824K,   0% used [0x00000000e6ab0000, 0x00000000e6ab0000, 0x00000000e8000000)
 concurrent mark-sweep generation total 393216K, used 18869K [0x00000000e8000000, 0x0000000100000000, 0x0000000100000000)
 Metaspace       used 32743K, capacity 33753K, committed 33992K, reserved 1079296K
  class space    used 3760K, capacity 3994K, committed 4040K, reserved 1048576K
2016-11-17T20:51:30.899+0100: 9438.754: [GC (Allocation Failure) 2016-11-17T20:51:30.899+0100: 9438.754: [ParNew
Desired survivor size 20112992 bytes, new threshold 8 (max 8)
- age   1:     543488 bytes,     543488 total
- age   2:     296320 bytes,     839808 total
- age   3:     483248 bytes,    1323056 total
- age   4:       3288 bytes,    1326344 total
- age   5:     196408 bytes,    1522752 total
- age   6:       2976 bytes,    1525728 total
- age   7:     196744 bytes,    1722472 total
- age   8:       2448 bytes,    1724920 total
: 92539K->2786K(109248K), 0.0046152 secs] 111408K->21852K(502464K), 0.0047062 secs] [Times: user=0.02 sys=0.00, real=0.00 secs] 
Heap after GC invocations=91 (full 1):
 par new generation   total 109248K, used 2786K [0x00000000e0000000, 0x00000000e8000000, 0x00000000e8000000)
  eden space 87424K,   0% used [0x00000000e0000000, 0x00000000e0000000, 0x00000000e5560000)
  from space 21824K,  12% used [0x00000000e6ab0000, 0x00000000e6d68a68, 0x00000000e8000000)
  to   space 21824K,   0% used [0x00000000e5560000, 0x00000000e5560000, 0x00000000e6ab0000)
 concurrent mark-sweep generation total 393216K, used 19065K [0x00000000e8000000, 0x0000000100000000, 0x0000000100000000)
 Metaspace       used 32743K, capacity 33753K, committed 33992K, reserved 1079296K
  class space    used 3760K, capacity 3994K, committed 4040K, reserved 1048576K
}
2016-11-17T20:51:30.904+0100: 9438.759: Total time for which application threads were stopped: 0.0048973 seconds, Stopping threads took: 0.0000271 seconds
2016-11-17T20:51:30.904+0100: 9438.759: Total time for which application threads were stopped: 0.0001074 seconds, Stopping threads took: 0.0000166 seconds
2016-11-17T20:51:30.919+0100: 9438.774: Total time for which application threads were stopped: 0.0001741 seconds, Stopping threads took: 0.0000809 seconds
2016-11-17T20:51:30.924+0100: 9438.780: Total time for which application threads were stopped: 0.0001614 seconds, Stopping threads took: 0.0000397 seconds
2016-11-17T20:51:30.938+0100: 9438.794: Total time for which application threads were stopped: 0.0001015 seconds, Stopping threads took: 0.0000251 seconds
2016-11-17T20:51:30.968+0100: 9438.824: Total time for which application threads were stopped: 0.0001320 seconds, Stopping threads took: 0.0000302 seconds
2016-11-17T20:51:30.968+0100: 9438.824: Total time for which application threads were stopped: 0.0000469 seconds, Stopping threads took: 0.0000100 seconds
2016-11-17T20:51:30.968+0100: 9438.824: Total time for which application threads were stopped: 0.0000424 seconds, Stopping threads took: 0.0000088 seconds
2016-11-17T20:51:30.969+0100: 9438.824: Total time for which application threads were stopped: 0.0000435 seconds, Stopping threads took: 0.0000107 seconds
2016-11-17T20:51:30.969+0100: 9438.824: Total time for which application threads were stopped: 0.0000423 seconds, Stopping threads took: 0.0000100 seconds
2016-11-17T20:51:30.969+0100: 9438.824: Total time for which application threads were stopped: 0.0000415 seconds, Stopping threads took: 0.0000097 seconds
2016-11-17T20:51:30.969+0100: 9438.824: Total time for which application threads were stopped: 0.0000434 seconds, Stopping threads took: 0.0000095 seconds
2016-11-17T20:51:30.969+0100: 9438.824: Total time for which application threads were stopped: 0.0000450 seconds, Stopping threads took: 0.0000108 seconds
2016-11-17T20:51:30.969+0100: 9438.824: Total time for which application threads were stopped: 0.0000406 seconds, Stopping threads took: 0.0000096 seconds
2016-11-17T20:51:30.969+0100: 9438.824: Total time for which application threads were stopped: 0.0000410 seconds, Stopping threads took: 0.0000098 seconds
2016-11-17T20:51:30.970+0100: 9438.826: Total time for which application threads were stopped: 0.0000798 seconds, Stopping threads took: 0.0000203 seconds
2016-11-17T20:51:30.970+0100: 9438.826: Total time for which application threads were stopped: 0.0000421 seconds, Stopping threads took: 0.0000099 seconds
{Heap before GC invocations=91 (full 1):
 par new generation   total 109248K, used 90210K [0x00000000e0000000, 0x00000000e8000000, 0x00000000e8000000)
  eden space 87424K, 100% used [0x00000000e0000000, 0x00000000e5560000, 0x00000000e5560000)
  from space 21824K,  12% used [0x00000000e6ab0000, 0x00000000e6d68a68, 0x00000000e8000000)
  to   space 21824K,   0% used [0x00000000e5560000, 0x00000000e5560000, 0x00000000e6ab0000)
 concurrent mark-sweep generation total 393216K, used 19065K [0x00000000e8000000, 0x0000000100000000, 0x0000000100000000)
 Metaspace       used 32749K, capacity 33753K, committed 33992K, reserved 1079296K
  class space    used 3760K, capacity 3994K, committed 4040K, reserved 1048576K
2016-11-17T20:51:31.027+0100: 9438.882: [GC (Allocation Failure) 2016-11-17T20:51:31.027+0100: 9438.882: [ParNew
Desired survivor size 20112992 bytes, new threshold 8 (max 8)
- age   1:    3780432 bytes,    3780432 total
- age   2:     294920 bytes,    4075352 total
- age   3:     273856 bytes,    4349208 total
- age   4:     476864 bytes,    4826072 total
- age   5:       3288 bytes,    4829360 total
- age   6:     195792 bytes,    5025152 total
- age   7:       2976 bytes,    5028128 total
- age   8:     196288 bytes,    5224416 total
: 90210K->5676K(109248K), 0.0069876 secs] 109276K->24744K(502464K), 0.0071037 secs] [Times: user=0.02 sys=0.00, real=0.01 secs] 
Heap after GC invocations=92 (full 1):
 par new generation   total 109248K, used 5676K [0x00000000e0000000, 0x00000000e8000000, 0x00000000e8000000)
  eden space 87424K,   0% used [0x00000000e0000000, 0x00000000e0000000, 0x00000000e5560000)
  from space 21824K,  26% used [0x00000000e5560000, 0x00000000e5aeb320, 0x00000000e6ab0000)
  to   space 21824K,   0% used [0x00000000e6ab0000, 0x00000000e6ab0000, 0x00000000e8000000)
 concurrent mark-sweep generation total 393216K, used 19067K [0x00000000e8000000, 0x0000000100000000, 0x0000000100000000)
 Metaspace       used 32749K, capacity 33753K, committed 33992K, reserved 1079296K
  class space    used 3760K, capacity 3994K, committed 4040K, reserved 1048576K
}
2016-11-17T20:51:31.034+0100: 9438.890: Total time for which application threads were stopped: 0.0072978 seconds, Stopping threads took: 0.0000243 seconds
2016-11-17T20:51:31.034+0100: 9438.890: Total time for which application threads were stopped: 0.0001458 seconds, Stopping threads took: 0.0000446 seconds
2016-11-17T20:51:31.035+0100: 9438.890: Total time for which application threads were stopped: 0.0000610 seconds, Stopping threads took: 0.0000258 seconds
{Heap before GC invocations=92 (full 1):
 par new generation   total 109248K, used 93100K [0x00000000e0000000, 0x00000000e8000000, 0x00000000e8000000)
  eden space 87424K, 100% used [0x00000000e0000000, 0x00000000e5560000, 0x00000000e5560000)
  from space 21824K,  26% used [0x00000000e5560000, 0x00000000e5aeb320, 0x00000000e6ab0000)
  to   space 21824K,   0% used [0x00000000e6ab0000, 0x00000000e6ab0000, 0x00000000e8000000)
 concurrent mark-sweep generation total 393216K, used 19067K [0x00000000e8000000, 0x0000000100000000, 0x0000000100000000)
 Metaspace       used 32749K, capacity 33753K, committed 33992K, reserved 1079296K
  class space    used 3760K, capacity 3994K, committed 4040K, reserved 1048576K
2016-11-17T20:51:31.086+0100: 9438.941: [GC (Allocation Failure) 2016-11-17T20:51:31.086+0100: 9438.941: [ParNew
Desired survivor size 20112992 bytes, new threshold 8 (max 8)
- age   1:     212400 bytes,     212400 total
- age   2:    1318288 bytes,    1530688 total
- age   3:       3104 bytes,    1533792 total
- age   4:     151072 bytes,    1684864 total
- age   5:      49520 bytes,    1734384 total
- age   6:       3288 bytes,    1737672 total
- age   7:     195792 bytes,    1933464 total
- age   8:       2976 bytes,    1936440 total
: 93100K->3767K(109248K), 0.0044643 secs] 112168K->23029K(502464K), 0.0045735 secs] [Times: user=0.01 sys=0.01, real=0.01 secs] 
Heap after GC invocations=93 (full 1):
 par new generation   total 109248K, used 3767K [0x00000000e0000000, 0x00000000e8000000, 0x00000000e8000000)
  eden space 87424K,   0% used [0x00000000e0000000, 0x00000000e0000000, 0x00000000e5560000)
  from space 21824K,  17% used [0x00000000e6ab0000, 0x00000000e6e5dca0, 0x00000000e8000000)
  to   space 21824K,   0% used [0x00000000e5560000, 0x00000000e5560000, 0x00000000e6ab0000)
 concurrent mark-sweep generation total 393216K, used 19262K [0x00000000e8000000, 0x0000000100000000, 0x0000000100000000)
 Metaspace       used 32749K, capacity 33753K, committed 33992K, reserved 1079296K
  class space    used 3760K, capacity 3994K, committed 4040K, reserved 1048576K
}
2016-11-17T20:51:31.090+0100: 9438.946: Total time for which application threads were stopped: 0.0047719 seconds, Stopping threads took: 0.0000266 seconds
2016-11-17T20:51:31.091+0100: 9438.946: Total time for which application threads were stopped: 0.0001494 seconds, Stopping threads took: 0.0000367 seconds
2016-11-17T20:51:31.118+0100: 9438.974: Total time for which application threads were stopped: 0.0001185 seconds, Stopping threads took: 0.0000290 seconds
2016-11-17T20:51:31.123+0100: 9438.979: Total time for which application threads were stopped: 0.0001232 seconds, Stopping threads took: 0.0000195 seconds
2016-11-17T20:51:31.135+0100: 9438.990: Total time for which application threads were stopped: 0.0001146 seconds, Stopping threads took: 0.0000367 seconds
2016-11-17T20:51:31.200+0100: 9439.055: Total time for which application threads were stopped: 0.0001132 seconds, Stopping threads took: 0.0000172 seconds
2016-11-17T20:51:31.200+0100: 9439.055: Total time for which application threads were stopped: 0.0000416 seconds, Stopping threads took: 0.0000069 seconds
2016-11-17T20:51:31.200+0100: 9439.055: Total time for which application threads were stopped: 0.0000411 seconds, Stopping threads took: 0.0000097 seconds
2016-11-17T20:51:31.200+0100: 9439.056: Total time for which application threads were stopped: 0.0000422 seconds, Stopping threads took: 0.0000104 seconds
2016-11-17T20:51:31.200+0100: 9439.056: Total time for which application threads were stopped: 0.0000391 seconds, Stopping threads took: 0.0000081 seconds
2016-11-17T20:51:31.200+0100: 9439.056: Total time for which application threads were stopped: 0.0000381 seconds, Stopping threads took: 0.0000079 seconds
2016-11-17T20:51:31.200+0100: 9439.056: Total time for which application threads were stopped: 0.0000424 seconds, Stopping threads took: 0.0000102 seconds
2016-11-17T20:51:31.200+0100: 9439.056: Total time for which application threads were stopped: 0.0000416 seconds, Stopping threads took: 0.0000082 seconds
2016-11-17T20:51:31.200+0100: 9439.056: Total time for which application threads were stopped: 0.0000380 seconds, Stopping threads took: 0.0000079 seconds
2016-11-17T20:51:31.200+0100: 9439.056: Total time for which application threads were stopped: 0.0000384 seconds, Stopping threads took: 0.0000081 seconds
2016-11-17T20:51:31.201+0100: 9439.057: Total time for which application threads were stopped: 0.0000631 seconds, Stopping threads took: 0.0000134 seconds
2016-11-17T20:51:31.201+0100: 9439.057: Total time for which application threads were stopped: 0.0000402 seconds, Stopping threads took: 0.0000088 seconds
{Heap before GC invocations=93 (full 1):
 par new generation   total 109248K, used 91173K [0x00000000e0000000, 0x00000000e8000000, 0x00000000e8000000)
  eden space 87424K,  99% used [0x00000000e0000000, 0x00000000e555b7c8, 0x00000000e5560000)
  from space 21824K,  17% used [0x00000000e6ab0000, 0x00000000e6e5dca0, 0x00000000e8000000)
  to   space 21824K,   0% used [0x00000000e5560000, 0x00000000e5560000, 0x00000000e6ab0000)
 concurrent mark-sweep generation total 393216K, used 19262K [0x00000000e8000000, 0x0000000100000000, 0x0000000100000000)
 Metaspace       used 32754K, capacity 33753K, committed 33992K, reserved 1079296K
  class space    used 3760K, capacity 3994K, committed 4040K, reserved 1048576K
2016-11-17T20:51:31.257+0100: 9439.112: [GC (Allocation Failure) 2016-11-17T20:51:31.257+0100: 9439.112: [ParNew
Desired survivor size 20112992 bytes, new threshold 8 (max 8)
- age   1:    4017000 bytes,    4017000 total
- age   2:      90760 bytes,    4107760 total
- age   3:     733696 bytes,    4841456 total
- age   4:       3104 bytes,    4844560 total
- age   5:     151072 bytes,    4995632 total
- age   6:      49024 bytes,    5044656 total
- age   7:       3288 bytes,    5047944 total
- age   8:     195576 bytes,    5243520 total
: 91173K->6089K(109248K), 0.0072791 secs] 110435K->25354K(502464K), 0.0073904 secs] [Times: user=0.02 sys=0.00, real=0.01 secs] 
Heap after GC invocations=94 (full 1):
 par new generation   total 109248K, used 6089K [0x00000000e0000000, 0x00000000e8000000, 0x00000000e8000000)
  eden space 87424K,   0% used [0x00000000e0000000, 0x00000000e0000000, 0x00000000e5560000)
  from space 21824K,  27% used [0x00000000e5560000, 0x00000000e5b52640, 0x00000000e6ab0000)
  to   space 21824K,   0% used [0x00000000e6ab0000, 0x00000000e6ab0000, 0x00000000e8000000)
 concurrent mark-sweep generation total 393216K, used 19265K [0x00000000e8000000, 0x0000000100000000, 0x0000000100000000)
 Metaspace       used 32754K, capacity 33753K, committed 33992K, reserved 1079296K
  class space    used 3760K, capacity 3994K, committed 4040K, reserved 1048576K
}
2016-11-17T20:51:31.264+0100: 9439.120: Total time for which application threads were stopped: 0.0075766 seconds, Stopping threads took: 0.0000213 seconds
2016-11-17T20:51:31.265+0100: 9439.120: Total time for which application threads were stopped: 0.0003101 seconds, Stopping threads took: 0.0000385 seconds
2016-11-17T20:51:31.265+0100: 9439.120: Total time for which application threads were stopped: 0.0000991 seconds, Stopping threads took: 0.0000091 seconds
{Heap before GC invocations=94 (full 1):
 par new generation   total 109248K, used 93513K [0x00000000e0000000, 0x00000000e8000000, 0x00000000e8000000)
  eden space 87424K, 100% used [0x00000000e0000000, 0x00000000e5560000, 0x00000000e5560000)
  from space 21824K,  27% used [0x00000000e5560000, 0x00000000e5b52640, 0x00000000e6ab0000)
  to   space 21824K,   0% used [0x00000000e6ab0000, 0x00000000e6ab0000, 0x00000000e8000000)
 concurrent mark-sweep generation total 393216K, used 19265K [0x00000000e8000000, 0x0000000100000000, 0x0000000100000000)
 Metaspace       used 32754K, capacity 33753K, committed 33992K, reserved 1079296K
  class space    used 3760K, capacity 3994K, committed 4040K, reserved 1048576K
2016-11-17T20:51:31.306+0100: 9439.162: [GC (Allocation Failure) 2016-11-17T20:51:31.306+0100: 9439.162: [ParNew
Desired survivor size 20112992 bytes, new threshold 8 (max 8)
- age   1:     157088 bytes,     157088 total
- age   2:    1315304 bytes,    1472392 total
- age   3:        200 bytes,    1472592 total
- age   4:     196464 bytes,    1669056 total
- age   5:       3104 bytes,    1672160 total
- age   6:     151072 bytes,    1823232 total
- age   7:      49024 bytes,    1872256 total
- age   8:       3288 bytes,    1875544 total
: 93513K->3972K(109248K), 0.0048412 secs] 112778K->23431K(502464K), 0.0049564 secs] [Times: user=0.02 sys=0.00, real=0.01 secs] 
Heap after GC invocations=95 (full 1):
 par new generation   total 109248K, used 3972K [0x00000000e0000000, 0x00000000e8000000, 0x00000000e8000000)
  eden space 87424K,   0% used [0x00000000e0000000, 0x00000000e0000000, 0x00000000e5560000)
  from space 21824K,  18% used [0x00000000e6ab0000, 0x00000000e6e91220, 0x00000000e8000000)
  to   space 21824K,   0% used [0x00000000e5560000, 0x00000000e5560000, 0x00000000e6ab0000)
 concurrent mark-sweep generation total 393216K, used 19458K [0x00000000e8000000, 0x0000000100000000, 0x0000000100000000)
 Metaspace       used 32754K, capacity 33753K, committed 33992K, reserved 1079296K
  class space    used 3760K, capacity 3994K, committed 4040K, reserved 1048576K
}
2016-11-17T20:51:31.311+0100: 9439.167: Total time for which application threads were stopped: 0.0051507 seconds, Stopping threads took: 0.0000236 seconds
2016-11-17T20:51:31.312+0100: 9439.167: Total time for which application threads were stopped: 0.0001542 seconds, Stopping threads took: 0.0000394 seconds
2016-11-17T20:51:31.353+0100: 9439.209: Total time for which application threads were stopped: 0.0001596 seconds, Stopping threads took: 0.0000638 seconds
2016-11-17T20:51:31.358+0100: 9439.213: Total time for which application threads were stopped: 0.0001906 seconds, Stopping threads took: 0.0000735 seconds
2016-11-17T20:51:31.372+0100: 9439.227: Total time for which application threads were stopped: 0.0001057 seconds, Stopping threads took: 0.0000282 seconds
2016-11-17T20:51:31.418+0100: 9439.274: Total time for which application threads were stopped: 0.0001281 seconds, Stopping threads took: 0.0000260 seconds
2016-11-17T20:51:31.419+0100: 9439.274: Total time for which application threads were stopped: 0.0000498 seconds, Stopping threads took: 0.0000113 seconds
2016-11-17T20:51:31.419+0100: 9439.274: Total time for which application threads were stopped: 0.0000452 seconds, Stopping threads took: 0.0000113 seconds
2016-11-17T20:51:31.419+0100: 9439.274: Total time for which application threads were stopped: 0.0000418 seconds, Stopping threads took: 0.0000094 seconds
2016-11-17T20:51:31.419+0100: 9439.275: Total time for which application threads were stopped: 0.0000735 seconds, Stopping threads took: 0.0000150 seconds
2016-11-17T20:51:31.419+0100: 9439.275: Total time for which application threads were stopped: 0.0000593 seconds, Stopping threads took: 0.0000105 seconds
2016-11-17T20:51:31.419+0100: 9439.275: Total time for which application threads were stopped: 0.0000458 seconds, Stopping threads took: 0.0000106 seconds
2016-11-17T20:51:31.419+0100: 9439.275: Total time for which application threads were stopped: 0.0000445 seconds, Stopping threads took: 0.0000095 seconds
2016-11-17T20:51:31.419+0100: 9439.275: Total time for which application threads were stopped: 0.0000408 seconds, Stopping threads took: 0.0000095 seconds
2016-11-17T20:51:31.420+0100: 9439.275: Total time for which application threads were stopped: 0.0000414 seconds, Stopping threads took: 0.0000093 seconds
2016-11-17T20:51:31.421+0100: 9439.276: Total time for which application threads were stopped: 0.0000728 seconds, Stopping threads took: 0.0000161 seconds
2016-11-17T20:51:31.421+0100: 9439.276: Total time for which application threads were stopped: 0.0000429 seconds, Stopping threads took: 0.0000101 seconds
{Heap before GC invocations=95 (full 1):
 par new generation   total 109248K, used 91396K [0x00000000e0000000, 0x00000000e8000000, 0x00000000e8000000)
  eden space 87424K, 100% used [0x00000000e0000000, 0x00000000e5560000, 0x00000000e5560000)
  from space 21824K,  18% used [0x00000000e6ab0000, 0x00000000e6e91220, 0x00000000e8000000)
  to   space 21824K,   0% used [0x00000000e5560000, 0x00000000e5560000, 0x00000000e6ab0000)
 concurrent mark-sweep generation total 393216K, used 19458K [0x00000000e8000000, 0x0000000100000000, 0x0000000100000000)
 Metaspace       used 32766K, capacity 33753K, committed 33992K, reserved 1079296K
  class space    used 3760K, capacity 3994K, committed 4040K, reserved 1048576K
2016-11-17T20:51:31.489+0100: 9439.344: [GC (Allocation Failure) 2016-11-17T20:51:31.489+0100: 9439.344: [ParNew
Desired survivor size 20112992 bytes, new threshold 8 (max 8)
- age   1:    4072792 bytes,    4072792 total
- age   2:      88904 bytes,    4161696 total
- age   3:     729056 bytes,    4890752 total
- age   4:        200 bytes,    4890952 total
- age   5:     196464 bytes,    5087416 total
- age   6:       3104 bytes,    5090520 total
- age   7:     151072 bytes,    5241592 total
- age   8:      48560 bytes,    5290152 total
: 91396K->5680K(109248K), 0.0070436 secs] 110855K->25142K(502464K), 0.0071574 secs] [Times: user=0.02 sys=0.00, real=0.00 secs] 
Heap after GC invocations=96 (full 1):
 par new generation   total 109248K, used 5680K [0x00000000e0000000, 0x00000000e8000000, 0x00000000e8000000)
  eden space 87424K,   0% used [0x00000000e0000000, 0x00000000e0000000, 0x00000000e5560000)
  from space 21824K,  26% used [0x00000000e5560000, 0x00000000e5aec190, 0x00000000e6ab0000)
  to   space 21824K,   0% used [0x00000000e6ab0000, 0x00000000e6ab0000, 0x00000000e8000000)
 concurrent mark-sweep generation total 393216K, used 19462K [0x00000000e8000000, 0x0000000100000000, 0x0000000100000000)
 Metaspace       used 32766K, capacity 33753K, committed 33992K, reserved 1079296K
  class space    used 3760K, capacity 3994K, committed 4040K, reserved 1048576K
}
2016-11-17T20:51:31.496+0100: 9439.351: Total time for which application threads were stopped: 0.0073589 seconds, Stopping threads took: 0.0000260 seconds
2016-11-17T20:51:31.496+0100: 9439.352: Total time for which application threads were stopped: 0.0001185 seconds, Stopping threads took: 0.0000458 seconds
2016-11-17T20:51:31.496+0100: 9439.352: Total time for which application threads were stopped: 0.0000993 seconds, Stopping threads took: 0.0000316 seconds
{Heap before GC invocations=96 (full 1):
 par new generation   total 109248K, used 93104K [0x00000000e0000000, 0x00000000e8000000, 0x00000000e8000000)
  eden space 87424K, 100% used [0x00000000e0000000, 0x00000000e5560000, 0x00000000e5560000)
  from space 21824K,  26% used [0x00000000e5560000, 0x00000000e5aec190, 0x00000000e6ab0000)
  to   space 21824K,   0% used [0x00000000e6ab0000, 0x00000000e6ab0000, 0x00000000e8000000)
 concurrent mark-sweep generation total 393216K, used 19462K [0x00000000e8000000, 0x0000000100000000, 0x0000000100000000)
 Metaspace       used 32766K, capacity 33753K, committed 33992K, reserved 1079296K
  class space    used 3760K, capacity 3994K, committed 4040K, reserved 1048576K
2016-11-17T20:51:31.529+0100: 9439.384: [GC (Allocation Failure) 2016-11-17T20:51:31.529+0100: 9439.384: [ParNew
Desired survivor size 20112992 bytes, new threshold 8 (max 8)
- age   1:     391648 bytes,     391648 total
- age   2:    1305616 bytes,    1697264 total
- age   3:        680 bytes,    1697944 total
- age   4:     200312 bytes,    1898256 total
- age   5:        200 bytes,    1898456 total
- age   6:     196464 bytes,    2094920 total
- age   7:       3104 bytes,    2098024 total
- age   8:     151072 bytes,    2249096 total
: 93104K->4208K(109248K), 0.0043986 secs] 112566K->23719K(502464K), 0.0045428 secs] [Times: user=0.01 sys=0.00, real=0.01 secs] 
Heap after GC invocations=97 (full 1):
 par new generation   total 109248K, used 4208K [0x00000000e0000000, 0x00000000e8000000, 0x00000000e8000000)
  eden space 87424K,   0% used [0x00000000e0000000, 0x00000000e0000000, 0x00000000e5560000)
  from space 21824K,  19% used [0x00000000e6ab0000, 0x00000000e6ecc320, 0x00000000e8000000)
  to   space 21824K,   0% used [0x00000000e5560000, 0x00000000e5560000, 0x00000000e6ab0000)
 concurrent mark-sweep generation total 393216K, used 19510K [0x00000000e8000000, 0x0000000100000000, 0x0000000100000000)
 Metaspace       used 32766K, capacity 33753K, committed 33992K, reserved 1079296K
  class space    used 3760K, capacity 3994K, committed 4040K, reserved 1048576K
}
2016-11-17T20:51:31.533+0100: 9439.389: Total time for which application threads were stopped: 0.0047814 seconds, Stopping threads took: 0.0000243 seconds
2016-11-17T20:51:31.534+0100: 9439.389: Total time for which application threads were stopped: 0.0002545 seconds, Stopping threads took: 0.0000515 seconds
2016-11-17T20:51:31.595+0100: 9439.451: Total time for which application threads were stopped: 0.0001288 seconds, Stopping threads took: 0.0000351 seconds
2016-11-17T20:51:31.601+0100: 9439.456: Total time for which application threads were stopped: 0.0001576 seconds, Stopping threads took: 0.0000662 seconds
2016-11-17T20:51:31.613+0100: 9439.469: Total time for which application threads were stopped: 0.0001231 seconds, Stopping threads took: 0.0000254 seconds
2016-11-17T20:51:31.659+0100: 9439.514: Total time for which application threads were stopped: 0.0001255 seconds, Stopping threads took: 0.0000274 seconds
2016-11-17T20:51:31.659+0100: 9439.515: Total time for which application threads were stopped: 0.0000573 seconds, Stopping threads took: 0.0000161 seconds
2016-11-17T20:51:31.659+0100: 9439.515: Total time for which application threads were stopped: 0.0000420 seconds, Stopping threads took: 0.0000113 seconds
2016-11-17T20:51:31.659+0100: 9439.515: Total time for which application threads were stopped: 0.0000527 seconds, Stopping threads took: 0.0000209 seconds
2016-11-17T20:51:31.660+0100: 9439.515: Total time for which application threads were stopped: 0.0000399 seconds, Stopping threads took: 0.0000089 seconds
2016-11-17T20:51:31.660+0100: 9439.515: Total time for which application threads were stopped: 0.0000539 seconds, Stopping threads took: 0.0000225 seconds
2016-11-17T20:51:31.660+0100: 9439.515: Total time for which application threads were stopped: 0.0000459 seconds, Stopping threads took: 0.0000131 seconds
2016-11-17T20:51:31.660+0100: 9439.515: Total time for which application threads were stopped: 0.0000515 seconds, Stopping threads took: 0.0000168 seconds
2016-11-17T20:51:31.660+0100: 9439.515: Total time for which application threads were stopped: 0.0000480 seconds, Stopping threads took: 0.0000166 seconds
2016-11-17T20:51:31.660+0100: 9439.515: Total time for which application threads were stopped: 0.0000384 seconds, Stopping threads took: 0.0000086 seconds
2016-11-17T20:51:31.661+0100: 9439.517: Total time for which application threads were stopped: 0.0000575 seconds, Stopping threads took: 0.0000144 seconds
2016-11-17T20:51:31.661+0100: 9439.517: Total time for which application threads were stopped: 0.0000394 seconds, Stopping threads took: 0.0000085 seconds
{Heap before GC invocations=97 (full 1):
 par new generation   total 109248K, used 91631K [0x00000000e0000000, 0x00000000e8000000, 0x00000000e8000000)
  eden space 87424K,  99% used [0x00000000e0000000, 0x00000000e555f9e0, 0x00000000e5560000)
  from space 21824K,  19% used [0x00000000e6ab0000, 0x00000000e6ecc320, 0x00000000e8000000)
  to   space 21824K,   0% used [0x00000000e5560000, 0x00000000e5560000, 0x00000000e6ab0000)
 concurrent mark-sweep generation total 393216K, used 19510K [0x00000000e8000000, 0x0000000100000000, 0x0000000100000000)
 Metaspace       used 32786K, capacity 33753K, committed 33992K, reserved 1079296K
  class space    used 3760K, capacity 3994K, committed 4040K, reserved 1048576K
2016-11-17T20:51:31.690+0100: 9439.546: [GC (Allocation Failure) 2016-11-17T20:51:31.690+0100: 9439.546: [ParNew
Desired survivor size 20112992 bytes, new threshold 8 (max 8)
- age   1:    3388848 bytes,    3388848 total
- age   2:      78112 bytes,    3466960 total
- age   3:     719192 bytes,    4186152 total
- age   4:        680 bytes,    4186832 total
- age   5:     199520 bytes,    4386352 total
- age   6:        200 bytes,    4386552 total
- age   7:     195736 bytes,    4582288 total
- age   8:       3104 bytes,    4585392 total
: 91631K->5014K(109248K), 0.0072593 secs] 111141K->24673K(502464K), 0.0073729 secs] [Times: user=0.03 sys=0.00, real=0.00 secs] 
Heap after GC invocations=98 (full 1):
 par new generation   total 109248K, used 5014K [0x00000000e0000000, 0x00000000e8000000, 0x00000000e8000000)
  eden space 87424K,   0% used [0x00000000e0000000, 0x00000000e0000000, 0x00000000e5560000)
  from space 21824K,  22% used [0x00000000e5560000, 0x00000000e5a45810, 0x00000000e6ab0000)
  to   space 21824K,   0% used [0x00000000e6ab0000, 0x00000000e6ab0000, 0x00000000e8000000)
 concurrent mark-sweep generation total 393216K, used 19659K [0x00000000e8000000, 0x0000000100000000, 0x0000000100000000)
 Metaspace       used 32786K, capacity 33753K, committed 33992K, reserved 1079296K
  class space    used 3760K, capacity 3994K, committed 4040K, reserved 1048576K
}
2016-11-17T20:51:31.698+0100: 9439.553: Total time for which application threads were stopped: 0.0075640 seconds, Stopping threads took: 0.0000215 seconds
2016-11-17T20:51:31.698+0100: 9439.553: Total time for which application threads were stopped: 0.0001640 seconds, Stopping threads took: 0.0000624 seconds
2016-11-17T20:51:31.698+0100: 9439.553: Total time for which application threads were stopped: 0.0000584 seconds, Stopping threads took: 0.0000208 seconds
{Heap before GC invocations=98 (full 1):
 par new generation   total 109248K, used 92435K [0x00000000e0000000, 0x00000000e8000000, 0x00000000e8000000)
  eden space 87424K,  99% used [0x00000000e0000000, 0x00000000e555f450, 0x00000000e5560000)
  from space 21824K,  22% used [0x00000000e5560000, 0x00000000e5a45810, 0x00000000e6ab0000)
  to   space 21824K,   0% used [0x00000000e6ab0000, 0x00000000e6ab0000, 0x00000000e8000000)
 concurrent mark-sweep generation total 393216K, used 19659K [0x00000000e8000000, 0x0000000100000000, 0x0000000100000000)
 Metaspace       used 32786K, capacity 33753K, committed 33992K, reserved 1079296K
  class space    used 3760K, capacity 3994K, committed 4040K, reserved 1048576K
2016-11-17T20:51:31.736+0100: 9439.591: [GC (Allocation Failure) 2016-11-17T20:51:31.736+0100: 9439.591: [ParNew
Desired survivor size 20112992 bytes, new threshold 8 (max 8)
- age   1:    1143808 bytes,    1143808 total
- age   2:     653960 bytes,    1797768 total
- age   3:       2016 bytes,    1799784 total
- age   4:     197960 bytes,    1997744 total
- age   5:        680 bytes,    1998424 total
- age   6:     199520 bytes,    2197944 total
- age   7:        200 bytes,    2198144 total
- age   8:     195736 bytes,    2393880 total
: 92435K->3532K(109248K), 0.0051298 secs] 112094K->23195K(502464K), 0.0052364 secs] [Times: user=0.01 sys=0.00, real=0.01 secs] 
Heap after GC invocations=99 (full 1):
 par new generation   total 109248K, used 3532K [0x00000000e0000000, 0x00000000e8000000, 0x00000000e8000000)
  eden space 87424K,   0% used [0x00000000e0000000, 0x00000000e0000000, 0x00000000e5560000)
  from space 21824K,  16% used [0x00000000e6ab0000, 0x00000000e6e231a0, 0x00000000e8000000)
  to   space 21824K,   0% used [0x00000000e5560000, 0x00000000e5560000, 0x00000000e6ab0000)
 concurrent mark-sweep generation total 393216K, used 19662K [0x00000000e8000000, 0x0000000100000000, 0x0000000100000000)
 Metaspace       used 32786K, capacity 33753K, committed 33992K, reserved 1079296K
  class space    used 3760K, capacity 3994K, committed 4040K, reserved 1048576K
}
2016-11-17T20:51:31.741+0100: 9439.597: Total time for which application threads were stopped: 0.0054856 seconds, Stopping threads took: 0.0000259 seconds
2016-11-17T20:51:31.741+0100: 9439.597: Total time for which application threads were stopped: 0.0001770 seconds, Stopping threads took: 0.0000362 seconds
2016-11-17T20:51:31.811+0100: 9439.667: Total time for which application threads were stopped: 0.0001556 seconds, Stopping threads took: 0.0000232 seconds
2016-11-17T20:51:31.816+0100: 9439.672: Total time for which application threads were stopped: 0.0001732 seconds, Stopping threads took: 0.0000229 seconds
2016-11-17T20:51:31.827+0100: 9439.682: Total time for which application threads were stopped: 0.0001236 seconds, Stopping threads took: 0.0000235 seconds
{Heap before GC invocations=99 (full 1):
 par new generation   total 109248K, used 90956K [0x00000000e0000000, 0x00000000e8000000, 0x00000000e8000000)
  eden space 87424K, 100% used [0x00000000e0000000, 0x00000000e5560000, 0x00000000e5560000)
  from space 21824K,  16% used [0x00000000e6ab0000, 0x00000000e6e231a0, 0x00000000e8000000)
  to   space 21824K,   0% used [0x00000000e5560000, 0x00000000e5560000, 0x00000000e6ab0000)
 concurrent mark-sweep generation total 393216K, used 19662K [0x00000000e8000000, 0x0000000100000000, 0x0000000100000000)
 Metaspace       used 32788K, capacity 33753K, committed 33992K, reserved 1079296K
  class space    used 3760K, capacity 3994K, committed 4040K, reserved 1048576K
2016-11-17T20:51:31.840+0100: 9439.695: [GC (Allocation Failure) 2016-11-17T20:51:31.840+0100: 9439.695: [ParNew
Desired survivor size 20112992 bytes, new threshold 8 (max 8)
- age   1:    2561080 bytes,    2561080 total
- age   2:     146024 bytes,    2707104 total
- age   3:     636760 bytes,    3343864 total
- age   4:       2016 bytes,    3345880 total
- age   5:     197384 bytes,    3543264 total
- age   6:        680 bytes,    3543944 total
- age   7:     199520 bytes,    3743464 total
- age   8:        200 bytes,    3743664 total
: 90956K->4291K(109248K), 0.0062042 secs] 110619K->24148K(502464K), 0.0063122 secs] [Times: user=0.02 sys=0.01, real=0.00 secs] 
Heap after GC invocations=100 (full 1):
 par new generation   total 109248K, used 4291K [0x00000000e0000000, 0x00000000e8000000, 0x00000000e8000000)
  eden space 87424K,   0% used [0x00000000e0000000, 0x00000000e0000000, 0x00000000e5560000)
  from space 21824K,  19% used [0x00000000e5560000, 0x00000000e5990e90, 0x00000000e6ab0000)
  to   space 21824K,   0% used [0x00000000e6ab0000, 0x00000000e6ab0000, 0x00000000e8000000)
 concurrent mark-sweep generation total 393216K, used 19856K [0x00000000e8000000, 0x0000000100000000, 0x0000000100000000)
 Metaspace       used 32788K, capacity 33753K, committed 33992K, reserved 1079296K
  class space    used 3760K, capacity 3994K, committed 4040K, reserved 1048576K
}
2016-11-17T20:51:31.846+0100: 9439.702: Total time for which application threads were stopped: 0.0065242 seconds, Stopping threads took: 0.0000236 seconds
2016-11-17T20:51:31.846+0100: 9439.702: Total time for which application threads were stopped: 0.0000998 seconds, Stopping threads took: 0.0000319 seconds
{Heap before GC invocations=100 (full 1):
 par new generation   total 109248K, used 91715K [0x00000000e0000000, 0x00000000e8000000, 0x00000000e8000000)
  eden space 87424K, 100% used [0x00000000e0000000, 0x00000000e5560000, 0x00000000e5560000)
  from space 21824K,  19% used [0x00000000e5560000, 0x00000000e5990e90, 0x00000000e6ab0000)
  to   space 21824K,   0% used [0x00000000e6ab0000, 0x00000000e6ab0000, 0x00000000e8000000)
 concurrent mark-sweep generation total 393216K, used 19856K [0x00000000e8000000, 0x0000000100000000, 0x0000000100000000)
 Metaspace       used 32795K, capacity 33753K, committed 33992K, reserved 1079296K
  class space    used 3760K, capacity 3994K, committed 4040K, reserved 1048576K
2016-11-17T20:51:31.945+0100: 9439.800: [GC (Allocation Failure) 2016-11-17T20:51:31.945+0100: 9439.800: [ParNew
Desired survivor size 20112992 bytes, new threshold 8 (max 8)
- age   1:    1929344 bytes,    1929344 total
- age   2:    2085400 bytes,    4014744 total
- age   3:     145760 bytes,    4160504 total
- age   4:     625144 bytes,    4785648 total
- age   5:       2016 bytes,    4787664 total
- age   6:     196776 bytes,    4984440 total
- age   7:        680 bytes,    4985120 total
- age   8:     199520 bytes,    5184640 total
: 91715K->6562K(109248K), 0.0068655 secs] 111572K->26419K(502464K), 0.0069812 secs] [Times: user=0.03 sys=0.00, real=0.01 secs] 
Heap after GC invocations=101 (full 1):
 par new generation   total 109248K, used 6562K [0x00000000e0000000, 0x00000000e8000000, 0x00000000e8000000)
  eden space 87424K,   0% used [0x00000000e0000000, 0x00000000e0000000, 0x00000000e5560000)
  from space 21824K,  30% used [0x00000000e6ab0000, 0x00000000e7118b98, 0x00000000e8000000)
  to   space 21824K,   0% used [0x00000000e5560000, 0x00000000e5560000, 0x00000000e6ab0000)
 concurrent mark-sweep generation total 393216K, used 19856K [0x00000000e8000000, 0x0000000100000000, 0x0000000100000000)
 Metaspace       used 32795K, capacity 33753K, committed 33992K, reserved 1079296K
  class space    used 3760K, capacity 3994K, committed 4040K, reserved 1048576K
}
2016-11-17T20:51:31.952+0100: 9439.807: Total time for which application threads were stopped: 0.0072085 seconds, Stopping threads took: 0.0000303 seconds
2016-11-17T20:51:31.952+0100: 9439.807: Total time for which application threads were stopped: 0.0001199 seconds, Stopping threads took: 0.0000237 seconds
{Heap before GC invocations=101 (full 1):
 par new generation   total 109248K, used 93986K [0x00000000e0000000, 0x00000000e8000000, 0x00000000e8000000)
  eden space 87424K, 100% used [0x00000000e0000000, 0x00000000e5560000, 0x00000000e5560000)
  from space 21824K,  30% used [0x00000000e6ab0000, 0x00000000e7118b98, 0x00000000e8000000)
  to   space 21824K,   0% used [0x00000000e5560000, 0x00000000e5560000, 0x00000000e6ab0000)
 concurrent mark-sweep generation total 393216K, used 19856K [0x00000000e8000000, 0x0000000100000000, 0x0000000100000000)
 Metaspace       used 32795K, capacity 33753K, committed 33992K, reserved 1079296K
  class space    used 3760K, capacity 3994K, committed 4040K, reserved 1048576K
2016-11-17T20:51:32.003+0100: 9439.859: [GC (Allocation Failure) 2016-11-17T20:51:32.003+0100: 9439.859: [ParNew
Desired survivor size 20112992 bytes, new threshold 8 (max 8)
- age   1:     209120 bytes,     209120 total
- age   2:    1302992 bytes,    1512112 total
- age   3:      25360 bytes,    1537472 total
- age   4:       2976 bytes,    1540448 total
- age   5:     196536 bytes,    1736984 total
- age   6:       2016 bytes,    1739000 total
- age   7:     196776 bytes,    1935776 total
- age   8:        680 bytes,    1936456 total
: 93986K->2627K(109248K), 0.0041125 secs] 113843K->22681K(502464K), 0.0042143 secs] [Times: user=0.01 sys=0.00, real=0.00 secs] 
Heap after GC invocations=102 (full 1):
 par new generation   total 109248K, used 2627K [0x00000000e0000000, 0x00000000e8000000, 0x00000000e8000000)
  eden space 87424K,   0% used [0x00000000e0000000, 0x00000000e0000000, 0x00000000e5560000)
  from space 21824K,  12% used [0x00000000e5560000, 0x00000000e57f0f80, 0x00000000e6ab0000)
  to   space 21824K,   0% used [0x00000000e6ab0000, 0x00000000e6ab0000, 0x00000000e8000000)
 concurrent mark-sweep generation total 393216K, used 20054K [0x00000000e8000000, 0x0000000100000000, 0x0000000100000000)
 Metaspace       used 32795K, capacity 33753K, committed 33992K, reserved 1079296K
  class space    used 3760K, capacity 3994K, committed 4040K, reserved 1048576K
}
2016-11-17T20:51:32.007+0100: 9439.863: Total time for which application threads were stopped: 0.0044160 seconds, Stopping threads took: 0.0000334 seconds
2016-11-17T20:51:32.008+0100: 9439.863: Total time for which application threads were stopped: 0.0001674 seconds, Stopping threads took: 0.0000464 seconds
2016-11-17T20:51:32.036+0100: 9439.891: Total time for which application threads were stopped: 0.0001864 seconds, Stopping threads took: 0.0000642 seconds
2016-11-17T20:51:32.041+0100: 9439.896: Total time for which application threads were stopped: 0.0002224 seconds, Stopping threads took: 0.0000370 seconds
2016-11-17T20:51:32.052+0100: 9439.907: Total time for which application threads were stopped: 0.0000974 seconds, Stopping threads took: 0.0000200 seconds
2016-11-17T20:51:33.052+0100: 9440.907: Total time for which application threads were stopped: 0.0001162 seconds, Stopping threads took: 0.0000264 seconds
{Heap before GC invocations=102 (full 1):
 par new generation   total 109248K, used 90051K [0x00000000e0000000, 0x00000000e8000000, 0x00000000e8000000)
  eden space 87424K, 100% used [0x00000000e0000000, 0x00000000e5560000, 0x00000000e5560000)
  from space 21824K,  12% used [0x00000000e5560000, 0x00000000e57f0f80, 0x00000000e6ab0000)
  to   space 21824K,   0% used [0x00000000e6ab0000, 0x00000000e6ab0000, 0x00000000e8000000)
 concurrent mark-sweep generation total 393216K, used 20054K [0x00000000e8000000, 0x0000000100000000, 0x0000000100000000)
 Metaspace       used 32817K, capacity 33825K, committed 33992K, reserved 1079296K
  class space    used 3760K, capacity 3994K, committed 4040K, reserved 1048576K
2016-11-17T20:51:46.841+0100: 9454.697: [GC (Allocation Failure) 2016-11-17T20:51:46.842+0100: 9454.697: [ParNew
Desired survivor size 20112992 bytes, new threshold 8 (max 8)
- age   1:    4090984 bytes,    4090984 total
- age   2:      91064 bytes,    4182048 total
- age   3:     713560 bytes,    4895608 total
- age   4:      25040 bytes,    4920648 total
- age   5:       2976 bytes,    4923624 total
- age   6:     195536 bytes,    5119160 total
- age   7:       2016 bytes,    5121176 total
- age   8:     196776 bytes,    5317952 total
: 90051K->5806K(109248K), 0.0079304 secs] 110105K->25860K(502464K), 0.0080573 secs] [Times: user=0.03 sys=0.00, real=0.01 secs] 
Heap after GC invocations=103 (full 1):
 par new generation   total 109248K, used 5806K [0x00000000e0000000, 0x00000000e8000000, 0x00000000e8000000)
  eden space 87424K,   0% used [0x00000000e0000000, 0x00000000e0000000, 0x00000000e5560000)
  from space 21824K,  26% used [0x00000000e6ab0000, 0x00000000e705b820, 0x00000000e8000000)
  to   space 21824K,   0% used [0x00000000e5560000, 0x00000000e5560000, 0x00000000e6ab0000)
 concurrent mark-sweep generation total 393216K, used 20054K [0x00000000e8000000, 0x0000000100000000, 0x0000000100000000)
 Metaspace       used 32817K, capacity 33825K, committed 33992K, reserved 1079296K
  class space    used 3760K, capacity 3994K, committed 4040K, reserved 1048576K
}
2016-11-17T20:51:46.850+0100: 9454.705: Total time for which application threads were stopped: 0.0082618 seconds, Stopping threads took: 0.0000248 seconds
2016-11-17T20:51:46.850+0100: 9454.705: Total time for which application threads were stopped: 0.0001117 seconds, Stopping threads took: 0.0000399 seconds
2016-11-17T20:51:46.850+0100: 9454.705: Total time for which application threads were stopped: 0.0000920 seconds, Stopping threads took: 0.0000236 seconds
{Heap before GC invocations=103 (full 1):
 par new generation   total 109248K, used 93223K [0x00000000e0000000, 0x00000000e8000000, 0x00000000e8000000)
  eden space 87424K,  99% used [0x00000000e0000000, 0x00000000e555e6d0, 0x00000000e5560000)
  from space 21824K,  26% used [0x00000000e6ab0000, 0x00000000e705b820, 0x00000000e8000000)
  to   space 21824K,   0% used [0x00000000e5560000, 0x00000000e5560000, 0x00000000e6ab0000)
 concurrent mark-sweep generation total 393216K, used 20054K [0x00000000e8000000, 0x0000000100000000, 0x0000000100000000)
 Metaspace       used 32817K, capacity 33825K, committed 33992K, reserved 1079296K
  class space    used 3760K, capacity 3994K, committed 4040K, reserved 1048576K
2016-11-17T20:51:46.887+0100: 9454.742: [GC (Allocation Failure) 2016-11-17T20:51:46.887+0100: 9454.742: [ParNew
Desired survivor size 20112992 bytes, new threshold 8 (max 8)
- age   1:      84616 bytes,      84616 total
- age   2:    1323752 bytes,    1408368 total
- age   3:        200 bytes,    1408568 total
- age   4:     175224 bytes,    1583792 total
- age   5:      25040 bytes,    1608832 total
- age   6:       2976 bytes,    1611808 total
- age   7:     195536 bytes,    1807344 total
- age   8:       2016 bytes,    1809360 total
: 93223K->4236K(109248K), 0.0048218 secs] 113278K->24486K(502464K), 0.0049333 secs] [Times: user=0.01 sys=0.00, real=0.01 secs] 
Heap after GC invocations=104 (full 1):
 par new generation   total 109248K, used 4236K [0x00000000e0000000, 0x00000000e8000000, 0x00000000e8000000)
  eden space 87424K,   0% used [0x00000000e0000000, 0x00000000e0000000, 0x00000000e5560000)
  from space 21824K,  19% used [0x00000000e5560000, 0x00000000e5983240, 0x00000000e6ab0000)
  to   space 21824K,   0% used [0x00000000e6ab0000, 0x00000000e6ab0000, 0x00000000e8000000)
 concurrent mark-sweep generation total 393216K, used 20249K [0x00000000e8000000, 0x0000000100000000, 0x0000000100000000)
 Metaspace       used 32817K, capacity 33825K, committed 33992K, reserved 1079296K
  class space    used 3760K, capacity 3994K, committed 4040K, reserved 1048576K
}
2016-11-17T20:51:46.892+0100: 9454.747: Total time for which application threads were stopped: 0.0051823 seconds, Stopping threads took: 0.0000260 seconds
2016-11-17T20:51:46.892+0100: 9454.747: Total time for which application threads were stopped: 0.0001770 seconds, Stopping threads took: 0.0000395 seconds
2016-11-17T20:51:46.948+0100: 9454.803: Total time for which application threads were stopped: 0.0002849 seconds, Stopping threads took: 0.0000277 seconds
2016-11-17T20:51:46.949+0100: 9454.804: Total time for which application threads were stopped: 0.0001548 seconds, Stopping threads took: 0.0000540 seconds
2016-11-17T20:51:46.979+0100: 9454.834: Total time for which application threads were stopped: 0.0002003 seconds, Stopping threads took: 0.0000528 seconds
{Heap before GC invocations=104 (full 1):
 par new generation   total 109248K, used 91660K [0x00000000e0000000, 0x00000000e8000000, 0x00000000e8000000)
  eden space 87424K, 100% used [0x00000000e0000000, 0x00000000e5560000, 0x00000000e5560000)
  from space 21824K,  19% used [0x00000000e5560000, 0x00000000e5983240, 0x00000000e6ab0000)
  to   space 21824K,   0% used [0x00000000e6ab0000, 0x00000000e6ab0000, 0x00000000e8000000)
 concurrent mark-sweep generation total 393216K, used 20249K [0x00000000e8000000, 0x0000000100000000, 0x0000000100000000)
 Metaspace       used 32819K, capacity 33829K, committed 33992K, reserved 1079296K
  class space    used 3760K, capacity 3994K, committed 4040K, reserved 1048576K
2016-11-17T20:51:47.050+0100: 9454.906: [GC (Allocation Failure) 2016-11-17T20:51:47.050+0100: 9454.906: [ParNew
Desired survivor size 20112992 bytes, new threshold 8 (max 8)
- age   1:    3470400 bytes,    3470400 total
- age   2:      81576 bytes,    3551976 total
- age   3:     738912 bytes,    4290888 total
- age   4:        200 bytes,    4291088 total
- age   5:     175048 bytes,    4466136 total
- age   6:      25008 bytes,    4491144 total
- age   7:       2976 bytes,    4494120 total
- age   8:     195536 bytes,    4689656 total
: 91660K->5221K(109248K), 0.0078736 secs] 111910K->25473K(502464K), 0.0079757 secs] [Times: user=0.03 sys=0.00, real=0.00 secs] 
Heap after GC invocations=105 (full 1):
 par new generation   total 109248K, used 5221K [0x00000000e0000000, 0x00000000e8000000, 0x00000000e8000000)
  eden space 87424K,   0% used [0x00000000e0000000, 0x00000000e0000000, 0x00000000e5560000)
  from space 21824K,  23% used [0x00000000e6ab0000, 0x00000000e6fc9668, 0x00000000e8000000)
  to   space 21824K,   0% used [0x00000000e5560000, 0x00000000e5560000, 0x00000000e6ab0000)
 concurrent mark-sweep generation total 393216K, used 20251K [0x00000000e8000000, 0x0000000100000000, 0x0000000100000000)
 Metaspace       used 32819K, capacity 33829K, committed 33992K, reserved 1079296K
  class space    used 3760K, capacity 3994K, committed 4040K, reserved 1048576K
}
2016-11-17T20:51:47.058+0100: 9454.914: Total time for which application threads were stopped: 0.0082119 seconds, Stopping threads took: 0.0000236 seconds
2016-11-17T20:51:47.059+0100: 9454.914: Total time for which application threads were stopped: 0.0001273 seconds, Stopping threads took: 0.0000388 seconds
2016-11-17T20:51:47.059+0100: 9454.914: Total time for which application threads were stopped: 0.0001365 seconds, Stopping threads took: 0.0000246 seconds
{Heap before GC invocations=105 (full 1):
 par new generation   total 109248K, used 92645K [0x00000000e0000000, 0x00000000e8000000, 0x00000000e8000000)
  eden space 87424K, 100% used [0x00000000e0000000, 0x00000000e5560000, 0x00000000e5560000)
  from space 21824K,  23% used [0x00000000e6ab0000, 0x00000000e6fc9668, 0x00000000e8000000)
  to   space 21824K,   0% used [0x00000000e5560000, 0x00000000e5560000, 0x00000000e6ab0000)
 concurrent mark-sweep generation total 393216K, used 20251K [0x00000000e8000000, 0x0000000100000000, 0x0000000100000000)
 Metaspace       used 32819K, capacity 33829K, committed 33992K, reserved 1079296K
  class space    used 3760K, capacity 3994K, committed 4040K, reserved 1048576K
2016-11-17T20:51:47.095+0100: 9454.951: [GC (Allocation Failure) 2016-11-17T20:51:47.095+0100: 9454.951: [ParNew
Desired survivor size 20112992 bytes, new threshold 8 (max 8)
- age   1:     751640 bytes,     751640 total
- age   2:    3126088 bytes,    3877728 total
- age   3:      81576 bytes,    3959304 total
- age   4:     738912 bytes,    4698216 total
- age   5:        200 bytes,    4698416 total
- age   6:     175048 bytes,    4873464 total
- age   7:      25008 bytes,    4898472 total
- age   8:       2976 bytes,    4901448 total
: 92645K->6254K(109248K), 0.0070634 secs] 112897K->26699K(502464K), 0.0071850 secs] [Times: user=0.02 sys=0.00, real=0.01 secs] 
Heap after GC invocations=106 (full 1):
 par new generation   total 109248K, used 6254K [0x00000000e0000000, 0x00000000e8000000, 0x00000000e8000000)
  eden space 87424K,   0% used [0x00000000e0000000, 0x00000000e0000000, 0x00000000e5560000)
  from space 21824K,  28% used [0x00000000e5560000, 0x00000000e5b7b920, 0x00000000e6ab0000)
  to   space 21824K,   0% used [0x00000000e6ab0000, 0x00000000e6ab0000, 0x00000000e8000000)
 concurrent mark-sweep generation total 393216K, used 20444K [0x00000000e8000000, 0x0000000100000000, 0x0000000100000000)
 Metaspace       used 32819K, capacity 33829K, committed 33992K, reserved 1079296K
  class space    used 3760K, capacity 3994K, committed 4040K, reserved 1048576K
}
2016-11-17T20:51:47.102+0100: 9454.958: Total time for which application threads were stopped: 0.0074185 seconds, Stopping threads took: 0.0000233 seconds
2016-11-17T20:51:47.103+0100: 9454.958: Total time for which application threads were stopped: 0.0001731 seconds, Stopping threads took: 0.0000358 seconds
2016-11-17T20:51:47.176+0100: 9455.031: Total time for which application threads were stopped: 0.0001808 seconds, Stopping threads took: 0.0000424 seconds
2016-11-17T20:51:47.181+0100: 9455.036: Total time for which application threads were stopped: 0.0001507 seconds, Stopping threads took: 0.0000291 seconds
2016-11-17T20:51:47.196+0100: 9455.051: Total time for which application threads were stopped: 0.0001664 seconds, Stopping threads took: 0.0000652 seconds
2016-11-17T20:51:47.196+0100: 9455.051: Total time for which application threads were stopped: 0.0000985 seconds, Stopping threads took: 0.0000306 seconds
2016-11-17T20:51:47.196+0100: 9455.052: Total time for which application threads were stopped: 0.0000621 seconds, Stopping threads took: 0.0000115 seconds
2016-11-17T20:51:47.196+0100: 9455.052: Total time for which application threads were stopped: 0.0000597 seconds, Stopping threads took: 0.0000107 seconds
2016-11-17T20:51:47.196+0100: 9455.052: Total time for which application threads were stopped: 0.0000601 seconds, Stopping threads took: 0.0000096 seconds
2016-11-17T20:51:47.196+0100: 9455.052: Total time for which application threads were stopped: 0.0000603 seconds, Stopping threads took: 0.0000101 seconds
2016-11-17T20:51:47.197+0100: 9455.052: Total time for which application threads were stopped: 0.0000589 seconds, Stopping threads took: 0.0000092 seconds
2016-11-17T20:51:47.197+0100: 9455.052: Total time for which application threads were stopped: 0.0000715 seconds, Stopping threads took: 0.0000099 seconds
2016-11-17T20:51:47.197+0100: 9455.052: Total time for which application threads were stopped: 0.0000580 seconds, Stopping threads took: 0.0000093 seconds
2016-11-17T20:51:47.197+0100: 9455.052: Total time for which application threads were stopped: 0.0000577 seconds, Stopping threads took: 0.0000098 seconds
2016-11-17T20:51:47.198+0100: 9455.054: Total time for which application threads were stopped: 0.0001323 seconds, Stopping threads took: 0.0000292 seconds
2016-11-17T20:51:47.198+0100: 9455.054: Total time for which application threads were stopped: 0.0000644 seconds, Stopping threads took: 0.0000120 seconds
2016-11-17T20:51:47.217+0100: 9455.072: Total time for which application threads were stopped: 0.0001402 seconds, Stopping threads took: 0.0000227 seconds
2016-11-17T20:51:47.217+0100: 9455.073: Total time for which application threads were stopped: 0.0000617 seconds, Stopping threads took: 0.0000129 seconds
2016-11-17T20:51:47.217+0100: 9455.073: Total time for which application threads were stopped: 0.0000397 seconds, Stopping threads took: 0.0000053 seconds
2016-11-17T20:51:47.217+0100: 9455.073: Total time for which application threads were stopped: 0.0000389 seconds, Stopping threads took: 0.0000051 seconds
2016-11-17T20:51:47.217+0100: 9455.073: Total time for which application threads were stopped: 0.0000518 seconds, Stopping threads took: 0.0000080 seconds
2016-11-17T20:51:47.217+0100: 9455.073: Total time for which application threads were stopped: 0.0000426 seconds, Stopping threads took: 0.0000078 seconds
2016-11-17T20:51:47.218+0100: 9455.073: Total time for which application threads were stopped: 0.0000435 seconds, Stopping threads took: 0.0000070 seconds
2016-11-17T20:51:47.218+0100: 9455.073: Total time for which application threads were stopped: 0.0000596 seconds, Stopping threads took: 0.0000066 seconds
2016-11-17T20:51:47.218+0100: 9455.073: Total time for which application threads were stopped: 0.0000435 seconds, Stopping threads took: 0.0000098 seconds
2016-11-17T20:51:47.218+0100: 9455.073: Total time for which application threads were stopped: 0.0000415 seconds, Stopping threads took: 0.0000076 seconds
2016-11-17T20:51:47.219+0100: 9455.075: Total time for which application threads were stopped: 0.0000888 seconds, Stopping threads took: 0.0000217 seconds
2016-11-17T20:51:47.219+0100: 9455.075: Total time for which application threads were stopped: 0.0000428 seconds, Stopping threads took: 0.0000081 seconds
{Heap before GC invocations=106 (full 1):
 par new generation   total 109248K, used 93678K [0x00000000e0000000, 0x00000000e8000000, 0x00000000e8000000)
  eden space 87424K, 100% used [0x00000000e0000000, 0x00000000e5560000, 0x00000000e5560000)
  from space 21824K,  28% used [0x00000000e5560000, 0x00000000e5b7b920, 0x00000000e6ab0000)
  to   space 21824K,   0% used [0x00000000e6ab0000, 0x00000000e6ab0000, 0x00000000e8000000)
 concurrent mark-sweep generation total 393216K, used 20444K [0x00000000e8000000, 0x0000000100000000, 0x0000000100000000)
 Metaspace       used 32824K, capacity 33829K, committed 33992K, reserved 1079296K
  class space    used 3760K, capacity 3994K, committed 4040K, reserved 1048576K
2016-11-17T20:51:47.261+0100: 9455.117: [GC (Allocation Failure) 2016-11-17T20:51:47.261+0100: 9455.117: [ParNew
Desired survivor size 20112992 bytes, new threshold 8 (max 8)
- age   1:    3489968 bytes,    3489968 total
- age   2:     139256 bytes,    3629224 total
- age   3:    3086184 bytes,    6715408 total
- age   4:      81576 bytes,    6796984 total
- age   5:     734696 bytes,    7531680 total
- age   6:        200 bytes,    7531880 total
- age   7:     175048 bytes,    7706928 total
- age   8:      25008 bytes,    7731936 total
: 93678K->9249K(109248K), 0.0091564 secs] 114123K->29697K(502464K), 0.0092678 secs] [Times: user=0.04 sys=0.00, real=0.01 secs] 
Heap after GC invocations=107 (full 1):
 par new generation   total 109248K, used 9249K [0x00000000e0000000, 0x00000000e8000000, 0x00000000e8000000)
  eden space 87424K,   0% used [0x00000000e0000000, 0x00000000e0000000, 0x00000000e5560000)
  from space 21824K,  42% used [0x00000000e6ab0000, 0x00000000e73b85d0, 0x00000000e8000000)
  to   space 21824K,   0% used [0x00000000e5560000, 0x00000000e5560000, 0x00000000e6ab0000)
 concurrent mark-sweep generation total 393216K, used 20447K [0x00000000e8000000, 0x0000000100000000, 0x0000000100000000)
 Metaspace       used 32824K, capacity 33829K, committed 33992K, reserved 1079296K
  class space    used 3760K, capacity 3994K, committed 4040K, reserved 1048576K
}
2016-11-17T20:51:47.270+0100: 9455.126: Total time for which application threads were stopped: 0.0094801 seconds, Stopping threads took: 0.0000395 seconds
2016-11-17T20:51:47.271+0100: 9455.126: Total time for which application threads were stopped: 0.0001649 seconds, Stopping threads took: 0.0000550 seconds
2016-11-17T20:51:47.271+0100: 9455.126: Total time for which application threads were stopped: 0.0000730 seconds, Stopping threads took: 0.0000329 seconds
{Heap before GC invocations=107 (full 1):
 par new generation   total 109248K, used 96673K [0x00000000e0000000, 0x00000000e8000000, 0x00000000e8000000)
  eden space 87424K, 100% used [0x00000000e0000000, 0x00000000e5560000, 0x00000000e5560000)
  from space 21824K,  42% used [0x00000000e6ab0000, 0x00000000e73b85d0, 0x00000000e8000000)
  to   space 21824K,   0% used [0x00000000e5560000, 0x00000000e5560000, 0x00000000e6ab0000)
 concurrent mark-sweep generation total 393216K, used 20447K [0x00000000e8000000, 0x0000000100000000, 0x0000000100000000)
 Metaspace       used 32828K, capacity 33829K, committed 33992K, reserved 1079296K
  class space    used 3760K, capacity 3994K, committed 4040K, reserved 1048576K
2016-11-17T20:51:47.310+0100: 9455.165: [GC (Allocation Failure) 2016-11-17T20:51:47.310+0100: 9455.165: [ParNew
Desired survivor size 20112992 bytes, new threshold 8 (max 8)
- age   1:     937320 bytes,     937320 total
- age   2:     655664 bytes,    1592984 total
- age   3:       2632 bytes,    1595616 total
- age   4:     196872 bytes,    1792488 total
- age   5:       1856 bytes,    1794344 total
- age   6:     211928 bytes,    2006272 total
- age   7:        200 bytes,    2006472 total
- age   8:     175048 bytes,    2181520 total
: 96673K->5951K(109248K), 0.0045390 secs] 117121K->26424K(502464K), 0.0046408 secs] [Times: user=0.02 sys=0.00, real=0.00 secs] 
Heap after GC invocations=108 (full 1):
 par new generation   total 109248K, used 5951K [0x00000000e0000000, 0x00000000e8000000, 0x00000000e8000000)
  eden space 87424K,   0% used [0x00000000e0000000, 0x00000000e0000000, 0x00000000e5560000)
  from space 21824K,  27% used [0x00000000e5560000, 0x00000000e5b2fc80, 0x00000000e6ab0000)
  to   space 21824K,   0% used [0x00000000e6ab0000, 0x00000000e6ab0000, 0x00000000e8000000)
 concurrent mark-sweep generation total 393216K, used 20473K [0x00000000e8000000, 0x0000000100000000, 0x0000000100000000)
 Metaspace       used 32828K, capacity 33829K, committed 33992K, reserved 1079296K
  class space    used 3760K, capacity 3994K, committed 4040K, reserved 1048576K
}
2016-11-17T20:51:47.314+0100: 9455.170: Total time for which application threads were stopped: 0.0048539 seconds, Stopping threads took: 0.0000296 seconds
2016-11-17T20:51:47.314+0100: 9455.170: Total time for which application threads were stopped: 0.0001371 seconds, Stopping threads took: 0.0000310 seconds
2016-11-17T20:51:47.386+0100: 9455.241: Total time for which application threads were stopped: 0.0001596 seconds, Stopping threads took: 0.0000732 seconds
2016-11-17T20:51:47.391+0100: 9455.246: Total time for which application threads were stopped: 0.0001363 seconds, Stopping threads took: 0.0000262 seconds
2016-11-17T20:51:47.406+0100: 9455.262: Total time for which application threads were stopped: 0.0002016 seconds, Stopping threads took: 0.0000228 seconds
{Heap before GC invocations=108 (full 1):
 par new generation   total 109248K, used 93360K [0x00000000e0000000, 0x00000000e8000000, 0x00000000e8000000)
  eden space 87424K,  99% used [0x00000000e0000000, 0x00000000e555c700, 0x00000000e5560000)
  from space 21824K,  27% used [0x00000000e5560000, 0x00000000e5b2fc80, 0x00000000e6ab0000)
  to   space 21824K,   0% used [0x00000000e6ab0000, 0x00000000e6ab0000, 0x00000000e8000000)
 concurrent mark-sweep generation total 393216K, used 20473K [0x00000000e8000000, 0x0000000100000000, 0x0000000100000000)
 Metaspace       used 32869K, capacity 33893K, committed 33992K, reserved 1079296K
  class space    used 3760K, capacity 3994K, committed 4040K, reserved 1048576K
2016-11-17T20:51:47.427+0100: 9455.282: [GC (Allocation Failure) 2016-11-17T20:51:47.427+0100: 9455.282: [ParNew
Desired survivor size 20112992 bytes, new threshold 8 (max 8)
- age   1:    3458832 bytes,    3458832 total
- age   2:     150256 bytes,    3609088 total
- age   3:     631336 bytes,    4240424 total
- age   4:       2632 bytes,    4243056 total
- age   5:     196656 bytes,    4439712 total
- age   6:       1856 bytes,    4441568 total
- age   7:     211680 bytes,    4653248 total
- age   8:        200 bytes,    4653448 total
: 93360K->5226K(109248K), 0.0067064 secs] 113834K->25871K(502464K), 0.0068193 secs] [Times: user=0.03 sys=0.00, real=0.01 secs] 
Heap after GC invocations=109 (full 1):
 par new generation   total 109248K, used 5226K [0x00000000e0000000, 0x00000000e8000000, 0x00000000e8000000)
  eden space 87424K,   0% used [0x00000000e0000000, 0x00000000e0000000, 0x00000000e5560000)
  from space 21824K,  23% used [0x00000000e6ab0000, 0x00000000e6fca880, 0x00000000e8000000)
  to   space 21824K,   0% used [0x00000000e5560000, 0x00000000e5560000, 0x00000000e6ab0000)
 concurrent mark-sweep generation total 393216K, used 20645K [0x00000000e8000000, 0x0000000100000000, 0x0000000100000000)
 Metaspace       used 32869K, capacity 33893K, committed 33992K, reserved 1079296K
  class space    used 3760K, capacity 3994K, committed 4040K, reserved 1048576K
}
2016-11-17T20:51:47.434+0100: 9455.289: Total time for which application threads were stopped: 0.0070472 seconds, Stopping threads took: 0.0000237 seconds
2016-11-17T20:51:47.434+0100: 9455.289: Total time for which application threads were stopped: 0.0001563 seconds, Stopping threads took: 0.0000466 seconds
2016-11-17T20:51:47.434+0100: 9455.289: Total time for which application threads were stopped: 0.0000770 seconds, Stopping threads took: 0.0000341 seconds
2016-11-17T20:51:47.434+0100: 9455.290: Total time for which application threads were stopped: 0.0000578 seconds, Stopping threads took: 0.0000208 seconds
{Heap before GC invocations=109 (full 1):
 par new generation   total 109248K, used 92650K [0x00000000e0000000, 0x00000000e8000000, 0x00000000e8000000)
  eden space 87424K, 100% used [0x00000000e0000000, 0x00000000e5560000, 0x00000000e5560000)
  from space 21824K,  23% used [0x00000000e6ab0000, 0x00000000e6fca880, 0x00000000e8000000)
  to   space 21824K,   0% used [0x00000000e5560000, 0x00000000e5560000, 0x00000000e6ab0000)
 concurrent mark-sweep generation total 393216K, used 20645K [0x00000000e8000000, 0x0000000100000000, 0x0000000100000000)
 Metaspace       used 32872K, capacity 33893K, committed 33992K, reserved 1079296K
  class space    used 3760K, capacity 3994K, committed 4040K, reserved 1048576K
2016-11-17T20:51:47.475+0100: 9455.330: [GC (Allocation Failure) 2016-11-17T20:51:47.475+0100: 9455.330: [ParNew
Desired survivor size 20112992 bytes, new threshold 8 (max 8)
- age   1:     703888 bytes,     703888 total
- age   2:    3121832 bytes,    3825720 total
- age   3:     150256 bytes,    3975976 total
- age   4:     631336 bytes,    4607312 total
- age   5:       2632 bytes,    4609944 total
- age   6:     196656 bytes,    4806600 total
- age   7:       1856 bytes,    4808456 total
- age   8:     211680 bytes,    5020136 total
: 92650K->7336K(109248K), 0.0062313 secs] 113295K->27981K(502464K), 0.0063427 secs] [Times: user=0.02 sys=0.00, real=0.01 secs] 
Heap after GC invocations=110 (full 1):
 par new generation   total 109248K, used 7336K [0x00000000e0000000, 0x00000000e8000000, 0x00000000e8000000)
  eden space 87424K,   0% used [0x00000000e0000000, 0x00000000e0000000, 0x00000000e5560000)
  from space 21824K,  33% used [0x00000000e5560000, 0x00000000e5c8a100, 0x00000000e6ab0000)
  to   space 21824K,   0% used [0x00000000e6ab0000, 0x00000000e6ab0000, 0x00000000e8000000)
 concurrent mark-sweep generation total 393216K, used 20645K [0x00000000e8000000, 0x0000000100000000, 0x0000000100000000)
 Metaspace       used 32872K, capacity 33893K, committed 33992K, reserved 1079296K
  class space    used 3760K, capacity 3994K, committed 4040K, reserved 1048576K
}
2016-11-17T20:51:47.481+0100: 9455.337: Total time for which application threads were stopped: 0.0065441 seconds, Stopping threads took: 0.0000280 seconds
2016-11-17T20:51:47.482+0100: 9455.337: Total time for which application threads were stopped: 0.0001475 seconds, Stopping threads took: 0.0000466 seconds
2016-11-17T20:51:47.544+0100: 9455.399: Total time for which application threads were stopped: 0.0001447 seconds, Stopping threads took: 0.0000321 seconds
2016-11-17T20:51:47.544+0100: 9455.400: Total time for which application threads were stopped: 0.0000685 seconds, Stopping threads took: 0.0000133 seconds
2016-11-17T20:51:47.546+0100: 9455.402: Total time for which application threads were stopped: 0.0001939 seconds, Stopping threads took: 0.0000818 seconds
2016-11-17T20:51:47.555+0100: 9455.410: Total time for which application threads were stopped: 0.0001783 seconds, Stopping threads took: 0.0000390 seconds
2016-11-17T20:51:47.555+0100: 9455.410: Total time for which application threads were stopped: 0.0000578 seconds, Stopping threads took: 0.0000149 seconds
2016-11-17T20:51:47.555+0100: 9455.411: Total time for which application threads were stopped: 0.0000630 seconds, Stopping threads took: 0.0000116 seconds
2016-11-17T20:51:47.555+0100: 9455.411: Total time for which application threads were stopped: 0.0000629 seconds, Stopping threads took: 0.0000120 seconds
2016-11-17T20:51:47.555+0100: 9455.411: Total time for which application threads were stopped: 0.0000639 seconds, Stopping threads took: 0.0000124 seconds
2016-11-17T20:51:47.555+0100: 9455.411: Total time for which application threads were stopped: 0.0000614 seconds, Stopping threads took: 0.0000154 seconds
2016-11-17T20:51:47.556+0100: 9455.411: Total time for which application threads were stopped: 0.0000449 seconds, Stopping threads took: 0.0000099 seconds
2016-11-17T20:51:47.556+0100: 9455.411: Total time for which application threads were stopped: 0.0000450 seconds, Stopping threads took: 0.0000107 seconds
2016-11-17T20:51:47.559+0100: 9455.415: Total time for which application threads were stopped: 0.0001162 seconds, Stopping threads took: 0.0000338 seconds
2016-11-17T20:51:47.559+0100: 9455.415: Total time for which application threads were stopped: 0.0000513 seconds, Stopping threads took: 0.0000127 seconds
2016-11-17T20:51:47.560+0100: 9455.415: Total time for which application threads were stopped: 0.0000479 seconds, Stopping threads took: 0.0000108 seconds
2016-11-17T20:51:47.560+0100: 9455.415: Total time for which application threads were stopped: 0.0000578 seconds, Stopping threads took: 0.0000236 seconds
2016-11-17T20:51:47.560+0100: 9455.415: Total time for which application threads were stopped: 0.0000516 seconds, Stopping threads took: 0.0000174 seconds
2016-11-17T20:51:47.560+0100: 9455.415: Total time for which application threads were stopped: 0.0000481 seconds, Stopping threads took: 0.0000148 seconds
2016-11-17T20:51:47.560+0100: 9455.415: Total time for which application threads were stopped: 0.0000786 seconds, Stopping threads took: 0.0000231 seconds
2016-11-17T20:51:47.560+0100: 9455.415: Total time for which application threads were stopped: 0.0000618 seconds, Stopping threads took: 0.0000230 seconds
2016-11-17T20:51:47.560+0100: 9455.415: Total time for which application threads were stopped: 0.0000957 seconds, Stopping threads took: 0.0000333 seconds
2016-11-17T20:51:47.560+0100: 9455.416: Total time for which application threads were stopped: 0.0000797 seconds, Stopping threads took: 0.0000349 seconds
2016-11-17T20:51:47.560+0100: 9455.416: Total time for which application threads were stopped: 0.0000635 seconds, Stopping threads took: 0.0000263 seconds
2016-11-17T20:51:47.560+0100: 9455.416: Total time for which application threads were stopped: 0.0000440 seconds, Stopping threads took: 0.0000093 seconds
2016-11-17T20:51:47.560+0100: 9455.416: Total time for which application threads were stopped: 0.0000531 seconds, Stopping threads took: 0.0000174 seconds
2016-11-17T20:51:47.560+0100: 9455.416: Total time for which application threads were stopped: 0.0000602 seconds, Stopping threads took: 0.0000238 seconds
2016-11-17T20:51:47.561+0100: 9455.416: Total time for which application threads were stopped: 0.0000501 seconds, Stopping threads took: 0.0000168 seconds
2016-11-17T20:51:47.561+0100: 9455.416: Total time for which application threads were stopped: 0.0000485 seconds, Stopping threads took: 0.0000122 seconds
2016-11-17T20:51:47.561+0100: 9455.416: Total time for which application threads were stopped: 0.0000566 seconds, Stopping threads took: 0.0000083 seconds
2016-11-17T20:51:47.561+0100: 9455.416: Total time for which application threads were stopped: 0.0000839 seconds, Stopping threads took: 0.0000496 seconds
2016-11-17T20:51:47.561+0100: 9455.416: Total time for which application threads were stopped: 0.0000499 seconds, Stopping threads took: 0.0000168 seconds
2016-11-17T20:51:47.561+0100: 9455.416: Total time for which application threads were stopped: 0.0000504 seconds, Stopping threads took: 0.0000174 seconds
2016-11-17T20:51:47.561+0100: 9455.416: Total time for which application threads were stopped: 0.0001345 seconds, Stopping threads took: 0.0000174 seconds
2016-11-17T20:51:47.565+0100: 9455.420: Total time for which application threads were stopped: 0.0001613 seconds, Stopping threads took: 0.0000518 seconds
2016-11-17T20:51:47.565+0100: 9455.420: Total time for which application threads were stopped: 0.0000641 seconds, Stopping threads took: 0.0000123 seconds
2016-11-17T20:51:47.566+0100: 9455.421: Total time for which application threads were stopped: 0.0001318 seconds, Stopping threads took: 0.0000656 seconds
2016-11-17T20:51:47.573+0100: 9455.428: Total time for which application threads were stopped: 0.0001414 seconds, Stopping threads took: 0.0000574 seconds
2016-11-17T20:51:47.573+0100: 9455.429: Total time for which application threads were stopped: 0.0000542 seconds, Stopping threads took: 0.0000197 seconds
2016-11-17T20:51:47.573+0100: 9455.429: Total time for which application threads were stopped: 0.0000646 seconds, Stopping threads took: 0.0000307 seconds
2016-11-17T20:51:47.573+0100: 9455.429: Total time for which application threads were stopped: 0.0000531 seconds, Stopping threads took: 0.0000170 seconds
2016-11-17T20:51:47.573+0100: 9455.429: Total time for which application threads were stopped: 0.0000559 seconds, Stopping threads took: 0.0000199 seconds
2016-11-17T20:51:47.573+0100: 9455.429: Total time for which application threads were stopped: 0.0000490 seconds, Stopping threads took: 0.0000160 seconds
2016-11-17T20:51:47.574+0100: 9455.429: Total time for which application threads were stopped: 0.0000657 seconds, Stopping threads took: 0.0000329 seconds
{Heap before GC invocations=110 (full 1):
 par new generation   total 109248K, used 94760K [0x00000000e0000000, 0x00000000e8000000, 0x00000000e8000000)
  eden space 87424K, 100% used [0x00000000e0000000, 0x00000000e5560000, 0x00000000e5560000)
  from space 21824K,  33% used [0x00000000e5560000, 0x00000000e5c8a100, 0x00000000e6ab0000)
  to   space 21824K,   0% used [0x00000000e6ab0000, 0x00000000e6ab0000, 0x00000000e8000000)
 concurrent mark-sweep generation total 393216K, used 20645K [0x00000000e8000000, 0x0000000100000000, 0x0000000100000000)
 Metaspace       used 32878K, capacity 33893K, committed 33992K, reserved 1079296K
  class space    used 3760K, capacity 3994K, committed 4040K, reserved 1048576K
2016-11-17T20:51:47.574+0100: 9455.430: [GC (Allocation Failure) 2016-11-17T20:51:47.574+0100: 9455.430: [ParNew
Desired survivor size 20112992 bytes, new threshold 8 (max 8)
- age   1:    2254776 bytes,    2254776 total
- age   2:     141264 bytes,    2396040 total
- age   3:    1522136 bytes,    3918176 total
- age   4:     150256 bytes,    4068432 total
- age   5:     631280 bytes,    4699712 total
- age   6:       2632 bytes,    4702344 total
- age   7:     196656 bytes,    4899000 total
- age   8:       1856 bytes,    4900856 total
: 94760K->6199K(109248K), 0.0081193 secs] 115405K->27054K(502464K), 0.0081858 secs] [Times: user=0.04 sys=0.00, real=0.01 secs] 
Heap after GC invocations=111 (full 1):
 par new generation   total 109248K, used 6199K [0x00000000e0000000, 0x00000000e8000000, 0x00000000e8000000)
  eden space 87424K,   0% used [0x00000000e0000000, 0x00000000e0000000, 0x00000000e5560000)
  from space 21824K,  28% used [0x00000000e6ab0000, 0x00000000e70bdf38, 0x00000000e8000000)
  to   space 21824K,   0% used [0x00000000e5560000, 0x00000000e5560000, 0x00000000e6ab0000)
 concurrent mark-sweep generation total 393216K, used 20854K [0x00000000e8000000, 0x0000000100000000, 0x0000000100000000)
 Metaspace       used 32878K, capacity 33893K, committed 33992K, reserved 1079296K
  class space    used 3760K, capacity 3994K, committed 4040K, reserved 1048576K
}
2016-11-17T20:51:47.583+0100: 9455.438: Total time for which application threads were stopped: 0.0083978 seconds, Stopping threads took: 0.0000344 seconds
2016-11-17T20:51:47.583+0100: 9455.438: Total time for which application threads were stopped: 0.0001116 seconds, Stopping threads took: 0.0000375 seconds
2016-11-17T20:51:47.583+0100: 9455.439: Total time for which application threads were stopped: 0.0000650 seconds, Stopping threads took: 0.0000226 seconds
2016-11-17T20:51:47.583+0100: 9455.439: Total time for which application threads were stopped: 0.0000622 seconds, Stopping threads took: 0.0000267 seconds
{Heap before GC invocations=111 (full 1):
 par new generation   total 109248K, used 93623K [0x00000000e0000000, 0x00000000e8000000, 0x00000000e8000000)
  eden space 87424K, 100% used [0x00000000e0000000, 0x00000000e5560000, 0x00000000e5560000)
  from space 21824K,  28% used [0x00000000e6ab0000, 0x00000000e70bdf38, 0x00000000e8000000)
  to   space 21824K,   0% used [0x00000000e5560000, 0x00000000e5560000, 0x00000000e6ab0000)
 concurrent mark-sweep generation total 393216K, used 20854K [0x00000000e8000000, 0x0000000100000000, 0x0000000100000000)
 Metaspace       used 32885K, capacity 33893K, committed 33992K, reserved 1079296K
  class space    used 3760K, capacity 3994K, committed 4040K, reserved 1048576K
2016-11-17T20:51:47.648+0100: 9455.504: [GC (Allocation Failure) 2016-11-17T20:51:47.648+0100: 9455.504: [ParNew
Desired survivor size 20112992 bytes, new threshold 8 (max 8)
- age   1:    1568792 bytes,    1568792 total
- age   2:    2231808 bytes,    3800600 total
- age   3:     141264 bytes,    3941864 total
- age   4:    1505184 bytes,    5447048 total
- age   5:     150256 bytes,    5597304 total
- age   6:     627704 bytes,    6225008 total
- age   7:       2632 bytes,    6227640 total
- age   8:     196656 bytes,    6424296 total
: 93623K->7450K(109248K), 0.0089456 secs] 114478K->28307K(502464K), 0.0090369 secs] [Times: user=0.03 sys=0.00, real=0.01 secs] 
Heap after GC invocations=112 (full 1):
 par new generation   total 109248K, used 7450K [0x00000000e0000000, 0x00000000e8000000, 0x00000000e8000000)
  eden space 87424K,   0% used [0x00000000e0000000, 0x00000000e0000000, 0x00000000e5560000)
  from space 21824K,  34% used [0x00000000e5560000, 0x00000000e5ca6b20, 0x00000000e6ab0000)
  to   space 21824K,   0% used [0x00000000e6ab0000, 0x00000000e6ab0000, 0x00000000e8000000)
 concurrent mark-sweep generation total 393216K, used 20856K [0x00000000e8000000, 0x0000000100000000, 0x0000000100000000)
 Metaspace       used 32885K, capacity 33893K, committed 33992K, reserved 1079296K
  class space    used 3760K, capacity 3994K, committed 4040K, reserved 1048576K
}
2016-11-17T20:51:47.657+0100: 9455.513: Total time for which application threads were stopped: 0.0092618 seconds, Stopping threads took: 0.0000229 seconds
2016-11-17T20:51:47.658+0100: 9455.513: Total time for which application threads were stopped: 0.0001321 seconds, Stopping threads took: 0.0000369 seconds
{Heap before GC invocations=112 (full 1):
 par new generation   total 109248K, used 94874K [0x00000000e0000000, 0x00000000e8000000, 0x00000000e8000000)
  eden space 87424K, 100% used [0x00000000e0000000, 0x00000000e5560000, 0x00000000e5560000)
  from space 21824K,  34% used [0x00000000e5560000, 0x00000000e5ca6b20, 0x00000000e6ab0000)
  to   space 21824K,   0% used [0x00000000e6ab0000, 0x00000000e6ab0000, 0x00000000e8000000)
 concurrent mark-sweep generation total 393216K, used 20856K [0x00000000e8000000, 0x0000000100000000, 0x0000000100000000)
 Metaspace       used 32886K, capacity 33893K, committed 33992K, reserved 1079296K
  class space    used 3760K, capacity 3994K, committed 4040K, reserved 1048576K
2016-11-17T20:51:47.715+0100: 9455.571: [GC (Allocation Failure) 2016-11-17T20:51:47.715+0100: 9455.571: [ParNew
Desired survivor size 20112992 bytes, new threshold 8 (max 8)
- age   1:     608528 bytes,     608528 total
- age   2:     751304 bytes,    1359832 total
- age   3:      26696 bytes,    1386528 total
- age   4:       3288 bytes,    1389816 total
- age   5:     196680 bytes,    1586496 total
- age   6:       2976 bytes,    1589472 total
- age   7:     198696 bytes,    1788168 total
- age   8:       2632 bytes,    1790800 total
: 94874K->5326K(109248K), 0.0048212 secs] 115731K->26376K(502464K), 0.0049238 secs] [Times: user=0.01 sys=0.00, real=0.01 secs] 
Heap after GC invocations=113 (full 1):
 par new generation   total 109248K, used 5326K [0x00000000e0000000, 0x00000000e8000000, 0x00000000e8000000)
  eden space 87424K,   0% used [0x00000000e0000000, 0x00000000e0000000, 0x00000000e5560000)
  from space 21824K,  24% used [0x00000000e6ab0000, 0x00000000e6fe3840, 0x00000000e8000000)
  to   space 21824K,   0% used [0x00000000e5560000, 0x00000000e5560000, 0x00000000e6ab0000)
 concurrent mark-sweep generation total 393216K, used 21050K [0x00000000e8000000, 0x0000000100000000, 0x0000000100000000)
 Metaspace       used 32886K, capacity 33893K, committed 33992K, reserved 1079296K
  class space    used 3760K, capacity 3994K, committed 4040K, reserved 1048576K
}
2016-11-17T20:51:47.720+0100: 9455.576: Total time for which application threads were stopped: 0.0051226 seconds, Stopping threads took: 0.0000253 seconds
2016-11-17T20:51:47.720+0100: 9455.576: Total time for which application threads were stopped: 0.0001136 seconds, Stopping threads took: 0.0000224 seconds
2016-11-17T20:51:47.738+0100: 9455.593: Total time for which application threads were stopped: 0.0001246 seconds, Stopping threads took: 0.0000227 seconds
2016-11-17T20:51:47.742+0100: 9455.598: Total time for which application threads were stopped: 0.0001594 seconds, Stopping threads took: 0.0000553 seconds
2016-11-17T20:51:47.758+0100: 9455.614: Total time for which application threads were stopped: 0.0001333 seconds, Stopping threads took: 0.0000295 seconds
2016-11-17T20:51:47.794+0100: 9455.649: Total time for which application threads were stopped: 0.0001122 seconds, Stopping threads took: 0.0000349 seconds
2016-11-17T20:51:47.794+0100: 9455.650: Total time for which application threads were stopped: 0.0000750 seconds, Stopping threads took: 0.0000313 seconds
2016-11-17T20:51:47.794+0100: 9455.650: Total time for which application threads were stopped: 0.0000435 seconds, Stopping threads took: 0.0000094 seconds
2016-11-17T20:51:47.794+0100: 9455.650: Total time for which application threads were stopped: 0.0000481 seconds, Stopping threads took: 0.0000118 seconds
2016-11-17T20:51:47.794+0100: 9455.650: Total time for which application threads were stopped: 0.0000652 seconds, Stopping threads took: 0.0000301 seconds
2016-11-17T20:51:47.795+0100: 9455.650: Total time for which application threads were stopped: 0.0000380 seconds, Stopping threads took: 0.0000071 seconds
2016-11-17T20:51:47.795+0100: 9455.650: Total time for which application threads were stopped: 0.0000388 seconds, Stopping threads took: 0.0000063 seconds
2016-11-17T20:51:47.795+0100: 9455.650: Total time for which application threads were stopped: 0.0000527 seconds, Stopping threads took: 0.0000082 seconds
2016-11-17T20:51:47.795+0100: 9455.650: Total time for which application threads were stopped: 0.0000390 seconds, Stopping threads took: 0.0000079 seconds
2016-11-17T20:51:47.795+0100: 9455.650: Total time for which application threads were stopped: 0.0000380 seconds, Stopping threads took: 0.0000077 seconds
2016-11-17T20:51:47.796+0100: 9455.651: Total time for which application threads were stopped: 0.0000470 seconds, Stopping threads took: 0.0000099 seconds
2016-11-17T20:51:47.796+0100: 9455.651: Total time for which application threads were stopped: 0.0000412 seconds, Stopping threads took: 0.0000088 seconds
{Heap before GC invocations=113 (full 1):
 par new generation   total 109248K, used 92750K [0x00000000e0000000, 0x00000000e8000000, 0x00000000e8000000)
  eden space 87424K, 100% used [0x00000000e0000000, 0x00000000e5560000, 0x00000000e5560000)
  from space 21824K,  24% used [0x00000000e6ab0000, 0x00000000e6fe3840, 0x00000000e8000000)
  to   space 21824K,   0% used [0x00000000e5560000, 0x00000000e5560000, 0x00000000e6ab0000)
 concurrent mark-sweep generation total 393216K, used 21050K [0x00000000e8000000, 0x0000000100000000, 0x0000000100000000)
 Metaspace       used 32903K, capacity 33893K, committed 33992K, reserved 1079296K
  class space    used 3760K, capacity 3994K, committed 4040K, reserved 1048576K
2016-11-17T20:51:47.850+0100: 9455.706: [GC (Allocation Failure) 2016-11-17T20:51:47.850+0100: 9455.706: [ParNew
Desired survivor size 20112992 bytes, new threshold 8 (max 8)
- age   1:    4064784 bytes,    4064784 total
- age   2:     136792 bytes,    4201576 total
- age   3:     722480 bytes,    4924056 total
- age   4:      26672 bytes,    4950728 total
- age   5:       3288 bytes,    4954016 total
- age   6:     196064 bytes,    5150080 total
- age   7:       2976 bytes,    5153056 total
- age   8:     198240 bytes,    5351296 total
: 92750K->6038K(109248K), 0.0070996 secs] 113800K->27092K(502464K), 0.0072067 secs] [Times: user=0.02 sys=0.00, real=0.00 secs] 
Heap after GC invocations=114 (full 1):
 par new generation   total 109248K, used 6038K [0x00000000e0000000, 0x00000000e8000000, 0x00000000e8000000)
  eden space 87424K,   0% used [0x00000000e0000000, 0x00000000e0000000, 0x00000000e5560000)
  from space 21824K,  27% used [0x00000000e5560000, 0x00000000e5b45b78, 0x00000000e6ab0000)
  to   space 21824K,   0% used [0x00000000e6ab0000, 0x00000000e6ab0000, 0x00000000e8000000)
 concurrent mark-sweep generation total 393216K, used 21053K [0x00000000e8000000, 0x0000000100000000, 0x0000000100000000)
 Metaspace       used 32903K, capacity 33893K, committed 33992K, reserved 1079296K
  class space    used 3760K, capacity 3994K, committed 4040K, reserved 1048576K
}
2016-11-17T20:51:47.858+0100: 9455.713: Total time for which application threads were stopped: 0.0074169 seconds, Stopping threads took: 0.0000244 seconds
2016-11-17T20:51:47.858+0100: 9455.713: Total time for which application threads were stopped: 0.0000836 seconds, Stopping threads took: 0.0000196 seconds
2016-11-17T20:51:47.858+0100: 9455.713: Total time for which application threads were stopped: 0.0000765 seconds, Stopping threads took: 0.0000158 seconds
{Heap before GC invocations=114 (full 1):
 par new generation   total 109248K, used 93451K [0x00000000e0000000, 0x00000000e8000000, 0x00000000e8000000)
  eden space 87424K,  99% used [0x00000000e0000000, 0x00000000e555d240, 0x00000000e5560000)
  from space 21824K,  27% used [0x00000000e5560000, 0x00000000e5b45b78, 0x00000000e6ab0000)
  to   space 21824K,   0% used [0x00000000e6ab0000, 0x00000000e6ab0000, 0x00000000e8000000)
 concurrent mark-sweep generation total 393216K, used 21053K [0x00000000e8000000, 0x0000000100000000, 0x0000000100000000)
 Metaspace       used 32903K, capacity 33893K, committed 33992K, reserved 1079296K
  class space    used 3760K, capacity 3994K, committed 4040K, reserved 1048576K
2016-11-17T20:51:47.907+0100: 9455.762: [GC (Allocation Failure) 2016-11-17T20:51:47.907+0100: 9455.762: [ParNew
Desired survivor size 20112992 bytes, new threshold 8 (max 8)
- age   1:     160848 bytes,     160848 total
- age   2:    1321472 bytes,    1482320 total
- age   3:       3104 bytes,    1485424 total
- age   4:     173944 bytes,    1659368 total
- age   5:      26672 bytes,    1686040 total
- age   6:       3288 bytes,    1689328 total
- age   7:     196064 bytes,    1885392 total
- age   8:       2976 bytes,    1888368 total
: 93451K->4112K(109248K), 0.0039473 secs] 114504K->25362K(502464K), 0.0040509 secs] [Times: user=0.01 sys=0.00, real=0.01 secs] 
Heap after GC invocations=115 (full 1):
 par new generation   total 109248K, used 4112K [0x00000000e0000000, 0x00000000e8000000, 0x00000000e8000000)
  eden space 87424K,   0% used [0x00000000e0000000, 0x00000000e0000000, 0x00000000e5560000)
  from space 21824K,  18% used [0x00000000e6ab0000, 0x00000000e6eb43c0, 0x00000000e8000000)
  to   space 21824K,   0% used [0x00000000e5560000, 0x00000000e5560000, 0x00000000e6ab0000)
 concurrent mark-sweep generation total 393216K, used 21249K [0x00000000e8000000, 0x0000000100000000, 0x0000000100000000)
 Metaspace       used 32903K, capacity 33893K, committed 33992K, reserved 1079296K
  class space    used 3760K, capacity 3994K, committed 4040K, reserved 1048576K
}
2016-11-17T20:51:47.911+0100: 9455.766: Total time for which application threads were stopped: 0.0042591 seconds, Stopping threads took: 0.0000250 seconds
2016-11-17T20:51:47.911+0100: 9455.766: Total time for which application threads were stopped: 0.0001454 seconds, Stopping threads took: 0.0000396 seconds
2016-11-17T20:51:47.941+0100: 9455.796: Total time for which application threads were stopped: 0.0001823 seconds, Stopping threads took: 0.0000729 seconds
2016-11-17T20:51:47.945+0100: 9455.801: Total time for which application threads were stopped: 0.0002074 seconds, Stopping threads took: 0.0000861 seconds
2016-11-17T20:51:47.957+0100: 9455.813: Total time for which application threads were stopped: 0.0001184 seconds, Stopping threads took: 0.0000218 seconds
2016-11-17T20:51:48.028+0100: 9455.883: Total time for which application threads were stopped: 0.0001692 seconds, Stopping threads took: 0.0000736 seconds
2016-11-17T20:51:48.028+0100: 9455.883: Total time for which application threads were stopped: 0.0000612 seconds, Stopping threads took: 0.0000156 seconds
2016-11-17T20:51:48.028+0100: 9455.884: Total time for which application threads were stopped: 0.0000500 seconds, Stopping threads took: 0.0000103 seconds
2016-11-17T20:51:48.028+0100: 9455.884: Total time for which application threads were stopped: 0.0000501 seconds, Stopping threads took: 0.0000100 seconds
2016-11-17T20:51:48.028+0100: 9455.884: Total time for which application threads were stopped: 0.0000417 seconds, Stopping threads took: 0.0000077 seconds
2016-11-17T20:51:48.028+0100: 9455.884: Total time for which application threads were stopped: 0.0000406 seconds, Stopping threads took: 0.0000073 seconds
2016-11-17T20:51:48.029+0100: 9455.884: Total time for which application threads were stopped: 0.0000412 seconds, Stopping threads took: 0.0000060 seconds
2016-11-17T20:51:48.029+0100: 9455.884: Total time for which application threads were stopped: 0.0000385 seconds, Stopping threads took: 0.0000051 seconds
2016-11-17T20:51:48.029+0100: 9455.884: Total time for which application threads were stopped: 0.0000374 seconds, Stopping threads took: 0.0000076 seconds
2016-11-17T20:51:48.029+0100: 9455.884: Total time for which application threads were stopped: 0.0000361 seconds, Stopping threads took: 0.0000064 seconds
2016-11-17T20:51:48.030+0100: 9455.885: Total time for which application threads were stopped: 0.0000510 seconds, Stopping threads took: 0.0000101 seconds
2016-11-17T20:51:48.030+0100: 9455.885: Total time for which application threads were stopped: 0.0000374 seconds, Stopping threads took: 0.0000065 seconds
{Heap before GC invocations=115 (full 1):
 par new generation   total 109248K, used 91528K [0x00000000e0000000, 0x00000000e8000000, 0x00000000e8000000)
  eden space 87424K,  99% used [0x00000000e0000000, 0x00000000e555df58, 0x00000000e5560000)
  from space 21824K,  18% used [0x00000000e6ab0000, 0x00000000e6eb43c0, 0x00000000e8000000)
  to   space 21824K,   0% used [0x00000000e5560000, 0x00000000e5560000, 0x00000000e6ab0000)
 concurrent mark-sweep generation total 393216K, used 21249K [0x00000000e8000000, 0x0000000100000000, 0x0000000100000000)
 Metaspace       used 32926K, capacity 33893K, committed 33992K, reserved 1079296K
  class space    used 3760K, capacity 3994K, committed 4040K, reserved 1048576K
2016-11-17T20:51:48.083+0100: 9455.938: [GC (Allocation Failure) 2016-11-17T20:51:48.083+0100: 9455.938: [ParNew
Desired survivor size 20112992 bytes, new threshold 8 (max 8)
- age   1:    4005592 bytes,    4005592 total
- age   2:      92680 bytes,    4098272 total
- age   3:     732456 bytes,    4830728 total
- age   4:       3104 bytes,    4833832 total
- age   5:     173736 bytes,    5007568 total
- age   6:      26384 bytes,    5033952 total
- age   7:       3288 bytes,    5037240 total
- age   8:     195816 bytes,    5233056 total
: 91528K->5839K(109248K), 0.0073596 secs] 112778K->27092K(502464K), 0.0074837 secs] [Times: user=0.03 sys=0.00, real=0.01 secs] 
Heap after GC invocations=116 (full 1):
 par new generation   total 109248K, used 5839K [0x00000000e0000000, 0x00000000e8000000, 0x00000000e8000000)
  eden space 87424K,   0% used [0x00000000e0000000, 0x00000000e0000000, 0x00000000e5560000)
  from space 21824K,  26% used [0x00000000e5560000, 0x00000000e5b13e00, 0x00000000e6ab0000)
  to   space 21824K,   0% used [0x00000000e6ab0000, 0x00000000e6ab0000, 0x00000000e8000000)
 concurrent mark-sweep generation total 393216K, used 21252K [0x00000000e8000000, 0x0000000100000000, 0x0000000100000000)
 Metaspace       used 32926K, capacity 33893K, committed 33992K, reserved 1079296K
  class space    used 3760K, capacity 3994K, committed 4040K, reserved 1048576K
}
2016-11-17T20:51:48.091+0100: 9455.946: Total time for which application threads were stopped: 0.0077010 seconds, Stopping threads took: 0.0000280 seconds
2016-11-17T20:51:48.091+0100: 9455.946: Total time for which application threads were stopped: 0.0001120 seconds, Stopping threads took: 0.0000349 seconds
2016-11-17T20:51:48.091+0100: 9455.946: Total time for which application threads were stopped: 0.0000965 seconds, Stopping threads took: 0.0000241 seconds
{Heap before GC invocations=116 (full 1):
 par new generation   total 109248K, used 93263K [0x00000000e0000000, 0x00000000e8000000, 0x00000000e8000000)
  eden space 87424K, 100% used [0x00000000e0000000, 0x00000000e5560000, 0x00000000e5560000)
  from space 21824K,  26% used [0x00000000e5560000, 0x00000000e5b13e00, 0x00000000e6ab0000)
  to   space 21824K,   0% used [0x00000000e6ab0000, 0x00000000e6ab0000, 0x00000000e8000000)
 concurrent mark-sweep generation total 393216K, used 21252K [0x00000000e8000000, 0x0000000100000000, 0x0000000100000000)
 Metaspace       used 32930K, capacity 33893K, committed 33992K, reserved 1079296K
  class space    used 3760K, capacity 3994K, committed 4040K, reserved 1048576K
2016-11-17T20:51:48.133+0100: 9455.989: [GC (Allocation Failure) 2016-11-17T20:51:48.133+0100: 9455.989: [ParNew
Desired survivor size 20112992 bytes, new threshold 8 (max 8)
- age   1:      92288 bytes,      92288 total
- age   2:    1318016 bytes,    1410304 total
- age   3:        200 bytes,    1410504 total
- age   4:     196464 bytes,    1606968 total
- age   5:       3104 bytes,    1610072 total
- age   6:     173736 bytes,    1783808 total
- age   7:      26384 bytes,    1810192 total
- age   8:       3288 bytes,    1813480 total
: 93263K->4176K(109248K), 0.0043837 secs] 114516K->25622K(502464K), 0.0045002 secs] [Times: user=0.01 sys=0.00, real=0.00 secs] 
Heap after GC invocations=117 (full 1):
 par new generation   total 109248K, used 4176K [0x00000000e0000000, 0x00000000e8000000, 0x00000000e8000000)
  eden space 87424K,   0% used [0x00000000e0000000, 0x00000000e0000000, 0x00000000e5560000)
  from space 21824K,  19% used [0x00000000e6ab0000, 0x00000000e6ec4100, 0x00000000e8000000)
  to   space 21824K,   0% used [0x00000000e5560000, 0x00000000e5560000, 0x00000000e6ab0000)
 concurrent mark-sweep generation total 393216K, used 21446K [0x00000000e8000000, 0x0000000100000000, 0x0000000100000000)
 Metaspace       used 32930K, capacity 33893K, committed 33992K, reserved 1079296K
  class space    used 3760K, capacity 3994K, committed 4040K, reserved 1048576K
}
2016-11-17T20:51:48.138+0100: 9455.993: Total time for which application threads were stopped: 0.0047131 seconds, Stopping threads took: 0.0000276 seconds
2016-11-17T20:51:48.138+0100: 9455.993: Total time for which application threads were stopped: 0.0001464 seconds, Stopping threads took: 0.0000377 seconds
2016-11-17T20:51:48.185+0100: 9456.040: Total time for which application threads were stopped: 0.0001794 seconds, Stopping threads took: 0.0000747 seconds
2016-11-17T20:51:48.190+0100: 9456.045: Total time for which application threads were stopped: 0.0001679 seconds, Stopping threads took: 0.0000328 seconds
2016-11-17T20:51:48.202+0100: 9456.058: Total time for which application threads were stopped: 0.0001350 seconds, Stopping threads took: 0.0000284 seconds
2016-11-17T20:51:48.249+0100: 9456.104: Total time for which application threads were stopped: 0.0001827 seconds, Stopping threads took: 0.0000921 seconds
2016-11-17T20:51:48.249+0100: 9456.105: Total time for which application threads were stopped: 0.0000933 seconds, Stopping threads took: 0.0000445 seconds
2016-11-17T20:51:48.249+0100: 9456.105: Total time for which application threads were stopped: 0.0000450 seconds, Stopping threads took: 0.0000109 seconds
2016-11-17T20:51:48.250+0100: 9456.105: Total time for which application threads were stopped: 0.0000892 seconds, Stopping threads took: 0.0000337 seconds
2016-11-17T20:51:48.250+0100: 9456.105: Total time for which application threads were stopped: 0.0000496 seconds, Stopping threads took: 0.0000104 seconds
2016-11-17T20:51:48.250+0100: 9456.105: Total time for which application threads were stopped: 0.0000528 seconds, Stopping threads took: 0.0000205 seconds
2016-11-17T20:51:48.250+0100: 9456.105: Total time for which application threads were stopped: 0.0000542 seconds, Stopping threads took: 0.0000197 seconds
2016-11-17T20:51:48.250+0100: 9456.105: Total time for which application threads were stopped: 0.0000439 seconds, Stopping threads took: 0.0000090 seconds
2016-11-17T20:51:48.250+0100: 9456.106: Total time for which application threads were stopped: 0.0000500 seconds, Stopping threads took: 0.0000165 seconds
2016-11-17T20:51:48.250+0100: 9456.106: Total time for which application threads were stopped: 0.0000409 seconds, Stopping threads took: 0.0000096 seconds
2016-11-17T20:51:48.251+0100: 9456.107: Total time for which application threads were stopped: 0.0001350 seconds, Stopping threads took: 0.0000633 seconds
2016-11-17T20:51:48.251+0100: 9456.107: Total time for which application threads were stopped: 0.0000565 seconds, Stopping threads took: 0.0000196 seconds
{Heap before GC invocations=117 (full 1):
 par new generation   total 109248K, used 91600K [0x00000000e0000000, 0x00000000e8000000, 0x00000000e8000000)
  eden space 87424K, 100% used [0x00000000e0000000, 0x00000000e5560000, 0x00000000e5560000)
  from space 21824K,  19% used [0x00000000e6ab0000, 0x00000000e6ec4100, 0x00000000e8000000)
  to   space 21824K,   0% used [0x00000000e5560000, 0x00000000e5560000, 0x00000000e6ab0000)
 concurrent mark-sweep generation total 393216K, used 21446K [0x00000000e8000000, 0x0000000100000000, 0x0000000100000000)
 Metaspace       used 32953K, capacity 33957K, committed 34248K, reserved 1079296K
  class space    used 3760K, capacity 3994K, committed 4040K, reserved 1048576K
2016-11-17T20:51:48.303+0100: 9456.159: [GC (Allocation Failure) 2016-11-17T20:51:48.303+0100: 9456.159: [ParNew
Desired survivor size 20112992 bytes, new threshold 8 (max 8)
- age   1:    4114728 bytes,    4114728 total
- age   2:      89368 bytes,    4204096 total
- age   3:     727624 bytes,    4931720 total
- age   4:        200 bytes,    4931920 total
- age   5:     195736 bytes,    5127656 total
- age   6:       3104 bytes,    5130760 total
- age   7:     173736 bytes,    5304496 total
- age   8:      25888 bytes,    5330384 total
: 91600K->5566K(109248K), 0.0074150 secs] 113046K->27015K(502464K), 0.0075450 secs] [Times: user=0.02 sys=0.00, real=0.01 secs] 
Heap after GC invocations=118 (full 1):
 par new generation   total 109248K, used 5566K [0x00000000e0000000, 0x00000000e8000000, 0x00000000e8000000)
  eden space 87424K,   0% used [0x00000000e0000000, 0x00000000e0000000, 0x00000000e5560000)
  from space 21824K,  25% used [0x00000000e5560000, 0x00000000e5acf8b0, 0x00000000e6ab0000)
  to   space 21824K,   0% used [0x00000000e6ab0000, 0x00000000e6ab0000, 0x00000000e8000000)
 concurrent mark-sweep generation total 393216K, used 21449K [0x00000000e8000000, 0x0000000100000000, 0x0000000100000000)
 Metaspace       used 32953K, capacity 33957K, committed 34248K, reserved 1079296K
  class space    used 3760K, capacity 3994K, committed 4040K, reserved 1048576K
}
2016-11-17T20:51:48.311+0100: 9456.166: Total time for which application threads were stopped: 0.0077613 seconds, Stopping threads took: 0.0000243 seconds
2016-11-17T20:51:48.311+0100: 9456.166: Total time for which application threads were stopped: 0.0001185 seconds, Stopping threads took: 0.0000434 seconds
2016-11-17T20:51:48.311+0100: 9456.167: Total time for which application threads were stopped: 0.0001196 seconds, Stopping threads took: 0.0000451 seconds
{Heap before GC invocations=118 (full 1):
 par new generation   total 109248K, used 92990K [0x00000000e0000000, 0x00000000e8000000, 0x00000000e8000000)
  eden space 87424K, 100% used [0x00000000e0000000, 0x00000000e5560000, 0x00000000e5560000)
  from space 21824K,  25% used [0x00000000e5560000, 0x00000000e5acf8b0, 0x00000000e6ab0000)
  to   space 21824K,   0% used [0x00000000e6ab0000, 0x00000000e6ab0000, 0x00000000e8000000)
 concurrent mark-sweep generation total 393216K, used 21449K [0x00000000e8000000, 0x0000000100000000, 0x0000000100000000)
 Metaspace       used 32953K, capacity 33957K, committed 34248K, reserved 1079296K
  class space    used 3760K, capacity 3994K, committed 4040K, reserved 1048576K
2016-11-17T20:51:48.344+0100: 9456.199: [GC (Allocation Failure) 2016-11-17T20:51:48.344+0100: 9456.199: [ParNew
Desired survivor size 20112992 bytes, new threshold 8 (max 8)
- age   1:     148368 bytes,     148368 total
- age   2:    1311720 bytes,    1460088 total
- age   3:       1176 bytes,    1461264 total
- age   4:     199392 bytes,    1660656 total
- age   5:        200 bytes,    1660856 total
- age   6:     195736 bytes,    1856592 total
- age   7:       3104 bytes,    1859696 total
- age   8:     173736 bytes,    2033432 total
: 92990K->4231K(109248K), 0.0040210 secs] 114439K->25707K(502464K), 0.0041154 secs] [Times: user=0.01 sys=0.00, real=0.00 secs] 
Heap after GC invocations=119 (full 1):
 par new generation   total 109248K, used 4231K [0x00000000e0000000, 0x00000000e8000000, 0x00000000e8000000)
  eden space 87424K,   0% used [0x00000000e0000000, 0x00000000e0000000, 0x00000000e5560000)
  from space 21824K,  19% used [0x00000000e6ab0000, 0x00000000e6ed1e20, 0x00000000e8000000)
  to   space 21824K,   0% used [0x00000000e5560000, 0x00000000e5560000, 0x00000000e6ab0000)
 concurrent mark-sweep generation total 393216K, used 21475K [0x00000000e8000000, 0x0000000100000000, 0x0000000100000000)
 Metaspace       used 32953K, capacity 33957K, committed 34248K, reserved 1079296K
  class space    used 3760K, capacity 3994K, committed 4040K, reserved 1048576K
}
2016-11-17T20:51:48.348+0100: 9456.204: Total time for which application threads were stopped: 0.0043102 seconds, Stopping threads took: 0.0000238 seconds
2016-11-17T20:51:48.348+0100: 9456.204: Total time for which application threads were stopped: 0.0001385 seconds, Stopping threads took: 0.0000371 seconds
2016-11-17T20:51:48.408+0100: 9456.263: Total time for which application threads were stopped: 0.0001788 seconds, Stopping threads took: 0.0000868 seconds
2016-11-17T20:51:48.412+0100: 9456.268: Total time for which application threads were stopped: 0.0001761 seconds, Stopping threads took: 0.0000392 seconds
2016-11-17T20:51:48.426+0100: 9456.282: Total time for which application threads were stopped: 0.0001334 seconds, Stopping threads took: 0.0000255 seconds
2016-11-17T20:51:48.605+0100: 9456.461: Total time for which application threads were stopped: 0.0001554 seconds, Stopping threads took: 0.0000355 seconds
2016-11-17T20:51:48.608+0100: 9456.463: Total time for which application threads were stopped: 0.0001414 seconds, Stopping threads took: 0.0000335 seconds
2016-11-17T20:51:48.610+0100: 9456.465: Total time for which application threads were stopped: 0.0001279 seconds, Stopping threads took: 0.0000268 seconds
2016-11-17T20:51:48.610+0100: 9456.466: Total time for which application threads were stopped: 0.0000573 seconds, Stopping threads took: 0.0000124 seconds
2016-11-17T20:51:48.610+0100: 9456.466: Total time for which application threads were stopped: 0.0000473 seconds, Stopping threads took: 0.0000092 seconds
2016-11-17T20:51:48.610+0100: 9456.466: Total time for which application threads were stopped: 0.0000408 seconds, Stopping threads took: 0.0000082 seconds
2016-11-17T20:51:48.610+0100: 9456.466: Total time for which application threads were stopped: 0.0000403 seconds, Stopping threads took: 0.0000075 seconds
2016-11-17T20:51:48.610+0100: 9456.466: Total time for which application threads were stopped: 0.0000461 seconds, Stopping threads took: 0.0000108 seconds
2016-11-17T20:51:48.610+0100: 9456.466: Total time for which application threads were stopped: 0.0000403 seconds, Stopping threads took: 0.0000086 seconds
2016-11-17T20:51:48.611+0100: 9456.466: Total time for which application threads were stopped: 0.0000415 seconds, Stopping threads took: 0.0000097 seconds
2016-11-17T20:51:48.612+0100: 9456.467: Total time for which application threads were stopped: 0.0000792 seconds, Stopping threads took: 0.0000195 seconds
2016-11-17T20:51:48.612+0100: 9456.468: Total time for which application threads were stopped: 0.0000422 seconds, Stopping threads took: 0.0000083 seconds
{Heap before GC invocations=119 (full 1):
 par new generation   total 109248K, used 91655K [0x00000000e0000000, 0x00000000e8000000, 0x00000000e8000000)
  eden space 87424K, 100% used [0x00000000e0000000, 0x00000000e5560000, 0x00000000e5560000)
  from space 21824K,  19% used [0x00000000e6ab0000, 0x00000000e6ed1e20, 0x00000000e8000000)
  to   space 21824K,   0% used [0x00000000e5560000, 0x00000000e5560000, 0x00000000e6ab0000)
 concurrent mark-sweep generation total 393216K, used 21475K [0x00000000e8000000, 0x0000000100000000, 0x0000000100000000)
 Metaspace       used 32974K, capacity 34029K, committed 34248K, reserved 1079296K
  class space    used 3760K, capacity 3994K, committed 4040K, reserved 1048576K
2016-11-17T20:51:48.642+0100: 9456.497: [GC (Allocation Failure) 2016-11-17T20:51:48.642+0100: 9456.497: [ParNew
Desired survivor size 20112992 bytes, new threshold 8 (max 8)
- age   1:    3389224 bytes,    3389224 total
- age   2:      79416 bytes,    3468640 total
- age   3:     720552 bytes,    4189192 total
- age   4:       1176 bytes,    4190368 total
- age   5:     198208 bytes,    4388576 total
- age   6:        200 bytes,    4388776 total
- age   7:     195736 bytes,    4584512 total
- age   8:       3104 bytes,    4587616 total
: 91655K->5261K(109248K), 0.0110833 secs] 113131K->26908K(502464K), 0.0112362 secs] [Times: user=0.04 sys=0.00, real=0.01 secs] 
Heap after GC invocations=120 (full 1):
 par new generation   total 109248K, used 5261K [0x00000000e0000000, 0x00000000e8000000, 0x00000000e8000000)
  eden space 87424K,   0% used [0x00000000e0000000, 0x00000000e0000000, 0x00000000e5560000)
  from space 21824K,  24% used [0x00000000e5560000, 0x00000000e5a836b0, 0x00000000e6ab0000)
  to   space 21824K,   0% used [0x00000000e6ab0000, 0x00000000e6ab0000, 0x00000000e8000000)
 concurrent mark-sweep generation total 393216K, used 21647K [0x00000000e8000000, 0x0000000100000000, 0x0000000100000000)
 Metaspace       used 32974K, capacity 34029K, committed 34248K, reserved 1079296K
  class space    used 3760K, capacity 3994K, committed 4040K, reserved 1048576K
}
2016-11-17T20:51:48.653+0100: 9456.508: Total time for which application threads were stopped: 0.0114972 seconds, Stopping threads took: 0.0000586 seconds
2016-11-17T20:51:48.654+0100: 9456.509: Total time for which application threads were stopped: 0.0005855 seconds, Stopping threads took: 0.0004497 seconds
2016-11-17T20:51:48.654+0100: 9456.509: Total time for which application threads were stopped: 0.0001289 seconds, Stopping threads took: 0.0000278 seconds
{Heap before GC invocations=120 (full 1):
 par new generation   total 109248K, used 92685K [0x00000000e0000000, 0x00000000e8000000, 0x00000000e8000000)
  eden space 87424K, 100% used [0x00000000e0000000, 0x00000000e5560000, 0x00000000e5560000)
  from space 21824K,  24% used [0x00000000e5560000, 0x00000000e5a836b0, 0x00000000e6ab0000)
  to   space 21824K,   0% used [0x00000000e6ab0000, 0x00000000e6ab0000, 0x00000000e8000000)
 concurrent mark-sweep generation total 393216K, used 21647K [0x00000000e8000000, 0x0000000100000000, 0x0000000100000000)
 Metaspace       used 32974K, capacity 34029K, committed 34248K, reserved 1079296K
  class space    used 3760K, capacity 3994K, committed 4040K, reserved 1048576K
2016-11-17T20:51:48.695+0100: 9456.550: [GC (Allocation Failure) 2016-11-17T20:51:48.695+0100: 9456.550: [ParNew
Desired survivor size 20112992 bytes, new threshold 8 (max 8)
- age   1:     867408 bytes,     867408 total
- age   2:     652880 bytes,    1520288 total
- age   3:       2296 bytes,    1522584 total
- age   4:     199280 bytes,    1721864 total
- age   5:       1176 bytes,    1723040 total
- age   6:     198208 bytes,    1921248 total
- age   7:        200 bytes,    1921448 total
- age   8:     195736 bytes,    2117184 total
: 92685K->3525K(109248K), 0.0042833 secs] 114332K->25176K(502464K), 0.0044008 secs] [Times: user=0.02 sys=0.00, real=0.01 secs] 
Heap after GC invocations=121 (full 1):
 par new generation   total 109248K, used 3525K [0x00000000e0000000, 0x00000000e8000000, 0x00000000e8000000)
  eden space 87424K,   0% used [0x00000000e0000000, 0x00000000e0000000, 0x00000000e5560000)
  from space 21824K,  16% used [0x00000000e6ab0000, 0x00000000e6e21680, 0x00000000e8000000)
  to   space 21824K,   0% used [0x00000000e5560000, 0x00000000e5560000, 0x00000000e6ab0000)
 concurrent mark-sweep generation total 393216K, used 21650K [0x00000000e8000000, 0x0000000100000000, 0x0000000100000000)
 Metaspace       used 32974K, capacity 34029K, committed 34248K, reserved 1079296K
  class space    used 3760K, capacity 3994K, committed 4040K, reserved 1048576K
}
2016-11-17T20:51:48.699+0100: 9456.555: Total time for which application threads were stopped: 0.0046362 seconds, Stopping threads took: 0.0000293 seconds
2016-11-17T20:51:48.700+0100: 9456.555: Total time for which application threads were stopped: 0.0001429 seconds, Stopping threads took: 0.0000361 seconds
2016-11-17T20:51:48.768+0100: 9456.623: Total time for which application threads were stopped: 0.0001346 seconds, Stopping threads took: 0.0000254 seconds
2016-11-17T20:51:48.774+0100: 9456.629: Total time for which application threads were stopped: 0.0001339 seconds, Stopping threads took: 0.0000354 seconds
2016-11-17T20:51:48.787+0100: 9456.643: Total time for which application threads were stopped: 0.0001015 seconds, Stopping threads took: 0.0000200 seconds
{Heap before GC invocations=121 (full 1):
 par new generation   total 109248K, used 90942K [0x00000000e0000000, 0x00000000e8000000, 0x00000000e8000000)
  eden space 87424K,  99% used [0x00000000e0000000, 0x00000000e555e2d8, 0x00000000e5560000)
  from space 21824K,  16% used [0x00000000e6ab0000, 0x00000000e6e21680, 0x00000000e8000000)
  to   space 21824K,   0% used [0x00000000e5560000, 0x00000000e5560000, 0x00000000e6ab0000)
 concurrent mark-sweep generation total 393216K, used 21650K [0x00000000e8000000, 0x0000000100000000, 0x0000000100000000)
 Metaspace       used 32983K, capacity 34029K, committed 34248K, reserved 1079296K
  class space    used 3760K, capacity 3994K, committed 4040K, reserved 1048576K
2016-11-17T20:51:48.800+0100: 9456.655: [GC (Allocation Failure) 2016-11-17T20:51:48.800+0100: 9456.655: [ParNew
Desired survivor size 20112992 bytes, new threshold 8 (max 8)
- age   1:    2535416 bytes,    2535416 total
- age   2:     148264 bytes,    2683680 total
- age   3:     635752 bytes,    3319432 total
- age   4:       2296 bytes,    3321728 total
- age   5:     198704 bytes,    3520432 total
- age   6:       1176 bytes,    3521608 total
- age   7:     198208 bytes,    3719816 total
- age   8:        200 bytes,    3720016 total
: 90942K->4800K(109248K), 0.0067237 secs] 112592K->26644K(502464K), 0.0068385 secs] [Times: user=0.02 sys=0.00, real=0.00 secs] 
Heap after GC invocations=122 (full 1):
 par new generation   total 109248K, used 4800K [0x00000000e0000000, 0x00000000e8000000, 0x00000000e8000000)
  eden space 87424K,   0% used [0x00000000e0000000, 0x00000000e0000000, 0x00000000e5560000)
  from space 21824K,  21% used [0x00000000e5560000, 0x00000000e5a101b8, 0x00000000e6ab0000)
  to   space 21824K,   0% used [0x00000000e6ab0000, 0x00000000e6ab0000, 0x00000000e8000000)
 concurrent mark-sweep generation total 393216K, used 21844K [0x00000000e8000000, 0x0000000100000000, 0x0000000100000000)
 Metaspace       used 32983K, capacity 34029K, committed 34248K, reserved 1079296K
  class space    used 3760K, capacity 3994K, committed 4040K, reserved 1048576K
}
2016-11-17T20:51:48.807+0100: 9456.662: Total time for which application threads were stopped: 0.0070538 seconds, Stopping threads took: 0.0000256 seconds
2016-11-17T20:51:48.807+0100: 9456.662: Total time for which application threads were stopped: 0.0001046 seconds, Stopping threads took: 0.0000167 seconds
{Heap before GC invocations=122 (full 1):
 par new generation   total 109248K, used 92224K [0x00000000e0000000, 0x00000000e8000000, 0x00000000e8000000)
  eden space 87424K, 100% used [0x00000000e0000000, 0x00000000e5560000, 0x00000000e5560000)
  from space 21824K,  21% used [0x00000000e5560000, 0x00000000e5a101b8, 0x00000000e6ab0000)
  to   space 21824K,   0% used [0x00000000e6ab0000, 0x00000000e6ab0000, 0x00000000e8000000)
 concurrent mark-sweep generation total 393216K, used 21844K [0x00000000e8000000, 0x0000000100000000, 0x0000000100000000)
 Metaspace       used 32987K, capacity 34029K, committed 34248K, reserved 1079296K
  class space    used 3760K, capacity 3994K, committed 4040K, reserved 1048576K
2016-11-17T20:51:48.922+0100: 9456.777: [GC (Allocation Failure) 2016-11-17T20:51:48.922+0100: 9456.777: [ParNew
Desired survivor size 20112992 bytes, new threshold 8 (max 8)
- age   1:    2053496 bytes,    2053496 total
- age   2:    2086616 bytes,    4140112 total
- age   3:     148000 bytes,    4288112 total
- age   4:     624136 bytes,    4912248 total
- age   5:       2296 bytes,    4914544 total
- age   6:     198096 bytes,    5112640 total
- age   7:       1176 bytes,    5113816 total
- age   8:     198208 bytes,    5312024 total
: 92224K->5507K(109248K), 0.0070358 secs] 114068K->27351K(502464K), 0.0071385 secs] [Times: user=0.03 sys=0.00, real=0.01 secs] 
Heap after GC invocations=123 (full 1):
 par new generation   total 109248K, used 5507K [0x00000000e0000000, 0x00000000e8000000, 0x00000000e8000000)
  eden space 87424K,   0% used [0x00000000e0000000, 0x00000000e0000000, 0x00000000e5560000)
  from space 21824K,  25% used [0x00000000e6ab0000, 0x00000000e7010e70, 0x00000000e8000000)
  to   space 21824K,   0% used [0x00000000e5560000, 0x00000000e5560000, 0x00000000e6ab0000)
 concurrent mark-sweep generation total 393216K, used 21844K [0x00000000e8000000, 0x0000000100000000, 0x0000000100000000)
 Metaspace       used 32987K, capacity 34029K, committed 34248K, reserved 1079296K
  class space    used 3760K, capacity 3994K, committed 4040K, reserved 1048576K
}
2016-11-17T20:51:48.929+0100: 9456.785: Total time for which application threads were stopped: 0.0073606 seconds, Stopping threads took: 0.0000247 seconds
2016-11-17T20:51:48.929+0100: 9456.785: Total time for which application threads were stopped: 0.0001699 seconds, Stopping threads took: 0.0000487 seconds
{Heap before GC invocations=123 (full 1):
 par new generation   total 109248K, used 92931K [0x00000000e0000000, 0x00000000e8000000, 0x00000000e8000000)
  eden space 87424K, 100% used [0x00000000e0000000, 0x00000000e5560000, 0x00000000e5560000)
  from space 21824K,  25% used [0x00000000e6ab0000, 0x00000000e7010e70, 0x00000000e8000000)
  to   space 21824K,   0% used [0x00000000e5560000, 0x00000000e5560000, 0x00000000e6ab0000)
 concurrent mark-sweep generation total 393216K, used 21844K [0x00000000e8000000, 0x0000000100000000, 0x0000000100000000)
 Metaspace       used 32988K, capacity 34029K, committed 34248K, reserved 1079296K
  class space    used 3760K, capacity 3994K, committed 4040K, reserved 1048576K
2016-11-17T20:51:48.978+0100: 9456.834: [GC (Allocation Failure) 2016-11-17T20:51:48.978+0100: 9456.834: [ParNew
Desired survivor size 20112992 bytes, new threshold 8 (max 8)
- age   1:     212400 bytes,     212400 total
- age   2:    1307440 bytes,    1519840 total
- age   3:      25608 bytes,    1545448 total
- age   4:       3288 bytes,    1548736 total
- age   5:     196632 bytes,    1745368 total
- age   6:       2296 bytes,    1747664 total
- age   7:     198096 bytes,    1945760 total
- age   8:       1176 bytes,    1946936 total
: 92931K->4102K(109248K), 0.0053140 secs] 114775K->26142K(502464K), 0.0054269 secs] [Times: user=0.01 sys=0.00, real=0.01 secs] 
Heap after GC invocations=124 (full 1):
 par new generation   total 109248K, used 4102K [0x00000000e0000000, 0x00000000e8000000, 0x00000000e8000000)
  eden space 87424K,   0% used [0x00000000e0000000, 0x00000000e0000000, 0x00000000e5560000)
  from space 21824K,  18% used [0x00000000e5560000, 0x00000000e5961a00, 0x00000000e6ab0000)
  to   space 21824K,   0% used [0x00000000e6ab0000, 0x00000000e6ab0000, 0x00000000e8000000)
 concurrent mark-sweep generation total 393216K, used 22040K [0x00000000e8000000, 0x0000000100000000, 0x0000000100000000)
 Metaspace       used 32988K, capacity 34029K, committed 34248K, reserved 1079296K
  class space    used 3760K, capacity 3994K, committed 4040K, reserved 1048576K
}
2016-11-17T20:51:48.984+0100: 9456.839: Total time for which application threads were stopped: 0.0056459 seconds, Stopping threads took: 0.0000256 seconds
2016-11-17T20:51:48.984+0100: 9456.839: Total time for which application threads were stopped: 0.0002116 seconds, Stopping threads took: 0.0000350 seconds
2016-11-17T20:51:49.023+0100: 9456.878: Total time for which application threads were stopped: 0.0002151 seconds, Stopping threads took: 0.0000428 seconds
2016-11-17T20:51:49.039+0100: 9456.894: Total time for which application threads were stopped: 0.0001355 seconds, Stopping threads took: 0.0000310 seconds
2016-11-17T21:00:46.632+0100: 9994.488: Total time for which application threads were stopped: 0.0001851 seconds, Stopping threads took: 0.0000459 seconds
2016-11-17T21:00:46.640+0100: 9994.496: Total time for which application threads were stopped: 0.0001847 seconds, Stopping threads took: 0.0000480 seconds
2016-11-17T21:00:46.646+0100: 9994.501: Total time for which application threads were stopped: 0.0001464 seconds, Stopping threads took: 0.0000418 seconds
2016-11-17T21:00:46.646+0100: 9994.501: Total time for which application threads were stopped: 0.0000666 seconds, Stopping threads took: 0.0000198 seconds
{Heap before GC invocations=124 (full 1):
 par new generation   total 109248K, used 91526K [0x00000000e0000000, 0x00000000e8000000, 0x00000000e8000000)
  eden space 87424K, 100% used [0x00000000e0000000, 0x00000000e5560000, 0x00000000e5560000)
  from space 21824K,  18% used [0x00000000e5560000, 0x00000000e5961a00, 0x00000000e6ab0000)
  to   space 21824K,   0% used [0x00000000e6ab0000, 0x00000000e6ab0000, 0x00000000e8000000)
 concurrent mark-sweep generation total 393216K, used 22040K [0x00000000e8000000, 0x0000000100000000, 0x0000000100000000)
 Metaspace       used 33007K, capacity 34029K, committed 34248K, reserved 1079296K
  class space    used 3760K, capacity 3994K, committed 4040K, reserved 1048576K
2016-11-17T21:01:17.160+0100: 10025.016: [GC (Allocation Failure) 2016-11-17T21:01:17.160+0100: 10025.016: [ParNew
Desired survivor size 20112992 bytes, new threshold 8 (max 8)
- age   1:    3990280 bytes,    3990280 total
- age   2:      90688 bytes,    4080968 total
- age   3:     714288 bytes,    4795256 total
- age   4:      25288 bytes,    4820544 total
- age   5:       3288 bytes,    4823832 total
- age   6:     195632 bytes,    5019464 total
- age   7:       2296 bytes,    5021760 total
- age   8:     198096 bytes,    5219856 total
: 91526K->5784K(109248K), 0.0111795 secs] 113566K->27825K(502464K), 0.0113046 secs] [Times: user=0.03 sys=0.00, real=0.01 secs] 
Heap after GC invocations=125 (full 1):
 par new generation   total 109248K, used 5784K [0x00000000e0000000, 0x00000000e8000000, 0x00000000e8000000)
  eden space 87424K,   0% used [0x00000000e0000000, 0x00000000e0000000, 0x00000000e5560000)
  from space 21824K,  26% used [0x00000000e6ab0000, 0x00000000e7056110, 0x00000000e8000000)
  to   space 21824K,   0% used [0x00000000e5560000, 0x00000000e5560000, 0x00000000e6ab0000)
 concurrent mark-sweep generation total 393216K, used 22041K [0x00000000e8000000, 0x0000000100000000, 0x0000000100000000)
 Metaspace       used 33007K, capacity 34029K, committed 34248K, reserved 1079296K
  class space    used 3760K, capacity 3994K, committed 4040K, reserved 1048576K
}
2016-11-17T21:01:17.172+0100: 10025.027: Total time for which application threads were stopped: 0.0115230 seconds, Stopping threads took: 0.0000315 seconds
2016-11-17T21:01:17.172+0100: 10025.027: Total time for which application threads were stopped: 0.0001075 seconds, Stopping threads took: 0.0000310 seconds
2016-11-17T21:01:17.172+0100: 10025.027: Total time for which application threads were stopped: 0.0001344 seconds, Stopping threads took: 0.0000477 seconds
{Heap before GC invocations=125 (full 1):
 par new generation   total 109248K, used 93208K [0x00000000e0000000, 0x00000000e8000000, 0x00000000e8000000)
  eden space 87424K, 100% used [0x00000000e0000000, 0x00000000e5560000, 0x00000000e5560000)
  from space 21824K,  26% used [0x00000000e6ab0000, 0x00000000e7056110, 0x00000000e8000000)
  to   space 21824K,   0% used [0x00000000e5560000, 0x00000000e5560000, 0x00000000e6ab0000)
 concurrent mark-sweep generation total 393216K, used 22041K [0x00000000e8000000, 0x0000000100000000, 0x0000000100000000)
 Metaspace       used 33007K, capacity 34029K, committed 34248K, reserved 1079296K
  class space    used 3760K, capacity 3994K, committed 4040K, reserved 1048576K
2016-11-17T21:01:17.223+0100: 10025.078: [GC (Allocation Failure) 2016-11-17T21:01:17.223+0100: 10025.078: [ParNew
Desired survivor size 20112992 bytes, new threshold 8 (max 8)
- age   1:      81712 bytes,      81712 total
- age   2:    1327712 bytes,    1409424 total
- age   3:        200 bytes,    1409624 total
- age   4:     173824 bytes,    1583448 total
- age   5:      25288 bytes,    1608736 total
- age   6:       3288 bytes,    1612024 total
- age   7:     194328 bytes,    1806352 total
- age   8:       2296 bytes,    1808648 total
: 93208K->3976K(109248K), 0.0053740 secs] 115249K->26214K(502464K), 0.0054931 secs] [Times: user=0.02 sys=0.00, real=0.00 secs] 
Heap after GC invocations=126 (full 1):
 par new generation   total 109248K, used 3976K [0x00000000e0000000, 0x00000000e8000000, 0x00000000e8000000)
  eden space 87424K,   0% used [0x00000000e0000000, 0x00000000e0000000, 0x00000000e5560000)
  from space 21824K,  18% used [0x00000000e5560000, 0x00000000e5942200, 0x00000000e6ab0000)
  to   space 21824K,   0% used [0x00000000e6ab0000, 0x00000000e6ab0000, 0x00000000e8000000)
 concurrent mark-sweep generation total 393216K, used 22237K [0x00000000e8000000, 0x0000000100000000, 0x0000000100000000)
 Metaspace       used 33007K, capacity 34029K, committed 34248K, reserved 1079296K
  class space    used 3760K, capacity 3994K, committed 4040K, reserved 1048576K
}
2016-11-17T21:01:17.228+0100: 10025.084: Total time for which application threads were stopped: 0.0057161 seconds, Stopping threads took: 0.0000270 seconds
2016-11-17T21:01:17.229+0100: 10025.084: Total time for which application threads were stopped: 0.0001732 seconds, Stopping threads took: 0.0000483 seconds
{Heap before GC invocations=126 (full 1):
 par new generation   total 109248K, used 91400K [0x00000000e0000000, 0x00000000e8000000, 0x00000000e8000000)
  eden space 87424K, 100% used [0x00000000e0000000, 0x00000000e5560000, 0x00000000e5560000)
  from space 21824K,  18% used [0x00000000e5560000, 0x00000000e5942200, 0x00000000e6ab0000)
  to   space 21824K,   0% used [0x00000000e6ab0000, 0x00000000e6ab0000, 0x00000000e8000000)
 concurrent mark-sweep generation total 393216K, used 22237K [0x00000000e8000000, 0x0000000100000000, 0x0000000100000000)
 Metaspace       used 33020K, capacity 34029K, committed 34248K, reserved 1079296K
  class space    used 3760K, capacity 3994K, committed 4040K, reserved 1048576K
2016-11-17T21:01:17.463+0100: 10025.318: [GC (Allocation Failure) 2016-11-17T21:01:17.463+0100: 10025.318: [ParNew
Desired survivor size 20112992 bytes, new threshold 8 (max 8)
- age   1:    3516536 bytes,    3516536 total
- age   2:      79952 bytes,    3596488 total
- age   3:     738872 bytes,    4335360 total
- age   4:        200 bytes,    4335560 total
- age   5:     173824 bytes,    4509384 total
- age   6:      25288 bytes,    4534672 total
- age   7:       3288 bytes,    4537960 total
- age   8:     194328 bytes,    4732288 total
: 91400K->5357K(109248K), 0.0170131 secs] 113638K->27597K(502464K), 0.0171339 secs] [Times: user=0.04 sys=0.00, real=0.02 secs] 
Heap after GC invocations=127 (full 1):
 par new generation   total 109248K, used 5357K [0x00000000e0000000, 0x00000000e8000000, 0x00000000e8000000)
  eden space 87424K,   0% used [0x00000000e0000000, 0x00000000e0000000, 0x00000000e5560000)
  from space 21824K,  24% used [0x00000000e6ab0000, 0x00000000e6feb548, 0x00000000e8000000)
  to   space 21824K,   0% used [0x00000000e5560000, 0x00000000e5560000, 0x00000000e6ab0000)
 concurrent mark-sweep generation total 393216K, used 22239K [0x00000000e8000000, 0x0000000100000000, 0x0000000100000000)
 Metaspace       used 33020K, capacity 34029K, committed 34248K, reserved 1079296K
  class space    used 3760K, capacity 3994K, committed 4040K, reserved 1048576K
}
2016-11-17T21:01:17.480+0100: 10025.335: Total time for which application threads were stopped: 0.0173806 seconds, Stopping threads took: 0.0000507 seconds
2016-11-17T21:01:17.480+0100: 10025.336: Total time for which application threads were stopped: 0.0002276 seconds, Stopping threads took: 0.0000689 seconds
2016-11-17T21:01:17.480+0100: 10025.336: Total time for which application threads were stopped: 0.0000947 seconds, Stopping threads took: 0.0000290 seconds
{Heap before GC invocations=127 (full 1):
 par new generation   total 109248K, used 92781K [0x00000000e0000000, 0x00000000e8000000, 0x00000000e8000000)
  eden space 87424K, 100% used [0x00000000e0000000, 0x00000000e5560000, 0x00000000e5560000)
  from space 21824K,  24% used [0x00000000e6ab0000, 0x00000000e6feb548, 0x00000000e8000000)
  to   space 21824K,   0% used [0x00000000e5560000, 0x00000000e5560000, 0x00000000e6ab0000)
 concurrent mark-sweep generation total 393216K, used 22239K [0x00000000e8000000, 0x0000000100000000, 0x0000000100000000)
 Metaspace       used 33020K, capacity 34029K, committed 34248K, reserved 1079296K
  class space    used 3760K, capacity 3994K, committed 4040K, reserved 1048576K
2016-11-17T21:01:17.522+0100: 10025.377: [GC (Allocation Failure) 2016-11-17T21:01:17.522+0100: 10025.377: [ParNew
Desired survivor size 20112992 bytes, new threshold 8 (max 8)
- age   1:    1153832 bytes,    1153832 total
- age   2:    3130408 bytes,    4284240 total
- age   3:      79952 bytes,    4364192 total
- age   4:     738872 bytes,    5103064 total
- age   5:        200 bytes,    5103264 total
- age   6:     173824 bytes,    5277088 total
- age   7:      25288 bytes,    5302376 total
- age   8:       3288 bytes,    5305664 total
: 92781K->7080K(109248K), 0.0145799 secs] 115021K->29512K(502464K), 0.0147142 secs] [Times: user=0.04 sys=0.00, real=0.01 secs] 
Heap after GC invocations=128 (full 1):
 par new generation   total 109248K, used 7080K [0x00000000e0000000, 0x00000000e8000000, 0x00000000e8000000)
  eden space 87424K,   0% used [0x00000000e0000000, 0x00000000e0000000, 0x00000000e5560000)
  from space 21824K,  32% used [0x00000000e5560000, 0x00000000e5c4a000, 0x00000000e6ab0000)
  to   space 21824K,   0% used [0x00000000e6ab0000, 0x00000000e6ab0000, 0x00000000e8000000)
 concurrent mark-sweep generation total 393216K, used 22432K [0x00000000e8000000, 0x0000000100000000, 0x0000000100000000)
 Metaspace       used 33020K, capacity 34029K, committed 34248K, reserved 1079296K
  class space    used 3760K, capacity 3994K, committed 4040K, reserved 1048576K
}
2016-11-17T21:01:17.537+0100: 10025.392: Total time for which application threads were stopped: 0.0149986 seconds, Stopping threads took: 0.0000305 seconds
2016-11-17T21:01:17.537+0100: 10025.392: Total time for which application threads were stopped: 0.0001932 seconds, Stopping threads took: 0.0000428 seconds
2016-11-17T21:01:17.637+0100: 10025.492: Total time for which application threads were stopped: 0.0001578 seconds, Stopping threads took: 0.0000253 seconds
2016-11-17T21:01:17.637+0100: 10025.493: Total time for which application threads were stopped: 0.0000641 seconds, Stopping threads took: 0.0000150 seconds
2016-11-17T21:01:17.637+0100: 10025.493: Total time for which application threads were stopped: 0.0000542 seconds, Stopping threads took: 0.0000108 seconds
2016-11-17T21:01:17.638+0100: 10025.493: Total time for which application threads were stopped: 0.0000538 seconds, Stopping threads took: 0.0000103 seconds
2016-11-17T21:01:17.638+0100: 10025.493: Total time for which application threads were stopped: 0.0000694 seconds, Stopping threads took: 0.0000102 seconds
2016-11-17T21:01:17.638+0100: 10025.493: Total time for which application threads were stopped: 0.0000433 seconds, Stopping threads took: 0.0000080 seconds
2016-11-17T21:01:17.638+0100: 10025.493: Total time for which application threads were stopped: 0.0000541 seconds, Stopping threads took: 0.0000074 seconds
2016-11-17T21:01:17.638+0100: 10025.493: Total time for which application threads were stopped: 0.0000573 seconds, Stopping threads took: 0.0000108 seconds
2016-11-17T21:01:17.638+0100: 10025.493: Total time for which application threads were stopped: 0.0000422 seconds, Stopping threads took: 0.0000073 seconds
2016-11-17T21:01:17.638+0100: 10025.494: Total time for which application threads were stopped: 0.0000399 seconds, Stopping threads took: 0.0000067 seconds
2016-11-17T21:01:17.639+0100: 10025.495: Total time for which application threads were stopped: 0.0000736 seconds, Stopping threads took: 0.0000165 seconds
2016-11-17T21:01:17.639+0100: 10025.495: Total time for which application threads were stopped: 0.0000452 seconds, Stopping threads took: 0.0000090 seconds
2016-11-17T21:01:17.649+0100: 10025.505: Total time for which application threads were stopped: 0.0001461 seconds, Stopping threads took: 0.0000548 seconds
2016-11-17T21:01:17.650+0100: 10025.505: Total time for which application threads were stopped: 0.0000666 seconds, Stopping threads took: 0.0000149 seconds
2016-11-17T21:01:17.650+0100: 10025.505: Total time for which application threads were stopped: 0.0000450 seconds, Stopping threads took: 0.0000085 seconds
2016-11-17T21:01:17.650+0100: 10025.506: Total time for which application threads were stopped: 0.0000396 seconds, Stopping threads took: 0.0000068 seconds
2016-11-17T21:01:17.650+0100: 10025.506: Total time for which application threads were stopped: 0.0000403 seconds, Stopping threads took: 0.0000060 seconds
2016-11-17T21:01:17.650+0100: 10025.506: Total time for which application threads were stopped: 0.0000382 seconds, Stopping threads took: 0.0000060 seconds
2016-11-17T21:01:17.650+0100: 10025.506: Total time for which application threads were stopped: 0.0000395 seconds, Stopping threads took: 0.0000059 seconds
2016-11-17T21:01:17.650+0100: 10025.506: Total time for which application threads were stopped: 0.0000434 seconds, Stopping threads took: 0.0000081 seconds
2016-11-17T21:01:17.650+0100: 10025.506: Total time for which application threads were stopped: 0.0000475 seconds, Stopping threads took: 0.0000067 seconds
2016-11-17T21:01:17.650+0100: 10025.506: Total time for which application threads were stopped: 0.0000620 seconds, Stopping threads took: 0.0000071 seconds
2016-11-17T21:01:17.652+0100: 10025.507: Total time for which application threads were stopped: 0.0001008 seconds, Stopping threads took: 0.0000338 seconds
2016-11-17T21:01:17.652+0100: 10025.507: Total time for which application threads were stopped: 0.0000935 seconds, Stopping threads took: 0.0000370 seconds
{Heap before GC invocations=128 (full 1):
 par new generation   total 109248K, used 94504K [0x00000000e0000000, 0x00000000e8000000, 0x00000000e8000000)
  eden space 87424K, 100% used [0x00000000e0000000, 0x00000000e5560000, 0x00000000e5560000)
  from space 21824K,  32% used [0x00000000e5560000, 0x00000000e5c4a000, 0x00000000e6ab0000)
  to   space 21824K,   0% used [0x00000000e6ab0000, 0x00000000e6ab0000, 0x00000000e8000000)
 concurrent mark-sweep generation total 393216K, used 22432K [0x00000000e8000000, 0x0000000100000000, 0x0000000100000000)
 Metaspace       used 33030K, capacity 34093K, committed 34248K, reserved 1079296K
  class space    used 3760K, capacity 3994K, committed 4040K, reserved 1048576K
2016-11-17T21:01:17.685+0100: 10025.540: [GC (Allocation Failure) 2016-11-17T21:01:17.685+0100: 10025.540: [ParNew
Desired survivor size 20112992 bytes, new threshold 8 (max 8)
- age   1:    3374032 bytes,    3374032 total
- age   2:     135936 bytes,    3509968 total
- age   3:    3091048 bytes,    6601016 total
- age   4:      79952 bytes,    6680968 total
- age   5:     735328 bytes,    7416296 total
- age   6:        200 bytes,    7416496 total
- age   7:     173648 bytes,    7590144 total
- age   8:      25256 bytes,    7615400 total
: 94504K->9447K(109248K), 0.0085229 secs] 116936K->31882K(502464K), 0.0086311 secs] [Times: user=0.03 sys=0.00, real=0.01 secs] 
Heap after GC invocations=129 (full 1):
 par new generation   total 109248K, used 9447K [0x00000000e0000000, 0x00000000e8000000, 0x00000000e8000000)
  eden space 87424K,   0% used [0x00000000e0000000, 0x00000000e0000000, 0x00000000e5560000)
  from space 21824K,  43% used [0x00000000e6ab0000, 0x00000000e73e9c10, 0x00000000e8000000)
  to   space 21824K,   0% used [0x00000000e5560000, 0x00000000e5560000, 0x00000000e6ab0000)
 concurrent mark-sweep generation total 393216K, used 22435K [0x00000000e8000000, 0x0000000100000000, 0x0000000100000000)
 Metaspace       used 33030K, capacity 34093K, committed 34248K, reserved 1079296K
  class space    used 3760K, capacity 3994K, committed 4040K, reserved 1048576K
}
2016-11-17T21:01:17.694+0100: 10025.549: Total time for which application threads were stopped: 0.0088561 seconds, Stopping threads took: 0.0000231 seconds
2016-11-17T21:01:17.694+0100: 10025.549: Total time for which application threads were stopped: 0.0001517 seconds, Stopping threads took: 0.0000476 seconds
2016-11-17T21:01:17.694+0100: 10025.549: Total time for which application threads were stopped: 0.0001089 seconds, Stopping threads took: 0.0000236 seconds
{Heap before GC invocations=129 (full 1):
 par new generation   total 109248K, used 96871K [0x00000000e0000000, 0x00000000e8000000, 0x00000000e8000000)
  eden space 87424K, 100% used [0x00000000e0000000, 0x00000000e5560000, 0x00000000e5560000)
  from space 21824K,  43% used [0x00000000e6ab0000, 0x00000000e73e9c10, 0x00000000e8000000)
  to   space 21824K,   0% used [0x00000000e5560000, 0x00000000e5560000, 0x00000000e6ab0000)
 concurrent mark-sweep generation total 393216K, used 22435K [0x00000000e8000000, 0x0000000100000000, 0x0000000100000000)
 Metaspace       used 33030K, capacity 34093K, committed 34248K, reserved 1079296K
  class space    used 3760K, capacity 3994K, committed 4040K, reserved 1048576K
2016-11-17T21:01:17.732+0100: 10025.587: [GC (Allocation Failure) 2016-11-17T21:01:17.732+0100: 10025.587: [ParNew
Desired survivor size 20112992 bytes, new threshold 8 (max 8)
- age   1:     780680 bytes,     780680 total
- age   2:     653976 bytes,    1434656 total
- age   3:       2432 bytes,    1437088 total
- age   4:     198096 bytes,    1635184 total
- age   5:       2016 bytes,    1637200 total
- age   6:     212496 bytes,    1849696 total
- age   7:        200 bytes,    1849896 total
- age   8:     173648 bytes,    2023544 total
: 96871K->6092K(109248K), 0.0048929 secs] 119306K->28553K(502464K), 0.0050217 secs] [Times: user=0.01 sys=0.00, real=0.00 secs] 
Heap after GC invocations=130 (full 1):
 par new generation   total 109248K, used 6092K [0x00000000e0000000, 0x00000000e8000000, 0x00000000e8000000)
  eden space 87424K,   0% used [0x00000000e0000000, 0x00000000e0000000, 0x00000000e5560000)
  from space 21824K,  27% used [0x00000000e5560000, 0x00000000e5b532c0, 0x00000000e6ab0000)
  to   space 21824K,   0% used [0x00000000e6ab0000, 0x00000000e6ab0000, 0x00000000e8000000)
 concurrent mark-sweep generation total 393216K, used 22461K [0x00000000e8000000, 0x0000000100000000, 0x0000000100000000)
 Metaspace       used 33030K, capacity 34093K, committed 34248K, reserved 1079296K
  class space    used 3760K, capacity 3994K, committed 4040K, reserved 1048576K
}
2016-11-17T21:01:17.737+0100: 10025.592: Total time for which application threads were stopped: 0.0052499 seconds, Stopping threads took: 0.0000264 seconds
2016-11-17T21:01:17.737+0100: 10025.593: Total time for which application threads were stopped: 0.0001502 seconds, Stopping threads took: 0.0000351 seconds
2016-11-17T21:01:17.826+0100: 10025.681: Total time for which application threads were stopped: 0.0001162 seconds, Stopping threads took: 0.0000266 seconds
2016-11-17T21:01:17.829+0100: 10025.684: Total time for which application threads were stopped: 0.0000960 seconds, Stopping threads took: 0.0000185 seconds
{Heap before GC invocations=130 (full 1):
 par new generation   total 109248K, used 93516K [0x00000000e0000000, 0x00000000e8000000, 0x00000000e8000000)
  eden space 87424K, 100% used [0x00000000e0000000, 0x00000000e5560000, 0x00000000e5560000)
  from space 21824K,  27% used [0x00000000e5560000, 0x00000000e5b532c0, 0x00000000e6ab0000)
  to   space 21824K,   0% used [0x00000000e6ab0000, 0x00000000e6ab0000, 0x00000000e8000000)
 concurrent mark-sweep generation total 393216K, used 22461K [0x00000000e8000000, 0x0000000100000000, 0x0000000100000000)
 Metaspace       used 33033K, capacity 34093K, committed 34248K, reserved 1079296K
  class space    used 3760K, capacity 3994K, committed 4040K, reserved 1048576K
2016-11-17T21:01:17.843+0100: 10025.699: [GC (Allocation Failure) 2016-11-17T21:01:17.843+0100: 10025.699: [ParNew
Desired survivor size 20112992 bytes, new threshold 8 (max 8)
- age   1:    3501416 bytes,    3501416 total
- age   2:     148520 bytes,    3649936 total
- age   3:     629648 bytes,    4279584 total
- age   4:       2432 bytes,    4282016 total
- age   5:     198096 bytes,    4480112 total
- age   6:       2016 bytes,    4482128 total
- age   7:     211608 bytes,    4693736 total
- age   8:        200 bytes,    4693936 total
: 93516K->5566K(109248K), 0.0100182 secs] 115977K->28198K(502464K), 0.0101244 secs] [Times: user=0.04 sys=0.00, real=0.01 secs] 
Heap after GC invocations=131 (full 1):
 par new generation   total 109248K, used 5566K [0x00000000e0000000, 0x00000000e8000000, 0x00000000e8000000)
  eden space 87424K,   0% used [0x00000000e0000000, 0x00000000e0000000, 0x00000000e5560000)
  from space 21824K,  25% used [0x00000000e6ab0000, 0x00000000e701f9f0, 0x00000000e8000000)
  to   space 21824K,   0% used [0x00000000e5560000, 0x00000000e5560000, 0x00000000e6ab0000)
 concurrent mark-sweep generation total 393216K, used 22632K [0x00000000e8000000, 0x0000000100000000, 0x0000000100000000)
 Metaspace       used 33033K, capacity 34093K, committed 34248K, reserved 1079296K
  class space    used 3760K, capacity 3994K, committed 4040K, reserved 1048576K
}
2016-11-17T21:01:17.854+0100: 10025.709: Total time for which application threads were stopped: 0.0103858 seconds, Stopping threads took: 0.0000332 seconds
2016-11-17T21:01:17.854+0100: 10025.709: Total time for which application threads were stopped: 0.0001444 seconds, Stopping threads took: 0.0000393 seconds
2016-11-17T21:01:17.854+0100: 10025.709: Total time for which application threads were stopped: 0.0000792 seconds, Stopping threads took: 0.0000355 seconds
{Heap before GC invocations=131 (full 1):
 par new generation   total 109248K, used 92990K [0x00000000e0000000, 0x00000000e8000000, 0x00000000e8000000)
  eden space 87424K,  99% used [0x00000000e0000000, 0x00000000e555fe38, 0x00000000e5560000)
  from space 21824K,  25% used [0x00000000e6ab0000, 0x00000000e701f9f0, 0x00000000e8000000)
  to   space 21824K,   0% used [0x00000000e5560000, 0x00000000e5560000, 0x00000000e6ab0000)
 concurrent mark-sweep generation total 393216K, used 22632K [0x00000000e8000000, 0x0000000100000000, 0x0000000100000000)
 Metaspace       used 33033K, capacity 34093K, committed 34248K, reserved 1079296K
  class space    used 3760K, capacity 3994K, committed 4040K, reserved 1048576K
2016-11-17T21:01:17.895+0100: 10025.751: [GC (Allocation Failure) 2016-11-17T21:01:17.895+0100: 10025.751: [ParNew
Desired survivor size 20112992 bytes, new threshold 8 (max 8)
- age   1:     767560 bytes,     767560 total
- age   2:    3124864 bytes,    3892424 total
- age   3:     148520 bytes,    4040944 total
- age   4:     629648 bytes,    4670592 total
- age   5:       2432 bytes,    4673024 total
- age   6:     198096 bytes,    4871120 total
- age   7:       2016 bytes,    4873136 total
- age   8:     211608 bytes,    5084744 total
: 92990K->6454K(109248K), 0.0074194 secs] 115622K->29087K(502464K), 0.0075341 secs] [Times: user=0.03 sys=0.00, real=0.01 secs] 
Heap after GC invocations=132 (full 1):
 par new generation   total 109248K, used 6454K [0x00000000e0000000, 0x00000000e8000000, 0x00000000e8000000)
  eden space 87424K,   0% used [0x00000000e0000000, 0x00000000e0000000, 0x00000000e5560000)
  from space 21824K,  29% used [0x00000000e5560000, 0x00000000e5badb80, 0x00000000e6ab0000)
  to   space 21824K,   0% used [0x00000000e6ab0000, 0x00000000e6ab0000, 0x00000000e8000000)
 concurrent mark-sweep generation total 393216K, used 22632K [0x00000000e8000000, 0x0000000100000000, 0x0000000100000000)
 Metaspace       used 33033K, capacity 34093K, committed 34248K, reserved 1079296K
  class space    used 3760K, capacity 3994K, committed 4040K, reserved 1048576K
}
2016-11-17T21:01:17.903+0100: 10025.758: Total time for which application threads were stopped: 0.0077587 seconds, Stopping threads took: 0.0000292 seconds
2016-11-17T21:01:17.903+0100: 10025.759: Total time for which application threads were stopped: 0.0001460 seconds, Stopping threads took: 0.0000363 seconds
2016-11-17T21:01:17.967+0100: 10025.823: Total time for which application threads were stopped: 0.0001112 seconds, Stopping threads took: 0.0000255 seconds
2016-11-17T21:01:17.967+0100: 10025.823: Total time for which application threads were stopped: 0.0000464 seconds, Stopping threads took: 0.0000066 seconds
2016-11-17T21:01:17.968+0100: 10025.823: Total time for which application threads were stopped: 0.0000817 seconds, Stopping threads took: 0.0000086 seconds
{Heap before GC invocations=132 (full 1):
 par new generation   total 109248K, used 93878K [0x00000000e0000000, 0x00000000e8000000, 0x00000000e8000000)
  eden space 87424K, 100% used [0x00000000e0000000, 0x00000000e5560000, 0x00000000e5560000)
  from space 21824K,  29% used [0x00000000e5560000, 0x00000000e5badb80, 0x00000000e6ab0000)
  to   space 21824K,   0% used [0x00000000e6ab0000, 0x00000000e6ab0000, 0x00000000e8000000)
 concurrent mark-sweep generation total 393216K, used 22632K [0x00000000e8000000, 0x0000000100000000, 0x0000000100000000)
 Metaspace       used 33034K, capacity 34093K, committed 34248K, reserved 1079296K
  class space    used 3760K, capacity 3994K, committed 4040K, reserved 1048576K
2016-11-17T21:01:17.973+0100: 10025.829: [GC (Allocation Failure) 2016-11-17T21:01:17.973+0100: 10025.829: [ParNew
Desired survivor size 20112992 bytes, new threshold 8 (max 8)
- age   1:     651464 bytes,     651464 total
- age   2:     135448 bytes,     786912 total
- age   3:    3112888 bytes,    3899800 total
- age   4:     148520 bytes,    4048320 total
- age   5:     629648 bytes,    4677968 total
- age   6:       2432 bytes,    4680400 total
- age   7:     198096 bytes,    4878496 total
- age   8:       2016 bytes,    4880512 total
: 93878K->6264K(109248K), 0.0085070 secs] 116511K->29106K(502464K), 0.0086081 secs] [Times: user=0.03 sys=0.00, real=0.01 secs] 
Heap after GC invocations=133 (full 1):
 par new generation   total 109248K, used 6264K [0x00000000e0000000, 0x00000000e8000000, 0x00000000e8000000)
  eden space 87424K,   0% used [0x00000000e0000000, 0x00000000e0000000, 0x00000000e5560000)
  from space 21824K,  28% used [0x00000000e6ab0000, 0x00000000e70ce1f8, 0x00000000e8000000)
  to   space 21824K,   0% used [0x00000000e5560000, 0x00000000e5560000, 0x00000000e6ab0000)
 concurrent mark-sweep generation total 393216K, used 22842K [0x00000000e8000000, 0x0000000100000000, 0x0000000100000000)
 Metaspace       used 33034K, capacity 34093K, committed 34248K, reserved 1079296K
  class space    used 3760K, capacity 3994K, committed 4040K, reserved 1048576K
}
2016-11-17T21:01:17.982+0100: 10025.837: Total time for which application threads were stopped: 0.0088020 seconds, Stopping threads took: 0.0000217 seconds
2016-11-17T21:01:17.982+0100: 10025.838: Total time for which application threads were stopped: 0.0000844 seconds, Stopping threads took: 0.0000129 seconds
2016-11-17T21:01:17.982+0100: 10025.838: Total time for which application threads were stopped: 0.0000416 seconds, Stopping threads took: 0.0000072 seconds
2016-11-17T21:01:17.982+0100: 10025.838: Total time for which application threads were stopped: 0.0000409 seconds, Stopping threads took: 0.0000060 seconds
2016-11-17T21:01:17.983+0100: 10025.838: Total time for which application threads were stopped: 0.0000423 seconds, Stopping threads took: 0.0000061 seconds
2016-11-17T21:01:17.983+0100: 10025.838: Total time for which application threads were stopped: 0.0000567 seconds, Stopping threads took: 0.0000065 seconds
2016-11-17T21:01:17.983+0100: 10025.838: Total time for which application threads were stopped: 0.0000406 seconds, Stopping threads took: 0.0000067 seconds
2016-11-17T21:01:17.983+0100: 10025.838: Total time for which application threads were stopped: 0.0000394 seconds, Stopping threads took: 0.0000063 seconds
2016-11-17T21:01:17.986+0100: 10025.842: Total time for which application threads were stopped: 0.0001239 seconds, Stopping threads took: 0.0000347 seconds
2016-11-17T21:01:17.989+0100: 10025.845: Total time for which application threads were stopped: 0.0000814 seconds, Stopping threads took: 0.0000180 seconds
2016-11-17T21:01:17.990+0100: 10025.845: Total time for which application threads were stopped: 0.0000390 seconds, Stopping threads took: 0.0000049 seconds
2016-11-17T21:01:17.991+0100: 10025.846: Total time for which application threads were stopped: 0.0000665 seconds, Stopping threads took: 0.0000178 seconds
2016-11-17T21:01:17.999+0100: 10025.854: Total time for which application threads were stopped: 0.0001141 seconds, Stopping threads took: 0.0000274 seconds
2016-11-17T21:01:17.999+0100: 10025.855: Total time for which application threads were stopped: 0.0001571 seconds, Stopping threads took: 0.0000102 seconds
2016-11-17T21:01:17.999+0100: 10025.855: Total time for which application threads were stopped: 0.0001709 seconds, Stopping threads took: 0.0000676 seconds
2016-11-17T21:01:18.000+0100: 10025.855: Total time for which application threads were stopped: 0.0001199 seconds, Stopping threads took: 0.0000075 seconds
2016-11-17T21:01:18.000+0100: 10025.855: Total time for which application threads were stopped: 0.0001422 seconds, Stopping threads took: 0.0000212 seconds
2016-11-17T21:01:18.000+0100: 10025.855: Total time for which application threads were stopped: 0.0001086 seconds, Stopping threads took: 0.0000087 seconds
2016-11-17T21:01:18.000+0100: 10025.856: Total time for which application threads were stopped: 0.0001340 seconds, Stopping threads took: 0.0000320 seconds
2016-11-17T21:01:18.002+0100: 10025.857: Total time for which application threads were stopped: 0.0001465 seconds, Stopping threads took: 0.0000095 seconds
2016-11-17T21:01:18.002+0100: 10025.857: Total time for which application threads were stopped: 0.0001217 seconds, Stopping threads took: 0.0000088 seconds
{Heap before GC invocations=133 (full 1):
 par new generation   total 109248K, used 93688K [0x00000000e0000000, 0x00000000e8000000, 0x00000000e8000000)
  eden space 87424K, 100% used [0x00000000e0000000, 0x00000000e5560000, 0x00000000e5560000)
  from space 21824K,  28% used [0x00000000e6ab0000, 0x00000000e70ce1f8, 0x00000000e8000000)
  to   space 21824K,   0% used [0x00000000e5560000, 0x00000000e5560000, 0x00000000e6ab0000)
 concurrent mark-sweep generation total 393216K, used 22842K [0x00000000e8000000, 0x0000000100000000, 0x0000000100000000)
 Metaspace       used 33037K, capacity 34093K, committed 34248K, reserved 1079296K
  class space    used 3760K, capacity 3994K, committed 4040K, reserved 1048576K
2016-11-17T21:01:18.063+0100: 10025.918: [GC (Allocation Failure) 2016-11-17T21:01:18.063+0100: 10025.918: [ParNew
Desired survivor size 20112992 bytes, new threshold 8 (max 8)
- age   1:    1936960 bytes,    1936960 total
- age   2:     639272 bytes,    2576232 total
- age   3:     135216 bytes,    2711448 total
- age   4:    3086288 bytes,    5797736 total
- age   5:     148520 bytes,    5946256 total
- age   6:     626048 bytes,    6572304 total
- age   7:       2432 bytes,    6574736 total
- age   8:     197368 bytes,    6772104 total
: 93688K->8691K(109248K), 0.0071847 secs] 116530K->31536K(502464K), 0.0072758 secs] [Times: user=0.02 sys=0.00, real=0.01 secs] 
Heap after GC invocations=134 (full 1):
 par new generation   total 109248K, used 8691K [0x00000000e0000000, 0x00000000e8000000, 0x00000000e8000000)
  eden space 87424K,   0% used [0x00000000e0000000, 0x00000000e0000000, 0x00000000e5560000)
  from space 21824K,  39% used [0x00000000e5560000, 0x00000000e5ddcf40, 0x00000000e6ab0000)
  to   space 21824K,   0% used [0x00000000e6ab0000, 0x00000000e6ab0000, 0x00000000e8000000)
 concurrent mark-sweep generation total 393216K, used 22844K [0x00000000e8000000, 0x0000000100000000, 0x0000000100000000)
 Metaspace       used 33037K, capacity 34093K, committed 34248K, reserved 1079296K
  class space    used 3760K, capacity 3994K, committed 4040K, reserved 1048576K
}
2016-11-17T21:01:18.070+0100: 10025.926: Total time for which application threads were stopped: 0.0075847 seconds, Stopping threads took: 0.0000280 seconds
2016-11-17T21:01:18.070+0100: 10025.926: Total time for which application threads were stopped: 0.0001412 seconds, Stopping threads took: 0.0000405 seconds
2016-11-17T21:01:18.070+0100: 10025.926: Total time for which application threads were stopped: 0.0000622 seconds, Stopping threads took: 0.0000217 seconds
{Heap before GC invocations=134 (full 1):
 par new generation   total 109248K, used 96115K [0x00000000e0000000, 0x00000000e8000000, 0x00000000e8000000)
  eden space 87424K, 100% used [0x00000000e0000000, 0x00000000e5560000, 0x00000000e5560000)
  from space 21824K,  39% used [0x00000000e5560000, 0x00000000e5ddcf40, 0x00000000e6ab0000)
  to   space 21824K,   0% used [0x00000000e6ab0000, 0x00000000e6ab0000, 0x00000000e8000000)
 concurrent mark-sweep generation total 393216K, used 22844K [0x00000000e8000000, 0x0000000100000000, 0x0000000100000000)
 Metaspace       used 33037K, capacity 34093K, committed 34248K, reserved 1079296K
  class space    used 3760K, capacity 3994K, committed 4040K, reserved 1048576K
2016-11-17T21:01:18.128+0100: 10025.984: [GC (Allocation Failure) 2016-11-17T21:01:18.128+0100: 10025.984: [ParNew
Desired survivor size 20112992 bytes, new threshold 8 (max 8)
- age   1:     433320 bytes,     433320 total
- age   2:    1313696 bytes,    1747016 total
- age   3:      22776 bytes,    1769792 total
- age   4:       3288 bytes,    1773080 total
- age   5:     196080 bytes,    1969160 total
- age   6:       2976 bytes,    1972136 total
- age   7:     197072 bytes,    2169208 total
- age   8:       2432 bytes,    2171640 total
: 96115K->3876K(109248K), 0.0046016 secs] 118960K->26915K(502464K), 0.0047090 secs] [Times: user=0.01 sys=0.00, real=0.01 secs] 
Heap after GC invocations=135 (full 1):
 par new generation   total 109248K, used 3876K [0x00000000e0000000, 0x00000000e8000000, 0x00000000e8000000)
  eden space 87424K,   0% used [0x00000000e0000000, 0x00000000e0000000, 0x00000000e5560000)
  from space 21824K,  17% used [0x00000000e6ab0000, 0x00000000e6e79010, 0x00000000e8000000)
  to   space 21824K,   0% used [0x00000000e5560000, 0x00000000e5560000, 0x00000000e6ab0000)
 concurrent mark-sweep generation total 393216K, used 23039K [0x00000000e8000000, 0x0000000100000000, 0x0000000100000000)
 Metaspace       used 33037K, capacity 34093K, committed 34248K, reserved 1079296K
  class space    used 3760K, capacity 3994K, committed 4040K, reserved 1048576K
}
2016-11-17T21:01:18.133+0100: 10025.989: Total time for which application threads were stopped: 0.0049108 seconds, Stopping threads took: 0.0000286 seconds
2016-11-17T21:01:18.133+0100: 10025.989: Total time for which application threads were stopped: 0.0001411 seconds, Stopping threads took: 0.0000357 seconds
2016-11-17T21:01:18.177+0100: 10026.032: Total time for which application threads were stopped: 0.0001380 seconds, Stopping threads took: 0.0000297 seconds
2016-11-17T21:01:18.203+0100: 10026.059: Total time for which application threads were stopped: 0.0001430 seconds, Stopping threads took: 0.0000457 seconds
2016-11-17T21:01:18.204+0100: 10026.059: Total time for which application threads were stopped: 0.0000808 seconds, Stopping threads took: 0.0000376 seconds
2016-11-17T21:01:18.204+0100: 10026.059: Total time for which application threads were stopped: 0.0000940 seconds, Stopping threads took: 0.0000406 seconds
2016-11-17T21:01:18.204+0100: 10026.059: Total time for which application threads were stopped: 0.0000587 seconds, Stopping threads took: 0.0000215 seconds
2016-11-17T21:01:18.204+0100: 10026.060: Total time for which application threads were stopped: 0.0000575 seconds, Stopping threads took: 0.0000186 seconds
2016-11-17T21:01:18.204+0100: 10026.060: Total time for which application threads were stopped: 0.0000537 seconds, Stopping threads took: 0.0000174 seconds
2016-11-17T21:01:18.204+0100: 10026.060: Total time for which application threads were stopped: 0.0000541 seconds, Stopping threads took: 0.0000167 seconds
2016-11-17T21:01:18.204+0100: 10026.060: Total time for which application threads were stopped: 0.0000565 seconds, Stopping threads took: 0.0000170 seconds
2016-11-17T21:01:18.204+0100: 10026.060: Total time for which application threads were stopped: 0.0000532 seconds, Stopping threads took: 0.0000167 seconds
2016-11-17T21:01:18.204+0100: 10026.060: Total time for which application threads were stopped: 0.0000536 seconds, Stopping threads took: 0.0000178 seconds
2016-11-17T21:01:18.206+0100: 10026.061: Total time for which application threads were stopped: 0.0001027 seconds, Stopping threads took: 0.0000352 seconds
2016-11-17T21:01:18.206+0100: 10026.061: Total time for which application threads were stopped: 0.0000684 seconds, Stopping threads took: 0.0000153 seconds
{Heap before GC invocations=135 (full 1):
 par new generation   total 109248K, used 91300K [0x00000000e0000000, 0x00000000e8000000, 0x00000000e8000000)
  eden space 87424K, 100% used [0x00000000e0000000, 0x00000000e5560000, 0x00000000e5560000)
  from space 21824K,  17% used [0x00000000e6ab0000, 0x00000000e6e79010, 0x00000000e8000000)
  to   space 21824K,   0% used [0x00000000e5560000, 0x00000000e5560000, 0x00000000e6ab0000)
 concurrent mark-sweep generation total 393216K, used 23039K [0x00000000e8000000, 0x0000000100000000, 0x0000000100000000)
 Metaspace       used 33053K, capacity 34093K, committed 34248K, reserved 1079296K
  class space    used 3760K, capacity 3994K, committed 4040K, reserved 1048576K
2016-11-17T21:01:18.280+0100: 10026.135: [GC (Allocation Failure) 2016-11-17T21:01:18.280+0100: 10026.135: [ParNew
Desired survivor size 20112992 bytes, new threshold 8 (max 8)
- age   1:    3903976 bytes,    3903976 total
- age   2:     138072 bytes,    4042048 total
- age   3:     723480 bytes,    4765528 total
- age   4:      22776 bytes,    4788304 total
- age   5:       3288 bytes,    4791592 total
- age   6:     195464 bytes,    4987056 total
- age   7:       2976 bytes,    4990032 total
- age   8:     196616 bytes,    5186648 total
: 91300K->5859K(109248K), 0.0073845 secs] 114339K->28901K(502464K), 0.0075294 secs] [Times: user=0.02 sys=0.00, real=0.00 secs] 
Heap after GC invocations=136 (full 1):
 par new generation   total 109248K, used 5859K [0x00000000e0000000, 0x00000000e8000000, 0x00000000e8000000)
  eden space 87424K,   0% used [0x00000000e0000000, 0x00000000e0000000, 0x00000000e5560000)
  from space 21824K,  26% used [0x00000000e5560000, 0x00000000e5b18fa8, 0x00000000e6ab0000)
  to   space 21824K,   0% used [0x00000000e6ab0000, 0x00000000e6ab0000, 0x00000000e8000000)
 concurrent mark-sweep generation total 393216K, used 23041K [0x00000000e8000000, 0x0000000100000000, 0x0000000100000000)
 Metaspace       used 33053K, capacity 34093K, committed 34248K, reserved 1079296K
  class space    used 3760K, capacity 3994K, committed 4040K, reserved 1048576K
}
2016-11-17T21:01:18.287+0100: 10026.143: Total time for which application threads were stopped: 0.0077519 seconds, Stopping threads took: 0.0000274 seconds
2016-11-17T21:01:18.287+0100: 10026.143: Total time for which application threads were stopped: 0.0001166 seconds, Stopping threads took: 0.0000382 seconds
2016-11-17T21:01:18.288+0100: 10026.143: Total time for which application threads were stopped: 0.0000966 seconds, Stopping threads took: 0.0000204 seconds
{Heap before GC invocations=136 (full 1):
 par new generation   total 109248K, used 93283K [0x00000000e0000000, 0x00000000e8000000, 0x00000000e8000000)
  eden space 87424K, 100% used [0x00000000e0000000, 0x00000000e5560000, 0x00000000e5560000)
  from space 21824K,  26% used [0x00000000e5560000, 0x00000000e5b18fa8, 0x00000000e6ab0000)
  to   space 21824K,   0% used [0x00000000e6ab0000, 0x00000000e6ab0000, 0x00000000e8000000)
 concurrent mark-sweep generation total 393216K, used 23041K [0x00000000e8000000, 0x0000000100000000, 0x0000000100000000)
 Metaspace       used 33053K, capacity 34093K, committed 34248K, reserved 1079296K
  class space    used 3760K, capacity 3994K, committed 4040K, reserved 1048576K
2016-11-17T21:01:18.345+0100: 10026.200: [GC (Allocation Failure) 2016-11-17T21:01:18.345+0100: 10026.200: [ParNew
Desired survivor size 20112992 bytes, new threshold 8 (max 8)
- age   1:     245936 bytes,     245936 total
- age   2:    1326904 bytes,    1572840 total
- age   3:       1776 bytes,    1574616 total
- age   4:     177768 bytes,    1752384 total
- age   5:      22776 bytes,    1775160 total
- age   6:       3288 bytes,    1778448 total
- age   7:     195464 bytes,    1973912 total
- age   8:       2976 bytes,    1976888 total
: 93283K->3875K(109248K), 0.0043212 secs] 116325K->27111K(502464K), 0.0044225 secs] [Times: user=0.01 sys=0.00, real=0.01 secs] 
Heap after GC invocations=137 (full 1):
 par new generation   total 109248K, used 3875K [0x00000000e0000000, 0x00000000e8000000, 0x00000000e8000000)
  eden space 87424K,   0% used [0x00000000e0000000, 0x00000000e0000000, 0x00000000e5560000)
  from space 21824K,  17% used [0x00000000e6ab0000, 0x00000000e6e78d00, 0x00000000e8000000)
  to   space 21824K,   0% used [0x00000000e5560000, 0x00000000e5560000, 0x00000000e6ab0000)
 concurrent mark-sweep generation total 393216K, used 23236K [0x00000000e8000000, 0x0000000100000000, 0x0000000100000000)
 Metaspace       used 33053K, capacity 34093K, committed 34248K, reserved 1079296K
  class space    used 3760K, capacity 3994K, committed 4040K, reserved 1048576K
}
2016-11-17T21:01:18.349+0100: 10026.204: Total time for which application threads were stopped: 0.0046256 seconds, Stopping threads took: 0.0000244 seconds
2016-11-17T21:01:18.349+0100: 10026.205: Total time for which application threads were stopped: 0.0001416 seconds, Stopping threads took: 0.0000339 seconds
2016-11-17T21:01:18.400+0100: 10026.255: Total time for which application threads were stopped: 0.0001411 seconds, Stopping threads took: 0.0000233 seconds
2016-11-17T21:01:18.485+0100: 10026.341: Total time for which application threads were stopped: 0.0001334 seconds, Stopping threads took: 0.0000268 seconds
2016-11-17T21:01:18.486+0100: 10026.341: Total time for which application threads were stopped: 0.0000680 seconds, Stopping threads took: 0.0000077 seconds
2016-11-17T21:01:18.486+0100: 10026.341: Total time for which application threads were stopped: 0.0000714 seconds, Stopping threads took: 0.0000199 seconds
2016-11-17T21:01:18.486+0100: 10026.341: Total time for which application threads were stopped: 0.0000441 seconds, Stopping threads took: 0.0000087 seconds
2016-11-17T21:01:18.486+0100: 10026.342: Total time for which application threads were stopped: 0.0000566 seconds, Stopping threads took: 0.0000102 seconds
2016-11-17T21:01:18.486+0100: 10026.342: Total time for which application threads were stopped: 0.0000595 seconds, Stopping threads took: 0.0000101 seconds
2016-11-17T21:01:18.486+0100: 10026.342: Total time for which application threads were stopped: 0.0000470 seconds, Stopping threads took: 0.0000106 seconds
2016-11-17T21:01:18.486+0100: 10026.342: Total time for which application threads were stopped: 0.0000448 seconds, Stopping threads took: 0.0000082 seconds
2016-11-17T21:01:18.486+0100: 10026.342: Total time for which application threads were stopped: 0.0000417 seconds, Stopping threads took: 0.0000078 seconds
2016-11-17T21:01:18.486+0100: 10026.342: Total time for which application threads were stopped: 0.0000422 seconds, Stopping threads took: 0.0000083 seconds
2016-11-17T21:01:18.488+0100: 10026.343: Total time for which application threads were stopped: 0.0001039 seconds, Stopping threads took: 0.0000215 seconds
2016-11-17T21:01:18.488+0100: 10026.343: Total time for which application threads were stopped: 0.0000588 seconds, Stopping threads took: 0.0000121 seconds
{Heap before GC invocations=137 (full 1):
 par new generation   total 109248K, used 91299K [0x00000000e0000000, 0x00000000e8000000, 0x00000000e8000000)
  eden space 87424K, 100% used [0x00000000e0000000, 0x00000000e5560000, 0x00000000e5560000)
  from space 21824K,  17% used [0x00000000e6ab0000, 0x00000000e6e78d00, 0x00000000e8000000)
  to   space 21824K,   0% used [0x00000000e5560000, 0x00000000e5560000, 0x00000000e6ab0000)
 concurrent mark-sweep generation total 393216K, used 23236K [0x00000000e8000000, 0x0000000100000000, 0x0000000100000000)
 Metaspace       used 33071K, capacity 34093K, committed 34248K, reserved 1079296K
  class space    used 3760K, capacity 3994K, committed 4040K, reserved 1048576K
2016-11-17T21:01:18.545+0100: 10026.401: [GC (Allocation Failure) 2016-11-17T21:01:18.545+0100: 10026.401: [ParNew
Desired survivor size 20112992 bytes, new threshold 8 (max 8)
- age   1:    3987312 bytes,    3987312 total
- age   2:      92304 bytes,    4079616 total
- age   3:     734352 bytes,    4813968 total
- age   4:       1776 bytes,    4815744 total
- age   5:     177528 bytes,    4993272 total
- age   6:      22520 bytes,    5015792 total
- age   7:       3288 bytes,    5019080 total
- age   8:     195216 bytes,    5214296 total
: 91299K->5988K(109248K), 0.0146563 secs] 114535K->29227K(502464K), 0.0147752 secs] [Times: user=0.04 sys=0.00, real=0.02 secs] 
Heap after GC invocations=138 (full 1):
 par new generation   total 109248K, used 5988K [0x00000000e0000000, 0x00000000e8000000, 0x00000000e8000000)
  eden space 87424K,   0% used [0x00000000e0000000, 0x00000000e0000000, 0x00000000e5560000)
  from space 21824K,  27% used [0x00000000e5560000, 0x00000000e5b39180, 0x00000000e6ab0000)
  to   space 21824K,   0% used [0x00000000e6ab0000, 0x00000000e6ab0000, 0x00000000e8000000)
 concurrent mark-sweep generation total 393216K, used 23239K [0x00000000e8000000, 0x0000000100000000, 0x0000000100000000)
 Metaspace       used 33071K, capacity 34093K, committed 34248K, reserved 1079296K
  class space    used 3760K, capacity 3994K, committed 4040K, reserved 1048576K
}
2016-11-17T21:01:18.560+0100: 10026.415: Total time for which application threads were stopped: 0.0150169 seconds, Stopping threads took: 0.0000271 seconds
2016-11-17T21:01:18.560+0100: 10026.416: Total time for which application threads were stopped: 0.0001574 seconds, Stopping threads took: 0.0000373 seconds
2016-11-17T21:01:18.560+0100: 10026.416: Total time for which application threads were stopped: 0.0000680 seconds, Stopping threads took: 0.0000215 seconds
{Heap before GC invocations=138 (full 1):
 par new generation   total 109248K, used 93412K [0x00000000e0000000, 0x00000000e8000000, 0x00000000e8000000)
  eden space 87424K, 100% used [0x00000000e0000000, 0x00000000e5560000, 0x00000000e5560000)
  from space 21824K,  27% used [0x00000000e5560000, 0x00000000e5b39180, 0x00000000e6ab0000)
  to   space 21824K,   0% used [0x00000000e6ab0000, 0x00000000e6ab0000, 0x00000000e8000000)
 concurrent mark-sweep generation total 393216K, used 23239K [0x00000000e8000000, 0x0000000100000000, 0x0000000100000000)
 Metaspace       used 33071K, capacity 34093K, committed 34248K, reserved 1079296K
  class space    used 3760K, capacity 3994K, committed 4040K, reserved 1048576K
2016-11-17T21:01:18.600+0100: 10026.456: [GC (Allocation Failure) 2016-11-17T21:01:18.600+0100: 10026.456: [ParNew
Desired survivor size 20112992 bytes, new threshold 8 (max 8)
- age   1:     414424 bytes,     414424 total
- age   2:    1320808 bytes,    1735232 total
- age   3:        200 bytes,    1735432 total
- age   4:     197936 bytes,    1933368 total
- age   5:       1776 bytes,    1935144 total
- age   6:     177528 bytes,    2112672 total
- age   7:      22520 bytes,    2135192 total
- age   8:       3288 bytes,    2138480 total
: 93412K->5189K(109248K), 0.0130244 secs] 116651K->28622K(502464K), 0.0131306 secs] [Times: user=0.01 sys=0.00, real=0.01 secs] 
Heap after GC invocations=139 (full 1):
 par new generation   total 109248K, used 5189K [0x00000000e0000000, 0x00000000e8000000, 0x00000000e8000000)
  eden space 87424K,   0% used [0x00000000e0000000, 0x00000000e0000000, 0x00000000e5560000)
  from space 21824K,  23% used [0x00000000e6ab0000, 0x00000000e6fc16c0, 0x00000000e8000000)
  to   space 21824K,   0% used [0x00000000e5560000, 0x00000000e5560000, 0x00000000e6ab0000)
 concurrent mark-sweep generation total 393216K, used 23432K [0x00000000e8000000, 0x0000000100000000, 0x0000000100000000)
 Metaspace       used 33071K, capacity 34093K, committed 34248K, reserved 1079296K
  class space    used 3760K, capacity 3994K, committed 4040K, reserved 1048576K
}
2016-11-17T21:01:18.613+0100: 10026.469: Total time for which application threads were stopped: 0.0133850 seconds, Stopping threads took: 0.0000296 seconds
2016-11-17T21:01:18.614+0100: 10026.469: Total time for which application threads were stopped: 0.0001676 seconds, Stopping threads took: 0.0000384 seconds
2016-11-17T21:01:18.681+0100: 10026.536: Total time for which application threads were stopped: 0.0001107 seconds, Stopping threads took: 0.0000244 seconds
2016-11-17T21:01:18.736+0100: 10026.591: Total time for which application threads were stopped: 0.0002771 seconds, Stopping threads took: 0.0000230 seconds
2016-11-17T21:01:18.736+0100: 10026.592: Total time for which application threads were stopped: 0.0001446 seconds, Stopping threads took: 0.0000112 seconds
2016-11-17T21:01:18.736+0100: 10026.592: Total time for which application threads were stopped: 0.0001122 seconds, Stopping threads took: 0.0000069 seconds
2016-11-17T21:01:18.736+0100: 10026.592: Total time for which application threads were stopped: 0.0000429 seconds, Stopping threads took: 0.0000063 seconds
2016-11-17T21:01:18.737+0100: 10026.592: Total time for which application threads were stopped: 0.0000430 seconds, Stopping threads took: 0.0000061 seconds
2016-11-17T21:01:18.737+0100: 10026.592: Total time for which application threads were stopped: 0.0000497 seconds, Stopping threads took: 0.0000143 seconds
2016-11-17T21:01:18.737+0100: 10026.592: Total time for which application threads were stopped: 0.0000433 seconds, Stopping threads took: 0.0000069 seconds
2016-11-17T21:01:18.737+0100: 10026.592: Total time for which application threads were stopped: 0.0000437 seconds, Stopping threads took: 0.0000065 seconds
2016-11-17T21:01:18.737+0100: 10026.592: Total time for which application threads were stopped: 0.0000430 seconds, Stopping threads took: 0.0000083 seconds
2016-11-17T21:01:18.737+0100: 10026.592: Total time for which application threads were stopped: 0.0000535 seconds, Stopping threads took: 0.0000085 seconds
2016-11-17T21:01:18.738+0100: 10026.594: Total time for which application threads were stopped: 0.0001274 seconds, Stopping threads took: 0.0000220 seconds
2016-11-17T21:01:18.738+0100: 10026.594: Total time for which application threads were stopped: 0.0000474 seconds, Stopping threads took: 0.0000106 seconds
{Heap before GC invocations=139 (full 1):
 par new generation   total 109248K, used 92613K [0x00000000e0000000, 0x00000000e8000000, 0x00000000e8000000)
  eden space 87424K, 100% used [0x00000000e0000000, 0x00000000e5560000, 0x00000000e5560000)
  from space 21824K,  23% used [0x00000000e6ab0000, 0x00000000e6fc16c0, 0x00000000e8000000)
  to   space 21824K,   0% used [0x00000000e5560000, 0x00000000e5560000, 0x00000000e6ab0000)
 concurrent mark-sweep generation total 393216K, used 23432K [0x00000000e8000000, 0x0000000100000000, 0x0000000100000000)
 Metaspace       used 33118K, capacity 34093K, committed 34248K, reserved 1079296K
  class space    used 3760K, capacity 3994K, committed 4040K, reserved 1048576K
2016-11-17T21:01:18.786+0100: 10026.642: [GC (Allocation Failure) 2016-11-17T21:01:18.786+0100: 10026.642: [ParNew
Desired survivor size 20112992 bytes, new threshold 8 (max 8)
- age   1:    3617344 bytes,    3617344 total
- age   2:      86464 bytes,    3703808 total
- age   3:     726992 bytes,    4430800 total
- age   4:        200 bytes,    4431000 total
- age   5:     197208 bytes,    4628208 total
- age   6:       1776 bytes,    4629984 total
- age   7:     177064 bytes,    4807048 total
- age   8:      22520 bytes,    4829568 total
: 92613K->5660K(109248K), 0.0067359 secs] 116046K->29096K(502464K), 0.0068338 secs] [Times: user=0.02 sys=0.00, real=0.01 secs] 
Heap after GC invocations=140 (full 1):
 par new generation   total 109248K, used 5660K [0x00000000e0000000, 0x00000000e8000000, 0x00000000e8000000)
  eden space 87424K,   0% used [0x00000000e0000000, 0x00000000e0000000, 0x00000000e5560000)
  from space 21824K,  25% used [0x00000000e5560000, 0x00000000e5ae7290, 0x00000000e6ab0000)
  to   space 21824K,   0% used [0x00000000e6ab0000, 0x00000000e6ab0000, 0x00000000e8000000)
 concurrent mark-sweep generation total 393216K, used 23436K [0x00000000e8000000, 0x0000000100000000, 0x0000000100000000)
 Metaspace       used 33118K, capacity 34093K, committed 34248K, reserved 1079296K
  class space    used 3760K, capacity 3994K, committed 4040K, reserved 1048576K
}
2016-11-17T21:01:18.793+0100: 10026.649: Total time for which application threads were stopped: 0.0070259 seconds, Stopping threads took: 0.0000237 seconds
2016-11-17T21:01:18.793+0100: 10026.649: Total time for which application threads were stopped: 0.0001177 seconds, Stopping threads took: 0.0000383 seconds
2016-11-17T21:01:18.793+0100: 10026.649: Total time for which application threads were stopped: 0.0000955 seconds, Stopping threads took: 0.0000255 seconds
{Heap before GC invocations=140 (full 1):
 par new generation   total 109248K, used 93084K [0x00000000e0000000, 0x00000000e8000000, 0x00000000e8000000)
  eden space 87424K, 100% used [0x00000000e0000000, 0x00000000e5560000, 0x00000000e5560000)
  from space 21824K,  25% used [0x00000000e5560000, 0x00000000e5ae7290, 0x00000000e6ab0000)
  to   space 21824K,   0% used [0x00000000e6ab0000, 0x00000000e6ab0000, 0x00000000e8000000)
 concurrent mark-sweep generation total 393216K, used 23436K [0x00000000e8000000, 0x0000000100000000, 0x0000000100000000)
 Metaspace       used 33118K, capacity 34093K, committed 34248K, reserved 1079296K
  class space    used 3760K, capacity 3994K, committed 4040K, reserved 1048576K
2016-11-17T21:01:18.835+0100: 10026.691: [GC (Allocation Failure) 2016-11-17T21:01:18.835+0100: 10026.691: [ParNew
Desired survivor size 20112992 bytes, new threshold 8 (max 8)
- age   1:     513992 bytes,     513992 total
- age   2:     897840 bytes,    1411832 total
- age   3:       1208 bytes,    1413040 total
- age   4:     199080 bytes,    1612120 total
- age   5:        200 bytes,    1612320 total
- age   6:     197208 bytes,    1809528 total
- age   7:       1776 bytes,    1811304 total
- age   8:     177064 bytes,    1988368 total
: 93084K->3683K(109248K), 0.0045808 secs] 116520K->27141K(502464K), 0.0046928 secs] [Times: user=0.02 sys=0.00, real=0.01 secs] 
Heap after GC invocations=141 (full 1):
 par new generation   total 109248K, used 3683K [0x00000000e0000000, 0x00000000e8000000, 0x00000000e8000000)
  eden space 87424K,   0% used [0x00000000e0000000, 0x00000000e0000000, 0x00000000e5560000)
  from space 21824K,  16% used [0x00000000e6ab0000, 0x00000000e6e48c20, 0x00000000e8000000)
  to   space 21824K,   0% used [0x00000000e5560000, 0x00000000e5560000, 0x00000000e6ab0000)
 concurrent mark-sweep generation total 393216K, used 23458K [0x00000000e8000000, 0x0000000100000000, 0x0000000100000000)
 Metaspace       used 33118K, capacity 34093K, committed 34248K, reserved 1079296K
  class space    used 3760K, capacity 3994K, committed 4040K, reserved 1048576K
}
2016-11-17T21:01:18.840+0100: 10026.696: Total time for which application threads were stopped: 0.0049025 seconds, Stopping threads took: 0.0000307 seconds
2016-11-17T21:01:18.840+0100: 10026.696: Total time for which application threads were stopped: 0.0001546 seconds, Stopping threads took: 0.0000435 seconds
2016-11-17T21:01:18.917+0100: 10026.773: Total time for which application threads were stopped: 0.0001356 seconds, Stopping threads took: 0.0000299 seconds
2016-11-17T21:01:18.964+0100: 10026.820: Total time for which application threads were stopped: 0.0001043 seconds, Stopping threads took: 0.0000197 seconds
2016-11-17T21:01:18.965+0100: 10026.820: Total time for which application threads were stopped: 0.0000534 seconds, Stopping threads took: 0.0000083 seconds
2016-11-17T21:01:18.965+0100: 10026.820: Total time for which application threads were stopped: 0.0000507 seconds, Stopping threads took: 0.0000079 seconds
2016-11-17T21:01:18.965+0100: 10026.821: Total time for which application threads were stopped: 0.0000504 seconds, Stopping threads took: 0.0000079 seconds
2016-11-17T21:01:18.965+0100: 10026.821: Total time for which application threads were stopped: 0.0000528 seconds, Stopping threads took: 0.0000079 seconds
2016-11-17T21:01:18.965+0100: 10026.821: Total time for which application threads were stopped: 0.0000509 seconds, Stopping threads took: 0.0000080 seconds
2016-11-17T21:01:18.966+0100: 10026.821: Total time for which application threads were stopped: 0.0000497 seconds, Stopping threads took: 0.0000119 seconds
2016-11-17T21:01:18.966+0100: 10026.821: Total time for which application threads were stopped: 0.0000649 seconds, Stopping threads took: 0.0000087 seconds
2016-11-17T21:01:18.966+0100: 10026.821: Total time for which application threads were stopped: 0.0000402 seconds, Stopping threads took: 0.0000065 seconds
2016-11-17T21:01:18.966+0100: 10026.821: Total time for which application threads were stopped: 0.0000420 seconds, Stopping threads took: 0.0000081 seconds
2016-11-17T21:01:18.967+0100: 10026.822: Total time for which application threads were stopped: 0.0000573 seconds, Stopping threads took: 0.0000132 seconds
2016-11-17T21:01:18.967+0100: 10026.822: Total time for which application threads were stopped: 0.0000433 seconds, Stopping threads took: 0.0000094 seconds
{Heap before GC invocations=141 (full 1):
 par new generation   total 109248K, used 91107K [0x00000000e0000000, 0x00000000e8000000, 0x00000000e8000000)
  eden space 87424K, 100% used [0x00000000e0000000, 0x00000000e5560000, 0x00000000e5560000)
  from space 21824K,  16% used [0x00000000e6ab0000, 0x00000000e6e48c20, 0x00000000e8000000)
  to   space 21824K,   0% used [0x00000000e5560000, 0x00000000e5560000, 0x00000000e6ab0000)
 concurrent mark-sweep generation total 393216K, used 23458K [0x00000000e8000000, 0x0000000100000000, 0x0000000100000000)
 Metaspace       used 33130K, capacity 34093K, committed 34248K, reserved 1079296K
  class space    used 3760K, capacity 3994K, committed 4040K, reserved 1048576K
2016-11-17T21:01:18.992+0100: 10026.848: [GC (Allocation Failure) 2016-11-17T21:01:18.992+0100: 10026.848: [ParNew
Desired survivor size 20112992 bytes, new threshold 8 (max 8)
- age   1:    3498384 bytes,    3498384 total
- age   2:      76248 bytes,    3574632 total
- age   3:     721400 bytes,    4296032 total
- age   4:       1208 bytes,    4297240 total
- age   5:     197896 bytes,    4495136 total
- age   6:        200 bytes,    4495336 total
- age   7:     197208 bytes,    4692544 total
- age   8:       1776 bytes,    4694320 total
: 91107K->5395K(109248K), 0.0070583 secs] 114565K->29028K(502464K), 0.0071703 secs] [Times: user=0.03 sys=0.00, real=0.01 secs] 
Heap after GC invocations=142 (full 1):
 par new generation   total 109248K, used 5395K [0x00000000e0000000, 0x00000000e8000000, 0x00000000e8000000)
  eden space 87424K,   0% used [0x00000000e0000000, 0x00000000e0000000, 0x00000000e5560000)
  from space 21824K,  24% used [0x00000000e5560000, 0x00000000e5aa4d10, 0x00000000e6ab0000)
  to   space 21824K,   0% used [0x00000000e6ab0000, 0x00000000e6ab0000, 0x00000000e8000000)
 concurrent mark-sweep generation total 393216K, used 23633K [0x00000000e8000000, 0x0000000100000000, 0x0000000100000000)
 Metaspace       used 33130K, capacity 34093K, committed 34248K, reserved 1079296K
  class space    used 3760K, capacity 3994K, committed 4040K, reserved 1048576K
}
2016-11-17T21:01:19.000+0100: 10026.855: Total time for which application threads were stopped: 0.0073931 seconds, Stopping threads took: 0.0000309 seconds
2016-11-17T21:01:19.000+0100: 10026.855: Total time for which application threads were stopped: 0.0001541 seconds, Stopping threads took: 0.0000459 seconds
2016-11-17T21:01:19.000+0100: 10026.855: Total time for which application threads were stopped: 0.0001346 seconds, Stopping threads took: 0.0000258 seconds
{Heap before GC invocations=142 (full 1):
 par new generation   total 109248K, used 92817K [0x00000000e0000000, 0x00000000e8000000, 0x00000000e8000000)
  eden space 87424K,  99% used [0x00000000e0000000, 0x00000000e555f860, 0x00000000e5560000)
  from space 21824K,  24% used [0x00000000e5560000, 0x00000000e5aa4d10, 0x00000000e6ab0000)
  to   space 21824K,   0% used [0x00000000e6ab0000, 0x00000000e6ab0000, 0x00000000e8000000)
 concurrent mark-sweep generation total 393216K, used 23633K [0x00000000e8000000, 0x0000000100000000, 0x0000000100000000)
 Metaspace       used 33152K, capacity 34157K, committed 34248K, reserved 1079296K
  class space    used 3760K, capacity 3994K, committed 4040K, reserved 1048576K
2016-11-17T21:01:19.039+0100: 10026.894: [GC (Allocation Failure) 2016-11-17T21:01:19.039+0100: 10026.894: [ParNew
Desired survivor size 20112992 bytes, new threshold 8 (max 8)
- age   1:     764672 bytes,     764672 total
- age   2:     652936 bytes,    1417608 total
- age   3:       2448 bytes,    1420056 total
- age   4:     200600 bytes,    1620656 total
- age   5:       1208 bytes,    1621864 total
- age   6:     197896 bytes,    1819760 total
- age   7:        200 bytes,    1819960 total
- age   8:     197208 bytes,    2017168 total
: 92817K->3567K(109248K), 0.0043198 secs] 116450K->27202K(502464K), 0.0044405 secs] [Times: user=0.01 sys=0.00, real=0.00 secs] 
Heap after GC invocations=143 (full 1):
 par new generation   total 109248K, used 3567K [0x00000000e0000000, 0x00000000e8000000, 0x00000000e8000000)
  eden space 87424K,   0% used [0x00000000e0000000, 0x00000000e0000000, 0x00000000e5560000)
  from space 21824K,  16% used [0x00000000e6ab0000, 0x00000000e6e2bdc0, 0x00000000e8000000)
  to   space 21824K,   0% used [0x00000000e5560000, 0x00000000e5560000, 0x00000000e6ab0000)
 concurrent mark-sweep generation total 393216K, used 23635K [0x00000000e8000000, 0x0000000100000000, 0x0000000100000000)
 Metaspace       used 33152K, capacity 34157K, committed 34248K, reserved 1079296K
  class space    used 3760K, capacity 3994K, committed 4040K, reserved 1048576K
}
2016-11-17T21:01:19.043+0100: 10026.899: Total time for which application threads were stopped: 0.0046732 seconds, Stopping threads took: 0.0000285 seconds
2016-11-17T21:01:19.043+0100: 10026.899: Total time for which application threads were stopped: 0.0001666 seconds, Stopping threads took: 0.0000507 seconds
{Heap before GC invocations=143 (full 1):
 par new generation   total 109248K, used 90991K [0x00000000e0000000, 0x00000000e8000000, 0x00000000e8000000)
  eden space 87424K, 100% used [0x00000000e0000000, 0x00000000e5560000, 0x00000000e5560000)
  from space 21824K,  16% used [0x00000000e6ab0000, 0x00000000e6e2bdc0, 0x00000000e8000000)
  to   space 21824K,   0% used [0x00000000e5560000, 0x00000000e5560000, 0x00000000e6ab0000)
 concurrent mark-sweep generation total 393216K, used 23635K [0x00000000e8000000, 0x0000000100000000, 0x0000000100000000)
 Metaspace       used 33180K, capacity 34223K, committed 34504K, reserved 1079296K
  class space    used 3761K, capacity 3995K, committed 4040K, reserved 1048576K
2016-11-17T21:01:19.134+0100: 10026.990: [GC (Allocation Failure) 2016-11-17T21:01:19.134+0100: 10026.990: [ParNew
Desired survivor size 20112992 bytes, new threshold 8 (max 8)
- age   1:    2526184 bytes,    2526184 total
- age   2:     143336 bytes,    2669520 total
- age   3:     636080 bytes,    3305600 total
- age   4:       2448 bytes,    3308048 total
- age   5:     200568 bytes,    3508616 total
- age   6:       1208 bytes,    3509824 total
- age   7:     197896 bytes,    3707720 total
- age   8:        200 bytes,    3707920 total
: 90991K->4039K(109248K), 0.0067189 secs] 114626K->27870K(502464K), 0.0068120 secs] [Times: user=0.03 sys=0.00, real=0.01 secs] 
Heap after GC invocations=144 (full 1):
 par new generation   total 109248K, used 4039K [0x00000000e0000000, 0x00000000e8000000, 0x00000000e8000000)
  eden space 87424K,   0% used [0x00000000e0000000, 0x00000000e0000000, 0x00000000e5560000)
  from space 21824K,  18% used [0x00000000e5560000, 0x00000000e5951e50, 0x00000000e6ab0000)
  to   space 21824K,   0% used [0x00000000e6ab0000, 0x00000000e6ab0000, 0x00000000e8000000)
 concurrent mark-sweep generation total 393216K, used 23830K [0x00000000e8000000, 0x0000000100000000, 0x0000000100000000)
 Metaspace       used 33180K, capacity 34223K, committed 34504K, reserved 1079296K
  class space    used 3761K, capacity 3995K, committed 4040K, reserved 1048576K
}
2016-11-17T21:01:19.141+0100: 10026.997: Total time for which application threads were stopped: 0.0070822 seconds, Stopping threads took: 0.0000900 seconds
2016-11-17T21:01:19.141+0100: 10026.997: Total time for which application threads were stopped: 0.0000933 seconds, Stopping threads took: 0.0000241 seconds
2016-11-17T21:01:19.142+0100: 10026.997: Total time for which application threads were stopped: 0.0000723 seconds, Stopping threads took: 0.0000224 seconds
{Heap before GC invocations=144 (full 1):
 par new generation   total 109248K, used 91463K [0x00000000e0000000, 0x00000000e8000000, 0x00000000e8000000)
  eden space 87424K, 100% used [0x00000000e0000000, 0x00000000e5560000, 0x00000000e5560000)
  from space 21824K,  18% used [0x00000000e5560000, 0x00000000e5951e50, 0x00000000e6ab0000)
  to   space 21824K,   0% used [0x00000000e6ab0000, 0x00000000e6ab0000, 0x00000000e8000000)
 concurrent mark-sweep generation total 393216K, used 23830K [0x00000000e8000000, 0x0000000100000000, 0x0000000100000000)
 Metaspace       used 33199K, capacity 34223K, committed 34504K, reserved 1079296K
  class space    used 3761K, capacity 3995K, committed 4040K, reserved 1048576K
2016-11-17T21:01:19.267+0100: 10027.122: [GC (Allocation Failure) 2016-11-17T21:01:19.267+0100: 10027.122: [ParNew
Desired survivor size 20112992 bytes, new threshold 8 (max 8)
- age   1:    1938568 bytes,    1938568 total
- age   2:    2092920 bytes,    4031488 total
- age   3:     143008 bytes,    4174496 total
- age   4:     624192 bytes,    4798688 total
- age   5:       2448 bytes,    4801136 total
- age   6:     199416 bytes,    5000552 total
- age   7:       1208 bytes,    5001760 total
- age   8:     197896 bytes,    5199656 total
: 91463K->5934K(109248K), 0.0063944 secs] 115294K->29764K(502464K), 0.0065085 secs] [Times: user=0.02 sys=0.00, real=0.01 secs] 
Heap after GC invocations=145 (full 1):
 par new generation   total 109248K, used 5934K [0x00000000e0000000, 0x00000000e8000000, 0x00000000e8000000)
  eden space 87424K,   0% used [0x00000000e0000000, 0x00000000e0000000, 0x00000000e5560000)
  from space 21824K,  27% used [0x00000000e6ab0000, 0x00000000e707b850, 0x00000000e8000000)
  to   space 21824K,   0% used [0x00000000e5560000, 0x00000000e5560000, 0x00000000e6ab0000)
 concurrent mark-sweep generation total 393216K, used 23830K [0x00000000e8000000, 0x0000000100000000, 0x0000000100000000)
 Metaspace       used 33199K, capacity 34223K, committed 34504K, reserved 1079296K
  class space    used 3761K, capacity 3995K, committed 4040K, reserved 1048576K
}
2016-11-17T21:01:19.273+0100: 10027.129: Total time for which application threads were stopped: 0.0067505 seconds, Stopping threads took: 0.0000243 seconds
2016-11-17T21:01:19.274+0100: 10027.129: Total time for which application threads were stopped: 0.0001150 seconds, Stopping threads took: 0.0000165 seconds
{Heap before GC invocations=145 (full 1):
 par new generation   total 109248K, used 93358K [0x00000000e0000000, 0x00000000e8000000, 0x00000000e8000000)
  eden space 87424K, 100% used [0x00000000e0000000, 0x00000000e5560000, 0x00000000e5560000)
  from space 21824K,  27% used [0x00000000e6ab0000, 0x00000000e707b850, 0x00000000e8000000)
  to   space 21824K,   0% used [0x00000000e5560000, 0x00000000e5560000, 0x00000000e6ab0000)
 concurrent mark-sweep generation total 393216K, used 23830K [0x00000000e8000000, 0x0000000100000000, 0x0000000100000000)
 Metaspace       used 33199K, capacity 34223K, committed 34504K, reserved 1079296K
  class space    used 3761K, capacity 3995K, committed 4040K, reserved 1048576K
2016-11-17T21:01:19.332+0100: 10027.188: [GC (Allocation Failure) 2016-11-17T21:01:19.332+0100: 10027.188: [ParNew
Desired survivor size 20112992 bytes, new threshold 8 (max 8)
- age   1:     263200 bytes,     263200 total
- age   2:    1310568 bytes,    1573768 total
- age   3:      26144 bytes,    1599912 total
- age   4:       3368 bytes,    1603280 total
- age   5:     196688 bytes,    1799968 total
- age   6:       2448 bytes,    1802416 total
- age   7:     199416 bytes,    2001832 total
- age   8:       1208 bytes,    2003040 total
: 93358K->4326K(109248K), 0.0047272 secs] 117188K->28352K(502464K), 0.0048240 secs] [Times: user=0.01 sys=0.01, real=0.00 secs] 
